--------- beginning of main
04-14 21:58:25.266  4642  4642 I EPDG -- SIM1 [EpdgIntfCont]: new EpdgInterface :rmnet_data1
04-14 21:58:25.266  4642  4642 I EPDG -- SIM1 [EpdgIntfCont]: ignore interface up events
04-14 21:58:25.266  4642  4642 I EPDG -- SIM0 [EpdgIntfCont]: handleMessage msg : 1 cid : 2
04-14 21:58:25.266  4642  4642 I EPDG -- SIM0 [EpdgIntfCont]: return EpdgInterface :rmnet_data1
04-14 21:58:25.266  4642  4642 I EPDG -- SIM0 [EpdgIntfCont]: ignore interface up events
04-14 21:58:25.267  4642  4781 I EPDG -- SIM0 [IPSECDATACONNSM][1]: ConnectedState[i] Event: INTERFACE_UP
04-14 21:58:25.267  4642  4781 I EPDG -- SIM0 [IPSECDATACONNSM_HP]: sending iptables rules mIWlanApnContext.getbIprulesStatus() truecid 2
04-14 21:58:25.267  4642  4781 I EPDG -- SIM0 [IPSECDATACONNSM_HP]: TCRules are enable
04-14 21:58:25.267  4642  4781 I EPDG -- : getMobileName, mobileIfName=rmnet_data1
--------- beginning of system
04-14 21:58:25.267  3011  4851 D NetworkManagement: setEpdgInterfaceDropRule
04-14 21:58:25.267  2007 25199 E netd    : Enter setEpdgInterfaceDropRule
04-14 21:58:25.268  4579  4579 I Telephony: TelecomAccountRegistry$AccountEntry: isRttCurrentlySupported -- regular acct,, hasVoiceAvailability: true, isRttSupported: true, alwaysAllowWhileRoaming: false, isRoaming: false, isOnWfc: true
04-14 21:58:25.268  4579  4704 I LocationAccessPolicy: com.android.systemui is aware of fine but the app-ops permission is specifically denied.
04-14 21:58:25.268  4579  4704 I LocationAccessPolicy: checkLocationPermission - callingUid: 10049, callingPid: 4880, resultForFine: DENIED_SOFT
04-14 21:58:25.268  4579  4704 I LocationAccessPolicy: com.android.systemui is aware of coarse but the app-ops permission is specifically denied.
04-14 21:58:25.268  4579  4704 I LocationAccessPolicy: checkLocationPermission - callingUid: 10049, callingPid: 4880, resultForCoarse: DENIED_SOFT
04-14 21:58:25.269  4579  4579 I Telephony: TelecomAccountRegistry$AccountEntry: isRttCurrentlySupported -- regular acct,, hasVoiceAvailability: true, isRttSupported: true, alwaysAllowWhileRoaming: false, isRoaming: false, isOnWfc: false
04-14 21:58:25.269  4579  4579 V PhoneGlobals: handleServiceStateChanged
04-14 21:58:25.269  3011  4404 D SemWifiTransportLayerFileManager: saveSwitchEnabledUidListToFile
04-14 21:58:25.269  3011  4404 D SemWifiTransportLayerFileManager: writeSwitchEnabledUidInfoList - 
04-14 21:58:25.269  4579  4579 D NotificationMgr: updateNetworkSelection, Use Samsung codes instead of AOSP codes
04-14 21:58:25.269  4579  4579 V PhoneGlobals: subId=2, mDefaultDataSubId=2, ss roaming=false
04-14 21:58:25.269  3011  4404 D SemWifiTransportLayerFileManager: writeSwitchEnabledUidInfoList - 
04-14 21:58:25.270  1438  6559 I [UNWFC]-- EpdgEventWorker: IMS_REG_CHANGED : 0 : null : 0
04-14 21:58:25.270  4579  4704 I LocationAccessPolicy: com.android.systemui is aware of fine but the app-ops permission is specifically denied.
04-14 21:58:25.270  1438  6559 I [UNWFC]-- WfcRepository: getmWFCCarrier phoneId: 0
04-14 21:58:25.270  1438  6559 I [UNWFC]-- WfcRepository: getWfcCarrier phoneId: 0 createNewCarrier: true
04-14 21:58:25.270  1438  6559 I [UNWFC]-- EpdgEventWorker: IMS_REG_CHANGED
04-14 21:58:25.270  4579  4704 I LocationAccessPolicy: checkLocationPermission - callingUid: 10049, callingPid: 4880, resultForFine: DENIED_SOFT
04-14 21:58:25.270  1438  6559 I [UNWFC]-- QSUtil: informSystemUiOfTileStateChange, isListening: false
04-14 21:58:25.270  4579  4704 I LocationAccessPolicy: com.android.systemui is aware of coarse but the app-ops permission is specifically denied.
04-14 21:58:25.270  4579  4704 I LocationAccessPolicy: checkLocationPermission - callingUid: 10049, callingPid: 4880, resultForCoarse: DENIED_SOFT
04-14 21:58:25.270  3011  4851 D StatusBarManagerService: isSecCustomTile : componentName =ComponentInfo{com.sec.unifiedwfc/com.sec.unifiedwfc.ux.quicksettings.WFCQSTileService}
04-14 21:58:25.272  3011  4851 D PhoneRestrictionPolicy: isOperationAllowed >>> slotNum: 0 function: 1
04-14 21:58:25.273  4579  4579 V PhoneGlobals: updateDataRoamingStatus
04-14 21:58:25.273  4579  4579 V PhoneGlobals: updateDataRoamingStatus dataAllowed=true, disallowReasons=[], dataIsNowRoaming=false, RoamingNumeric=23002, CallingReason=3
04-14 21:58:25.273  4579  4579 I Telephony: SamsungPstnPhoneAccountRegistry: onRegistered
04-14 21:58:25.273  4579  4579 I Telephony: PstnIncomingCallNotifier: Unregistering: [0]
04-14 21:58:25.273  4579  4579 I Telephony: SamsungSuppServiceNotifier: unregisterForNotifications: 0
04-14 21:58:25.273  4579  4579 D Telephony: PstnPhoneCapabilitiesNotifier: Unregistering: Handler (com.android.internal.telephony.SemGsmCdmaPhone) {e5db7af}
04-14 21:58:25.273  4579  4579 I ImsCallbackAM [0]: Local callback removed: android.telephony.ims.ImsMmTelManager$CapabilityCallback$CapabilityBinder@5bcc621
04-14 21:58:25.274  4579  4579 I Telephony: PstnIncomingCallNotifier: Unregistering: [1]
04-14 21:58:25.274  4579  4579 I Telephony: SamsungSuppServiceNotifier: unregisterForNotifications: 1
04-14 21:58:25.274  4579  4579 D Telephony: PstnPhoneCapabilitiesNotifier: Unregistering: Handler (com.android.internal.telephony.SemGsmCdmaPhone) {10459e9}
04-14 21:58:25.274  4579  4579 I ImsCallbackAM [1]: Local callback removed: android.telephony.ims.ImsMmTelManager$CapabilityCallback$CapabilityBinder@8643985
04-14 21:58:25.274  3011  4851 D PackageManager: setEnabledSetting : userId = 0 packageName = com.sec.unifiedwfc cmp = androidx.work.impl.background.systemalarm.RescheduleReceiver newState = 1 callingPackage = com.sec.unifiedwfc
04-14 21:58:25.274  3011  4851 D ApplicationPolicy: getApplicationStateEnabled : pkg = com.sec.unifiedwfc userId : 0
04-14 21:58:25.275  3011  4851 D ApplicationPolicy: getApplicationComponentState : pkg = com.sec.unifiedwfc userId : 0
04-14 21:58:25.275  4579  4579 I Telephony: TelecomAccountRegistry: setupAccounts: Found 2 phones.  Attempting to register.
04-14 21:58:25.275  4579  4579 I Telephony: SamsungPstnPhoneAccountRegistry: phoneAccountsHaveBeenUpdated
04-14 21:58:25.275  4579  4579 I Telephony: TelecomAccountRegistry: setupAccounts: Phone with phone Id 0, subscription id 2
04-14 21:58:25.276  4579  4579 V SimultaneousCallingTracker: Device is not simultaneous calling capable
04-14 21:58:25.277  2873  2910 D LOWI-9.0.1.74: [LOWINetlinkSocketReceiver] unpackRTMLinkMessage: RTM_NEWLINK - ifname rmnet_data1, flags 0x10041 ([UP][RUNNING])
04-14 21:58:25.278  1438  1526 I WM-WorkerWrapper: Worker result SUCCESS for Work [ id=5be25cfd-9507-4962-9b50-1d33b4ca3be9, tags={ com.sec.unifiedwfc.ux.workers.EpdgEventWorker } ]
04-14 21:58:25.278  4579  4579 D Telephony: SamsungCarrierRepositoryImpl: getSimOperator, phoneId=0, simOperator=23002
04-14 21:58:25.278  4579  4579 I Telephony: SamsungImsManagerInjector: [getImsManager_0 : com.samsung.telephony.model.ims.SamsungTelephonyImsManager@8df1cfe] [ getImsManager_1 : com.samsung.telephony.model.ims.SamsungTelephonyImsManager@6c83fef]
04-14 21:58:25.278  4579  4579 D semImsManager[0]: getImsRegistration
04-14 21:58:25.280  4579  4579 I Telephony: SamsungImsRepositoryImpl: getOwnNumber: +42*******580
04-14 21:58:25.280  4579  4579 D Telephony: SamsungCarrierRepositoryImpl: getSimOperator, phoneId=0, simOperator=23002
04-14 21:58:25.280  4579  4579 D Telephony: SamsungCarrierRepositoryImpl: getSimOperator, phoneId=0, simOperator=23002
04-14 21:58:25.281  4880  4880 D Tile.AirplaneModeTile: onReceive android.intent.action.SERVICE_STATE
04-14 21:58:25.281  4880  4880 D MULTISIM-PROD-REPO: onReceive() - action = android.intent.action.SERVICE_STATE
04-14 21:58:25.281  3011  5011 I ActivityManager: Changes in 10230 8 to 10, 128 to 0
04-14 21:58:25.281  4880  4880 D CarrierTextController: carrierTextForSimState(2)-(order: 0) : O2-CZ, O2-CZ
04-14 21:58:25.281  4880  4880 D CarrierTextController: carrierTextForSimState(1)-(order: 1) : Vodafone CZ, Vodafone CZ
04-14 21:58:25.281  4880  4880 D CarrierTextController: setCarrierText : O2-CZ ÔÇó Vodafone CZ, O2-CZ ÔÇó Vodafone CZ allSimsMissing : false anySimReady : true
04-14 21:58:25.281  4642  4797 I EPDG -- SIM1 [IPSECDATACONNSM][1]: InactiveState[ ] Event: INTERFACE_UP
04-14 21:58:25.281  4880  4880 D CarrierTextController: carrierTextForSimState(2)-(order: 0) : O2-CZ, O2-CZ
04-14 21:58:25.281  4880  4880 D CarrierTextController: carrierTextForSimState(1)-(order: 1) : Vodafone CZ, Vodafone CZ
04-14 21:58:25.282  4880  4880 D CarrierTextController: setCarrierText : O2-CZ ÔÇó Vodafone CZ, O2-CZ ÔÇó Vodafone CZ allSimsMissing : false anySimReady : true
04-14 21:58:25.282  4880  4880 D CarrierTextController: carrierTextForSimState(2)-(order: 0) : O2-CZ, O2-CZ
04-14 21:58:25.282  4880  4880 D CarrierTextController: carrierTextForSimState(1)-(order: 1) : Vodafone CZ, Vodafone CZ
04-14 21:58:25.282  4642  4642 I EPDG -- SIM0 [EpdgInterfaceObserver]: sendInterfaceMessage, cid=1
04-14 21:58:25.282  4880  4880 D CarrierTextController: setCarrierText : O2-CZ ÔÇó Vodafone CZ, O2-CZ ÔÇó Vodafone CZ allSimsMissing : false anySimReady : true
04-14 21:58:25.282  4642  4642 I EPDG -- SIM0 [EpdgInterfaceObserver]: sendInterfaceMessage, cid=1
04-14 21:58:25.282  4880  4880 D FaceWidgetPagesController: onRefreshCarrierInfo()
04-14 21:58:25.282  4642  4642 I EPDG -- SIM1 [EpdgIntfCont]: handleMessage msg : 1 cid : 2
04-14 21:58:25.282  4642  4642 I EPDG -- SIM1 [EpdgIntfCont]: new EpdgInterface :rmnet_data1
04-14 21:58:25.282  4642  4642 I EPDG -- SIM1 [EpdgIntfCont]: ignore interface up events
04-14 21:58:25.282  4642  4642 I EPDG -- SIM0 [EpdgIntfCont]: handleMessage msg : 1 cid : 2
04-14 21:58:25.282  4642  4642 I EPDG -- SIM0 [EpdgIntfCont]: return EpdgInterface :rmnet_data1
04-14 21:58:25.282  4642  4642 I EPDG -- SIM0 [EpdgIntfCont]: ignore interface up events
04-14 21:58:25.282  4579  4579 D Telephony: TelecomAccountRegistry$AccountEntry: isEmergencyPreferredAccount: subId=2, activeData=2
04-14 21:58:25.282  4579  4579 D Telephony: TelecomAccountRegistry$AccountEntry: isEmergencyPreferredAccount: Device does not require preference.
04-14 21:58:25.283  3011  3044 D PackageManager: setEnabledSetting : userId = 0 packageName = com.sec.unifiedwfc cmp = androidx.work.impl.background.systemalarm.RescheduleReceiver newState = 2 callingPackage = com.sec.unifiedwfc
04-14 21:58:25.285  4579  4579 I Telephony: TelecomAccountRegistry$AccountEntry: isRttCurrentlySupported -- regular acct,, hasVoiceAvailability: false, isRttSupported: true, alwaysAllowWhileRoaming: false, isRoaming: false, isOnWfc: true
04-14 21:58:25.285  4579  4579 D SecImsManager: isVtEnabledByPlatformForSlot
04-14 21:58:25.285  4579  4579 D SecImsManager: getFeatureValue
04-14 21:58:25.286  4579  4590 I LocationAccessPolicy: com.android.systemui is aware of fine but the app-ops permission is specifically denied.
04-14 21:58:25.286  4579  4590 I LocationAccessPolicy: checkLocationPermission - callingUid: 10049, callingPid: 4880, resultForFine: DENIED_SOFT
04-14 21:58:25.286  4642  4781 I EPDG -- SIM0 [IPSECDATACONNSM][1]: ConnectedState[i] Event: INTERFACE_UP
04-14 21:58:25.286  4579  4590 I LocationAccessPolicy: com.android.systemui is aware of coarse but the app-ops permission is specifically denied.
04-14 21:58:25.286  4642  4781 I EPDG -- SIM0 [IPSECDATACONNSM_HP]: sending iptables rules mIWlanApnContext.getbIprulesStatus() truecid 2
04-14 21:58:25.286  4579  4590 I LocationAccessPolicy: checkLocationPermission - callingUid: 10049, callingPid: 4880, resultForCoarse: DENIED_SOFT
04-14 21:58:25.286  4642  4781 I EPDG -- SIM0 [IPSECDATACONNSM_HP]: TCRules are enable
04-14 21:58:25.286  4642  4781 I EPDG -- : getMobileName, mobileIfName=rmnet_data1
04-14 21:58:25.286  4880  5025 D DeviceState: isESIM() :0 : false
04-14 21:58:25.286  4880  5025 D NetworkController.MobileSignalController(1): isPowerOffServiceState,mCurrentState.getVoiceServiceState() = 0,mCurrentState.airplaneMode = false,mCurrentState.canCellularVoiceService() = true,mCurrentState.getMobileDataRegState() = true
04-14 21:58:25.286  4880  5025 D Tile.AirplaneModeTile:  handleUpdateState mIsWiFiOnlyDevice false isNoSimState false isPowerOffServiceState false mSetting.getValue() 0 isSatelliteModeOn false isChinaDevice false
04-14 21:58:25.286  4880  5025 D Tile.AirplaneModeTile:  handleUpdateState:  value = false, state = 1
04-14 21:58:25.286  3011  4894 D NetworkManagement: setEpdgInterfaceDropRule
04-14 21:58:25.286  4880  5025 D MULTISIM-PROD-REPO: HANDLE_MSG(2000)
04-14 21:58:25.286  4880  4880 D FaceWidgetClockRoamManager: isNetworkRoamingState id=2
04-14 21:58:25.286  4880  4880 D FaceWidgetClockRoamManager: isNetworkRoamingState false
04-14 21:58:25.286  4880  4880 D FaceWidgetClockRoamManager: onRefreshCarrierInfo(pre, now): false, false
04-14 21:58:25.286  4880  4880 D FaceWidgetClockPage: onRefreshCarrierInfo : isChanged false mIsRoaming false
04-14 21:58:25.286  5182  6047 I MmTelFeatureImpl<0>: queryCapabilityConfiguration
04-14 21:58:25.286  5182  6047 I ImsServiceStub<0>: isServiceAvailable: VoImsFeature : (mmtel-video) is not supported
04-14 21:58:25.287  4579  4704 D SecImsManager: onQueryCapabilityConfiguration : false
04-14 21:58:25.287  4579  4579 D SecImsManager: getFeatureValue(2, 0) : false
04-14 21:58:25.287  4579  4579 D SecImsManager: getFeatureValue
04-14 21:58:25.287  3011  4894 I Telecom : SamsungTelecomServiceImpl : isInCall - callingPackage : com.android.systemui / callingUser : UserHandle{0} / hasCrossUserAccess : true
04-14 21:58:25.287  4880  4880 D TileLifecycleManager: onStartListening ComponentInfo{com.sec.unifiedwfc/com.sec.unifiedwfc.ux.quicksettings.WFCQSTileService}
04-14 21:58:25.287  4880  4880 D CarrierTextController: info.location: Keyguard, info.carrierText: O2-CZ ÔÇó Vodafone CZ, info.carrierTextShort: O2-CZ ÔÇó Vodafone CZ
04-14 21:58:25.287  4880  4880 D CarrierTextController: info.location: null, info.carrierText: O2-CZ ÔÇó Vodafone CZ, info.carrierTextShort: O2-CZ ÔÇó Vodafone CZ
04-14 21:58:25.287  4880  4880 D ShadeCarrierGroup: handleUpdateCarrierInfo [O2-CZ ÔÇó Vodafone CZ] isLatin=false
04-14 21:58:25.288  5182  6047 I MmTelFeatureImpl<0>: queryCapabilityConfiguration
04-14 21:58:25.288  5182  6047 I ImsServiceStub<0>: isServiceAvailable: VoImsFeature : (mmtel-video) is not supported
04-14 21:58:25.289  4880  5025 D TileLifecycleManager: Binding service Intent { act=android.service.quicksettings.action.QS_TILE xflg=0x4 cmp=com.sec.unifiedwfc/.ux.quicksettings.WFCQSTileService (has extras) } UserHandle{0}
04-14 21:58:25.290  4579  4704 D SecImsManager: onQueryCapabilityConfiguration : false
04-14 21:58:25.290  4579  4579 D SecImsManager: getFeatureValue(2, 1) : false
04-14 21:58:25.291  3011  4894 I ActivityManager: Changes in 10230 19 to 5, 0 to 184
04-14 21:58:25.291  4579  4579 I Telephony: SamsungMultiSimRepositoryImpl: isEsimEnabled for 0 false
04-14 21:58:25.291  4579  4579 I Telephony: SamsungTelecomAccountRegistry: simSlot:0, getSortOrder: 0, esimCount: 1
04-14 21:58:25.292  1438  1438 I [UNWFC]-- WFCQS - : WFC tile service created
04-14 21:58:25.292  1438  1438 I [UNWFC]-- WFCQS - : Carrier is not null
04-14 21:58:25.292  1438  1438 I [UNWFC]-- WFCQS - : WFC tile bind
04-14 21:58:25.292  4579  4579 D Telephony: SamsungMultiSimRepositoryImpl: isSoftSimEnable :  softsimStatus=
04-14 21:58:25.292  4579  4579 I Telephony: SamsungPstnPhoneAccountRegistry: buildPstnPhoneAccount, simSlotIndex: 0, phoneId: 0, subId: 2, isEmergency: false, phoneAccountHandle: 2, isSimCardStatusOnOnly: true, hasVirtualSim: false, isSatellitePreferred: false
04-14 21:58:25.292  4579  4579 I Telephony: SamsungMultiSimRepositoryImpl: isEsimEnabled for 0 false
04-14 21:58:25.292  4579  4579 I Telephony: SamsungPstnPhoneAccountRegistry: getResourceId, phoneId: 0, resourceIndex: 0
04-14 21:58:25.293  4579  4579 I Telephony: SamsungTelecomAccountRegistry: setSimultaneousCallingRestriction extra to null
04-14 21:58:25.293  4579  4579 I Telephony: TelecomAccountRegistry$AccountEntry: registerPstnPhoneAccount: Registering account=[[ ] PhoneAccount: ComponentInfo{com.android.phone/com.android.services.telephony.TelephonyConnectionService}, 2, UserHandle{0} Capabilities: CallProvider MultiUser PlaceEmerg SimSub  Audio Routes: BESW Schemes: tel voicemail  Extras: <MASKED> GroupId: *** SC Restrictions: [ ]] with Telecom. subId=2
04-14 21:58:25.293  3011  4894 I Telecom : TelecomServiceImpl$1: registerPhoneAccount: account=[[ ] PhoneAccount: ComponentInfo{com.android.phone/com.android.services.telephony.TelephonyConnectionService}, 2, UserHandle{0} Capabilities: CallProvider MultiUser PlaceEmerg SimSub  Audio Routes: BESW Schemes: tel voicemail  Extras: <MASKED> GroupId: *** SC Restrictions: [ ]]: TSI.rPA(cap)@2e4
04-14 21:58:25.293  3011  4894 I Telecom : PhoneAccountRegistrar: Modify account: [ComponentInfo{com.android.phone/com.android.services.telephony.TelephonyConnectionService}, 2, UserHandle{0}(cap: CallProvider MultiUser PlaceEmerg SimSub  -> CallProvider MultiUser PlaceEmerg SimSub Rtt )]: TSI.rPA(cap)@2e4
04-14 21:58:25.293  3011  4894 I Telecom : SamsungPhoneAccountListener : onAccountsChanged - allPhoneAccounts : [[[X] PhoneAccount: ComponentInfo{com.android.phone/com.android.services.telephony.TelephonyConnectionService}, 2, UserHandle{0} Capabilities: CallProvider MultiUser PlaceEmerg SimSub  Audio Routes: BESW Schemes: tel voicemail  Extras: <MASKED> GroupId: *** SC Restrictions: [ ]], [[X] PhoneAccount: ComponentInfo{com.android.phone/com.android.services.telephony.TelephonyConnectionService}, 1, UserHandle{0} Capabilities: SuppVideo Video CallProvider MultiUser PlaceEmerg SimSub Rtt  Audio Routes: BESW Schemes: tel voicemail  Extras: <MASKED> GroupId: *** SC Restrictions: [ ]], [[X] PhoneAccount: ComponentInfo{org.thoughtcrime.securesms/org.thoughtcrime.securesms}, ***, UserHandle{0} Capabilities: SelfManaged SuppVideo Video TransactOps  Audio Routes: BESW Schemes: tel  Extras: <MASKED> GroupId: *** SC Restrictions: [NONE]]]
04-14 21:58:25.293  3011  4894 I Telecom : SamsungPhoneAccountListener : onAccountsChanged : [[X] PhoneAccount: ComponentInfo{com.android.phone/com.android.services.telephony.TelephonyConnectionService}, 2, UserHandle{0} Capabilities: CallProvider MultiUser PlaceEmerg SimSub  Audio Routes: BESW Schemes: tel voicemail  Extras: <MASKED> GroupId: *** SC Restrictions: [ ]]
04-14 21:58:25.293  3011  4894 I Telecom : SamsungPhoneAccountListener : onAccountsChanged : [[X] PhoneAccount: ComponentInfo{com.android.phone/com.android.services.telephony.TelephonyConnectionService}, 1, UserHandle{0} Capabilities: SuppVideo Video CallProvider MultiUser PlaceEmerg SimSub Rtt  Audio Routes: BESW Schemes: tel voicemail  Extras: <MASKED> GroupId: *** SC Restrictions: [ ]]
04-14 21:58:25.293  3011  4894 I Telecom : SamsungPhoneAccountListener : onAccountsChanged : [[X] PhoneAccount: ComponentInfo{org.thoughtcrime.securesms/org.thoughtcrime.securesms}, ***, UserHandle{0} Capabilities: SelfManaged SuppVideo Video TransactOps  Audio Routes: BESW Schemes: tel  Extras: <MASKED> GroupId: *** SC Restrictions: [NONE]]
04-14 21:58:25.293  3011  4894 I Telecom : SamsungPhoneAccountRegistrarBroadcaster : AccountsChanged : false / UserHandle{0} / ComponentInfo{com.android.phone/com.android.services.telephony.TelephonyConnectionService}, 2, UserHandle{0} -> ComponentInfo{com.android.phone/com.android.services.telephony.TelephonyConnectionService}, 2, UserHandle{0}
04-14 21:58:25.293  3011  4894 I Telecom : SamsungPhoneAccountListener : onPhoneAccountChanged - PhoneAccount : [[X] PhoneAccount: ComponentInfo{com.android.phone/com.android.services.telephony.TelephonyConnectionService}, 2, UserHandle{0} Capabilities: CallProvider MultiUser PlaceEmerg SimSub  Audio Routes: BESW Schemes: tel voicemail  Extras: <MASKED> GroupId: *** SC Restrictions: [ ]]
04-14 21:58:25.294  3011  4894 I Telecom : CallsManager: handlePhoneAccountChanged: phoneAccount=[[X] PhoneAccount: ComponentInfo{com.android.phone/com.android.services.telephony.TelephonyConnectionService}, 2, UserHandle{0} Capabilities: CallProvider MultiUser PlaceEmerg SimSub  Audio Routes: BESW Schemes: tel voicemail  Extras: <MASKED> GroupId: *** SC Restrictions: [ ]]: TSI.rPA(cap)@2e4
04-14 21:58:25.294  4579  4579 I PhoneUtils: getSubIdForPhoneAccountHandle: ComponentInfo{com.android.phone/com.android.services.telephony.TelephonyConnectionService}, 2, UserHandle{0}
04-14 21:58:25.294  4579  4579 I PhoneUtils: getPhoneFromSubId, subId: 2
04-14 21:58:25.294  4579  4579 I PhoneUtils: getPhoneFromSubId, phoneSubId: 2
04-14 21:58:25.295  3011  4894 I Telecom : PhoneAccountRegistrar: getSimCallManager: SimCallManager for subId 2 queried, returning: null: TSI.rPA(cap)@2e4
04-14 21:58:25.295  3011  4894 I Telecom : PhoneAccountRegistrar: Notifying telephony of voice service override change for 1 SIMs, hasService = false: TSI.rPA(cap)@2e4
04-14 21:58:25.296  4579  4579 I PhoneInterfaceManager: setVoiceServiceStateOverride: subId=2, phone=Handler (com.android.internal.telephony.SemGsmCdmaPhone) {e5db7af}, hasService=false, callingPackage=com.android.server.telecom
04-14 21:58:25.296  3011  4354 D BackgroundInstallControlService: Package event received: 0
04-14 21:58:25.296  3011  4354 D BackgroundInstallControlService: Package event received: 0
04-14 21:58:25.296  4579  4579 I Telephony: SamsungPstnPhoneAccountRegistry: isTelecomServiceConnected : true
04-14 21:58:25.296  4579  4579 I Telephony: TelecomAccountRegistry$AccountEntry: Registered phoneAccount: [[ ] PhoneAccount: ComponentInfo{com.android.phone/com.android.services.telephony.TelephonyConnectionService}, 2, UserHandle{0} Capabilities: CallProvider MultiUser PlaceEmerg SimSub  Audio Routes: BESW Schemes: tel voicemail  Extras: <MASKED> GroupId: *** SC Restrictions: [ ]] with handle: ComponentInfo{com.android.phone/com.android.services.telephony.TelephonyConnectionService}, 2, UserHandle{0}
04-14 21:58:25.296  4579  4579 I Telephony: PstnIncomingCallNotifier: Registering: [0]
04-14 21:58:25.296  4579  4579 I Telephony: SamsungSuppServiceNotifier: registerForNotification: 0
04-14 21:58:25.296  4579  4579 D Telephony: PstnPhoneCapabilitiesNotifier: Registering: Handler (com.android.internal.telephony.SemGsmCdmaPhone) {e5db7af}
04-14 21:58:25.297  4579  4579 I Telephony: TelecomAccountRegistry$AccountEntry: ImsMmTelManager.createForSubScriptionId : 2
04-14 21:58:25.297  4579  4705 D ImsResolver: getVisibleImsServiceInfoFromCache: com.sec.imsservice, match=[ImsServiceInfo] name=ComponentInfo{com.sec.imsservice/com.sec.internal.imsphone.SecImsService}, user=[UserHandle{0}],featureFromMetadata=false, features: [{0,EMERGENCY_MMTEL}{1,MMTEL}{0,MMTEL}{1,RCS}{0,RCS}{1,EMERGENCY_MMTEL}], targetUser=UserHandle{0}
04-14 21:58:25.297  1438  1438 I [UNWFC]-- WFCQS - : WFC tile onTrimMemory
04-14 21:58:25.297  4579  4579 I ImsCallbackAM [0]: Local callback added: android.telephony.ims.ImsMmTelManager$CapabilityCallback$CapabilityBinder@585b351
04-14 21:58:25.297  4579  4579 D Telephony: TelecomAccountRegistry: Finished registering mSimultaneousCallingTrackerListener for phoneId = 0; subId = 2
04-14 21:58:25.297  4579  4579 I Telephony: TelecomAccountRegistry: setupAccounts: Phone with phone Id 1, subscription id 1
04-14 21:58:25.298  4579  4579 V SimultaneousCallingTracker: Device is not simultaneous calling capable
04-14 21:58:25.298  4579  4704 I ImsMmTelManager: onCapabilitiesStatusChanged()
04-14 21:58:25.298  4579  4579 D Telephony: SamsungCarrierRepositoryImpl: getSimOperator, phoneId=1, simOperator=23003
04-14 21:58:25.298  4579  4579 I Telephony: SamsungImsManagerInjector: [getImsManager_0 : com.samsung.telephony.model.ims.SamsungTelephonyImsManager@8df1cfe] [ getImsManager_1 : com.samsung.telephony.model.ims.SamsungTelephonyImsManager@6c83fef]
04-14 21:58:25.298  4579  4579 D semImsManager[1]: getImsRegistration
04-14 21:58:25.299  4579  4579 I Telephony: SamsungImsRepositoryImpl: getOwnNumber: +42*******834
04-14 21:58:25.299  4579  4579 D Telephony: SamsungCarrierRepositoryImpl: getSimOperator, phoneId=1, simOperator=23003
04-14 21:58:25.299  4579  4579 D Telephony: SamsungCarrierRepositoryImpl: getSimOperator, phoneId=1, simOperator=23003
04-14 21:58:25.301  4579  4579 D Telephony: TelecomAccountRegistry$AccountEntry: isEmergencyPreferredAccount: subId=1, activeData=2
04-14 21:58:25.301  4579  4579 D Telephony: TelecomAccountRegistry$AccountEntry: isEmergencyPreferredAccount: Device does not require preference.
04-14 21:58:25.302  4880  4880 W View    : requestLayout() improperly called by com.android.systemui.qs.SecQSGradationDrawableView{3283270 V.E...... ......ID 0,0-1080,332 #7f0a0a16 app:id/qs_gradation_view} during layout: running second layout pass
04-14 21:58:25.302  4880  4880 W View    : requestLayout() improperly called by android.widget.FrameLayout{a1bc9e9 V.E...... ......I. 0,0-1080,2340 #2} during layout: running second layout pass
04-14 21:58:25.302  4880  4880 W View    : requestLayout() improperly called by android.widget.FrameLayout{890266e V.E...... ......ID 0,152-1080,2205 #7f0a0a14 app:id/qs_frame} during layout: running second layout pass
04-14 21:58:25.303  4880  4880 W RefactorFlag: New code path expects SceneContainerFlag to be enabled.
04-14 21:58:25.305  4880  4880 D TileLifecycleManager: onServiceConnected ComponentInfo{com.sec.unifiedwfc/com.sec.unifiedwfc.ux.quicksettings.WFCQSTileService}
04-14 21:58:25.305  4880  4880 D TileLifecycleManager: stopPackageListening ComponentInfo{com.sec.unifiedwfc/com.sec.unifiedwfc.ux.quicksettings.WFCQSTileService}
04-14 21:58:25.305  4880  4880 D TileLifecycleManager: Handling pending onStartListening ComponentInfo{com.sec.unifiedwfc/com.sec.unifiedwfc.ux.quicksettings.WFCQSTileService}
04-14 21:58:25.305  4880  4880 D TileLifecycleManager: onStartListening ComponentInfo{com.sec.unifiedwfc/com.sec.unifiedwfc.ux.quicksettings.WFCQSTileService}
04-14 21:58:25.306  1438  1438 I [UNWFC]-- WFCQS - : WFC tile service onStartListening
04-14 21:58:25.306  1438  1438 I [UNWFC]-- Util: satModeEnabled: [0] isInSatMode=false
04-14 21:58:25.306  1438  1438 I [UNWFC]-- WfcRepository: getmWFCCarrier phoneId: 0
04-14 21:58:25.306  1438  1438 I [UNWFC]-- WfcRepository: getWfcCarrier phoneId: 0 createNewCarrier: true
04-14 21:58:25.306  1438  1438 I [UNWFC]-- WfcRepository: getmWFCCarrier phoneId: 1
04-14 21:58:25.306  1438  1438 I [UNWFC]-- WfcRepository: getWfcCarrier phoneId: 1 createNewCarrier: true
04-14 21:58:25.307  4579  4579 I Telephony: TelecomAccountRegistry$AccountEntry: isRttCurrentlySupported -- regular acct,, hasVoiceAvailability: false, isRttSupported: true, alwaysAllowWhileRoaming: false, isRoaming: false, isOnWfc: false
04-14 21:58:25.307  4579  4579 D SecImsManager: isVtEnabledByPlatformForSlot
04-14 21:58:25.307  4579  4579 D SecImsManager: getFeatureValue
04-14 21:58:25.307  5182  6028 I MmTelFeatureImpl<1>: queryCapabilityConfiguration
04-14 21:58:25.308  5182  6028 I ImsServiceStub<1>: isServiceAvailable: mmtel-video, rat: 13, profileFind:true, Enabled:true
04-14 21:58:25.308  1438  1438 I [UNWFC]-- Util: isInCallState [false] subId[2]
04-14 21:58:25.308  1438  1438 I [UNWFC]-- Util: isInCsorEpdgCall[false] subId[2]
04-14 21:58:25.308  1438  1438 I [UNWFC]-- Carrier: shouldAllowWfcSettingBasedOnCall:true
04-14 21:58:25.308  4579  4590 D SecImsManager: onQueryCapabilityConfiguration : true
04-14 21:58:25.308  4579  4579 D SecImsManager: getFeatureValue(2, 0) : true
04-14 21:58:25.309  1438  1438 I [UNWFC]-- Util: isInCallState [false] subId[1]
04-14 21:58:25.309  1438  1438 I [UNWFC]-- Util: isInCsorEpdgCall[false] subId[1]
04-14 21:58:25.309  1438  1438 I [UNWFC]-- Carrier: shouldAllowWfcSettingBasedOnCall:true
04-14 21:58:25.309  1438  1438 I [UNWFC]-- QSUtil: updateQsTileAndInformSystemUI: allowWfcSettingBasedOnCall: trueisInSatModefalse
04-14 21:58:25.309  1438  1438 I [UNWFC]-- QSUtil: WFC tile updateWfcInQuickSettings without requestListeningState api : true
04-14 21:58:25.309  1438  1438 I [UNWFC]-- QSUtil: informSystemUiOfTileStateChange, isListening: true
04-14 21:58:25.309  1438  1438 I [UNWFC]-- Util: multiSim Device
04-14 21:58:25.309  1438  1438 I [UNWFC]-- Util: isDuosSetting:true
04-14 21:58:25.309  1438  1438 I [UNWFC]-- DB: getInt() phoneId: 0, wifi_call_enable : 1
04-14 21:58:25.309  1438  1438 I [UNWFC]-- DB: getInt() phoneId: 1, wifi_call_enable : 0
04-14 21:58:25.309  1438  1438 I [UNWFC]-- QSUtil: Updating WFC Tile state from DB
04-14 21:58:25.309  1438  1438 I [UNWFC]-- Util: getNWPath: /optics/configs/carriers/single/EUX/conf phoneID: 0
04-14 21:58:25.309  1438  1438 I [UNWFC]-- Util: getOmcCodeByNwPath: EUX For phoneId: 0
04-14 21:58:25.309  1438  1438 I [UNWFC]-- WfcRepository: getWfcCarrier  for phoneId: 0
04-14 21:58:25.309  1438  1438 I [UNWFC]-- WfcRepository: getWfcCarrier phoneId: 0 createNewCarrier: true
04-14 21:58:25.309  1438  1438 I [UNWFC]-- QSUtil: Tile State : ACTIVE
04-14 21:58:25.309  1438  1438 I [UNWFC]-- Util: multiSim Device
04-14 21:58:25.309  1438  1438 I [UNWFC]-- Util: isDuosSetting:true
04-14 21:58:25.309  4579  4579 I Telephony: SamsungMultiSimRepositoryImpl: isEsimEnabled for 1 true
04-14 21:58:25.309  4579  4579 I Telephony: SamsungTelecomAccountRegistry: simSlot:1, getSortOrder: 1, esimCount: 1
04-14 21:58:25.309  1438  1438 I [UNWFC]-- Util: getNWPath: /optics/configs/carriers/single/EUX/conf phoneID: 0
04-14 21:58:25.309  1438  1438 I [UNWFC]-- Util: getOmcCodeByNwPath: EUX For phoneId: 0
04-14 21:58:25.309  1438  1438 I [UNWFC]-- Util: getNWPath: /optics/configs/carriers/single/EUX/conf phoneID: 0
04-14 21:58:25.309  1438  1438 I [UNWFC]-- Util: getOmcCodeByNwPath: EUX For phoneId: 0
04-14 21:58:25.310  4880  5094 D TileLifecycleManager: onStopListening ComponentInfo{com.sec.unifiedwfc/com.sec.unifiedwfc.ux.quicksettings.WFCQSTileService}
04-14 21:58:25.310  4880  5025 D Tile.CustomTile: isSecCustomTile : mComponent =ComponentInfo{com.sec.unifiedwfc/com.sec.unifiedwfc.ux.quicksettings.WFCQSTileService}
04-14 21:58:25.310  4579  4579 D Telephony: SamsungMultiSimRepositoryImpl: isSoftSimEnable :  softsimStatus=
04-14 21:58:25.310  1438  1438 I [UNWFC]-- WfcRepository: getWfcCarrier  for phoneId: 0
04-14 21:58:25.310  1438  1438 I [UNWFC]-- WfcRepository: getWfcCarrier phoneId: 0 createNewCarrier: true
04-14 21:58:25.310  4880  5025 D Tile.CustomTile: isSecCustomTile : tileName =WifiCalling
04-14 21:58:25.310  4579  4579 I Telephony: SamsungPstnPhoneAccountRegistry: buildPstnPhoneAccount, simSlotIndex: 1, phoneId: 1, subId: 1, isEmergency: false, phoneAccountHandle: 1, isSimCardStatusOnOnly: true, hasVirtualSim: false, isSatellitePreferred: false
04-14 21:58:25.310  1438  1438 I [UNWFC]-- WFCQS - : registerCallStatusListener()
04-14 21:58:25.310  4880  5025 D Tile.CustomTile: updateState : Label = Wi-Fi Calling, State = 2, Icon = Icon(typ=RESOURCE pkg=com.sec.unifiedwfc id=0x7f080280)
04-14 21:58:25.310  4880  5025 D TileLifecycleManager: onStopListening ComponentInfo{com.sec.unifiedwfc/com.sec.unifiedwfc.ux.quicksettings.WFCQSTileService}
04-14 21:58:25.310  4579  4579 I Telephony: SamsungMultiSimRepositoryImpl: isEsimEnabled for 1 true
04-14 21:58:25.310  4579  4579 I Telephony: SamsungPstnPhoneAccountRegistry: getResourceId, phoneId: 1, resourceIndex: 0
04-14 21:58:25.310  4579  4579 I Telephony: SamsungTelecomAccountRegistry: setSimultaneousCallingRestriction extra to null
04-14 21:58:25.310  4579  4579 I Telephony: TelecomAccountRegistry$AccountEntry: registerPstnPhoneAccount: Registering account=[[ ] PhoneAccount: ComponentInfo{com.android.phone/com.android.services.telephony.TelephonyConnectionService}, 1, UserHandle{0} Capabilities: SuppVideo Video CallProvider MultiUser PlaceEmerg SimSub  Audio Routes: BESW Schemes: tel voicemail  Extras: <MASKED> GroupId: *** SC Restrictions: [ ]] with Telecom. subId=1
04-14 21:58:25.311  3011  3044 I Telecom : TelecomServiceImpl$1: registerPhoneAccount: account=[[ ] PhoneAccount: ComponentInfo{com.android.phone/com.android.services.telephony.TelephonyConnectionService}, 1, UserHandle{0} Capabilities: SuppVideo Video CallProvider MultiUser PlaceEmerg SimSub  Audio Routes: BESW Schemes: tel voicemail  Extras: <MASKED> GroupId: *** SC Restrictions: [ ]]: TSI.rPA(cap)@2e8
04-14 21:58:25.311  3011  3044 I Telecom : PhoneAccountRegistrar: Modify account: [ComponentInfo{com.android.phone/com.android.services.telephony.TelephonyConnectionService}, 1, UserHandle{0}(cap: SuppVideo Video CallProvider MultiUser PlaceEmerg SimSub  -> SuppVideo Video CallProvider MultiUser PlaceEmerg SimSub Rtt )]: TSI.rPA(cap)@2e8
04-14 21:58:25.311  3011  3044 I Telecom : SamsungPhoneAccountListener : onAccountsChanged - allPhoneAccounts : [[[X] PhoneAccount: ComponentInfo{com.android.phone/com.android.services.telephony.TelephonyConnectionService}, 2, UserHandle{0} Capabilities: CallProvider MultiUser PlaceEmerg SimSub  Audio Routes: BESW Schemes: tel voicemail  Extras: <MASKED> GroupId: *** SC Restrictions: [ ]], [[X] PhoneAccount: ComponentInfo{com.android.phone/com.android.services.telephony.TelephonyConnectionService}, 1, UserHandle{0} Capabilities: SuppVideo Video CallProvider MultiUser PlaceEmerg SimSub  Audio Routes: BESW Schemes: tel voicemail  Extras: <MASKED> GroupId: *** SC Restrictions: [ ]], [[X] PhoneAccount: ComponentInfo{org.thoughtcrime.securesms/org.thoughtcrime.securesms}, ***, UserHandle{0} Capabilities: SelfManaged SuppVideo Video TransactOps  Audio Routes: BESW Schemes: tel  Extras: <MASKED> GroupId: *** SC Restrictions: [NONE]]]
04-14 21:58:25.311  3011  3044 I Telecom : SamsungPhoneAccountListener : onAccountsChanged : [[X] PhoneAccount: ComponentInfo{com.android.phone/com.android.services.telephony.TelephonyConnectionService}, 2, UserHandle{0} Capabilities: CallProvider MultiUser PlaceEmerg SimSub  Audio Routes: BESW Schemes: tel voicemail  Extras: <MASKED> GroupId: *** SC Restrictions: [ ]]
04-14 21:58:25.311  3011  3044 I Telecom : SamsungPhoneAccountListener : onAccountsChanged : [[X] PhoneAccount: ComponentInfo{com.android.phone/com.android.services.telephony.TelephonyConnectionService}, 1, UserHandle{0} Capabilities: SuppVideo Video CallProvider MultiUser PlaceEmerg SimSub  Audio Routes: BESW Schemes: tel voicemail  Extras: <MASKED> GroupId: *** SC Restrictions: [ ]]
04-14 21:58:25.311  3011  3044 I Telecom : SamsungPhoneAccountListener : onAccountsChanged : [[X] PhoneAccount: ComponentInfo{org.thoughtcrime.securesms/org.thoughtcrime.securesms}, ***, UserHandle{0} Capabilities: SelfManaged SuppVideo Video TransactOps  Audio Routes: BESW Schemes: tel  Extras: <MASKED> GroupId: *** SC Restrictions: [NONE]]
04-14 21:58:25.311  3011  3044 I Telecom : SamsungPhoneAccountRegistrarBroadcaster : AccountsChanged : false / UserHandle{0} / ComponentInfo{com.android.phone/com.android.services.telephony.TelephonyConnectionService}, 2, UserHandle{0} -> ComponentInfo{com.android.phone/com.android.services.telephony.TelephonyConnectionService}, 2, UserHandle{0}
04-14 21:58:25.311  3011  3044 I Telecom : SamsungPhoneAccountListener : onPhoneAccountChanged - PhoneAccount : [[X] PhoneAccount: ComponentInfo{com.android.phone/com.android.services.telephony.TelephonyConnectionService}, 1, UserHandle{0} Capabilities: SuppVideo Video CallProvider MultiUser PlaceEmerg SimSub  Audio Routes: BESW Schemes: tel voicemail  Extras: <MASKED> GroupId: *** SC Restrictions: [ ]]
04-14 21:58:25.311  3011  3044 I Telecom : CallsManager: handlePhoneAccountChanged: phoneAccount=[[X] PhoneAccount: ComponentInfo{com.android.phone/com.android.services.telephony.TelephonyConnectionService}, 1, UserHandle{0} Capabilities: SuppVideo Video CallProvider MultiUser PlaceEmerg SimSub  Audio Routes: BESW Schemes: tel voicemail  Extras: <MASKED> GroupId: *** SC Restrictions: [ ]]: TSI.rPA(cap)@2e8
04-14 21:58:25.311  4579  4579 I PhoneUtils: getSubIdForPhoneAccountHandle: ComponentInfo{com.android.phone/com.android.services.telephony.TelephonyConnectionService}, 1, UserHandle{0}
04-14 21:58:25.312  4579  4579 I PhoneUtils: getPhoneFromSubId, subId: 1
04-14 21:58:25.312  4579  4579 I PhoneUtils: getPhoneFromSubId, phoneSubId: 2
04-14 21:58:25.312  4579  4579 I PhoneUtils: getPhoneFromSubId, phoneSubId: 1
04-14 21:58:25.312  3011  3044 I Telecom : PhoneAccountRegistrar: getSimCallManager: SimCallManager for subId 1 queried, returning: null: TSI.rPA(cap)@2e8
04-14 21:58:25.313  3011  3044 I Telecom : PhoneAccountRegistrar: Notifying telephony of voice service override change for 1 SIMs, hasService = false: TSI.rPA(cap)@2e8
04-14 21:58:25.313  1438  1438 I [UNWFC]-- WFCQS - : WFC tile service onStopListening
04-14 21:58:25.313  4579  4579 I PhoneInterfaceManager: setVoiceServiceStateOverride: subId=1, phone=Handler (com.android.internal.telephony.SemGsmCdmaPhone) {10459e9}, hasService=false, callingPackage=com.android.server.telecom
04-14 21:58:25.313  4579  4579 I Telephony: SamsungPstnPhoneAccountRegistry: isTelecomServiceConnected : true
04-14 21:58:25.313  4579  4579 I Telephony: TelecomAccountRegistry$AccountEntry: Registered phoneAccount: [[ ] PhoneAccount: ComponentInfo{com.android.phone/com.android.services.telephony.TelephonyConnectionService}, 1, UserHandle{0} Capabilities: SuppVideo Video CallProvider MultiUser PlaceEmerg SimSub  Audio Routes: BESW Schemes: tel voicemail  Extras: <MASKED> GroupId: *** SC Restrictions: [ ]] with handle: ComponentInfo{com.android.phone/com.android.services.telephony.TelephonyConnectionService}, 1, UserHandle{0}
04-14 21:58:25.313  4579  4579 I Telephony: PstnIncomingCallNotifier: Registering: [1]
04-14 21:58:25.313  4579  4579 I Telephony: SamsungSuppServiceNotifier: registerForNotification: 1
04-14 21:58:25.313  4579  4579 D Telephony: PstnPhoneCapabilitiesNotifier: Registering: Handler (com.android.internal.telephony.SemGsmCdmaPhone) {10459e9}
04-14 21:58:25.313  4579  4579 I Telephony: TelecomAccountRegistry$AccountEntry: ImsMmTelManager.createForSubScriptionId : 1
04-14 21:58:25.314  4579  4705 D ImsResolver: getVisibleImsServiceInfoFromCache: com.sec.imsservice, match=[ImsServiceInfo] name=ComponentInfo{com.sec.imsservice/com.sec.internal.imsphone.SecImsService}, user=[UserHandle{0}],featureFromMetadata=false, features: [{0,EMERGENCY_MMTEL}{1,MMTEL}{0,MMTEL}{1,RCS}{0,RCS}{1,EMERGENCY_MMTEL}], targetUser=UserHandle{0}
04-14 21:58:25.315  4579  4579 I ImsCallbackAM [1]: Local callback added: android.telephony.ims.ImsMmTelManager$CapabilityCallback$CapabilityBinder@8208bb5
04-14 21:58:25.315  4579  4579 D Telephony: TelecomAccountRegistry: Finished registering mSimultaneousCallingTrackerListener for phoneId = 1; subId = 1
04-14 21:58:25.315  3011  4894 I Telecom : SamsungTelecomServiceImpl : getUserSelectedOutgoingPhoneAccount - callingPackage : com.android.phone / callingUser : UserHandle{0}
04-14 21:58:25.315  4880  4880 D SecQSCommonTileView: handleStateChanged state.spec = custom(com.sec.unifiedwfc/.ux.quicksettings.WFCQSTileService), parent = LabelTileView{@174c5af, #7f0a0df0, app:id/tile_label V, label = @174c5af, #7f0a0df0, app:id/tile_label V, iconFrame = @74dadbc V, icon = @26a7145 V, common = @633709a}, labelContainer = @e78498e, #7f0a0661, app:id/label_group V, label = @174c5af, #7f0a0df0, app:id/tile_label V, iconFrame = @74dadbc V, icon = @26a7145 V, common = @633709a
04-14 21:58:25.315  3011  4894 I Telecom : SamsungTelecomServiceImpl : getAllPhoneAccountHandles - callingPid : 4579 / processName : sts / callingUser : UserHandle{0} / hasCrossUserAccess : true
04-14 21:58:25.316  4579  4590 I ImsMmTelManager: onCapabilitiesStatusChanged()
04-14 21:58:25.317  4579  4579 D ImsRegCallbackHelper: updateRegistrationState: registration state from REGISTRATION_STATE_REGISTERED to REGISTRATION_STATE_REGISTERED
04-14 21:58:25.318  4579  4579 V Configuration: Updating configuration, locales updated from [en_GB,cs_CZ] to []
04-14 21:58:25.319  4579  4579 D SatelliteController: registerForSatelliteModemStateChanged: add Listeners for ModemState
04-14 21:58:25.319  4579  4579 E SatelliteController: registerForSatelliteModemStateChanged: mSatelliteSessionController is not initialized yet
04-14 21:58:25.323  4880  4880 D CarrierTextUtil: updateNetworkName showSpn=true spn=O2-CZ dataSpn=O2-CZ showPlmn=false plmn=O2.CZ hasVoWifiPLMN=true
04-14 21:58:25.323  4880  4880 D CarrierTextUtil: updateNetworkName showSpn=true spn=O2-CZ dataSpn=O2-CZ showPlmn=false plmn=O2.CZ hasVoWifiPLMN=true
04-14 21:58:25.323  4880  4880 D CarrierTextController: carrierTextForSimState(2)-(order: 0) : O2-CZ, O2-CZ
04-14 21:58:25.323  4880  4880 D CarrierTextController: carrierTextForSimState(1)-(order: 1) : Vodafone CZ, Vodafone CZ
04-14 21:58:25.324  4880  4880 D CarrierTextController: setCarrierText : O2-CZ ÔÇó Vodafone CZ, O2-CZ ÔÇó Vodafone CZ allSimsMissing : false anySimReady : true
04-14 21:58:25.324  4880  4880 D CarrierTextUtil: updateNetworkName showSpn=true spn=O2-CZ dataSpn=O2-CZ showPlmn=false plmn=O2.CZ hasVoWifiPLMN=true
04-14 21:58:25.324  4880  4880 D CarrierTextUtil: updateNetworkName showSpn=true spn=O2-CZ dataSpn=O2-CZ showPlmn=false plmn=O2.CZ hasVoWifiPLMN=true
04-14 21:58:25.324  4880  4880 D CarrierTextController: carrierTextForSimState(2)-(order: 0) : O2-CZ, O2-CZ
04-14 21:58:25.324  4880  4880 D CarrierTextController: carrierTextForSimState(1)-(order: 1) : Vodafone CZ, Vodafone CZ
04-14 21:58:25.324  4880  4880 D CarrierTextController: setCarrierText : O2-CZ ÔÇó Vodafone CZ, O2-CZ ÔÇó Vodafone CZ allSimsMissing : false anySimReady : true
04-14 21:58:25.324  4880  4880 D CarrierTextUtil: updateNetworkName showSpn=true spn=O2-CZ dataSpn=O2-CZ showPlmn=false plmn=O2.CZ hasVoWifiPLMN=true
04-14 21:58:25.324  4880  4880 D CarrierTextUtil: updateNetworkName showSpn=true spn=O2-CZ dataSpn=O2-CZ showPlmn=false plmn=O2.CZ hasVoWifiPLMN=true
04-14 21:58:25.324  4880  4880 D CarrierTextController: carrierTextForSimState(2)-(order: 0) : O2-CZ, O2-CZ
04-14 21:58:25.324  4880  4880 D CarrierTextController: carrierTextForSimState(1)-(order: 1) : Vodafone CZ, Vodafone CZ
04-14 21:58:25.324  4880  4880 D CarrierTextController: setCarrierText : O2-CZ ÔÇó Vodafone CZ, O2-CZ ÔÇó Vodafone CZ allSimsMissing : false anySimReady : true
04-14 21:58:25.324  4880  4880 D FaceWidgetPagesController: onRefreshCarrierInfo()
04-14 21:58:25.325  4579  4590 I LocationAccessPolicy: com.android.systemui is aware of fine but the app-ops permission is specifically denied.
04-14 21:58:25.325  4579  4590 I LocationAccessPolicy: checkLocationPermission - callingUid: 10049, callingPid: 4880, resultForFine: DENIED_SOFT
04-14 21:58:25.325  4579  4590 I LocationAccessPolicy: com.android.systemui is aware of coarse but the app-ops permission is specifically denied.
04-14 21:58:25.325  4579  4590 I LocationAccessPolicy: checkLocationPermission - callingUid: 10049, callingPid: 4880, resultForCoarse: DENIED_SOFT
04-14 21:58:25.326  4880  4880 D FaceWidgetClockRoamManager: isNetworkRoamingState id=2
04-14 21:58:25.326  4880  4880 D FaceWidgetClockRoamManager: isNetworkRoamingState false
04-14 21:58:25.326  4880  4880 D FaceWidgetClockRoamManager: onRefreshCarrierInfo(pre, now): false, false
04-14 21:58:25.326  4880  4880 D FaceWidgetClockPage: onRefreshCarrierInfo : isChanged false mIsRoaming false
04-14 21:58:25.326  3011  4894 I Telecom : SamsungTelecomServiceImpl : isInCall - callingPackage : com.android.systemui / callingUser : UserHandle{0} / hasCrossUserAccess : true
04-14 21:58:25.326  4880  4880 D CarrierTextController: info.location: Keyguard, info.carrierText: O2-CZ ÔÇó Vodafone CZ, info.carrierTextShort: O2-CZ ÔÇó Vodafone CZ
04-14 21:58:25.327  4880  4880 D CarrierTextController: info.location: null, info.carrierText: O2-CZ ÔÇó Vodafone CZ, info.carrierTextShort: O2-CZ ÔÇó Vodafone CZ
04-14 21:58:25.327  4880  4880 D ShadeCarrierGroup: handleUpdateCarrierInfo [O2-CZ ÔÇó Vodafone CZ] isLatin=false
04-14 21:58:25.328  4579  4579 V Configuration: Updating configuration, locales updated from [en_GB,cs_CZ] to []
04-14 21:58:25.328  4579  4579 D SatelliteController: registerForSatelliteModemStateChanged: add Listeners for ModemState
04-14 21:58:25.328  4579  4579 E SatelliteController: registerForSatelliteModemStateChanged: mSatelliteSessionController is not initialized yet
04-14 21:58:25.329  4579  4579 I Telephony: TelecomAccountRegistry$TelecomAccountTelephonyCallback: TelecomAccountRegistry: onServiceStateChanged: newState=0, mServiceState=0
04-14 21:58:25.329  4579  4705 D ImsResolver: getVisibleImsServiceInfoFromCache: com.sec.imsservice, match=[ImsServiceInfo] name=ComponentInfo{com.sec.imsservice/com.sec.internal.imsphone.SecImsService}, user=[UserHandle{0}],featureFromMetadata=false, features: [{0,EMERGENCY_MMTEL}{1,MMTEL}{0,MMTEL}{1,RCS}{0,RCS}{1,EMERGENCY_MMTEL}], targetUser=UserHandle{0}
04-14 21:58:25.329  4579  4579 I ImsCallbackAM [0]: Local callback added: android.telephony.ims.ImsMmTelManager$CapabilityCallback$CapabilityBinder@585b351
04-14 21:58:25.330  4579  4590 I ImsMmTelManager: onCapabilitiesStatusChanged()
04-14 21:58:25.332  4579  4579 I Telephony: TelecomAccountRegistry$AccountEntry: isRttCurrentlySupported -- regular acct,, hasVoiceAvailability: true, isRttSupported: true, alwaysAllowWhileRoaming: false, isRoaming: false, isOnWfc: true
04-14 21:58:25.332  4579  4579 I Telephony: TelecomAccountRegistry$AccountEntry: updateRttCapability - changed, new value: true
04-14 21:58:25.332  4579  4579 D Telephony: SamsungCarrierRepositoryImpl: getSimOperator, phoneId=0, simOperator=23002
04-14 21:58:25.332  4579  4579 I Telephony: SamsungImsManagerInjector: [getImsManager_0 : com.samsung.telephony.model.ims.SamsungTelephonyImsManager@8df1cfe] [ getImsManager_1 : com.samsung.telephony.model.ims.SamsungTelephonyImsManager@6c83fef]
04-14 21:58:25.332  4579  4579 D semImsManager[0]: getImsRegistration
04-14 21:58:25.333  4579  4579 I Telephony: SamsungImsRepositoryImpl: getOwnNumber: +42*******580
04-14 21:58:25.333  4579  4579 D Telephony: SamsungCarrierRepositoryImpl: getSimOperator, phoneId=0, simOperator=23002
04-14 21:58:25.333  4579  4579 D Telephony: SamsungCarrierRepositoryImpl: getSimOperator, phoneId=0, simOperator=23002
04-14 21:58:25.334  4579  4579 D Telephony: TelecomAccountRegistry$AccountEntry: isEmergencyPreferredAccount: subId=2, activeData=2
04-14 21:58:25.334  4579  4579 D Telephony: TelecomAccountRegistry$AccountEntry: isEmergencyPreferredAccount: Device does not require preference.
04-14 21:58:25.335  4579  4705 D ImsResolver: getVisibleImsServiceInfoFromCache: com.sec.imsservice, match=[ImsServiceInfo] name=ComponentInfo{com.sec.imsservice/com.sec.internal.imsphone.SecImsService}, user=[UserHandle{0}],featureFromMetadata=false, features: [{0,EMERGENCY_MMTEL}{1,MMTEL}{0,MMTEL}{1,RCS}{0,RCS}{1,EMERGENCY_MMTEL}], targetUser=UserHandle{0}
04-14 21:58:25.335  4880  4880 W View    : requestLayout() improperly called by com.android.systemui.qs.SecQSGradationDrawableView{3283270 V.E...... ......ID 0,0-1080,332 #7f0a0a16 app:id/qs_gradation_view} during layout: running second layout pass
04-14 21:58:25.335  4880  4880 W View    : requestLayout() improperly called by android.widget.FrameLayout{a1bc9e9 V.E...... ......I. 0,0-1080,2340 #2} during layout: running second layout pass
04-14 21:58:25.335  4880  4880 W View    : requestLayout() improperly called by android.widget.FrameLayout{890266e V.E...... ......ID 0,152-1080,2205 #7f0a0a14 app:id/qs_frame} during layout: running second layout pass
04-14 21:58:25.335  4579  4579 I ImsCallbackAM [0]: Local callback added: android.telephony.ims.ImsMmTelManager$CapabilityCallback$CapabilityBinder@585b351
04-14 21:58:25.335  4880  4880 W RefactorFlag: New code path expects SceneContainerFlag to be enabled.
04-14 21:58:25.336  4579  4590 I ImsMmTelManager: onCapabilitiesStatusChanged()
04-14 21:58:25.337  4579  4579 I Telephony: TelecomAccountRegistry$AccountEntry: isRttCurrentlySupported -- regular acct,, hasVoiceAvailability: true, isRttSupported: true, alwaysAllowWhileRoaming: false, isRoaming: false, isOnWfc: true
04-14 21:58:25.337  4579  4579 D SecImsManager: isVtEnabledByPlatformForSlot
04-14 21:58:25.337  4579  4579 D SecImsManager: getFeatureValue
04-14 21:58:25.337  5182  6047 I MmTelFeatureImpl<0>: queryCapabilityConfiguration
04-14 21:58:25.338  5182  6047 I ImsServiceStub<0>: isServiceAvailable: VoImsFeature : (mmtel-video) is not supported
04-14 21:58:25.339  4579  4590 D SecImsManager: onQueryCapabilityConfiguration : false
04-14 21:58:25.339  4579  4579 D SecImsManager: getFeatureValue(2, 0) : false
04-14 21:58:25.339  4579  4579 D SecImsManager: getFeatureValue
04-14 21:58:25.339  5182  6047 I MmTelFeatureImpl<0>: queryCapabilityConfiguration
04-14 21:58:25.339  5182  6047 I ImsServiceStub<0>: isServiceAvailable: VoImsFeature : (mmtel-video) is not supported
04-14 21:58:25.340  4579  4590 D SecImsManager: onQueryCapabilityConfiguration : false
04-14 21:58:25.340  4579  4579 D SecImsManager: getFeatureValue(2, 1) : false
04-14 21:58:25.341  4579  4579 I Telephony: SamsungMultiSimRepositoryImpl: isEsimEnabled for 0 false
04-14 21:58:25.341  4579  4579 I Telephony: SamsungTelecomAccountRegistry: simSlot:0, getSortOrder: 0, esimCount: 1
04-14 21:58:25.342  4579  4579 D Telephony: SamsungMultiSimRepositoryImpl: isSoftSimEnable :  softsimStatus=
04-14 21:58:25.342  4579  4579 I Telephony: SamsungPstnPhoneAccountRegistry: buildPstnPhoneAccount, simSlotIndex: 0, phoneId: 0, subId: 2, isEmergency: false, phoneAccountHandle: 2, isSimCardStatusOnOnly: true, hasVirtualSim: false, isSatellitePreferred: false
04-14 21:58:25.342  4579  4579 I Telephony: SamsungMultiSimRepositoryImpl: isEsimEnabled for 0 false
04-14 21:58:25.342  4579  4579 I Telephony: SamsungPstnPhoneAccountRegistry: getResourceId, phoneId: 0, resourceIndex: 0
04-14 21:58:25.342  4579  4579 I Telephony: SamsungTelecomAccountRegistry: setSimultaneousCallingRestriction extra to null
