04-14 22:07:53.705  3011  4981 D ActivityManager: Received SERVICE intent 0x6aaed31 Key{startService pkg=com.google.android.gms/fused_location_provider intent=act=com.google.android.gms.location.util.nlp.RESULT cat=[targeted_intent_op_prefix:.location.util.nlp.NlpInternalApi$NlpReceiverIntentOperation] xflg=0x4 cmp=com.google.android.gms/.chimera.PersistentIntentOperationService flags=0x2000000 u=0} requestCode=1 from uid 10261
04-14 22:07:53.707 25814 25857 D SensorManager: requestTrigger :: 172, smd  Wakeup, grsx@2340e1
04-14 22:07:53.833  3011  3038 I system_server: Background young concurrent mark compact GC freed 42MB AllocSpace bytes, 145(4336KB) LOS objects, 19% free, 188MB/235MB, paused 1.559ms,7.747ms total 136.587ms
04-14 22:07:54.199  1204  1204 D io_stats: !@   8,0 r 96219907 1876782620 w 22979787 524038152 d 2874487 713413712 f 692238 1920827 iot 16574940 0 th 0 0 0 pt 0 inp 0 0 350588.644
04-14 22:07:54.200  1204  1204 D io_stats: !@ Read_top(KB): android.vending(19643) 12200 kworker/u16:0(14924) 3948 kworker/u16:3(19551) 2952
04-14 22:07:54.200  1204  1204 D io_stats: !@ Write_top(KB): f2fs_ckpt-254:6(5338) 296 system_server(3011) 168 android.vending(19643) 44
04-14 22:07:54.354  3011  4377 I SemWifiServiceDetector: Service det. resumed: T / T / 27229
04-14 22:07:54.359  2245  2259 E HeatmapThread: ECT Thread time in milliseconds: 1776197274
04-14 22:07:54.363  2245  2259 D HeatmapThread: !@ batteryplugType : 2
04-14 22:07:54.363  2245  2259 D HeatmapThread: !@ batteryLevel : 79  batteryTemperature : 288 
04-14 22:07:54.363  2245  2259 D HeatmapThread: !@ Heatmap currtime: 29603287
04-14 22:07:54.363  2245  2259 D HeatmapThread: !@ Heatmap prevtime: 29603274
04-14 22:07:54.363  2245  2259 D HeatmapThread: !@ Heatmap plugstarttime: 29603071
04-14 22:07:54.363  2245  2259 D HeatmapThread: !@ Heatmap prevv_dsoh_update_time: 29603281
04-14 22:07:54.363  2245  2259 E HeatmapThread: !@ CAM New BSOH: 100
04-14 22:07:54.364  2245  2259 E HeatmapThread: !@ CAM is Working
04-14 22:07:54.573  2765  3621 I bauth_FPBAuthService: pcf : 0x1012, 0 ,1 ,0 ,1 ,0 ,0, 16.0.0.3
04-14 22:07:54.574  2765  3621 I bauth_FPBAuthService: thread id : 1, preenroll_flag : 0, nd cnt : 0, cso : 0, et : 0
04-14 22:07:54.574  2765  3621 I bauth_FPBAuthService: FPBAuthService::timerHandler complete
04-14 22:07:54.669  3011  4981 W AppOps  : Noting op not finished: uid 10261 pkg com.google.android.gms code 113 startTime of in progress event=1776186519232
04-14 22:07:55.182  1284 19641 I keystore2: system/security/keystore2/watchdog/src/lib.rs:377 - Watchdog thread idle -> terminating. Have a great day.
04-14 22:07:55.359  2245  2259 E HeatmapThread: ECT Thread time in milliseconds: 1776197275
04-14 22:07:55.363  2245  2259 D HeatmapThread: !@ batteryplugType : 2
04-14 22:07:55.364  2245  2259 D HeatmapThread: !@ batteryLevel : 79  batteryTemperature : 288 
04-14 22:07:55.364  2245  2259 D HeatmapThread: !@ Heatmap currtime: 29603287
04-14 22:07:55.364  2245  2259 D HeatmapThread: !@ Heatmap prevtime: 29603274
04-14 22:07:55.364  2245  2259 D HeatmapThread: !@ Heatmap plugstarttime: 29603071
04-14 22:07:55.364  2245  2259 D HeatmapThread: !@ Heatmap prevv_dsoh_update_time: 29603281
04-14 22:07:55.364  2245  2259 E HeatmapThread: !@ CAM New BSOH: 100
04-14 22:07:55.365  2245  2259 E HeatmapThread: !@ CAM is Working
04-14 22:07:55.570  3011  4981 I BatteryService_BatteryPropertiesRegistrar: [getProperty]id:2
04-14 22:07:55.570  3011  4981 I BatteryService_BatteryPropertiesRegistrar: [getProperty]prop.long:-9223372036854775808 ,prop.string:null
04-14 22:07:55.572  3011  4981 I BatteryService_BatteryPropertiesRegistrar: [getProperty]id:4
04-14 22:07:55.572  3011  4981 I BatteryService_BatteryPropertiesRegistrar: [getProperty]prop.long:-9223372036854775808 ,prop.string:null
04-14 22:07:55.574  2765  3621 I bauth_FPBAuthService: pcf : 0x1012, 0 ,1 ,0 ,1 ,0 ,0, 16.0.0.3
04-14 22:07:55.575  2765  3621 I bauth_FPBAuthService: thread id : 1, preenroll_flag : 0, nd cnt : 0, cso : 0, et : 0
04-14 22:07:55.575  2765  3621 I bauth_FPBAuthService: FPBAuthService::timerHandler complete
04-14 22:07:56.202  1204  1204 D io_stats: !@   8,0 r 96219907 1876782620 w 22979798 524039432 d 2874487 713413712 f 692238 1920827 iot 16574952 0 th 0 0 0 pt 0 inp 0 0 350590.646
04-14 22:07:56.203  3011  4378 I BatteryService_BatteryPropertiesRegistrar: [getProperty]id:6
04-14 22:07:56.203  3011  4378 I BatteryService_BatteryPropertiesRegistrar: [getProperty]prop.long:-9223372036854775808 ,prop.string:null
04-14 22:07:56.204  3011  4378 I BatteryService_BatteryPropertiesRegistrar: [getProperty]id:4
04-14 22:07:56.204  3011  4378 I BatteryService_BatteryPropertiesRegistrar: [getProperty]prop.long:-9223372036854775808 ,prop.string:null
04-14 22:07:56.206  3011  4378 I SemWifiIntelligentTrainingManager: Tr. cond. check: false / 1 (2) / false / 0 (1)
04-14 22:07:56.206  3011  4378 I BatteryService_BatteryPropertiesRegistrar: [getProperty]id:6
04-14 22:07:56.206  3011  4378 I BatteryService_BatteryPropertiesRegistrar: [getProperty]prop.long:-9223372036854775808 ,prop.string:null
04-14 22:07:56.359  2245  2259 E HeatmapThread: ECT Thread time in milliseconds: 1776197276
04-14 22:07:56.363  2245  2259 D HeatmapThread: !@ batteryplugType : 2
04-14 22:07:56.363  2245  2259 D HeatmapThread: !@ batteryLevel : 79  batteryTemperature : 288 
04-14 22:07:56.363  2245  2259 D HeatmapThread: !@ Heatmap currtime: 29603287
04-14 22:07:56.363  2245  2259 D HeatmapThread: !@ Heatmap prevtime: 29603274
04-14 22:07:56.364  2245  2259 D HeatmapThread: !@ Heatmap plugstarttime: 29603071
04-14 22:07:56.364  2245  2259 D HeatmapThread: !@ Heatmap prevv_dsoh_update_time: 29603281
04-14 22:07:56.364  2245  2259 E HeatmapThread: !@ CAM New BSOH: 100
04-14 22:07:56.364  2245  2259 E HeatmapThread: !@ CAM is Working
04-14 22:07:56.576  2765  3621 I bauth_FPBAuthService: pcf : 0x1012, 0 ,1 ,0 ,1 ,0 ,0, 16.0.0.3
04-14 22:07:56.577  2765  3621 I bauth_FPBAuthService: thread id : 1, preenroll_flag : 0, nd cnt : 0, cso : 0, et : 0
04-14 22:07:56.577  2765  3621 I bauth_FPBAuthService: FPBAuthService::timerHandler complete
04-14 22:07:56.954 25814 25814 D BoundBrokerSvc: onUnbind: Intent { act=com.google.android.gms.presencemanager.service.START dat=chimera-action:/... xflg=0x4 cmp=com.google.android.gms/.chimera.PersistentApiService }
04-14 22:07:56.956 25814 25814 D BoundBrokerSvc: onUnbind: Intent { act=com.google.android.gms.presencemanager.service.INTERNAL_IDENTITY dat=chimera-action:/... xflg=0x4 cmp=com.google.android.gms/.chimera.PersistentApiService }
04-14 22:07:57.291 22665 22665 D BoundBrokerSvc: onUnbind: Intent { act=com.google.android.gms.gmscompliance.service.START dat=chimera-action:/... xflg=0x4 cmp=com.google.android.gms/.chimera.PersistentBoundBrokerService }
04-14 22:07:57.297 22665 22665 D BoundBrokerSvc: onUnbind: Intent { act=com.google.android.gms.auth.aang.events.services.START dat=chimera-action:/... xflg=0x4 cmp=com.google.android.gms/.chimera.PersistentApiService }
04-14 22:07:57.359  3011  4377 I SemWifiServiceDetector: Service det. suspended: T / T / 27229
04-14 22:07:57.360  2245  2259 E HeatmapThread: ECT Thread time in milliseconds: 1776197277
04-14 22:07:57.364  2245  2259 D HeatmapThread: !@ batteryplugType : 2
04-14 22:07:57.365  2245  2259 D HeatmapThread: !@ batteryLevel : 79  batteryTemperature : 288 
04-14 22:07:57.365  2245  2259 D HeatmapThread: !@ Heatmap currtime: 29603287
04-14 22:07:57.365  2245  2259 D HeatmapThread: !@ Heatmap prevtime: 29603274
04-14 22:07:57.365  2245  2259 D HeatmapThread: !@ Heatmap plugstarttime: 29603071
04-14 22:07:57.365  2245  2259 D HeatmapThread: !@ Heatmap prevv_dsoh_update_time: 29603281
04-14 22:07:57.365  2245  2259 E HeatmapThread: !@ CAM New BSOH: 100
04-14 22:07:57.365  2245  2259 E HeatmapThread: !@ CAM is Working
04-14 22:07:57.575  3011  4615 I BatteryService_BatteryPropertiesRegistrar: [getProperty]id:2
04-14 22:07:57.575  3011  4615 I BatteryService_BatteryPropertiesRegistrar: [getProperty]prop.long:-9223372036854775808 ,prop.string:null
04-14 22:07:57.577  2765  3621 I bauth_FPBAuthService: pcf : 0x1012, 0 ,1 ,0 ,1 ,0 ,0, 16.0.0.3
04-14 22:07:57.577  2765  3621 I bauth_FPBAuthService: thread id : 1, preenroll_flag : 0, nd cnt : 0, cso : 0, et : 0
04-14 22:07:57.577  2765  3621 I bauth_FPBAuthService: FPBAuthService::timerHandler complete
04-14 22:07:57.578  3011  4615 I BatteryService_BatteryPropertiesRegistrar: [getProperty]id:4
04-14 22:07:57.578  3011  4615 I BatteryService_BatteryPropertiesRegistrar: [getProperty]prop.long:-9223372036854775808 ,prop.string:null
04-14 22:07:57.842  2085 21685 I sensors-hal: handle_sns_std_sensor_event:90, light_cct: ts = 790771808360296 ns; value = [3, 3, 0, 0, 3, 0, 0, 0, 736, 0]
04-14 22:07:58.112  2117 26931 I StatsHandler: [hvcD_673] Stats: Pending(0) i/p-done(0) Works: Q: 523/Done 518|Work-Rate: Q(0.0/s Avg=0.0/s) Done(0.000/s Avg=0.026/s)| Stream: 30.00fps 979.3Kbps
04-14 22:07:58.112  2117 26931 I StatsHandler: [hvcD_673] Mem-usage:  [In-1D: 11 bufs 88.000 MB] [1D-7035: 32 bufs 0.500 MB] [2D-7036: 21 bufs 47.004 MB] | Total: 135.504 MB
04-14 22:07:58.112  2117 26931 I StatsHandler: [avcD_678] Stats: Pending(0) i/p-done(0) Works: Q: 67/Done 55|Work-Rate: Q(0.0/s Avg=0.0/s) Done(0.000/s Avg=0.003/s)| Stream: 24.00fps 69.5Kbps
04-14 22:07:58.112  2117 26931 I StatsHandler: [avcD_678] Mem-usage:  [In-1D: 11 bufs 88.000 MB] [1D-7045: 28 bufs 0.438 MB] [2D-7046: 17 bufs 5.844 MB] | Total: 94.281 MB
04-14 22:07:58.203  1204  1204 D io_stats: !@   8,0 r 96219910 1876782632 w 22979798 524039432 d 2874487 713413712 f 692238 1920827 iot 16574960 0 th 0 0 0 pt 0 inp 0 0 350592.648
04-14 22:07:58.204  1204  1204 D io_stats: !@ Read_top(KB): system_server(3011) 12
04-14 22:07:58.204  1204  1204 D io_stats: !@ Write_top(KB): kworker/u16:0(14924) 1280
04-14 22:07:58.211  3011  3422 D MARsPolicyManager: triggerAction called!
04-14 22:07:58.212  3011  3422 I NSLocationMonitor: getGPSUsingApps() called
04-14 22:07:58.212  5599 15799 I NSLocationManager_FLP: getGPSUsingApps, No change
04-14 22:07:58.215  3011  3422 W Binder  : Outgoing transactions from this process must be FLAG_ONEWAY
04-14 22:07:58.215  3011  3422 W Binder  : java.lang.Throwable
04-14 22:07:58.215  3011  3422 W Binder  : 	at android.os.BinderProxy.transact(BinderProxy.java:566)
04-14 22:07:58.215  3011  3422 W Binder  : 	at android.bluetooth.IBluetoothGatt$Stub$Proxy.getAdvertisingSetUids(IBluetoothGatt.java:1678)
04-14 22:07:58.215  3011  3422 W Binder  : 	at android.bluetooth.BluetoothAdapter.getAdvertisingSetUids(BluetoothAdapter.java:8476)
04-14 22:07:58.215  3011  3422 W Binder  : 	at android.bluetooth.BluetoothAdapter.getHWUsingApps(BluetoothAdapter.java:1342)
04-14 22:07:58.215  3011  3422 W Binder  : 	at com.android.server.am.mars.filter.filter.BlueToothConnectedFilter.updateBTUsingPackages(qb/107205452 23b1c2b3594a0a9ead69f008a48e4960026b8f9b8d3e6a94bca8d407f0409d91:22)
04-14 22:07:58.215  3011  3422 W Binder  : 	at com.android.server.am.MARsPolicyManager.triggerAction(qb/107205452 23b1c2b3594a0a9ead69f008a48e4960026b8f9b8d3e6a94bca8d407f0409d91:96)
04-14 22:07:58.215  3011  3422 W Binder  : 	at com.android.server.am.MARsHandler$MainHandler.handleMessage(qb/107205452 23b1c2b3594a0a9ead69f008a48e4960026b8f9b8d3e6a94bca8d407f0409d91:1830)
04-14 22:07:58.215  3011  3422 W Binder  : 	at android.os.Handler.dispatchMessage(Handler.java:110)
04-14 22:07:58.215  3011  3422 W Binder  : 	at android.os.Looper.loopOnce(Looper.java:273)
04-14 22:07:58.215  3011  3422 W Binder  : 	at android.os.Looper.loop(Looper.java:363)
04-14 22:07:58.215  3011  3422 W Binder  : 	at com.android.server.am.MARsHandler$MainThread.run(qb/107205452 23b1c2b3594a0a9ead69f008a48e4960026b8f9b8d3e6a94bca8d407f0409d91:27)
04-14 22:07:58.359  2245  2259 E HeatmapThread: ECT Thread time in milliseconds: 1776197278
04-14 22:07:58.363  2245  2259 D HeatmapThread: !@ batteryplugType : 2
04-14 22:07:58.364  2245  2259 D HeatmapThread: !@ batteryLevel : 79  batteryTemperature : 288 
04-14 22:07:58.364  2245  2259 D HeatmapThread: !@ Heatmap currtime: 29603287
04-14 22:07:58.364  2245  2259 D HeatmapThread: !@ Heatmap prevtime: 29603274
04-14 22:07:58.364  2245  2259 D HeatmapThread: !@ Heatmap plugstarttime: 29603071
04-14 22:07:58.364  2245  2259 D HeatmapThread: !@ Heatmap prevv_dsoh_update_time: 29603281
04-14 22:07:58.365  2245  2259 E HeatmapThread: !@ CAM New BSOH: 100
04-14 22:07:58.365  2245  2259 E HeatmapThread: !@ CAM is Working
04-14 22:07:58.580  2765  3621 I bauth_FPBAuthService: pcf : 0x1012, 0 ,1 ,0 ,1 ,0 ,0, 16.0.0.3
04-14 22:07:58.580  2765  3621 I bauth_FPBAuthService: thread id : 1, preenroll_flag : 0, nd cnt : 0, cso : 0, et : 0
04-14 22:07:58.580  2765  3621 I bauth_FPBAuthService: FPBAuthService::timerHandler complete
04-14 22:07:58.710  8355  8355 I wpa_supplicant: Heartbeat 48576
04-14 22:07:58.917 16237 16355 W R:Battery: Didn't get new data for BATTERY_CHANGED, retrying later
04-14 22:07:59.062  7470  8025 I SDHMS:x : SIOP:: AP:295 BAT:288 USB:280 CHG:278 PA:299 WIFI:296 CF:293 BLK:0 SUBBAT:0 LRPTHM:290 SKIN:296 SKINF:292 SKINB:296 LRP2:296 LRF2:292 LRB2:296 AP2:296 CHG2:295 WIFI2:296 RCV2:288 SPK2:287 FCAM:280 UPSPK:293 DNSPK:281 VAP02:295 VWIFI:297 AMB2:255 AVGCUR:2 POWER:8
04-14 22:07:59.359  2245  2259 E HeatmapThread: ECT Thread time in milliseconds: 1776197279
04-14 22:07:59.363  2245  2259 D HeatmapThread: !@ batteryplugType : 2
04-14 22:07:59.364  2245  2259 D HeatmapThread: !@ batteryLevel : 79  batteryTemperature : 288 
04-14 22:07:59.364  2245  2259 D HeatmapThread: !@ Heatmap currtime: 29603287
04-14 22:07:59.364  2245  2259 D HeatmapThread: !@ Heatmap prevtime: 29603274
04-14 22:07:59.364  2245  2259 D HeatmapThread: !@ Heatmap plugstarttime: 29603071
04-14 22:07:59.364  2245  2259 D HeatmapThread: !@ Heatmap prevv_dsoh_update_time: 29603281
04-14 22:07:59.364  2245  2259 E HeatmapThread: !@ CAM New BSOH: 100
04-14 22:07:59.364  2245  2259 E HeatmapThread: !@ CAM is Working
04-14 22:07:59.581  2765  3621 I bauth_FPBAuthService: pcf : 0x1012, 0 ,1 ,0 ,1 ,0 ,0, 16.0.0.3
04-14 22:07:59.581  3011  4615 I BatteryService_BatteryPropertiesRegistrar: [getProperty]id:2
04-14 22:07:59.581  3011  4615 I BatteryService_BatteryPropertiesRegistrar: [getProperty]prop.long:-9223372036854775808 ,prop.string:null
04-14 22:07:59.581  2765  3621 I bauth_FPBAuthService: thread id : 1, preenroll_flag : 0, nd cnt : 0, cso : 0, et : 0
04-14 22:07:59.581  2765  3621 I bauth_FPBAuthService: FPBAuthService::timerHandler complete
04-14 22:07:59.583  3011  4615 I BatteryService_BatteryPropertiesRegistrar: [getProperty]id:4
04-14 22:07:59.583  3011  4615 I BatteryService_BatteryPropertiesRegistrar: [getProperty]prop.long:-9223372036854775808 ,prop.string:null
04-14 22:08:00.204  1204  1204 D io_stats: !@   8,0 r 96219910 1876782632 w 22979801 524039676 d 2874487 713413712 f 692238 1920827 iot 16574968 0 th 0 0 0 pt 0 inp 0 0 350594.649
04-14 22:08:00.360  2245  2259 E HeatmapThread: ECT Thread time in milliseconds: 1776197280
04-14 22:08:00.364  2245  2259 D HeatmapThread: !@ batteryplugType : 2
04-14 22:08:00.365  2245  2259 D HeatmapThread: !@ batteryLevel : 79  batteryTemperature : 288 
04-14 22:08:00.365  2245  2259 D HeatmapThread: !@ Heatmap currtime: 29603288
04-14 22:08:00.365  2245  2259 D HeatmapThread: !@ Heatmap prevtime: 29603274
04-14 22:08:00.365  2245  2259 D HeatmapThread: !@ Heatmap plugstarttime: 29603071
04-14 22:08:00.365  2245  2259 D HeatmapThread: !@ Heatmap prevv_dsoh_update_time: 29603281
04-14 22:08:00.365  2245  2259 E HeatmapThread: !@ CAM New BSOH: 100
04-14 22:08:00.365  2245  2259 E HeatmapThread: !@ CAM is Working
04-14 22:08:00.582  2765  3621 I bauth_FPBAuthService: pcf : 0x1012, 0 ,1 ,0 ,1 ,0 ,0, 16.0.0.3
04-14 22:08:00.583  2765  3621 I bauth_FPBAuthService: thread id : 1, preenroll_flag : 0, nd cnt : 0, cso : 0, et : 0
04-14 22:08:00.584  2765  3621 I bauth_FPBAuthService: FPBAuthService::timerHandler complete
04-14 22:08:01.359  2245  2259 E HeatmapThread: ECT Thread time in milliseconds: 1776197281
04-14 22:08:01.363  2245  2259 D HeatmapThread: !@ batteryplugType : 2
04-14 22:08:01.363  2245  2259 D HeatmapThread: !@ batteryLevel : 79  batteryTemperature : 288 
04-14 22:08:01.363  2245  2259 D HeatmapThread: !@ Heatmap currtime: 29603288
04-14 22:08:01.363  2245  2259 D HeatmapThread: !@ Heatmap prevtime: 29603274
04-14 22:08:01.363  2245  2259 D HeatmapThread: !@ Heatmap plugstarttime: 29603071
04-14 22:08:01.363  2245  2259 D HeatmapThread: !@ Heatmap prevv_dsoh_update_time: 29603281
04-14 22:08:01.363  2245  2259 E HeatmapThread: !@ CAM New BSOH: 100
04-14 22:08:01.363  2245  2259 E HeatmapThread: !@ CAM is Working
04-14 22:08:01.585  2765  3621 I bauth_FPBAuthService: pcf : 0x1012, 0 ,1 ,0 ,1 ,0 ,0, 16.0.0.3
04-14 22:08:01.585  2765  3621 I bauth_FPBAuthService: thread id : 1, preenroll_flag : 0, nd cnt : 0, cso : 0, et : 0
04-14 22:08:01.585  2765  3621 I bauth_FPBAuthService: FPBAuthService::timerHandler complete
04-14 22:08:01.585  3011  4615 I BatteryService_BatteryPropertiesRegistrar: [getProperty]id:2
04-14 22:08:01.585  3011  4615 I BatteryService_BatteryPropertiesRegistrar: [getProperty]prop.long:-9223372036854775808 ,prop.string:null
04-14 22:08:01.587  3011  4615 I BatteryService_BatteryPropertiesRegistrar: [getProperty]id:4
04-14 22:08:01.587  3011  4615 I BatteryService_BatteryPropertiesRegistrar: [getProperty]prop.long:-9223372036854775808 ,prop.string:null
04-14 22:08:02.206  1204  1204 D io_stats: !@ Write_top(KB): kworker/u16:3(19551) 244
04-14 22:08:02.211 19643 19678 I Finsky  : [82] Initializing the instant apps module.
04-14 22:08:02.276 19643 19679 W Finsky  : [83] PreloadClasses: Unable to load [kotlinx.coroutines.internal.ThreadContextKt$countAll$1, kotlinx.coroutines.internal.ThreadContextKt$findOne$1, kotlinx.coroutines.internal.ThreadContextKt$updateState$1, androidx.compose.runtime.snapshots.SnapshotKt$emptyLambda$1, androidx.compose.runtime.Recomposer$broadcastFrameClock$1, androidx.compose.runtime.Recomposer$recompositionRunner$2$unregisterApplyObserver$1, androidx.compose.ui.platform.AndroidComposeView$keyInputModifier$1, androidx.compose.runtime.SlotTable, androidx.compose.runtime.ComposerImpl, androidx.compose.runtime.SlotReader, androidx.compose.runtime.SlotWriter, androidx.compose.runtime.SlotTableKt, androidx.compose.runtime.ComposableSingletons$CompositionKt$lambda-1$1, androidx.compose.runtime.ComposableSingletons$CompositionKt$lambda-2$1, androidx.compose.ui.platform.ComposableSingletons$Wrapper_androidKt$lambda-1$1, androidx.compose.ui.platform.AndroidComposeView$ViewTreeOwners, androidx.compose.ui.platform.WrappedComposition$setContent$1$1, androidx.compose.runtime.Recomposer$readObserverOf$1, androidx.compose.runtime.Recomposer$writeObserverOf$1, androidx.compose.runtime.KeyInfo, androidx.compose.runtime.GroupInfo, androidx.compose.ui.platform.AndroidCompositionLocals_androidKt$LocalSavedStateRegistryOwner$1, androidx.compose.ui.platform.AndroidCompositionLocals_androidKt$ProvideAndroidCompositionLocals$1$1, androidx.compose.runtime.saveable.SaveableStateRegistryKt$LocalSaveableStateRegistry$1, androidx.compose.material3.TypographyKt$LocalTypography$1, androidx.compose.material.ColorsKt$LocalColors$1, androidx.compose.material.ShapesKt$LocalShapes$1, androidx.compose.material.ContentAlphaKt$LocalContentAlpha$1, androidx.compose.foundation.IndicationKt$LocalIndication$1, androidx.compose.material.ripple.RippleThemeKt$LocalRippleTheme$1, androidx.compose.foundation.text.selection.TextSelectionColorsKt$LocalTextSelectionColors$1, androidx.compose.material.MaterialThemeKt$MaterialTheme$1, androidx.compose.material.TextKt$LocalTextStyle$1, androidx.compose.animation.core.InfiniteTransition$run$2, androidx.compose.animation.core.VectorConvertersKt$FloatToVector$1, androidx.compose.animation.core.VectorConvertersKt$FloatToVector$2, androidx.compose.animation.core.VectorConvertersKt$IntToVector$2, androidx.compose.animation.core.VectorConvertersKt$DpToVector$1, androidx.compose.animation.core.VectorConvertersKt$DpToVector$2, androidx.compose.material.ProgressIndicatorKt$CircularProgressIndicator$endAngle$2, androidx.compose.material.ProgressIndicatorKt$CircularProgressIndicator$startAngle$2, androidx.compose.foundation.ProgressSemanticsKt$progressSemantics$2, androidx.compose.material.MaterialThemeKt$MaterialTheme$2, androidx.compose.ui.platform.AndroidCompositionLocals_androidKt$ProvideAndroidCompositionLocals$4, androidx.compose.runtime.RememberManager, androidx.compose.foundation.IndicationKt$indication$2, androidx.compose.foundation.text.selection.SelectionRegistrarKt$LocalSelectionRegistrar$1, androidx.compose.runtime.saveable.SaverKt$AutoSaver$1, androidx.compose.runtime.saveable.SaverKt$AutoSaver$2, androidx.compose.runtime.snapshots.SnapshotStateList$StateListStateRecord, androidx.compose.material.ButtonKt$Button$2, androidx.compose.material.ElevationOverlayKt$LocalElevationOverlay$1, androidx.compose.material.ElevationOverlayKt$LocalAbsoluteElevation$1, androidx.compose.material.SurfaceKt$Surface$1, androidx.compose.material.TextKt$Text$4, androidx.compose.material.TextKt$ProvideTextStyle$1, androidx.compose.material.SurfaceKt$Surface$2, androidx.compose.material.ButtonKt$Button$3, androidx.compose.foundation.gestures.ScrollableStateKt$rememberScrollableState$1$1, androidx.compose.material.TextKt$Text$3, androidx.compose.material3.TextKt$Text$3, androidx.compose.foundation.layout.BoxWithConstraintsKt$BoxWithConstraints$1$1, androidx.compose.runtime.ComposerImpl$CompositionContextHolder, androidx.compose.runtime.ComposerImpl$CompositionContextImpl, androidx.compose.runtime.Updater$init$1, androidx.compose.runtime.interna
04-14 22:08:02.345 19643 19643 I Finsky  : [2] setup::RES: shouldRecoverRestoredPackages: versionCodeSystem 84571730
04-14 22:08:02.347 19643 19643 I Finsky  : [2] Detected restoreservicev2://recovery not needed, will not run
04-14 22:08:02.352 19643 19823 I Finsky  : [124] registerListener
04-14 22:08:02.352 19643 19823 I Finsky  : [124] DSC: reviveDownloads()
04-14 22:08:02.355 19643 19823 I Finsky  : [124] Initialized AssetModuleDownloader.
04-14 22:08:02.359  2245  2259 E HeatmapThread: ECT Thread time in milliseconds: 1776197282
04-14 22:08:02.360 13955 14000 I Finsky:background: [88] DS: reviveDownloads()
04-14 22:08:02.363  2245  2259 D HeatmapThread: !@ batteryplugType : 2
04-14 22:08:02.363  2245  2259 D HeatmapThread: !@ batteryLevel : 79  batteryTemperature : 288 
04-14 22:08:02.363  2245  2259 D HeatmapThread: !@ Heatmap currtime: 29603288
04-14 22:08:02.363  2245  2259 D HeatmapThread: !@ Heatmap prevtime: 29603274
04-14 22:08:02.364  2245  2259 D HeatmapThread: !@ Heatmap plugstarttime: 29603071
04-14 22:08:02.364  2245  2259 D HeatmapThread: !@ Heatmap prevv_dsoh_update_time: 29603281
04-14 22:08:02.364  2245  2259 E HeatmapThread: !@ CAM New BSOH: 100
04-14 22:08:02.364  2245  2259 E HeatmapThread: !@ CAM is Working
04-14 22:08:02.397 13955 19829 D ConnectivityManager: StackLog: [android.net.ConnectivityManager.sendRequestForNetwork(ConnectivityManager.java:4740)] [android.net.ConnectivityManager.registerDefaultNetworkCallbackForUid(ConnectivityManager.java:5465)] [android.net.ConnectivityManager.registerDefaultNetworkCallback(ConnectivityManager.java:5432)] [android.net.ConnectivityManager.registerDefaultNetworkCallback(ConnectivityManager.java:5406)] [unx.a(PG:19)] [qbi.i(PG:2674)] [qbi.a(PG:58)] [bymb.d(PG:10)] [bymb.a(PG:7)] [byma.a(PG:5)] [bymb.d(PG:10)] [bymb.a(PG:7)] [tzy.a(PG:726)] [blvb.d(PG:3)] [blvd.run(PG:47)] [java.util.concurrent.ThreadPoolExecutor.runWorker(ThreadPoolExecutor.java:1154)] [java.util.concurrent.ThreadPoolExecutor$Worker.run(ThreadPoolExecutor.java:652)] [uex.run(PG:55)] [java.lang.Thread.run(Thread.java:1564)]
04-14 22:08:02.398  3011  4615 D ConnectivityService: requestNetwork for uid/pid:15010262/13955 activeRequest: null callbackRequest: 42727 [NetworkRequest [ REQUEST id=42728, [ Capabilities: INTERNET&NOT_RESTRICTED&TRUSTED&NOT_VCN_MANAGED&NOT_BANDWIDTH_CONSTRAINED Uid: 15010262 RequestorUid: 15010262 RequestorPkg: com.android.vending UnderlyingNetworks: Null] ]] callback flags: 0 order: 2147483647 isUidTracked: false declaredMethods: AVAIL|LOST
04-14 22:08:02.400  3011  4289 D ConnectivityService:    accepting network in place of null for NetworkRequest [ REQUEST id=42728, [ Capabilities: INTERNET&NOT_RESTRICTED&TRUSTED&NOT_VCN_MANAGED&NOT_BANDWIDTH_CONSTRAINED Uid: 15010262 RequestorUid: 15010262 RequestorPkg: com.android.vending UnderlyingNetworks: Null] ]
04-14 22:08:02.404 13955 14004 I Finsky:background: [92] DS: Network is available [NetworkState{connected=true, wifi=true, metered=false, roaming=false}].
04-14 22:08:02.404 13955 14004 I Finsky:background: [92] DS: Updating downloads for network change
04-14 22:08:02.406  3011  4267 D OemPaidWifiNetworkFactory: got request NetworkRequest [ REQUEST id=42728, [ Capabilities: INTERNET&NOT_RESTRICTED&TRUSTED&NOT_VCN_MANAGED&NOT_BANDWIDTH_CONSTRAINED Uid: 15010262 RequestorUid: 15010262 RequestorPkg: com.android.vending UnderlyingNetworks: Null] ]
04-14 22:08:02.406 13955 19829 I Finsky:background: [125] DS: downloadState filtering results: {1069=false, 1087=false, 1100=false, 1149=false, 1178=false, 1227=false, 1228=false, 1254=false, 1290=false}
04-14 22:08:02.407  3011  4267 D MultiInternetWifiNetworkFactory: got request NetworkRequest [ REQUEST id=42728, [ Capabilities: INTERNET&NOT_RESTRICTED&TRUSTED&NOT_VCN_MANAGED&NOT_BANDWIDTH_CONSTRAINED Uid: 15010262 RequestorUid: 15010262 RequestorPkg: com.android.vending UnderlyingNetworks: Null] ]
04-14 22:08:02.407  3011  4267 D WifiNetworkFactory: got request NetworkRequest [ REQUEST id=42728, [ Capabilities: INTERNET&NOT_RESTRICTED&TRUSTED&NOT_VCN_MANAGED&NOT_BANDWIDTH_CONSTRAINED Uid: 15010262 RequestorUid: 15010262 RequestorPkg: com.android.vending UnderlyingNetworks: Null] ]
04-14 22:08:02.408  3011  4267 D UntrustedWifiNetworkFactory: got request NetworkRequest [ REQUEST id=42728, [ Capabilities: INTERNET&NOT_RESTRICTED&TRUSTED&NOT_VCN_MANAGED&NOT_BANDWIDTH_CONSTRAINED Uid: 15010262 RequestorUid: 15010262 RequestorPkg: com.android.vending UnderlyingNetworks: Null] ]
04-14 22:08:02.408  3011  4289 D ConnectivityService: Rematched networks [computed 1ms] [applied 2ms] [issued 6]
04-14 22:08:02.408  3011  4289 D ConnectivityService: NetworkReassignment :
04-14 22:08:02.408  3011  4289 D ConnectivityService:   42728 : null  226
04-14 22:08:02.418 19643 19823 I Finsky  : [124] Skipped download state update for download 2 on initialize. java.util.concurrent.ExecutionException: com.google.android.finsky.assetmoduleserviceutils.AssetModuleException: Session not found.
04-14 22:08:02.418 19643 19823 I Finsky  : [124] Skipped download state update for download 4 on initialize. java.util.concurrent.ExecutionException: com.google.android.finsky.assetmoduleserviceutils.AssetModuleException: Session not found.
04-14 22:08:02.418 19643 19823 I Finsky  : [124] Skipped download state update for download 6 on initialize. java.util.concurrent.ExecutionException: com.google.android.finsky.assetmoduleserviceutils.AssetModuleException: Session not found.
04-14 22:08:02.418 19643 19823 I Finsky  : [124] Skipped download state update for download 11 on initialize. java.util.concurrent.ExecutionException: com.google.android.finsky.assetmoduleserviceutils.AssetModuleException: Session not found.
04-14 22:08:02.418 19643 19823 I Finsky  : [124] Skipped download state update for download 13 on initialize. java.util.concurrent.ExecutionException: com.google.android.finsky.assetmoduleserviceutils.AssetModuleException: Session not found.
04-14 22:08:02.418 19643 19823 I Finsky  : [124] Skipped download state update for download 16 on initialize. java.util.concurrent.ExecutionException: com.google.android.finsky.assetmoduleserviceutils.AssetModuleException: Session not found.
04-14 22:08:02.418 19643 19823 I Finsky  : [124] Skipped download state update for download 18 on initialize. java.util.concurrent.ExecutionException: com.google.android.finsky.assetmoduleserviceutils.AssetModuleException: Session not found.
04-14 22:08:02.418 19643 19823 I Finsky  : [124] Skipped download state update for download 22 on initialize. java.util.concurrent.ExecutionException: com.google.android.finsky.assetmoduleserviceutils.AssetModuleException: Session not found.
04-14 22:08:02.585  2765  3621 I bauth_FPBAuthService: pcf : 0x1012, 0 ,1 ,0 ,1 ,0 ,0, 16.0.0.3
04-14 22:08:02.586  2765  3621 I bauth_FPBAuthService: thread id : 1, preenroll_flag : 0, nd cnt : 0, cso : 0, et : 0
04-14 22:08:02.586  2765  3621 I bauth_FPBAuthService: FPBAuthService::timerHandler complete
04-14 22:08:02.628  2123  2180 E BatteryDump: !@new_battery_dump : 4136,-2,1125,3331,79,288,280,280,288,0,296,280,0,Not-charging,NO_CHARGING,Normal,Good,PDIC,0,Normal,0,0,9300,0x8000,0x11010000,0x0,0,0,0000,0000,00000000,0,0,0,0,492,4137,7978,1000,0,
04-14 22:08:02.633  2188  2188 I seh_thermal_service: getTemperaturesWithType SehTemperatureType: 3
04-14 22:08:02.634  2123  2123 I sehhealth-service: updateLrpSysfs: write: 296
04-14 22:08:02.661  3011  3228 D KNOX_MDM_SettingsProvider: isChangeAllowed() : name = enabled_notification_listeners
04-14 22:08:02.661  3011  3228 D KNOX_MDM_SettingsProvider: isChangeAllowed() : name = enabled_notification_listeners
04-14 22:08:02.662  3011  3228 D KNOX_MDM_SettingsProvider: isChangeAllowed() : name = enabled_notification_listeners
04-14 22:08:03.112  2117 26931 I StatsHandler: [hvcD_673] Stats: Pending(0) i/p-done(0) Works: Q: 523/Done 518|Work-Rate: Q(0.0/s Avg=0.0/s) Done(0.000/s Avg=0.026/s)| Stream: 30.00fps 979.3Kbps
04-14 22:08:03.112  2117 26931 I StatsHandler: [hvcD_673] Mem-usage:  [In-1D: 11 bufs 88.000 MB] [1D-7035: 32 bufs 0.500 MB] [2D-7036: 21 bufs 47.004 MB] | Total: 135.504 MB
04-14 22:08:03.112  2117 26931 I StatsHandler: [avcD_678] Stats: Pending(0) i/p-done(0) Works: Q: 67/Done 55|Work-Rate: Q(0.0/s Avg=0.0/s) Done(0.000/s Avg=0.003/s)| Stream: 24.00fps 69.5Kbps
04-14 22:08:03.112  2117 26931 I StatsHandler: [avcD_678] Mem-usage:  [In-1D: 11 bufs 88.000 MB] [1D-7045: 28 bufs 0.438 MB] [2D-7046: 17 bufs 5.844 MB] | Total: 94.281 MB
04-14 22:08:03.236  3011  3422 D MARsPolicyManager: triggerAction called!
04-14 22:08:03.236  3011  3422 I NSLocationMonitor: getGPSUsingApps() called
04-14 22:08:03.237  5599 15799 I NSLocationManager_FLP: getGPSUsingApps, No change
04-14 22:08:03.359  2245  2259 E HeatmapThread: ECT Thread time in milliseconds: 1776197283
04-14 22:08:03.363  2245  2259 D HeatmapThread: !@ batteryplugType : 2
04-14 22:08:03.363  2245  2259 D HeatmapThread: !@ batteryLevel : 79  batteryTemperature : 288 
04-14 22:08:03.363  2245  2259 D HeatmapThread: !@ Heatmap currtime: 29603288
04-14 22:08:03.363  2245  2259 D HeatmapThread: !@ Heatmap prevtime: 29603274
04-14 22:08:03.363  2245  2259 D HeatmapThread: !@ Heatmap plugstarttime: 29603071
04-14 22:08:03.364  2245  2259 D HeatmapThread: !@ Heatmap prevv_dsoh_update_time: 29603281
04-14 22:08:03.364  2245  2259 E HeatmapThread: !@ CAM New BSOH: 100
04-14 22:08:03.364  2245  2259 E HeatmapThread: !@ CAM is Working
04-14 22:08:03.587  2765  3621 I bauth_FPBAuthService: pcf : 0x1012, 0 ,1 ,0 ,1 ,0 ,0, 16.0.0.3
04-14 22:08:03.588  2765  3621 I bauth_FPBAuthService: thread id : 1, preenroll_flag : 0, nd cnt : 0, cso : 0, et : 0
04-14 22:08:03.588  2765  3621 I bauth_FPBAuthService: FPBAuthService::timerHandler complete
04-14 22:08:03.588  3011  4615 I BatteryService_BatteryPropertiesRegistrar: [getProperty]id:2
04-14 22:08:03.588  3011  4615 I BatteryService_BatteryPropertiesRegistrar: [getProperty]prop.long:-9223372036854775808 ,prop.string:null
04-14 22:08:03.591  3011  4615 I BatteryService_BatteryPropertiesRegistrar: [getProperty]id:4
04-14 22:08:03.591  3011  4615 I BatteryService_BatteryPropertiesRegistrar: [getProperty]prop.long:-9223372036854775808 ,prop.string:null
04-14 22:08:04.207  1204  1204 D io_stats: !@   8,0 r 96220297 1876791052 w 22979824 524040196 d 2874487 713413712 f 692239 1920831 iot 16575040 0 th 0 0 0 pt 0 inp 0 0 350598.652
04-14 22:08:04.242  2085 21685 I sensors-hal: handle_sns_std_sensor_event:90, light_cct: ts = 790778208363109 ns; value = [3, 3, 0, 0, 3, 0, 0, 0, 736, 0]
04-14 22:08:04.328  3011  3232 E Watchdog: !@Sync: 11677 heap(MB): 190 / 235 FD: 1626 [2026-04-14 22:08:04.327]
04-14 22:08:04.359  2245  2259 E HeatmapThread: ECT Thread time in milliseconds: 1776197284
04-14 22:08:04.363  2245  2259 D HeatmapThread: !@ batteryplugType : 2
04-14 22:08:04.363  2245  2259 D HeatmapThread: !@ batteryLevel : 79  batteryTemperature : 288 
04-14 22:08:04.364  2245  2259 D HeatmapThread: !@ Heatmap currtime: 29603288
04-14 22:08:04.364  2245  2259 D HeatmapThread: !@ Heatmap prevtime: 29603274
04-14 22:08:04.364  2245  2259 D HeatmapThread: !@ Heatmap plugstarttime: 29603071
04-14 22:08:04.364  2245  2259 D HeatmapThread: !@ Heatmap prevv_dsoh_update_time: 29603281
04-14 22:08:04.364  2245  2259 E HeatmapThread: !@ CAM New BSOH: 100
04-14 22:08:04.364  2245  2259 E HeatmapThread: !@ CAM is Working
04-14 22:08:04.589  2765  3621 I bauth_FPBAuthService: pcf : 0x1012, 0 ,1 ,0 ,1 ,0 ,0, 16.0.0.3
04-14 22:08:04.590  2765  3621 I bauth_FPBAuthService: thread id : 1, preenroll_flag : 0, nd cnt : 0, cso : 0, et : 0
04-14 22:08:04.590  2765  3621 I bauth_FPBAuthService: FPBAuthService::timerHandler complete
04-14 22:08:05.247  3011  3997 I ActivityManager: Changes in 10467 19 to 19, 128 to 0
04-14 22:08:05.359  2245  2259 E HeatmapThread: ECT Thread time in milliseconds: 1776197285
04-14 22:08:05.363  2245  2259 D HeatmapThread: !@ batteryplugType : 2
04-14 22:08:05.363  2245  2259 D HeatmapThread: !@ batteryLevel : 79  batteryTemperature : 288 
04-14 22:08:05.363  2245  2259 D HeatmapThread: !@ Heatmap currtime: 29603288
04-14 22:08:05.363  2245  2259 D HeatmapThread: !@ Heatmap prevtime: 29603274
04-14 22:08:05.363  2245  2259 D HeatmapThread: !@ Heatmap plugstarttime: 29603071
04-14 22:08:05.364  2245  2259 D HeatmapThread: !@ Heatmap prevv_dsoh_update_time: 29603281
04-14 22:08:05.364  2245  2259 E HeatmapThread: !@ CAM New BSOH: 100
04-14 22:08:05.364  2245  2259 E HeatmapThread: !@ CAM is Working
04-14 22:08:05.590  2765  3621 I bauth_FPBAuthService: pcf : 0x1012, 0 ,1 ,0 ,1 ,0 ,0, 16.0.0.3
04-14 22:08:05.590  2765  3621 I bauth_FPBAuthService: thread id : 1, preenroll_flag : 0, nd cnt : 0, cso : 0, et : 0
04-14 22:08:05.590  2765  3621 I bauth_FPBAuthService: FPBAuthService::timerHandler complete
04-14 22:08:05.592  3011  4851 I BatteryService_BatteryPropertiesRegistrar: [getProperty]id:2
04-14 22:08:05.592  3011  4851 I BatteryService_BatteryPropertiesRegistrar: [getProperty]prop.long:-9223372036854775808 ,prop.string:null
04-14 22:08:05.593  3011  4851 I BatteryService_BatteryPropertiesRegistrar: [getProperty]id:4
04-14 22:08:05.594  3011  4851 I BatteryService_BatteryPropertiesRegistrar: [getProperty]prop.long:-9223372036854775808 ,prop.string:null
04-14 22:08:06.209  1204  1204 D io_stats: !@ Read_top(KB): android.vending(19643) 7432 ding:background(13955) 884 .gms.persistent(22665) 52
04-14 22:08:06.209  1204  1204 D io_stats: !@ Write_top(KB): ding:background(13955) 64 vendor.samsung.(2123) 8 android.vending(19643) 4
04-14 22:08:06.359  2245  2259 E HeatmapThread: ECT Thread time in milliseconds: 1776197286
04-14 22:08:06.363  2245  2259 D HeatmapThread: !@ batteryplugType : 2
04-14 22:08:06.363  2245  2259 D HeatmapThread: !@ batteryLevel : 79  batteryTemperature : 288 
04-14 22:08:06.363  2245  2259 D HeatmapThread: !@ Heatmap currtime: 29603288
04-14 22:08:06.363  2245  2259 D HeatmapThread: !@ Heatmap prevtime: 29603274
04-14 22:08:06.363  2245  2259 D HeatmapThread: !@ Heatmap plugstarttime: 29603071
04-14 22:08:06.363  2245  2259 D HeatmapThread: !@ Heatmap prevv_dsoh_update_time: 29603281
04-14 22:08:06.364  2245  2259 E HeatmapThread: !@ CAM New BSOH: 100
04-14 22:08:06.364  2245  2259 E HeatmapThread: !@ CAM is Working
04-14 22:08:06.592  2765  3621 I bauth_FPBAuthService: pcf : 0x1012, 0 ,1 ,0 ,1 ,0 ,0, 16.0.0.3
04-14 22:08:06.592  2765  3621 I bauth_FPBAuthService: thread id : 1, preenroll_flag : 0, nd cnt : 0, cso : 0, et : 0
04-14 22:08:06.592  2765  3621 I bauth_FPBAuthService: FPBAuthService::timerHandler complete
04-14 22:08:06.950 22665 22665 D BoundBrokerSvc: onUnbind: Intent { act=com.google.android.gms.libs.gmscorelogger.service.START dat=chimera-action:/... xflg=0x4 cmp=com.google.android.gms/.chimera.PersistentDirectBootAwareApiService }
04-14 22:08:07.358  8026  8026 D BoundBrokerSvc: onUnbind: Intent { act=com.google.android.gms.potokens.service.START dat=chimera-action:/... xflg=0x4 cmp=com.google.android.gms/.chimera.GmsApiService }
04-14 22:08:07.359  2245  2259 E HeatmapThread: ECT Thread time in milliseconds: 1776197287
04-14 22:08:07.364  2245  2259 D HeatmapThread: !@ batteryplugType : 2
04-14 22:08:07.365  2245  2259 D HeatmapThread: !@ batteryLevel : 79  batteryTemperature : 288 
04-14 22:08:07.365  2245  2259 D HeatmapThread: !@ Heatmap currtime: 29603288
04-14 22:08:07.365  2245  2259 D HeatmapThread: !@ Heatmap prevtime: 29603274
04-14 22:08:07.365  2245  2259 D HeatmapThread: !@ Heatmap plugstarttime: 29603071
04-14 22:08:07.365  2245  2259 D HeatmapThread: !@ Heatmap prevv_dsoh_update_time: 29603281
04-14 22:08:07.365  2245  2259 E HeatmapThread: !@ CAM New BSOH: 100
04-14 22:08:07.366  2245  2259 E HeatmapThread: !@ CAM is Working
04-14 22:08:07.592  2765  3621 I bauth_FPBAuthService: pcf : 0x1012, 0 ,1 ,0 ,1 ,0 ,0, 16.0.0.3
04-14 22:08:07.592  2765  3621 I bauth_FPBAuthService: thread id : 1, preenroll_flag : 0, nd cnt : 0, cso : 0, et : 0
04-14 22:08:07.593  2765  3621 I bauth_FPBAuthService: FPBAuthService::timerHandler complete
04-14 22:08:07.594  3011  4851 I BatteryService_BatteryPropertiesRegistrar: [getProperty]id:2
04-14 22:08:07.594  3011  4851 I BatteryService_BatteryPropertiesRegistrar: [getProperty]prop.long:-9223372036854775808 ,prop.string:null
04-14 22:08:07.597  3011  4851 I BatteryService_BatteryPropertiesRegistrar: [getProperty]id:4
04-14 22:08:07.597  3011  4851 I BatteryService_BatteryPropertiesRegistrar: [getProperty]prop.long:-9223372036854775808 ,prop.string:null
04-14 22:08:08.113  2117 26931 I StatsHandler: [hvcD_673] Stats: Pending(0) i/p-done(0) Works: Q: 523/Done 518|Work-Rate: Q(0.0/s Avg=0.0/s) Done(0.000/s Avg=0.026/s)| Stream: 30.00fps 979.3Kbps
04-14 22:08:08.113  2117 26931 I StatsHandler: [hvcD_673] Mem-usage:  [In-1D: 11 bufs 88.000 MB] [1D-7035: 32 bufs 0.500 MB] [2D-7036: 21 bufs 47.004 MB] | Total: 135.504 MB
04-14 22:08:08.113  2117 26931 I StatsHandler: [avcD_678] Stats: Pending(0) i/p-done(0) Works: Q: 67/Done 55|Work-Rate: Q(0.0/s Avg=0.0/s) Done(0.000/s Avg=0.003/s)| Stream: 24.00fps 69.5Kbps
04-14 22:08:08.113  2117 26931 I StatsHandler: [avcD_678] Mem-usage:  [In-1D: 11 bufs 88.000 MB] [1D-7045: 28 bufs 0.438 MB] [2D-7046: 17 bufs 5.844 MB] | Total: 94.281 MB
04-14 22:08:08.263  3011  3422 D MARsPolicyManager: triggerAction called!
04-14 22:08:08.263  3011  3422 I NSLocationMonitor: getGPSUsingApps() called
04-14 22:08:08.264  5599 15799 I NSLocationManager_FLP: getGPSUsingApps, No change
04-14 22:08:08.359  2245  2259 E HeatmapThread: ECT Thread time in milliseconds: 1776197288
04-14 22:08:08.363  2245  2259 D HeatmapThread: !@ batteryplugType : 2
04-14 22:08:08.364  2245  2259 D HeatmapThread: !@ batteryLevel : 79  batteryTemperature : 288 
04-14 22:08:08.364  2245  2259 D HeatmapThread: !@ Heatmap currtime: 29603288
04-14 22:08:08.364  2245  2259 D HeatmapThread: !@ Heatmap prevtime: 29603274
04-14 22:08:08.365  2245  2259 D HeatmapThread: !@ Heatmap plugstarttime: 29603071
04-14 22:08:08.365  2245  2259 D HeatmapThread: !@ Heatmap prevv_dsoh_update_time: 29603281
04-14 22:08:08.365  2245  2259 E HeatmapThread: !@ CAM New BSOH: 100
04-14 22:08:08.366  2245  2259 E HeatmapThread: !@ CAM is Working
04-14 22:08:08.594  2765  3621 I bauth_FPBAuthService: pcf : 0x1012, 0 ,1 ,0 ,1 ,0 ,0, 16.0.0.3
04-14 22:08:08.594  2765  3621 I bauth_FPBAuthService: thread id : 1, preenroll_flag : 0, nd cnt : 0, cso : 0, et : 0
04-14 22:08:08.594  2765  3621 I bauth_FPBAuthService: FPBAuthService::timerHandler complete
04-14 22:08:08.721  8355  8355 I wpa_supplicant: Heartbeat 48577
04-14 22:08:08.735 25814 25814 D BoundBrokerSvc: onUnbind: Intent { act=com.google.android.gms.auth.aang.events.services.START dat=chimera-action:/... xflg=0x4 cmp=com.google.android.gms/.chimera.PersistentApiService }
04-14 22:08:09.088  7470  8025 I SDHMS:x : SIOP:: AP:294 BAT:288 USB:280 CHG:278 PA:299 WIFI:295 CF:293 BLK:0 SUBBAT:0 LRPTHM:290 SKIN:296 SKINF:291 SKINB:296 LRP2:296 LRF2:291 LRB2:296 AP2:296 CHG2:295 WIFI2:296 RCV2:288 SPK2:287 FCAM:280 UPSPK:293 DNSPK:280 VAP02:294 VWIFI:297 AMB2:255 AVGCUR:-2 POWER:-8
04-14 22:08:09.359  2245  2259 E HeatmapThread: ECT Thread time in milliseconds: 1776197289
04-14 22:08:09.364  2245  2259 D HeatmapThread: !@ batteryplugType : 2
04-14 22:08:09.364  2245  2259 D HeatmapThread: !@ batteryLevel : 79  batteryTemperature : 288 
04-14 22:08:09.364  2245  2259 D HeatmapThread: !@ Heatmap currtime: 29603288
04-14 22:08:09.364  2245  2259 D HeatmapThread: !@ Heatmap prevtime: 29603274
04-14 22:08:09.364  2245  2259 D HeatmapThread: !@ Heatmap plugstarttime: 29603071
04-14 22:08:09.364  2245  2259 D HeatmapThread: !@ Heatmap prevv_dsoh_update_time: 29603281
04-14 22:08:09.365  2245  2259 E HeatmapThread: !@ CAM New BSOH: 100
04-14 22:08:09.365  2245  2259 E HeatmapThread: !@ CAM is Working
04-14 22:08:09.594  2765  3621 I bauth_FPBAuthService: pcf : 0x1012, 0 ,1 ,0 ,1 ,0 ,0, 16.0.0.3
04-14 22:08:09.595  2765  3621 I bauth_FPBAuthService: thread id : 1, preenroll_flag : 0, nd cnt : 0, cso : 0, et : 0
04-14 22:08:09.595  2765  3621 I bauth_FPBAuthService: FPBAuthService::timerHandler complete
04-14 22:08:09.598  3011  4918 I BatteryService_BatteryPropertiesRegistrar: [getProperty]id:2
04-14 22:08:09.598  3011  4918 I BatteryService_BatteryPropertiesRegistrar: [getProperty]prop.long:-9223372036854775808 ,prop.string:null
04-14 22:08:09.600  3011  4918 I BatteryService_BatteryPropertiesRegistrar: [getProperty]id:4
04-14 22:08:09.600  3011  4918 I BatteryService_BatteryPropertiesRegistrar: [getProperty]prop.long:-9223372036854775808 ,prop.string:null
04-14 22:08:09.706 25814 25814 D BoundBrokerSvc: onUnbind: Intent { act=com.google.android.gms.libs.gmscorelogger.service.START dat=chimera-action:/... xflg=0x4 cmp=com.google.android.gms/.chimera.PersistentDirectBootAwareApiService }
04-14 22:08:09.972  2085 21685 I sensors-hal: handle_sns_std_sensor_event:90, light_cct: ts = 790783940085036 ns; value = [3, 3, 0, 0, 0, 0, 0, 0, 736, 0]
04-14 22:08:10.256  2250  2250 I SurfaceFlinger: SFWD update time=350604701686615
04-14 22:08:10.359  2245  2259 E HeatmapThread: ECT Thread time in milliseconds: 1776197290
04-14 22:08:10.363  2245  2259 D HeatmapThread: !@ batteryplugType : 2
04-14 22:08:10.364  2245  2259 D HeatmapThread: !@ batteryLevel : 79  batteryTemperature : 288 
04-14 22:08:10.364  2245  2259 D HeatmapThread: !@ Heatmap currtime: 29603288
04-14 22:08:10.364  2245  2259 D HeatmapThread: !@ Heatmap prevtime: 29603274
04-14 22:08:10.364  2245  2259 D HeatmapThread: !@ Heatmap plugstarttime: 29603071
04-14 22:08:10.365  2245  2259 D HeatmapThread: !@ Heatmap prevv_dsoh_update_time: 29603281
04-14 22:08:10.366  2245  2259 E HeatmapThread: !@ CAM New BSOH: 100
04-14 22:08:10.366  2245  2259 E HeatmapThread: !@ CAM is Working
04-14 22:08:10.596  2765  3621 I bauth_FPBAuthService: pcf : 0x1012, 0 ,1 ,0 ,1 ,0 ,0, 16.0.0.3
04-14 22:08:10.596  2765  3621 I bauth_FPBAuthService: thread id : 1, preenroll_flag : 0, nd cnt : 0, cso : 0, et : 0
04-14 22:08:10.596  2765  3621 I bauth_FPBAuthService: FPBAuthService::timerHandler complete
04-14 22:08:11.359  2245  2259 E HeatmapThread: ECT Thread time in milliseconds: 1776197291
04-14 22:08:11.364  2245  2259 D HeatmapThread: !@ batteryplugType : 2
04-14 22:08:11.365  2245  2259 D HeatmapThread: !@ batteryLevel : 79  batteryTemperature : 288 
04-14 22:08:11.365  2245  2259 D HeatmapThread: !@ Heatmap currtime: 29603288
04-14 22:08:11.365  2245  2259 D HeatmapThread: !@ Heatmap prevtime: 29603274
04-14 22:08:11.365  2245  2259 D HeatmapThread: !@ Heatmap plugstarttime: 29603071
04-14 22:08:11.365  2245  2259 D HeatmapThread: !@ Heatmap prevv_dsoh_update_time: 29603281
04-14 22:08:11.365  2245  2259 E HeatmapThread: !@ CAM New BSOH: 100
04-14 22:08:11.365  2245  2259 E HeatmapThread: !@ CAM is Working
04-14 22:08:11.377  6448  7023 D ConnectivityManager: StackLog: [android.net.ConnectivityManager.sendRequestForNetwork(ConnectivityManager.java:4740)] [android.net.ConnectivityManager.registerDefaultNetworkCallbackForUid(ConnectivityManager.java:5465)] [android.net.ConnectivityManager.registerDefaultNetworkCallback(ConnectivityManager.java:5432)] [android.net.ConnectivityManager.registerDefaultNetworkCallback(ConnectivityManager.java:5406)] [androidx.work.impl.constraints.trackers.NetworkStateTracker24.startTracking(NetworkStateTracker.kt:27)] [androidx.work.impl.constraints.controllers.BaseConstraintController$track$1.invokeSuspend(ContraintControllers.kt:80)] [androidx.work.impl.constraints.controllers.BaseConstraintController$track$1.invoke(ContraintControllers.kt:13)] [kotlinx.coroutines.flow.ChannelFlowBuilder.collectTo(Builders.kt:3)] [kotlinx.coroutines.flow.CallbackFlowBuilder.collectTo(Builders.kt:59)] [kotlinx.coroutines.flow.internal.ChannelFlow$collectToFun$1.invokeSuspend(ChannelFlow.kt:33)] [kotlin.coroutines.jvm.internal.BaseContinuationImpl.resumeWith(ContinuationImpl.kt:9)] [kotlinx.coroutines.DispatchedTask.run(DispatchedTask.kt:122)] [androidx.work.impl.utils.SerialExecutorImpl$Task.run(SerialExecutorImpl.java:3)] [java.util.concurrent.ThreadPoolExecutor.runWorker(ThreadPoolExecutor.java:1154)] [java.util.concurrent.ThreadPoolExecutor$Worker.run(ThreadPoolExecutor.java:652)] [java.lang.Thread.run(Thread.java:1564)]
04-14 22:08:11.379  3011  4918 D ConnectivityService: requestNetwork for uid/pid:10365/6448 activeRequest: null callbackRequest: 42729 [NetworkRequest [ REQUEST id=42730, [ Capabilities: INTERNET&NOT_RESTRICTED&TRUSTED&NOT_VCN_MANAGED&NOT_BANDWIDTH_CONSTRAINED Uid: 10365 RequestorUid: 10365 RequestorPkg: org.mozilla.firefox_beta UnderlyingNetworks: Null] ]] callback flags: 0 order: 2147483647 isUidTracked: false declaredMethods: AVAIL|LOST|NC|BLK
04-14 22:08:11.382  3011  4289 D ConnectivityService:    accepting network in place of null for NetworkRequest [ REQUEST id=42730, [ Capabilities: INTERNET&NOT_RESTRICTED&TRUSTED&NOT_VCN_MANAGED&NOT_BANDWIDTH_CONSTRAINED Uid: 10365 RequestorUid: 10365 RequestorPkg: org.mozilla.firefox_beta UnderlyingNetworks: Null] ]
04-14 22:08:11.389  3011  4267 D OemPaidWifiNetworkFactory: got request NetworkRequest [ REQUEST id=42730, [ Capabilities: INTERNET&NOT_RESTRICTED&TRUSTED&NOT_VCN_MANAGED&NOT_BANDWIDTH_CONSTRAINED Uid: 10365 RequestorUid: 10365 RequestorPkg: org.mozilla.firefox_beta UnderlyingNetworks: Null] ]
04-14 22:08:11.389  3011  4267 D MultiInternetWifiNetworkFactory: got request NetworkRequest [ REQUEST id=42730, [ Capabilities: INTERNET&NOT_RESTRICTED&TRUSTED&NOT_VCN_MANAGED&NOT_BANDWIDTH_CONSTRAINED Uid: 10365 RequestorUid: 10365 RequestorPkg: org.mozilla.firefox_beta UnderlyingNetworks: Null] ]
04-14 22:08:11.389  3011  4267 D WifiNetworkFactory: got request NetworkRequest [ REQUEST id=42730, [ Capabilities: INTERNET&NOT_RESTRICTED&TRUSTED&NOT_VCN_MANAGED&NOT_BANDWIDTH_CONSTRAINED Uid: 10365 RequestorUid: 10365 RequestorPkg: org.mozilla.firefox_beta UnderlyingNetworks: Null] ]
04-14 22:08:11.390  3011  4289 D ConnectivityService: Rematched networks [computed 2ms] [applied 4ms] [issued 3]
04-14 22:08:11.390  3011  4289 D ConnectivityService: NetworkReassignment :
04-14 22:08:11.390  3011  4289 D ConnectivityService:   42730 : null  226
04-14 22:08:11.390  3011  4267 D UntrustedWifiNetworkFactory: got request NetworkRequest [ REQUEST id=42730, [ Capabilities: INTERNET&NOT_RESTRICTED&TRUSTED&NOT_VCN_MANAGED&NOT_BANDWIDTH_CONSTRAINED Uid: 10365 RequestorUid: 10365 RequestorPkg: org.mozilla.firefox_beta UnderlyingNetworks: Null] ]
04-14 22:08:11.411  3011  4918 D NetdEventListenerService: CSC Feature value: true
04-14 22:08:11.411  3011  4918 D NetdEventListenerService: CSC Feature value: true
04-14 22:08:11.411  3011  4918 D NetdEventListenerService: CSC Feature value: true
04-14 22:08:11.412  3011  4434 D NetdEventListenerService: DNS Requested by 226, 10365(org.mozilla.firefox_beta), 4(FAIL), isBlocked=true, 0ms
04-14 22:08:11.417  6448  7025 I WM-WorkerWrapper: Worker result RETRY for Work [ id=73d0ec10-f481-4f08-b136-5315ec2990c0, tags={ mozilla.components.service.pocket.update.SponsoredContentsRefreshWorker,mozilla.components.service.pocket.sponsored.content.refresh.work.tag } ]
04-14 22:08:11.438  3011  3997 D ActivityManager: sync unfroze 6684 com.samsung.cmh for 6
04-14 22:08:11.438  6684 18310 I CMHJobService: [#CMH#] Ending idle state 
04-14 22:08:11.439  6684 18310 I CMHJobService: [#CMH#] Controller Ready 
04-14 22:08:11.439  6684 18310 I ControllerEventHandler: [#CMH#] mIdle changed to : false
04-14 22:08:11.439  3011  3997 I ActivityManager: Changes in 15005004 19 to 8, 0 to 128
04-14 22:08:11.445  3011  3997 D ActivityManager: sync unfroze 6854 com.samsung.cmh for 6
04-14 22:08:11.445  3011  3997 I ActivityManager: Changes in 5004 19 to 8, 0 to 128
04-14 22:08:11.447  6684  6792 I SystemBroadcastReceiver: [#CMH#] onReceive completed :  0
04-14 22:08:11.448  6684 18310 I ControllerEventHandler: [#CMH#] cancelling job scheduler 
04-14 22:08:11.448  6854 18311 I CMHJobService: [#CMH#] Ending idle state 
04-14 22:08:11.448  6854 18311 I CMHJobService: [#CMH#] Controller Ready 
