04-14 22:08:29.365  2245  2259 D HeatmapThread: !@ Heatmap plugstarttime: 29603071
04-14 22:08:29.365  2245  2259 D HeatmapThread: !@ Heatmap prevv_dsoh_update_time: 29603281
04-14 22:08:29.365  2245  2259 E HeatmapThread: !@Entered the read from path function
04-14 22:08:29.366  2245  2259 E HeatmapThread: !@Read Extended_heatmap from efs is: 0 0 0 0 0 0 0 0 0 0 0 0 0 0 0 0 0 0 0 0 0 0 0 0 0 0 0 0 0 0 0 0 0 0 0 0 0 0 0 0 0 0 0 0 0 0 0 0 0 0 0 0 0 0 0 0 0 0 0 0 0 0 0 0 0 0 0 0 0 0 0 0 0 0 0 0 0 0 0 0 0 0 0 0 0 0 0 0 0 0 0 0 0 0 0 0 0 0 0 0 0 0 0 0 0 0 0 0 0 0 0 0 0 0 0 0 0 0 0 0 0 0 0 0 0 0 0 0 0 0 0 0 0 0 0 0 0 0 0 0 0 0 0 0 0 0 0 0 0 0 0 0 0 0 0 0 0 0 0 0 0 0 0 0 0 0 0 0 0 0 0 0 0 0 0 0 0 0 0 0 0 0 0 0 0 0 0 0 0 0 0 0 0 0 0 0 0 0 0 0 0 0 0 0 0 0 0 0 0 0 0 0 0 0 0 0 0 0 0 0 0 0 0 0 0 0 0 0 0 0 0 0 0 0 56406 0 0 0 0 0 0 0 0 0 0 0 0 0 0 0 0 0 41529 0 0 0 0 0 0 0 0 0 0 0 0 0 0 0 0 0 38386 0 0 0 0 0 0 0 0 0 0 0 0 0 0 0 0 0 38857 0 0 0 0 0 0 0 0 0 0 0 0 0 0 0 0 0 30076 0 0 0 0 0 0 0 0 0 0 0 0 0 0 0 1 1 10673 0 0 0 0 0 0 0 0 0 0 0 0 0 0 0 0 0 6940 0 0 0 0 0 0 0 0 0 0 0 0 0 0 0 0 0 3707 0 0 0 0 0 0 0 0 0 0 0 0 0 0 0 0 0 1263 0 0 0 0 0 0 0 0 0 0 0 0 0 0 0 0 0 37 0 0 0 0 0 0 0 0 0 0 0 0 0 0 0 0 0 19 0 0 0 0 0 0 0 0 0 0 0 0 0 0 0 0 0 16 0 0 0 0 0 0 0 0 0 0 0 0 0 0 0 0 0 15 0 0 0 0 0 0 0 0 0 0 0 0 0 0 0 0 0 16 0 0 0 0 0 
04-14 22:08:29.366  2245  2259 E HeatmapThread: !@Write Extended Heatmap to efs is: 0 0 0 0 0 0 0 0 0 0 0 0 0 0 0 0 0 0 0 0 0 0 0 0 0 0 0 0 0 0 0 0 0 0 0 0 0 0 0 0 0 0 0 0 0 0 0 0 0 0 0 0 0 0 0 0 0 0 0 0 0 0 0 0 0 0 0 0 0 0 0 0 0 0 0 0 0 0 0 0 0 0 0 0 0 0 0 0 0 0 0 0 0 0 0 0 0 0 0 0 0 0 0 0 0 0 0 0 0 0 0 0 0 0 0 0 0 0 0 0 0 0 0 0 0 0 0 0 0 0 0 0 0 0 0 0 0 0 0 0 0 0 0 0 0 0 0 0 0 0 0 0 0 0 0 0 0 0 0 0 0 0 0 0 0 0 0 0 0 0 0 0 0 0 0 0 0 0 0 0 0 0 0 0 0 0 0 0 0 0 0 0 0 0 0 0 0 0 0 0 0 0 0 0 0 0 0 0 0 0 0 0 0 0 0 0 0 0 0 0 0 0 0 0 0 0 0 0 0 0 0 0 0 0 56407 0 0 0 0 0 0 0 0 0 0 0 0 0 0 0 0 0 41529 0 0 0 0 0 0 0 0 0 0 0 0 0 0 0 0 0 38386 0 0 0 0 0 0 0 0 0 0 0 0 0 0 0 0 0 38857 0 0 0 0 0 0 0 0 0 0 0 0 0 0 0 0 0 30076 0 0 0 0 0 0 0 0 0 0 0 0 0 0 0 1 1 10673 0 0 0 0 0 0 0 0 0 0 0 0 0 0 0 0 0 6940 0 0 0 0 0 0 0 0 0 0 0 0 0 0 0 0 0 3707 0 0 0 0 0 0 0 0 0 0 0 0 0 0 0 0 0 1263 0 0 0 0 0 0 0 0 0 0 0 0 0 0 0 0 0 37 0 0 0 0 0 0 0 0 0 0 0 0 0 0 0 0 0 19 0 0 0 0 0 0 0 0 0 0 0 0 0 0 0 0 0 16 0 0 0 0 0 0 0 0 0 0 0 0 0 0 0 0 0 15 0 0 0 0 0 0 0 0 0 0 0 0 0 0 0 0 0 16 0 0 0 0 0 0
04-14 22:08:29.367  2245  2259 E HeatmapThread: !@ CAM New BSOH: 100
04-14 22:08:29.367  2245  2259 E HeatmapThread: !@ CAM is Working
04-14 22:08:29.622  2765  3621 I bauth_FPBAuthService: pcf : 0x1012, 0 ,1 ,0 ,1 ,0 ,0, 16.0.0.3
04-14 22:08:29.622  2765  3621 I bauth_FPBAuthService: thread id : 1, preenroll_flag : 0, nd cnt : 0, cso : 0, et : 0
04-14 22:08:29.622  2765  3621 I bauth_FPBAuthService: FPBAuthService::timerHandler complete
04-14 22:08:29.636  3011  4918 I BatteryService_BatteryPropertiesRegistrar: [getProperty]id:2
04-14 22:08:29.636  3011  4918 I BatteryService_BatteryPropertiesRegistrar: [getProperty]prop.long:-9223372036854775808 ,prop.string:null
04-14 22:08:29.638  3011  4918 I BatteryService_BatteryPropertiesRegistrar: [getProperty]id:4
04-14 22:08:29.638  3011  4918 I BatteryService_BatteryPropertiesRegistrar: [getProperty]prop.long:-9223372036854775808 ,prop.string:null
04-14 22:08:30.219  1204  1204 D io_stats: !@   8,0 r 96220436 1876791640 w 22979916 524042088 d 2874487 713413712 f 692247 1920838 iot 16575196 0 th 0 0 0 pt 0 inp 0 0 350624.664
04-14 22:08:30.219  1204  1204 D io_stats: !@ Write_top(KB): tes.accubattery(16237) 128
04-14 22:08:30.359  2245  2259 E HeatmapThread: ECT Thread time in milliseconds: 1776197310
04-14 22:08:30.363  2245  2259 D HeatmapThread: !@ batteryplugType : 2
04-14 22:08:30.363  2245  2259 D HeatmapThread: !@ batteryLevel : 79  batteryTemperature : 288 
04-14 22:08:30.364  2245  2259 D HeatmapThread: !@ Heatmap currtime: 29603288
04-14 22:08:30.364  2245  2259 D HeatmapThread: !@ Heatmap prevtime: 29603274
04-14 22:08:30.364  2245  2259 D HeatmapThread: !@ Heatmap plugstarttime: 29603071
04-14 22:08:30.364  2245  2259 D HeatmapThread: !@ Heatmap prevv_dsoh_update_time: 29603281
04-14 22:08:30.364  2245  2259 E HeatmapThread: !@ CAM New BSOH: 100
04-14 22:08:30.364  2245  2259 E HeatmapThread: !@ CAM is Working
04-14 22:08:30.624  2765  3621 I bauth_FPBAuthService: pcf : 0x1012, 0 ,1 ,0 ,1 ,0 ,0, 16.0.0.3
04-14 22:08:30.624  2765  3621 I bauth_FPBAuthService: thread id : 1, preenroll_flag : 0, nd cnt : 0, cso : 0, et : 0
04-14 22:08:30.624  2765  3621 I bauth_FPBAuthService: FPBAuthService::timerHandler complete
04-14 22:08:31.360  2245  2259 E HeatmapThread: ECT Thread time in milliseconds: 1776197311
04-14 22:08:31.364  2245  2259 D HeatmapThread: !@ batteryplugType : 2
04-14 22:08:31.365  2245  2259 D HeatmapThread: !@ batteryLevel : 79  batteryTemperature : 288 
04-14 22:08:31.365  2245  2259 D HeatmapThread: !@ Heatmap currtime: 29603288
04-14 22:08:31.365  2245  2259 D HeatmapThread: !@ Heatmap prevtime: 29603274
04-14 22:08:31.365  2245  2259 D HeatmapThread: !@ Heatmap plugstarttime: 29603071
04-14 22:08:31.365  2245  2259 D HeatmapThread: !@ Heatmap prevv_dsoh_update_time: 29603281
04-14 22:08:31.365  2245  2259 E HeatmapThread: !@ CAM New BSOH: 100
04-14 22:08:31.365  2245  2259 E HeatmapThread: !@ CAM is Working
04-14 22:08:31.626  2765  3621 I bauth_FPBAuthService: pcf : 0x1012, 0 ,1 ,0 ,1 ,0 ,0, 16.0.0.3
04-14 22:08:31.626  2765  3621 I bauth_FPBAuthService: thread id : 1, preenroll_flag : 0, nd cnt : 0, cso : 0, et : 0
04-14 22:08:31.626  2765  3621 I bauth_FPBAuthService: FPBAuthService::timerHandler complete
04-14 22:08:31.639  3011  4918 I BatteryService_BatteryPropertiesRegistrar: [getProperty]id:2
04-14 22:08:31.640  3011  4918 I BatteryService_BatteryPropertiesRegistrar: [getProperty]prop.long:-9223372036854775808 ,prop.string:null
04-14 22:08:31.642  3011  4918 I BatteryService_BatteryPropertiesRegistrar: [getProperty]id:4
04-14 22:08:31.642  3011  4918 I BatteryService_BatteryPropertiesRegistrar: [getProperty]prop.long:-9223372036854775808 ,prop.string:null
04-14 22:08:32.220  1204  1204 D io_stats: !@   8,0 r 96220436 1876791640 w 22979920 524042108 d 2874487 713413712 f 692247 1920838 iot 16575208 0 th 0 0 0 pt 0 inp 0 0 350626.665
04-14 22:08:32.360  2245  2259 E HeatmapThread: ECT Thread time in milliseconds: 1776197312
04-14 22:08:32.363  2245  2259 D HeatmapThread: !@ batteryplugType : 2
04-14 22:08:32.363  2245  2259 D HeatmapThread: !@ batteryLevel : 79  batteryTemperature : 288 
04-14 22:08:32.363  2245  2259 D HeatmapThread: !@ Heatmap currtime: 29603288
04-14 22:08:32.363  2245  2259 D HeatmapThread: !@ Heatmap prevtime: 29603274
04-14 22:08:32.363  2245  2259 D HeatmapThread: !@ Heatmap plugstarttime: 29603071
04-14 22:08:32.363  2245  2259 D HeatmapThread: !@ Heatmap prevv_dsoh_update_time: 29603281
04-14 22:08:32.364  2245  2259 E HeatmapThread: !@ CAM New BSOH: 100
04-14 22:08:32.364  2245  2259 E HeatmapThread: !@ CAM is Working
04-14 22:08:32.628  2765  3621 I bauth_FPBAuthService: pcf : 0x1012, 0 ,1 ,0 ,1 ,0 ,0, 16.0.0.3
04-14 22:08:32.628  2765  3621 I bauth_FPBAuthService: thread id : 1, preenroll_flag : 0, nd cnt : 0, cso : 0, et : 0
04-14 22:08:32.628  2765  3621 I bauth_FPBAuthService: FPBAuthService::timerHandler complete
04-14 22:08:33.110  2188  2188 I seh_thermal_service: getTemperaturesWithType SehTemperatureType: 3
04-14 22:08:33.111  2123  2123 I sehhealth-service: updateLrpSysfs: write: 296
04-14 22:08:33.113  2123  2180 E BatteryDump: !@new_battery_dump : 4138,12,1125,3331,79,288,280,276,288,0,296,276,0,Not-charging,NO_CHARGING,Normal,Good,PDIC,0,Normal,0,0,9300,0x8000,0x11010000,0x0,0,0,0000,0000,00000000,0,0,0,0,492,4137,7978,1000,0,
04-14 22:08:33.119  2117 26931 I StatsHandler: [hvcD_673] Stats: Pending(0) i/p-done(0) Works: Q: 523/Done 518|Work-Rate: Q(0.0/s Avg=0.0/s) Done(0.000/s Avg=0.026/s)| Stream: 30.00fps 979.3Kbps
04-14 22:08:33.120  2117 26931 I StatsHandler: [hvcD_673] Mem-usage:  [In-1D: 11 bufs 88.000 MB] [1D-7035: 32 bufs 0.500 MB] [2D-7036: 21 bufs 47.004 MB] | Total: 135.504 MB
04-14 22:08:33.121  2117 26931 I StatsHandler: [avcD_678] Stats: Pending(0) i/p-done(0) Works: Q: 67/Done 55|Work-Rate: Q(0.0/s Avg=0.0/s) Done(0.000/s Avg=0.003/s)| Stream: 24.00fps 69.5Kbps
04-14 22:08:33.121  2117 26931 I StatsHandler: [avcD_678] Mem-usage:  [In-1D: 11 bufs 88.000 MB] [1D-7045: 28 bufs 0.438 MB] [2D-7046: 17 bufs 5.844 MB] | Total: 94.281 MB
04-14 22:08:33.360  2245  2259 E HeatmapThread: ECT Thread time in milliseconds: 1776197313
04-14 22:08:33.364  2245  2259 D HeatmapThread: !@ batteryplugType : 2
04-14 22:08:33.364  2245  2259 D HeatmapThread: !@ batteryLevel : 79  batteryTemperature : 288 
04-14 22:08:33.364  2245  2259 D HeatmapThread: !@ Heatmap currtime: 29603288
04-14 22:08:33.365  2245  2259 D HeatmapThread: !@ Heatmap prevtime: 29603274
04-14 22:08:33.365  2245  2259 D HeatmapThread: !@ Heatmap plugstarttime: 29603071
04-14 22:08:33.366  2245  2259 D HeatmapThread: !@ Heatmap prevv_dsoh_update_time: 29603281
04-14 22:08:33.366  2245  2259 E HeatmapThread: !@ CAM New BSOH: 100
04-14 22:08:33.366  2245  2259 E HeatmapThread: !@ CAM is Working
04-14 22:08:33.400  3011  3422 D MARsPolicyManager: triggerAction called!
04-14 22:08:33.400  3011  3422 I NSLocationMonitor: getGPSUsingApps() called
04-14 22:08:33.400  5599 15799 I NSLocationManager_FLP: getGPSUsingApps, No change
04-14 22:08:33.629  2765  3621 I bauth_FPBAuthService: pcf : 0x1012, 0 ,1 ,0 ,1 ,0 ,0, 16.0.0.3
04-14 22:08:33.629  2765  3621 I bauth_FPBAuthService: thread id : 1, preenroll_flag : 0, nd cnt : 0, cso : 0, et : 0
04-14 22:08:33.629  2765  3621 I bauth_FPBAuthService: FPBAuthService::timerHandler complete
04-14 22:08:33.643  3011  4918 I BatteryService_BatteryPropertiesRegistrar: [getProperty]id:2
04-14 22:08:33.643  3011  4918 I BatteryService_BatteryPropertiesRegistrar: [getProperty]prop.long:-9223372036854775808 ,prop.string:null
04-14 22:08:33.645  3011  4918 I BatteryService_BatteryPropertiesRegistrar: [getProperty]id:4
04-14 22:08:33.645  3011  4918 I BatteryService_BatteryPropertiesRegistrar: [getProperty]prop.long:-9223372036854775808 ,prop.string:null
04-14 22:08:34.221  1204  1204 D io_stats: !@   8,0 r 96220436 1876791640 w 22979922 524042116 d 2874487 713413712 f 692247 1920838 iot 16575216 0 th 0 0 0 pt 0 inp 0 0 350628.665
04-14 22:08:34.222  1204  1204 D io_stats: !@ Write_top(KB): kworker/u16:0(14924) 12 c.android.sdhms(7470) 8 vendor.samsung.(2123) 8
04-14 22:08:34.340  3011  3232 E Watchdog: !@Sync: 11678 heap(MB): 194 / 235 FD: 1626 [2026-04-14 22:08:34.340]
04-14 22:08:34.359  2245  2259 E HeatmapThread: ECT Thread time in milliseconds: 1776197314
04-14 22:08:34.362  2245  2259 D HeatmapThread: !@ batteryplugType : 2
04-14 22:08:34.362  2245  2259 D HeatmapThread: !@ batteryLevel : 79  batteryTemperature : 288 
04-14 22:08:34.363  2245  2259 D HeatmapThread: !@ Heatmap currtime: 29603288
04-14 22:08:34.363  2245  2259 D HeatmapThread: !@ Heatmap prevtime: 29603274
04-14 22:08:34.363  2245  2259 D HeatmapThread: !@ Heatmap plugstarttime: 29603071
04-14 22:08:34.363  2245  2259 D HeatmapThread: !@ Heatmap prevv_dsoh_update_time: 29603281
04-14 22:08:34.363  2245  2259 E HeatmapThread: !@ CAM New BSOH: 100
04-14 22:08:34.363  2245  2259 E HeatmapThread: !@ CAM is Working
04-14 22:08:34.631  2765  3621 I bauth_FPBAuthService: pcf : 0x1012, 0 ,1 ,0 ,1 ,0 ,0, 16.0.0.3
04-14 22:08:34.631  2765  3621 I bauth_FPBAuthService: thread id : 1, preenroll_flag : 0, nd cnt : 0, cso : 0, et : 0
04-14 22:08:34.631  2765  3621 I bauth_FPBAuthService: FPBAuthService::timerHandler complete
04-14 22:08:35.101  2085 21685 I sensors-hal: handle_sns_std_sensor_event:90, light_cct: ts = 790809067645012 ns; value = [3, 3, 0, 0, 3, 0, 0, 0, 736, 0]
04-14 22:08:35.359  2245  2259 E HeatmapThread: ECT Thread time in milliseconds: 1776197315
04-14 22:08:35.363  2245  2259 D HeatmapThread: !@ batteryplugType : 2
04-14 22:08:35.363  2245  2259 D HeatmapThread: !@ batteryLevel : 79  batteryTemperature : 288 
04-14 22:08:35.363  2245  2259 D HeatmapThread: !@ Heatmap currtime: 29603288
04-14 22:08:35.363  2245  2259 D HeatmapThread: !@ Heatmap prevtime: 29603274
04-14 22:08:35.363  2245  2259 D HeatmapThread: !@ Heatmap plugstarttime: 29603071
04-14 22:08:35.363  2245  2259 D HeatmapThread: !@ Heatmap prevv_dsoh_update_time: 29603281
04-14 22:08:35.364  2245  2259 E HeatmapThread: !@ CAM New BSOH: 100
04-14 22:08:35.364  2245  2259 E HeatmapThread: !@ CAM is Working
04-14 22:08:35.398  5184  5765 I bluetooth: system/gd/hci/le_advertising_manager.cc:903 set_advertising_set_random_address_on_timer: Scheduling address rotation for advertiser_id=1
04-14 22:08:35.398  5184  5765 I bluetooth: system/gd/hci/le_address_manager.cc:581 GetNextPrivateAddressIntervalRange: client=advertising_set_1, nonwake=7m20s, wake=13m16s
04-14 22:08:35.400  2080  2080 D vendor.qti.bluetooth@1.1-ibs_handler: SerialClockVote: vote for UART CLK ON
04-14 22:08:35.401  2080  2080 D vendor.qti.bluetooth@1.1-wake_lock: Acquire wakelock is acquired 
04-14 22:08:35.401  2080  2080 I vendor.qti.bluetooth@1.1-ibs_handler: DeviceWakeUp: Writing IBS_WAKE_IND
04-14 22:08:35.405  2080  6509 I vendor.qti.bluetooth@1.1-ibs_handler: ProcessIbsCmd: Received IBS_WAKE_ACK: 0xFC
04-14 22:08:35.405  2080  6509 I vendor.qti.bluetooth@1.1-ibs_handler: ProcessIbsCmd: Signal wack_cond_
04-14 22:08:35.406  2080  2080 D vendor.qti.bluetooth@1.1-ibs_handler: DeviceWakeUp: Unblocked from waiting for FC, pthread_cond_timedwait ret = 0
04-14 22:08:35.408  2080  6509 I vendor.qti.bluetooth@1.1-ibs_handler: ProcessIbsCmd: Received IBS_WAKE_IND: 0xFD
04-14 22:08:35.408  2080  6509 I vendor.qti.bluetooth@1.1-ibs_handler: ProcessIbsCmd: Writing IBS_WAKE_ACK
04-14 22:08:35.425  5184  5765 I bluetooth: system/gd/hci/le_advertising_manager.cc:1868 on_set_advertising_set_random_address_complete: update random address for advertising set 1 : xx:xx:xx:xx:1a:88
04-14 22:08:35.466  2080  6509 I vendor.qti.bluetooth@1.1-ibs_handler: ProcessIbsCmd: Received IBS_SLEEP_IND: 0xFE
04-14 22:08:35.633  2765  3621 I bauth_FPBAuthService: pcf : 0x1012, 0 ,1 ,0 ,1 ,0 ,0, 16.0.0.3
04-14 22:08:35.633  2765  3621 I bauth_FPBAuthService: thread id : 1, preenroll_flag : 0, nd cnt : 0, cso : 0, et : 0
04-14 22:08:35.633  2765  3621 I bauth_FPBAuthService: FPBAuthService::timerHandler complete
04-14 22:08:35.648  3011  4918 I BatteryService_BatteryPropertiesRegistrar: [getProperty]id:2
04-14 22:08:35.648  3011  4918 I BatteryService_BatteryPropertiesRegistrar: [getProperty]prop.long:-9223372036854775808 ,prop.string:null
04-14 22:08:35.650  3011  4918 I BatteryService_BatteryPropertiesRegistrar: [getProperty]id:4
04-14 22:08:35.650  3011  4918 I BatteryService_BatteryPropertiesRegistrar: [getProperty]prop.long:-9223372036854775808 ,prop.string:null
04-14 22:08:36.223  1204  1204 D io_stats: !@   8,0 r 96220447 1876791684 w 22979929 524042152 d 2874487 713413712 f 692247 1920839 iot 16575244 0 th 0 0 0 pt 0 inp 0 0 350630.667
04-14 22:08:36.359  2245  2259 E HeatmapThread: ECT Thread time in milliseconds: 1776197316
04-14 22:08:36.363  2245  2259 D HeatmapThread: !@ batteryplugType : 2
04-14 22:08:36.363  2245  2259 D HeatmapThread: !@ batteryLevel : 79  batteryTemperature : 288 
04-14 22:08:36.363  2245  2259 D HeatmapThread: !@ Heatmap currtime: 29603288
04-14 22:08:36.363  2245  2259 D HeatmapThread: !@ Heatmap prevtime: 29603274
04-14 22:08:36.363  2245  2259 D HeatmapThread: !@ Heatmap plugstarttime: 29603071
04-14 22:08:36.363  2245  2259 D HeatmapThread: !@ Heatmap prevv_dsoh_update_time: 29603281
04-14 22:08:36.363  2245  2259 E HeatmapThread: !@ CAM New BSOH: 100
04-14 22:08:36.364  2245  2259 E HeatmapThread: !@ CAM is Working
04-14 22:08:36.424  2080  6512 I vendor.qti.bluetooth@1.1-ibs_handler: DeviceSleep: TX Awake, Sending SLEEP_IND
04-14 22:08:36.425  2080  6512 D vendor.qti.bluetooth@1.1-ibs_handler: SerialClockVote: vote for UART CLK OFF
04-14 22:08:36.575  2080  5774 D vendor.qti.bluetooth@1.1-wake_lock: Release wakelock is released 
04-14 22:08:36.633  2765  3621 I bauth_FPBAuthService: pcf : 0x1012, 0 ,1 ,0 ,1 ,0 ,0, 16.0.0.3
04-14 22:08:36.633  2765  3621 I bauth_FPBAuthService: thread id : 1, preenroll_flag : 0, nd cnt : 0, cso : 0, et : 0
04-14 22:08:36.633  2765  3621 I bauth_FPBAuthService: FPBAuthService::timerHandler complete
04-14 22:08:37.359  2245  2259 E HeatmapThread: ECT Thread time in milliseconds: 1776197317
04-14 22:08:37.362  2245  2259 D HeatmapThread: !@ batteryplugType : 2
04-14 22:08:37.363  2245  2259 D HeatmapThread: !@ batteryLevel : 79  batteryTemperature : 288 
04-14 22:08:37.363  2245  2259 D HeatmapThread: !@ Heatmap currtime: 29603288
04-14 22:08:37.363  2245  2259 D HeatmapThread: !@ Heatmap prevtime: 29603274
04-14 22:08:37.363  2245  2259 D HeatmapThread: !@ Heatmap plugstarttime: 29603071
04-14 22:08:37.363  2245  2259 D HeatmapThread: !@ Heatmap prevv_dsoh_update_time: 29603281
04-14 22:08:37.363  2245  2259 E HeatmapThread: !@ CAM New BSOH: 100
04-14 22:08:37.363  2245  2259 E HeatmapThread: !@ CAM is Working
04-14 22:08:37.633  2765  3621 I bauth_FPBAuthService: pcf : 0x1012, 0 ,1 ,0 ,1 ,0 ,0, 16.0.0.3
04-14 22:08:37.634  2765  3621 I bauth_FPBAuthService: thread id : 1, preenroll_flag : 0, nd cnt : 0, cso : 0, et : 0
04-14 22:08:37.634  2765  3621 I bauth_FPBAuthService: FPBAuthService::timerHandler complete
04-14 22:08:37.651  3011  4918 I BatteryService_BatteryPropertiesRegistrar: [getProperty]id:2
04-14 22:08:37.652  3011  4918 I BatteryService_BatteryPropertiesRegistrar: [getProperty]prop.long:-9223372036854775808 ,prop.string:null
04-14 22:08:37.655  3011  4918 I BatteryService_BatteryPropertiesRegistrar: [getProperty]id:4
04-14 22:08:37.656  3011  4918 I BatteryService_BatteryPropertiesRegistrar: [getProperty]prop.long:-9223372036854775808 ,prop.string:null
04-14 22:08:38.121  2117 26931 I StatsHandler: [hvcD_673] Stats: Pending(0) i/p-done(0) Works: Q: 523/Done 518|Work-Rate: Q(0.0/s Avg=0.0/s) Done(0.000/s Avg=0.026/s)| Stream: 30.00fps 979.3Kbps
04-14 22:08:38.122  2117 26931 I StatsHandler: [hvcD_673] Mem-usage:  [In-1D: 11 bufs 88.000 MB] [1D-7035: 32 bufs 0.500 MB] [2D-7036: 21 bufs 47.004 MB] | Total: 135.504 MB
04-14 22:08:38.122  2117 26931 I StatsHandler: [avcD_678] Stats: Pending(0) i/p-done(0) Works: Q: 67/Done 55|Work-Rate: Q(0.0/s Avg=0.0/s) Done(0.000/s Avg=0.003/s)| Stream: 24.00fps 69.5Kbps
04-14 22:08:38.122  2117 26931 I StatsHandler: [avcD_678] Mem-usage:  [In-1D: 11 bufs 88.000 MB] [1D-7045: 28 bufs 0.438 MB] [2D-7046: 17 bufs 5.844 MB] | Total: 94.281 MB
04-14 22:08:38.224  1204  1204 D io_stats: !@   8,0 r 96220463 1876791760 w 22979929 524042152 d 2874487 713413712 f 692247 1920839 iot 16575248 0 th 0 0 0 pt 0 inp 0 0 350632.669
04-14 22:08:38.224  1204  1204 D io_stats: !@ Read_top(KB): n.android.drive(30229) 76 .gms.persistent(25814) 44
04-14 22:08:38.224  1204  1204 D io_stats: !@ Write_top(KB): kworker/u16:3(19551) 20 jbd2/sda9-8(1160) 8 kworker/u16:0(14924) 4
04-14 22:08:38.359  2245  2259 E HeatmapThread: ECT Thread time in milliseconds: 1776197318
04-14 22:08:38.363  2245  2259 D HeatmapThread: !@ batteryplugType : 2
04-14 22:08:38.364  2245  2259 D HeatmapThread: !@ batteryLevel : 79  batteryTemperature : 288 
04-14 22:08:38.364  2245  2259 D HeatmapThread: !@ Heatmap currtime: 29603288
04-14 22:08:38.364  2245  2259 D HeatmapThread: !@ Heatmap prevtime: 29603274
04-14 22:08:38.364  2245  2259 D HeatmapThread: !@ Heatmap plugstarttime: 29603071
04-14 22:08:38.364  2245  2259 D HeatmapThread: !@ Heatmap prevv_dsoh_update_time: 29603281
04-14 22:08:38.364  2245  2259 E HeatmapThread: !@ CAM New BSOH: 100
04-14 22:08:38.364  2245  2259 E HeatmapThread: !@ CAM is Working
04-14 22:08:38.421  3011  3422 D MARsPolicyManager: triggerAction called!
04-14 22:08:38.421  3011  3422 I NSLocationMonitor: getGPSUsingApps() called
04-14 22:08:38.422  5599 15799 I NSLocationManager_FLP: getGPSUsingApps, No change
04-14 22:08:38.634  2765  3621 I bauth_FPBAuthService: pcf : 0x1012, 0 ,1 ,0 ,1 ,0 ,0, 16.0.0.3
04-14 22:08:38.634  2765  3621 I bauth_FPBAuthService: thread id : 1, preenroll_flag : 0, nd cnt : 0, cso : 0, et : 0
04-14 22:08:38.634  2765  3621 I bauth_FPBAuthService: FPBAuthService::timerHandler complete
04-14 22:08:38.748  8355  8355 I wpa_supplicant: Heartbeat 48580
04-14 22:08:39.170  7470  8025 I SDHMS:x : SIOP:: AP:292 BAT:288 USB:280 CHG:276 PA:297 WIFI:293 CF:292 BLK:0 SUBBAT:0 LRPTHM:289 SKIN:295 SKINF:291 SKINB:295 LRP2:295 LRF2:291 LRB2:295 AP2:295 CHG2:294 WIFI2:295 RCV2:288 SPK2:287 FCAM:280 UPSPK:293 DNSPK:280 VAP02:293 VWIFI:296 AMB2:255 AVGCUR:5 POWER:20
04-14 22:08:39.359  2245  2259 E HeatmapThread: ECT Thread time in milliseconds: 1776197319
04-14 22:08:39.361  2245  2259 D HeatmapThread: !@ batteryplugType : 2
04-14 22:08:39.362  2245  2259 D HeatmapThread: !@ batteryLevel : 79  batteryTemperature : 288 
04-14 22:08:39.362  2245  2259 D HeatmapThread: !@ Heatmap currtime: 29603288
04-14 22:08:39.362  2245  2259 D HeatmapThread: !@ Heatmap prevtime: 29603274
04-14 22:08:39.362  2245  2259 D HeatmapThread: !@ Heatmap plugstarttime: 29603071
04-14 22:08:39.362  2245  2259 D HeatmapThread: !@ Heatmap prevv_dsoh_update_time: 29603281
04-14 22:08:39.362  2245  2259 E HeatmapThread: !@ CAM New BSOH: 100
04-14 22:08:39.362  2245  2259 E HeatmapThread: !@ CAM is Working
04-14 22:08:39.636  2765  3621 I bauth_FPBAuthService: pcf : 0x1012, 0 ,1 ,0 ,1 ,0 ,0, 16.0.0.3
04-14 22:08:39.636  2765  3621 I bauth_FPBAuthService: thread id : 1, preenroll_flag : 0, nd cnt : 0, cso : 0, et : 0
04-14 22:08:39.637  2765  3621 I bauth_FPBAuthService: FPBAuthService::timerHandler complete
04-14 22:08:39.658  3011  4918 I BatteryService_BatteryPropertiesRegistrar: [getProperty]id:2
04-14 22:08:39.658  3011  4918 I BatteryService_BatteryPropertiesRegistrar: [getProperty]prop.long:-9223372036854775808 ,prop.string:null
04-14 22:08:39.661  3011  4918 I BatteryService_BatteryPropertiesRegistrar: [getProperty]id:4
04-14 22:08:39.661  3011  4918 I BatteryService_BatteryPropertiesRegistrar: [getProperty]prop.long:-9223372036854775808 ,prop.string:null
04-14 22:08:40.257  2250  2250 I SurfaceFlinger: SFWD update time=350634702076969
04-14 22:08:40.360  2245  2259 E HeatmapThread: ECT Thread time in milliseconds: 1776197320
04-14 22:08:40.365  2245  2259 D HeatmapThread: !@ batteryplugType : 2
04-14 22:08:40.365  2245  2259 D HeatmapThread: !@ batteryLevel : 79  batteryTemperature : 288 
04-14 22:08:40.365  2245  2259 D HeatmapThread: !@ Heatmap currtime: 29603288
04-14 22:08:40.365  2245  2259 D HeatmapThread: !@ Heatmap prevtime: 29603274
04-14 22:08:40.365  2245  2259 D HeatmapThread: !@ Heatmap plugstarttime: 29603071
04-14 22:08:40.365  2245  2259 D HeatmapThread: !@ Heatmap prevv_dsoh_update_time: 29603281
04-14 22:08:40.365  2245  2259 E HeatmapThread: !@ CAM New BSOH: 100
04-14 22:08:40.366  2245  2259 E HeatmapThread: !@ CAM is Working
04-14 22:08:40.638  2765  3621 I bauth_FPBAuthService: pcf : 0x1012, 0 ,1 ,0 ,1 ,0 ,0, 16.0.0.3
04-14 22:08:40.639  2765  3621 I bauth_FPBAuthService: thread id : 1, preenroll_flag : 0, nd cnt : 0, cso : 0, et : 0
04-14 22:08:40.639  2765  3621 I bauth_FPBAuthService: FPBAuthService::timerHandler complete
04-14 22:08:41.359  2245  2259 E HeatmapThread: ECT Thread time in milliseconds: 1776197321
04-14 22:08:41.363  2245  2259 D HeatmapThread: !@ batteryplugType : 2
04-14 22:08:41.363  2245  2259 D HeatmapThread: !@ batteryLevel : 79  batteryTemperature : 288 
04-14 22:08:41.363  2245  2259 D HeatmapThread: !@ Heatmap currtime: 29603288
04-14 22:08:41.364  2245  2259 D HeatmapThread: !@ Heatmap prevtime: 29603274
04-14 22:08:41.364  2245  2259 D HeatmapThread: !@ Heatmap plugstarttime: 29603071
04-14 22:08:41.364  2245  2259 D HeatmapThread: !@ Heatmap prevv_dsoh_update_time: 29603281
04-14 22:08:41.364  2245  2259 E HeatmapThread: !@ CAM New BSOH: 100
04-14 22:08:41.364  2245  2259 E HeatmapThread: !@ CAM is Working
04-14 22:08:41.501  2085 21685 I sensors-hal: handle_sns_std_sensor_event:90, light_cct: ts = 790815467499700 ns; value = [3, 3, 0, 0, 3, 0, 0, 0, 736, 0]
04-14 22:08:41.639  2765  3621 I bauth_FPBAuthService: pcf : 0x1012, 0 ,1 ,0 ,1 ,0 ,0, 16.0.0.3
04-14 22:08:41.639  2765  3621 I bauth_FPBAuthService: thread id : 1, preenroll_flag : 0, nd cnt : 0, cso : 0, et : 0
04-14 22:08:41.639  2765  3621 I bauth_FPBAuthService: FPBAuthService::timerHandler complete
04-14 22:08:41.663  3011  4918 I BatteryService_BatteryPropertiesRegistrar: [getProperty]id:2
04-14 22:08:41.663  3011  4918 I BatteryService_BatteryPropertiesRegistrar: [getProperty]prop.long:-9223372036854775808 ,prop.string:null
04-14 22:08:41.666  3011  4918 I BatteryService_BatteryPropertiesRegistrar: [getProperty]id:4
04-14 22:08:41.666  3011  4918 I BatteryService_BatteryPropertiesRegistrar: [getProperty]prop.long:-9223372036854775808 ,prop.string:null
04-14 22:08:42.114 19643 19663 I Finsky  : [67] Stats for Executor: LightweightExecutor vgn@c381a42[Running, pool size = 4, active threads = 0, queued tasks = 0, completed tasks = 202]
04-14 22:08:42.135 19643 19663 I Finsky  : [67] Stats for Executor: BlockingExecutor vgn@a0167c1[Running, pool size = 5, active threads = 0, queued tasks = 0, completed tasks = 20]
04-14 22:08:42.154 19643 19663 I Finsky  : [67] Stats for Executor: bgExecutor vgn@22e0f70[Running, pool size = 4, active threads = 0, queued tasks = 0, completed tasks = 126]
04-14 22:08:42.226  1204  1204 D io_stats: !@   8,0 r 96220463 1876791760 w 22979932 524042164 d 2874760 713417732 f 692247 1920839 iot 16575280 0 th 0 0 0 pt 0 inp 0 0 350636.671
04-14 22:08:42.226  1204  1204 D io_stats: !@ Write_top(KB): kworker/u16:0(14924) 8 kworker/u16:2(15548) 4
04-14 22:08:42.359  2245  2259 E HeatmapThread: ECT Thread time in milliseconds: 1776197322
04-14 22:08:42.363  2245  2259 D HeatmapThread: !@ batteryplugType : 2
04-14 22:08:42.363  2245  2259 D HeatmapThread: !@ batteryLevel : 79  batteryTemperature : 288 
04-14 22:08:42.363  2245  2259 D HeatmapThread: !@ Heatmap currtime: 29603288
04-14 22:08:42.363  2245  2259 D HeatmapThread: !@ Heatmap prevtime: 29603274
04-14 22:08:42.363  2245  2259 D HeatmapThread: !@ Heatmap plugstarttime: 29603071
04-14 22:08:42.363  2245  2259 D HeatmapThread: !@ Heatmap prevv_dsoh_update_time: 29603281
04-14 22:08:42.364  2245  2259 E HeatmapThread: !@ CAM New BSOH: 100
04-14 22:08:42.364  2245  2259 E HeatmapThread: !@ CAM is Working
04-14 22:08:42.641  2765  3621 I bauth_FPBAuthService: pcf : 0x1012, 0 ,1 ,0 ,1 ,0 ,0, 16.0.0.3
04-14 22:08:42.641  2765  3621 I bauth_FPBAuthService: thread id : 1, preenroll_flag : 0, nd cnt : 0, cso : 0, et : 0
04-14 22:08:42.641  2765  3621 I bauth_FPBAuthService: FPBAuthService::timerHandler complete
04-14 22:08:43.122  2117 26931 I StatsHandler: [hvcD_673] Stats: Pending(0) i/p-done(0) Works: Q: 523/Done 518|Work-Rate: Q(0.0/s Avg=0.0/s) Done(0.000/s Avg=0.026/s)| Stream: 30.00fps 979.3Kbps
04-14 22:08:43.122  2117 26931 I StatsHandler: [hvcD_673] Mem-usage:  [In-1D: 11 bufs 88.000 MB] [1D-7035: 32 bufs 0.500 MB] [2D-7036: 21 bufs 47.004 MB] | Total: 135.504 MB
04-14 22:08:43.123  2117 26931 I StatsHandler: [avcD_678] Stats: Pending(0) i/p-done(0) Works: Q: 67/Done 55|Work-Rate: Q(0.0/s Avg=0.0/s) Done(0.000/s Avg=0.003/s)| Stream: 24.00fps 69.5Kbps
04-14 22:08:43.123  2117 26931 I StatsHandler: [avcD_678] Mem-usage:  [In-1D: 11 bufs 88.000 MB] [1D-7045: 28 bufs 0.438 MB] [2D-7046: 17 bufs 5.844 MB] | Total: 94.281 MB
04-14 22:08:43.278  2188  2188 I seh_thermal_service: getTemperaturesWithType SehTemperatureType: 3
04-14 22:08:43.279  2123  2123 I sehhealth-service: updateLrpSysfs: write: 295
04-14 22:08:43.280  2123  2180 E BatteryDump: !@new_battery_dump : 4136,2,1125,3331,79,288,280,276,288,0,296,276,0,Not-charging,NO_CHARGING,Normal,Good,PDIC,0,Normal,0,0,9300,0x8000,0x11010000,0x0,0,0,0000,0000,00000000,0,0,0,0,492,4137,7978,1000,0,
04-14 22:08:43.359  2245  2259 E HeatmapThread: ECT Thread time in milliseconds: 1776197323
04-14 22:08:43.362  2245  2259 D HeatmapThread: !@ batteryplugType : 2
04-14 22:08:43.362  2245  2259 D HeatmapThread: !@ batteryLevel : 79  batteryTemperature : 288 
04-14 22:08:43.363  2245  2259 D HeatmapThread: !@ Heatmap currtime: 29603288
04-14 22:08:43.363  2245  2259 D HeatmapThread: !@ Heatmap prevtime: 29603274
04-14 22:08:43.363  2245  2259 D HeatmapThread: !@ Heatmap plugstarttime: 29603071
04-14 22:08:43.363  2245  2259 D HeatmapThread: !@ Heatmap prevv_dsoh_update_time: 29603281
04-14 22:08:43.363  2245  2259 E HeatmapThread: !@ CAM New BSOH: 100
04-14 22:08:43.363  2245  2259 E HeatmapThread: !@ CAM is Working
04-14 22:08:43.457  3011  3422 D MARsPolicyManager: triggerAction called!
04-14 22:08:43.457  3011  3422 I NSLocationMonitor: getGPSUsingApps() called
04-14 22:08:43.458  5599 15799 I NSLocationManager_FLP: getGPSUsingApps, No change
04-14 22:08:43.642  2765  3621 I bauth_FPBAuthService: pcf : 0x1012, 0 ,1 ,0 ,1 ,0 ,0, 16.0.0.3
04-14 22:08:43.643  2765  3621 I bauth_FPBAuthService: thread id : 1, preenroll_flag : 0, nd cnt : 0, cso : 0, et : 0
04-14 22:08:43.643  2765  3621 I bauth_FPBAuthService: FPBAuthService::timerHandler complete
04-14 22:08:43.668  3011  4918 I BatteryService_BatteryPropertiesRegistrar: [getProperty]id:2
04-14 22:08:43.668  3011  4918 I BatteryService_BatteryPropertiesRegistrar: [getProperty]prop.long:-9223372036854775808 ,prop.string:null
04-14 22:08:43.670  3011  4918 I BatteryService_BatteryPropertiesRegistrar: [getProperty]id:4
04-14 22:08:43.670  3011  4918 I BatteryService_BatteryPropertiesRegistrar: [getProperty]prop.long:-9223372036854775808 ,prop.string:null
04-14 22:08:44.227  1204  1204 D io_stats: !@   8,0 r 96220467 1876791832 w 22979934 524042172 d 2874760 713417732 f 692247 1920839 iot 16575296 0 th 0 0 0 pt 0 inp 0 0 350638.672
04-14 22:08:44.360  2245  2259 E HeatmapThread: ECT Thread time in milliseconds: 1776197324
04-14 22:08:44.363  2245  2259 D HeatmapThread: !@ batteryplugType : 2
04-14 22:08:44.363  2245  2259 D HeatmapThread: !@ batteryLevel : 79  batteryTemperature : 288 
04-14 22:08:44.363  2245  2259 D HeatmapThread: !@ Heatmap currtime: 29603288
04-14 22:08:44.363  2245  2259 D HeatmapThread: !@ Heatmap prevtime: 29603274
04-14 22:08:44.364  2245  2259 D HeatmapThread: !@ Heatmap plugstarttime: 29603071
04-14 22:08:44.364  2245  2259 D HeatmapThread: !@ Heatmap prevv_dsoh_update_time: 29603281
04-14 22:08:44.364  2245  2259 E HeatmapThread: !@ CAM New BSOH: 100
04-14 22:08:44.364  2245  2259 E HeatmapThread: !@ CAM is Working
04-14 22:08:44.629  2557  2557 I CNSS    : /sys/wifi/max_chipset_log_size doesn't exist
04-14 22:08:44.644  2765  3621 I bauth_FPBAuthService: pcf : 0x1012, 0 ,1 ,0 ,1 ,0 ,0, 16.0.0.3
04-14 22:08:44.644  2765  3621 I bauth_FPBAuthService: thread id : 1, preenroll_flag : 0, nd cnt : 0, cso : 0, et : 0
04-14 22:08:44.644  2765  3621 I bauth_FPBAuthService: FPBAuthService::timerHandler complete
04-14 22:08:45.360  2245  2259 E HeatmapThread: ECT Thread time in milliseconds: 1776197325
04-14 22:08:45.364  2245  2259 D HeatmapThread: !@ batteryplugType : 2
04-14 22:08:45.364  2245  2259 D HeatmapThread: !@ batteryLevel : 79  batteryTemperature : 288 
04-14 22:08:45.364  2245  2259 D HeatmapThread: !@ Heatmap currtime: 29603288
04-14 22:08:45.365  2245  2259 D HeatmapThread: !@ Heatmap prevtime: 29603274
04-14 22:08:45.365  2245  2259 D HeatmapThread: !@ Heatmap plugstarttime: 29603071
04-14 22:08:45.365  2245  2259 D HeatmapThread: !@ Heatmap prevv_dsoh_update_time: 29603281
04-14 22:08:45.365  2245  2259 E HeatmapThread: !@ CAM New BSOH: 100
04-14 22:08:45.365  2245  2259 E HeatmapThread: !@ CAM is Working
04-14 22:08:45.614  3011  4329 D UsbStatsMonitor: 0 0 0 0 0 0 0 0 0 0 0 0 0 0 0 0 0 0 0 0 0 0 0 0 0 0 0 0 0 0 0 0 0 0 0 0 0 0 0 0 0 0 0 0 0 0 0 0 0 0 0 0 0 0 0 0 0 214748364802
04-14 22:08:45.645  2765  3621 I bauth_FPBAuthService: pcf : 0x1012, 0 ,1 ,0 ,1 ,0 ,0, 16.0.0.3
04-14 22:08:45.645  2765  3621 I bauth_FPBAuthService: thread id : 1, preenroll_flag : 0, nd cnt : 0, cso : 0, et : 0
04-14 22:08:45.645  2765  3621 I bauth_FPBAuthService: FPBAuthService::timerHandler complete
04-14 22:08:45.672  3011  4918 I BatteryService_BatteryPropertiesRegistrar: [getProperty]id:2
04-14 22:08:45.672  3011  4918 I BatteryService_BatteryPropertiesRegistrar: [getProperty]prop.long:-9223372036854775808 ,prop.string:null
04-14 22:08:45.674  3011  4918 I BatteryService_BatteryPropertiesRegistrar: [getProperty]id:4
04-14 22:08:45.674  3011  4918 I BatteryService_BatteryPropertiesRegistrar: [getProperty]prop.long:-9223372036854775808 ,prop.string:null
04-14 22:08:46.228  1204  1204 D io_stats: !@   8,0 r 96220467 1876791832 w 22979937 524042628 d 2874760 713417732 f 692247 1920839 iot 16575304 0 th 0 0 0 pt 0 inp 0 0 350640.673
04-14 22:08:46.229  1204  1204 D io_stats: !@ Read_top(KB): android.vending(19643) 72
04-14 22:08:46.230  1204  1204 D io_stats: !@ Write_top(KB): kworker/u16:2(15548) 456 vendor.samsung.(2123) 8
04-14 22:08:46.359  2245  2259 E HeatmapThread: ECT Thread time in milliseconds: 1776197326
04-14 22:08:46.364  2245  2259 D HeatmapThread: !@ batteryplugType : 2
04-14 22:08:46.364  2245  2259 D HeatmapThread: !@ batteryLevel : 79  batteryTemperature : 288 
04-14 22:08:46.365  2245  2259 D HeatmapThread: !@ Heatmap currtime: 29603288
04-14 22:08:46.365  2245  2259 D HeatmapThread: !@ Heatmap prevtime: 29603274
04-14 22:08:46.366  2245  2259 D HeatmapThread: !@ Heatmap plugstarttime: 29603071
04-14 22:08:46.366  2245  2259 D HeatmapThread: !@ Heatmap prevv_dsoh_update_time: 29603281
04-14 22:08:46.366  2245  2259 E HeatmapThread: !@ CAM New BSOH: 100
04-14 22:08:46.366  2245  2259 E HeatmapThread: !@ CAM is Working
04-14 22:08:46.645  2765  3621 I bauth_FPBAuthService: pcf : 0x1012, 0 ,1 ,0 ,1 ,0 ,0, 16.0.0.3
04-14 22:08:46.645  2765  3621 I bauth_FPBAuthService: thread id : 1, preenroll_flag : 0, nd cnt : 0, cso : 0, et : 0
04-14 22:08:46.645  2765  3621 I bauth_FPBAuthService: FPBAuthService::timerHandler complete
04-14 22:08:47.359  2245  2259 E HeatmapThread: ECT Thread time in milliseconds: 1776197327
04-14 22:08:47.363  2245  2259 D HeatmapThread: !@ batteryplugType : 2
04-14 22:08:47.363  2245  2259 D HeatmapThread: !@ batteryLevel : 79  batteryTemperature : 288 
04-14 22:08:47.364  2245  2259 D HeatmapThread: !@ Heatmap currtime: 29603288
04-14 22:08:47.364  2245  2259 D HeatmapThread: !@ Heatmap prevtime: 29603274
04-14 22:08:47.364  2245  2259 D HeatmapThread: !@ Heatmap plugstarttime: 29603071
04-14 22:08:47.364  2245  2259 D HeatmapThread: !@ Heatmap prevv_dsoh_update_time: 29603281
04-14 22:08:47.364  2245  2259 E HeatmapThread: !@ CAM New BSOH: 100
04-14 22:08:47.364  2245  2259 E HeatmapThread: !@ CAM is Working
04-14 22:08:47.647  2765  3621 I bauth_FPBAuthService: pcf : 0x1012, 0 ,1 ,0 ,1 ,0 ,0, 16.0.0.3
04-14 22:08:47.647  2765  3621 I bauth_FPBAuthService: thread id : 1, preenroll_flag : 0, nd cnt : 0, cso : 0, et : 0
04-14 22:08:47.647  2765  3621 I bauth_FPBAuthService: FPBAuthService::timerHandler complete
04-14 22:08:47.676  3011  4918 I BatteryService_BatteryPropertiesRegistrar: [getProperty]id:2
04-14 22:08:47.677  3011  4918 I BatteryService_BatteryPropertiesRegistrar: [getProperty]prop.long:-9223372036854775808 ,prop.string:null
04-14 22:08:47.680  3011  4918 I BatteryService_BatteryPropertiesRegistrar: [getProperty]id:4
04-14 22:08:47.680  3011  4918 I BatteryService_BatteryPropertiesRegistrar: [getProperty]prop.long:-9223372036854775808 ,prop.string:null
04-14 22:08:47.901  2085 21685 I sensors-hal: handle_sns_std_sensor_event:90, light_cct: ts = 790821867652564 ns; value = [3, 3, 0, 0, 3, 0, 0, 0, 736, 0]
04-14 22:08:48.123  2117 26931 I StatsHandler: [hvcD_673] Stats: Pending(0) i/p-done(0) Works: Q: 523/Done 518|Work-Rate: Q(0.0/s Avg=0.0/s) Done(0.000/s Avg=0.026/s)| Stream: 30.00fps 979.3Kbps
04-14 22:08:48.123  2117 26931 I StatsHandler: [hvcD_673] Mem-usage:  [In-1D: 11 bufs 88.000 MB] [1D-7035: 32 bufs 0.500 MB] [2D-7036: 21 bufs 47.004 MB] | Total: 135.504 MB
04-14 22:08:48.123  2117 26931 I StatsHandler: [avcD_678] Stats: Pending(0) i/p-done(0) Works: Q: 67/Done 55|Work-Rate: Q(0.0/s Avg=0.0/s) Done(0.000/s Avg=0.003/s)| Stream: 24.00fps 69.5Kbps
04-14 22:08:48.123  2117 26931 I StatsHandler: [avcD_678] Mem-usage:  [In-1D: 11 bufs 88.000 MB] [1D-7045: 28 bufs 0.438 MB] [2D-7046: 17 bufs 5.844 MB] | Total: 94.281 MB
04-14 22:08:48.359  2245  2259 E HeatmapThread: ECT Thread time in milliseconds: 1776197328
04-14 22:08:48.363  2245  2259 D HeatmapThread: !@ batteryplugType : 2
04-14 22:08:48.364  2245  2259 D HeatmapThread: !@ batteryLevel : 79  batteryTemperature : 288 
04-14 22:08:48.364  2245  2259 D HeatmapThread: !@ Heatmap currtime: 29603288
04-14 22:08:48.364  2245  2259 D HeatmapThread: !@ Heatmap prevtime: 29603274
04-14 22:08:48.364  2245  2259 D HeatmapThread: !@ Heatmap plugstarttime: 29603071
04-14 22:08:48.364  2245  2259 D HeatmapThread: !@ Heatmap prevv_dsoh_update_time: 29603281
04-14 22:08:48.365  2245  2259 E HeatmapThread: !@ CAM New BSOH: 100
04-14 22:08:48.365  2245  2259 E HeatmapThread: !@ CAM is Working
04-14 22:08:48.487  3011  3422 D MARsPolicyManager: triggerAction called!
04-14 22:08:48.488  3011  3422 I NSLocationMonitor: getGPSUsingApps() called
04-14 22:08:48.489  5599 15799 I NSLocationManager_FLP: getGPSUsingApps, No change
04-14 22:08:48.649  2765  3621 I bauth_FPBAuthService: pcf : 0x1012, 0 ,1 ,0 ,1 ,0 ,0, 16.0.0.3
04-14 22:08:48.649  2765  3621 I bauth_FPBAuthService: thread id : 1, preenroll_flag : 0, nd cnt : 0, cso : 0, et : 0
04-14 22:08:48.649  2765  3621 I bauth_FPBAuthService: FPBAuthService::timerHandler complete
04-14 22:08:48.752  8355  8355 I wpa_supplicant: Heartbeat 48581
04-14 22:08:49.195  7470  8025 I SDHMS:x : SIOP:: AP:292 BAT:288 USB:280 CHG:276 PA:297 WIFI:293 CF:291 BLK:0 SUBBAT:0 LRPTHM:289 SKIN:295 SKINF:291 SKINB:295 LRP2:295 LRF2:291 LRB2:295 AP2:295 CHG2:294 WIFI2:295 RCV2:287 SPK2:287 FCAM:280 UPSPK:292 DNSPK:280 VAP02:292 VWIFI:296 AMB2:255 AVGCUR:3 POWER:12
04-14 22:08:49.359  2245  2259 E HeatmapThread: ECT Thread time in milliseconds: 1776197329
04-14 22:08:49.362  2245  2259 D HeatmapThread: !@ batteryplugType : 2
04-14 22:08:49.363  2245  2259 D HeatmapThread: !@ batteryLevel : 79  batteryTemperature : 288 
04-14 22:08:49.363  2245  2259 D HeatmapThread: !@ Heatmap currtime: 29603288
04-14 22:08:49.364  2245  2259 D HeatmapThread: !@ Heatmap prevtime: 29603274
04-14 22:08:49.364  2245  2259 D HeatmapThread: !@ Heatmap plugstarttime: 29603071
04-14 22:08:49.364  2245  2259 D HeatmapThread: !@ Heatmap prevv_dsoh_update_time: 29603281
04-14 22:08:49.364  2245  2259 E HeatmapThread: !@ CAM New BSOH: 100
04-14 22:08:49.364  2245  2259 E HeatmapThread: !@ CAM is Working
04-14 22:08:49.649  2765  3621 I bauth_FPBAuthService: pcf : 0x1012, 0 ,1 ,0 ,1 ,0 ,0, 16.0.0.3
04-14 22:08:49.649  2765  3621 I bauth_FPBAuthService: thread id : 1, preenroll_flag : 0, nd cnt : 0, cso : 0, et : 0
04-14 22:08:49.649  2765  3621 I bauth_FPBAuthService: FPBAuthService::timerHandler complete
04-14 22:08:49.681  3011  4918 I BatteryService_BatteryPropertiesRegistrar: [getProperty]id:2
04-14 22:08:49.681  3011  4918 I BatteryService_BatteryPropertiesRegistrar: [getProperty]prop.long:-9223372036854775808 ,prop.string:null
04-14 22:08:49.684  3011  4918 I BatteryService_BatteryPropertiesRegistrar: [getProperty]id:4
04-14 22:08:49.684  3011  4918 I BatteryService_BatteryPropertiesRegistrar: [getProperty]prop.long:-9223372036854775808 ,prop.string:null
04-14 22:08:50.360  2245  2259 E HeatmapThread: ECT Thread time in milliseconds: 1776197330
04-14 22:08:50.364  2245  2259 D HeatmapThread: !@ batteryplugType : 2
04-14 22:08:50.365  2245  2259 D HeatmapThread: !@ batteryLevel : 79  batteryTemperature : 288 
04-14 22:08:50.365  2245  2259 D HeatmapThread: !@ Heatmap currtime: 29603288
04-14 22:08:50.365  2245  2259 D HeatmapThread: !@ Heatmap prevtime: 29603274
04-14 22:08:50.366  2245  2259 D HeatmapThread: !@ Heatmap plugstarttime: 29603071
04-14 22:08:50.366  2245  2259 D HeatmapThread: !@ Heatmap prevv_dsoh_update_time: 29603281
04-14 22:08:50.366  2245  2259 E HeatmapThread: !@ CAM New BSOH: 100
04-14 22:08:50.366  2245  2259 E HeatmapThread: !@ CAM is Working
04-14 22:08:50.651  2765  3621 I bauth_FPBAuthService: pcf : 0x1012, 0 ,1 ,0 ,1 ,0 ,0, 16.0.0.3
04-14 22:08:50.651  2765  3621 I bauth_FPBAuthService: thread id : 1, preenroll_flag : 0, nd cnt : 0, cso : 0, et : 0
04-14 22:08:50.651  2765  3621 I bauth_FPBAuthService: FPBAuthService::timerHandler complete
04-14 22:08:51.360  2245  2259 E HeatmapThread: ECT Thread time in milliseconds: 1776197331
04-14 22:08:51.364  2245  2259 D HeatmapThread: !@ batteryplugType : 2
04-14 22:08:51.364  2245  2259 D HeatmapThread: !@ batteryLevel : 79  batteryTemperature : 288 
04-14 22:08:51.364  2245  2259 D HeatmapThread: !@ Heatmap currtime: 29603288
04-14 22:08:51.365  2245  2259 D HeatmapThread: !@ Heatmap prevtime: 29603274
04-14 22:08:51.365  2245  2259 D HeatmapThread: !@ Heatmap plugstarttime: 29603071
04-14 22:08:51.365  2245  2259 D HeatmapThread: !@ Heatmap prevv_dsoh_update_time: 29603281
04-14 22:08:51.365  2245  2259 E HeatmapThread: !@ CAM New BSOH: 100
04-14 22:08:51.365  2245  2259 E HeatmapThread: !@ CAM is Working
04-14 22:08:51.653  2765  3621 I bauth_FPBAuthService: pcf : 0x1012, 0 ,1 ,0 ,1 ,0 ,0, 16.0.0.3
04-14 22:08:51.653  2765  3621 I bauth_FPBAuthService: thread id : 1, preenroll_flag : 0, nd cnt : 0, cso : 0, et : 0
04-14 22:08:51.653  2765  3621 I bauth_FPBAuthService: FPBAuthService::timerHandler complete
04-14 22:08:51.686  3011  4918 I BatteryService_BatteryPropertiesRegistrar: [getProperty]id:2
04-14 22:08:51.686  3011  4918 I BatteryService_BatteryPropertiesRegistrar: [getProperty]prop.long:-9223372036854775808 ,prop.string:null
04-14 22:08:51.689  3011  4918 I BatteryService_BatteryPropertiesRegistrar: [getProperty]id:4
04-14 22:08:51.689  3011  4918 I BatteryService_BatteryPropertiesRegistrar: [getProperty]prop.long:-9223372036854775808 ,prop.string:null
04-14 22:08:52.232  1204  1204 D io_stats: !@   8,0 r 96220467 1876791832 w 22979939 524042860 d 2874760 713417732 f 692247 1920839 iot 16575312 0 th 0 0 0 pt 0 inp 0 0 350646.677
04-14 22:08:52.287 19643 19663 I Finsky  : [67] Stats for Executor: GrpcBackgroundExecutor vgn@3a940b9[Running, pool size = 1, active threads = 0, queued tasks = 0, completed tasks = 1]
04-14 22:08:52.314  3011  3249 D BatteryExternalStatsWorker: update stats : procstate-change (10)
04-14 22:08:52.314  3011  3249 D BatteryExternalStatsWorker: Fetch WiFi data
04-14 22:08:52.314  3011  3249 D BatteryExternalStatsWorker: Update Rail Energy data
04-14 22:08:52.347  3011  3249 D BatteryExternalStatsWorker: mStats lock released
04-14 22:08:52.359  2245  2259 E HeatmapThread: ECT Thread time in milliseconds: 1776197332
04-14 22:08:52.363  2245  2259 D HeatmapThread: !@ batteryplugType : 2
04-14 22:08:52.364  2245  2259 D HeatmapThread: !@ batteryLevel : 79  batteryTemperature : 288 
04-14 22:08:52.364  2245  2259 D HeatmapThread: !@ Heatmap currtime: 29603288
04-14 22:08:52.364  2245  2259 D HeatmapThread: !@ Heatmap prevtime: 29603274
04-14 22:08:52.364  2245  2259 D HeatmapThread: !@ Heatmap plugstarttime: 29603071
04-14 22:08:52.364  2245  2259 D HeatmapThread: !@ Heatmap prevv_dsoh_update_time: 29603281
04-14 22:08:52.364  2245  2259 E HeatmapThread: !@ CAM New BSOH: 100
04-14 22:08:52.364  2245  2259 E HeatmapThread: !@ CAM is Working
04-14 22:08:52.374  3011  3249 D BatteryExternalStatsWorker: Update wifi state
04-14 22:08:52.375  3011  3249 D BatteryExternalStatsWorker: done updateExternalStatsLocked
04-14 22:08:52.655  2765  3621 I bauth_FPBAuthService: pcf : 0x1012, 0 ,1 ,0 ,1 ,0 ,0, 16.0.0.3
04-14 22:08:52.655  2765  3621 I bauth_FPBAuthService: thread id : 1, preenroll_flag : 0, nd cnt : 0, cso : 0, et : 0
04-14 22:08:52.655  2765  3621 I bauth_FPBAuthService: FPBAuthService::timerHandler complete
04-14 22:08:52.788  3011  4354 D BackgroundInstallControlService: Package event received: 0
04-14 22:08:52.790  8026  8026 D BoundBrokerSvc: onBind: Intent { act=com.google.android.gms.safetynet.service.START xflg=0x4 pkg=com.google.android.gms }
04-14 22:08:52.790  8026  8026 D BoundBrokerSvc: Loading bound service for intent: Intent { act=com.google.android.gms.safetynet.service.START xflg=0x4 pkg=com.google.android.gms }
04-14 22:08:52.799 19643 19676 E AbstractLogEventBuilder: The provided ProductIdOrigin 3 is not one of the process-level expected values: 1 or 2
04-14 22:08:52.824 22665 19623 W GetConfigSnapshotOp: Succeeded but not registered: com.google.android.gms.clearcut_client#com.android.vending [CONTEXT service_id=51 ]
04-14 22:08:53.124  2117 26931 I StatsHandler: [hvcD_673] Stats: Pending(0) i/p-done(0) Works: Q: 523/Done 518|Work-Rate: Q(0.0/s Avg=0.0/s) Done(0.000/s Avg=0.026/s)| Stream: 30.00fps 979.3Kbps
04-14 22:08:53.125  2117 26931 I StatsHandler: [hvcD_673] Mem-usage:  [In-1D: 11 bufs 88.000 MB] [1D-7035: 32 bufs 0.500 MB] [2D-7036: 21 bufs 47.004 MB] | Total: 135.504 MB
04-14 22:08:53.125  2117 26931 I StatsHandler: [avcD_678] Stats: Pending(0) i/p-done(0) Works: Q: 67/Done 55|Work-Rate: Q(0.0/s Avg=0.0/s) Done(0.000/s Avg=0.003/s)| Stream: 24.00fps 69.5Kbps
04-14 22:08:53.125  2117 26931 I StatsHandler: [avcD_678] Mem-usage:  [In-1D: 11 bufs 88.000 MB] [1D-7045: 28 bufs 0.438 MB] [2D-7046: 17 bufs 5.844 MB] | Total: 94.281 MB
04-14 22:08:53.360  2245  2259 E HeatmapThread: ECT Thread time in milliseconds: 1776197333
04-14 22:08:53.364  2245  2259 D HeatmapThread: !@ batteryplugType : 2
04-14 22:08:53.364  2245  2259 D HeatmapThread: !@ batteryLevel : 79  batteryTemperature : 288 
04-14 22:08:53.364  2245  2259 D HeatmapThread: !@ Heatmap currtime: 29603288
04-14 22:08:53.364  2245  2259 D HeatmapThread: !@ Heatmap prevtime: 29603274
04-14 22:08:53.364  2245  2259 D HeatmapThread: !@ Heatmap plugstarttime: 29603071
04-14 22:08:53.364  2245  2259 D HeatmapThread: !@ Heatmap prevv_dsoh_update_time: 29603281
04-14 22:08:53.365  2245  2259 E HeatmapThread: !@ CAM New BSOH: 100
04-14 22:08:53.365  2245  2259 E HeatmapThread: !@ CAM is Working
04-14 22:08:53.442  2188  2188 I seh_thermal_service: getTemperaturesWithType SehTemperatureType: 3
04-14 22:08:53.442  2123  2123 I sehhealth-service: updateLrpSysfs: write: 295
04-14 22:08:53.444  2123  2180 E BatteryDump: !@new_battery_dump : 4136,-17,1125,3331,79,288,280,276,288,0,295,276,0,Not-charging,NO_CHARGING,Normal,Good,PDIC,0,Normal,0,0,9300,0x8000,0x11010000,0x0,0,0,0000,0000,00000000,0,0,0,0,492,4137,7978,1000,0,
04-14 22:08:53.518  3011  3422 D MARsPolicyManager: triggerAction called!
04-14 22:08:53.519  3011  3422 I NSLocationMonitor: getGPSUsingApps() called
04-14 22:08:53.520  5599 15799 I NSLocationManager_FLP: getGPSUsingApps, No change
04-14 22:08:53.632  2085 21685 I sensors-hal: handle_sns_std_sensor_event:90, light_cct: ts = 790827598611991 ns; value = [3, 3, 0, 0, 3, 0, 0, 0, 736, 0]
04-14 22:08:53.657  2765  3621 I bauth_FPBAuthService: pcf : 0x1012, 0 ,1 ,0 ,1 ,0 ,0, 16.0.0.3
04-14 22:08:53.657  2765  3621 I bauth_FPBAuthService: thread id : 1, preenroll_flag : 0, nd cnt : 0, cso : 0, et : 0
04-14 22:08:53.657  2765  3621 I bauth_FPBAuthService: FPBAuthService::timerHandler complete
04-14 22:08:53.691  3011  4851 I BatteryService_BatteryPropertiesRegistrar: [getProperty]id:2
04-14 22:08:53.692  3011  4851 I BatteryService_BatteryPropertiesRegistrar: [getProperty]prop.long:-9223372036854775808 ,prop.string:null
04-14 22:08:53.694  3011  4851 I BatteryService_BatteryPropertiesRegistrar: [getProperty]id:4
04-14 22:08:53.694  3011  4851 I BatteryService_BatteryPropertiesRegistrar: [getProperty]prop.long:-9223372036854775808 ,prop.string:null
04-14 22:08:54.233  1204  1204 D io_stats: !@   8,0 r 96220494 1876792324 w 22979946 524042888 d 2874760 713417732 f 692247 1920839 iot 16575336 0 th 0 0 0 pt 0 inp 0 0 350648.678
04-14 22:08:54.234  1204  1204 D io_stats: !@ Read_top(KB): android.vending(19643) 300 gle.android.gms(8026) 156 .gms.persistent(22665) 36
04-14 22:08:54.234  1204  1204 D io_stats: !@ Write_top(KB): kworker/u16:0(14924) 232 android.vending(19643) 20 vendor.samsung.(2123) 8
04-14 22:08:54.360  2245  2259 E HeatmapThread: ECT Thread time in milliseconds: 1776197334
04-14 22:08:54.364  2245  2259 D HeatmapThread: !@ batteryplugType : 2
04-14 22:08:54.364  2245  2259 D HeatmapThread: !@ batteryLevel : 79  batteryTemperature : 288 
04-14 22:08:54.364  2245  2259 D HeatmapThread: !@ Heatmap currtime: 29603288
04-14 22:08:54.364  2245  2259 D HeatmapThread: !@ Heatmap prevtime: 29603274
04-14 22:08:54.364  2245  2259 D HeatmapThread: !@ Heatmap plugstarttime: 29603071
04-14 22:08:54.364  2245  2259 D HeatmapThread: !@ Heatmap prevv_dsoh_update_time: 29603281
04-14 22:08:54.365  2245  2259 E HeatmapThread: !@ CAM New BSOH: 100
04-14 22:08:54.365  2245  2259 E HeatmapThread: !@ CAM is Working
04-14 22:08:54.659  2765  3621 I bauth_FPBAuthService: pcf : 0x1012, 0 ,1 ,0 ,1 ,0 ,0, 16.0.0.3
04-14 22:08:54.659  2765  3621 I bauth_FPBAuthService: thread id : 1, preenroll_flag : 0, nd cnt : 0, cso : 0, et : 0
04-14 22:08:54.659  2765  3621 I bauth_FPBAuthService: FPBAuthService::timerHandler complete
04-14 22:08:55.359  2245  2259 E HeatmapThread: ECT Thread time in milliseconds: 1776197335
04-14 22:08:55.363  2245  2259 D HeatmapThread: !@ batteryplugType : 2
04-14 22:08:55.363  2245  2259 D HeatmapThread: !@ batteryLevel : 79  batteryTemperature : 288 
04-14 22:08:55.363  2245  2259 D HeatmapThread: !@ Heatmap currtime: 29603288
04-14 22:08:55.364  2245  2259 D HeatmapThread: !@ Heatmap prevtime: 29603274
04-14 22:08:55.364  2245  2259 D HeatmapThread: !@ Heatmap plugstarttime: 29603071
04-14 22:08:55.364  2245  2259 D HeatmapThread: !@ Heatmap prevv_dsoh_update_time: 29603281
04-14 22:08:55.364  2245  2259 E HeatmapThread: !@ CAM New BSOH: 100
