04-14 22:08:11.448  6854 18311 I ControllerEventHandler: [#CMH#] mIdle changed to : false
04-14 22:08:11.448  6854  6943 I SystemBroadcastReceiver: [#CMH#] onReceive completed :  0
04-14 22:08:11.449  6854 18311 I ControllerEventHandler: [#CMH#] cancelling job scheduler 
04-14 22:08:11.449  6854 19837 I ControllerUtils: [#CMH#] updateDynamicViewCount in 
04-14 22:08:11.451  6684 19836 I ControllerUtils: [#CMH#] updateDynamicViewCount in 
04-14 22:08:11.451  6854 19837 I ControllerUtils: [#CMH#] updateDynamicViewCount out 
04-14 22:08:11.453  6854  6854 I CMHJobService: [#CMH#] onStartJob Called at Apr 14,2026 22:08:11 
04-14 22:08:11.453  6854  6854 I CMHJobService: [#CMH#] Battery Percentage is:  0.79, High Temp: 32768
04-14 22:08:11.453  6684  6684 I CMHJobService: [#CMH#] onStartJob Called at Apr 14,2026 22:08:11 
04-14 22:08:11.453  6684  6684 I CMHJobService: [#CMH#] Battery Percentage is:  0.79, High Temp: 32768
04-14 22:08:11.454  6854  6854 I CMHJobService: [#CMH#] Screen is turned off , status :   false  /  return canProcess = true
04-14 22:08:11.454  6854  6854 I CMHJobService: [#CMH#] first request after charging  1776197291453
04-14 22:08:11.454  6854  6854 I CMHJobService: [#CMH#] setBatteryProtectionThreshold ===>>>  80 
04-14 22:08:11.454  6854  6854 I CMHJobService: [#CMH#] Battery Mode (Protection) :  1 / CurrentBatteryLevel : 0.79 
04-14 22:08:11.454  6684  6684 I CMHJobService: [#CMH#] Screen is turned off , status :   false  /  return canProcess = true
04-14 22:08:11.454  6854  6854 I CMHJobService: [#CMH#] Battery Mode (MAXIMUM or LONG_CHARGING) :  80 % 
04-14 22:08:11.454  6684  6684 I CMHJobService: [#CMH#] first request after charging  1776197291453
04-14 22:08:11.454  6854  6854 I CMHJobService: [#CMH#] Battery level basis :  0.75 
04-14 22:08:11.454  6854  6854 I CMHJobService: [#CMH#] Battery isBatteryLevelAvailable ==> true 
04-14 22:08:11.455  6684  6684 I CMHJobService: [#CMH#] setBatteryProtectionThreshold ===>>>  80 
04-14 22:08:11.455  6684  6684 I CMHJobService: [#CMH#] Battery Mode (Protection) :  1 / CurrentBatteryLevel : 0.79 
04-14 22:08:11.455  6684  6684 I CMHJobService: [#CMH#] Battery Mode (MAXIMUM or LONG_CHARGING) :  80 % 
04-14 22:08:11.455  6684  6684 I CMHJobService: [#CMH#] Battery level basis :  0.75 
04-14 22:08:11.455  6684  6684 I CMHJobService: [#CMH#] Battery isBatteryLevelAvailable ==> true 
04-14 22:08:11.456  6854 19838 I ControllerEventHandler: [#CMH#] mIdle changed to : true
04-14 22:08:11.456  6854 19838 I ControllerEventHandler: [#CMH#] Enter Lock 
04-14 22:08:11.456  6684 19836 I ControllerUtils: [#CMH#] updateDynamicViewCount out 
04-14 22:08:11.456  3011  4982 D SGM:GameManager: identifyForegroundApp. com.mindlayer.service, mCurrentUserId: 0, callerUserId: 0
04-14 22:08:11.456  6684 19840 I ControllerEventHandler: [#CMH#] mIdle changed to : true
04-14 22:08:11.457  6854 19838 I PolicyManager: [#CMH#] Is foreground game app: false
04-14 22:08:11.457  6684 19840 I ControllerEventHandler: [#CMH#] Enter Lock 
04-14 22:08:11.457  3011  4982 D SGM:GameManager: identifyForegroundApp. com.mindlayer.service, mCurrentUserId: 0, callerUserId: 150
04-14 22:08:11.457  6684 19840 I PolicyManager: [#CMH#] Is foreground game app: false
04-14 22:08:11.457  6854 19842 I ControllerUtils: [#CMH#] updateDynamicViewCount in 
04-14 22:08:11.458  6684 19844 I ControllerUtils: [#CMH#] updateDynamicViewCount in 
04-14 22:08:11.458  6684 19844 I ControllerUtils: [#CMH#] updateDynamicViewCount out 
04-14 22:08:11.459  6684 19840 I ControllerEventHandler: [#CMH#]  Check for starting Standalone FaceService for just shot ! 
04-14 22:08:11.459  6684 19840 I ControllerEventHandler: [#CMH#] requestToRegisterInstantWorker: mIsPolicyIgnore :  false
04-14 22:08:11.459  6684 19840 I ControllerUtils: [#CMH#] getFaceServiceUnProcessedMediaCount :E .. 
04-14 22:08:11.459  6684 19840 I ControllerEventHandler: [#CMH#] pendingCount<=0, ignore processing ,with isPolicyIgnore : false
04-14 22:08:11.459  6854 19842 I ControllerUtils: [#CMH#] updateDynamicViewCount out 
04-14 22:08:11.459  6684 19840 I ContactsExecutor: [#CMH#] Triggering contacts sync under system idle case 
04-14 22:08:11.460  6684 19840 I BaseThreadPoolExecutor: [#CMH#] Task com.samsung.cmh.core.task.ContactsSyncTask@882e73a is submitted
04-14 22:08:11.460  6684 19840 I ControllerEventHandler: [#CMH#] Enter UnLock 
04-14 22:08:11.462  6448  7022 D ConnectivityManager: StackLog: [android.net.ConnectivityManager.unregisterNetworkCallback(ConnectivityManager.java:5575)] [androidx.work.impl.constraints.trackers.NetworkStateTracker24.stopTracking(NetworkStateTracker.kt:16)] [androidx.work.impl.constraints.controllers.BaseConstraintController$track$1$$ExternalSyntheticLambda0.invoke(R8$$SyntheticClass:29)] [kotlinx.coroutines.channels.ProduceKt.awaitClose(Produce.kt:106)] [kotlinx.coroutines.channels.ProduceKt$awaitClose$1.invokeSuspend(Produce.kt:11)] [kotlin.coroutines.jvm.internal.BaseContinuationImpl.resumeWith(ContinuationImpl.kt:9)] [kotlinx.coroutines.DispatchedTask.run(DispatchedTask.kt:112)] [androidx.work.impl.utils.SerialExecutorImpl$Task.run(SerialExecutorImpl.java:3)] [java.util.concurrent.ThreadPoolExecutor.runWorker(ThreadPoolExecutor.java:1154)] [java.util.concurrent.ThreadPoolExecutor$Worker.run(ThreadPoolExecutor.java:652)] [java.lang.Thread.run(Thread.java:1564)]
04-14 22:08:11.464  3011  4918 I ActivityManager: Changes in 15005004 8 to 10, 128 to 0
04-14 22:08:11.465  3011  4289 D ConnectivityService:  Removing from current network [226 WIFI], leaving 293 requests.
04-14 22:08:11.471  6684  6684 I CMHApplication: [#CMH#] Block to verify, Change Trim Memory Level: 40 
04-14 22:08:11.481  6684 19846 I ContactsSyncTask: [#CMH#] No of Row (CP : 3, Max Id : 5) (CMH :  3, Max Id : 5)
04-14 22:08:11.490  6684 19846 I ContactsSyncTask: [#CMH#] CP time stamp :  1760869796190, CMH time stamp : 1760869796190
04-14 22:08:11.490  6684 19846 I ContactsSyncTask: [#CMH#] Update ITEM :  0
04-14 22:08:11.490  6684 19846 I ContactsSyncTask: [#CMH#] Total Sync Time :  30
04-14 22:08:11.490  6684 19846 I ContactsSyncTask: [#CMH#] End Contacts Sync Task, Trigger contact recommendation task 
04-14 22:08:11.490  6684 19846 I ServiceManager: [#CMH#] wrong data in processNow 
04-14 22:08:11.490  6684 19846 I BaseThreadPoolExecutor: [#CMH#] afterExecute FutureTask
04-14 22:08:11.497 29440 29444 W d.process.acore: Reducing the number of considered missed Gc histogram windows from 261 to 100
04-14 22:08:11.520  6854 19838 I ControllerUtils: [#CMH#] HeavyIpService:  1, isNonJustShotRunningPossible: true, isStopHeavyTask: false
04-14 22:08:11.520  6854 19838 I ControllerUtils: [#CMH#] servicesToStart ==>  HeavyIpService 
04-14 22:08:11.520  6854 19838 I ControllerEventHandler: [#CMH#]  Check for starting Standalone FaceService for just shot ! 
04-14 22:08:11.520  6854 19838 I ControllerEventHandler: [#CMH#] requestToRegisterInstantWorker: mIsPolicyIgnore :  false
04-14 22:08:11.520  6854 19838 I ControllerUtils: [#CMH#] getFaceServiceUnProcessedMediaCount :E .. 
04-14 22:08:11.528  6854 19838 I ControllerEventHandler: [#CMH#] pendingCount<=0, ignore processing ,with isPolicyIgnore : false
04-14 22:08:11.528  6854 19838 I ControllerEventHandler: [#CMH#]  Starting Service : com.samsung.ipservice.HeavyIPService
04-14 22:08:11.532  3011  4354 D BackgroundInstallControlService: Package event received: 0
04-14 22:08:11.532  3011  4918 D ActivityManager: sync unfroze 3078 com.samsung.ipservice for 6
04-14 22:08:11.533  6854 19838 I ServiceManager: [#CMH#] After calling bind service for  HeavyIpService
04-14 22:08:11.534  6854 19838 I ControllerEventHandler: [#CMH#] Enter UnLock 
04-14 22:08:11.536  3078  3078 I HeavyIPService: [IPService] onbind () called 
04-14 22:08:11.536  3078  3078 I HeavyIPService: [IPService] Is storagePermission:  0
04-14 22:08:11.536  3078  3078 I dslte[6.2.34]@TextExtractionProvider: isTextExtractionSupported true
04-14 22:08:11.536  3078  3078 I Utility : [IPService] LiveText Feature ==>  isVisionTextEnabled : true 
04-14 22:08:11.536  3078  3078 I com.samsung.android.ocr.MOCR: OCR Supported : Stride AAR version: 1.5.7
04-14 22:08:11.536  3078  3078 I Utility : [IPService] MOCR Feature ==>  isMOCREnabled : true 
04-14 22:08:11.537  6854  6854 I ServiceManager: [#CMH#]  In onServiceConnected  
04-14 22:08:11.538  6854  6854 I ServiceManager: [#CMH#] Bound to Package  com.samsung.ipservice
04-14 22:08:11.538  6854  6854 I PolicyManager: [#CMH#] Registering ProcessObserver  
04-14 22:08:11.539  3078  3078 I HeavyIPService: [IPService] onSetResponseHandler () called 
04-14 22:08:11.540  3078  3078 I HeavyIPService: [IPService] onPolicyChange () called 
04-14 22:08:11.540  3078  3078 I HeavyIPService: [IPService] onStartService () called 
04-14 22:08:11.546  3078  3078 I BaseThreadPoolExecutor: [IPService] Task c0.a@80730bd is submitted
04-14 22:08:11.547  3078  3078 I HeavyIPServiceController: [IPService] mDynamicViewTask is submitted in start  
04-14 22:08:11.596  2765  3621 I bauth_FPBAuthService: pcf : 0x1012, 0 ,1 ,0 ,1 ,0 ,0, 16.0.0.3
04-14 22:08:11.597  2765  3621 I bauth_FPBAuthService: thread id : 1, preenroll_flag : 0, nd cnt : 0, cso : 0, et : 0
04-14 22:08:11.597  2765  3621 I bauth_FPBAuthService: FPBAuthService::timerHandler complete
04-14 22:08:11.601  3011  4918 I BatteryService_BatteryPropertiesRegistrar: [getProperty]id:2
04-14 22:08:11.601  3011  4918 I BatteryService_BatteryPropertiesRegistrar: [getProperty]prop.long:-9223372036854775808 ,prop.string:null
04-14 22:08:11.604  3011  4918 I BatteryService_BatteryPropertiesRegistrar: [getProperty]id:4
04-14 22:08:11.604  3011  4918 I BatteryService_BatteryPropertiesRegistrar: [getProperty]prop.long:-9223372036854775808 ,prop.string:null
04-14 22:08:11.608  3078 19848 I DynamicViewTask: [IPService] No video left to process 
04-14 22:08:12.211  1204  1204 D io_stats: !@   8,0 r 96220360 1876791316 w 22979830 524040504 d 2874487 713413712 f 692239 1920831 iot 16575100 0 th 0 0 0 pt 0 inp 0 0 350606.656
04-14 22:08:12.359  2245  2259 E HeatmapThread: ECT Thread time in milliseconds: 1776197292
04-14 22:08:12.363  2245  2259 D HeatmapThread: !@ batteryplugType : 2
04-14 22:08:12.364  2245  2259 D HeatmapThread: !@ batteryLevel : 79  batteryTemperature : 288 
04-14 22:08:12.364  2245  2259 D HeatmapThread: !@ Heatmap currtime: 29603288
04-14 22:08:12.364  2245  2259 D HeatmapThread: !@ Heatmap prevtime: 29603274
04-14 22:08:12.364  2245  2259 D HeatmapThread: !@ Heatmap plugstarttime: 29603071
04-14 22:08:12.364  2245  2259 D HeatmapThread: !@ Heatmap prevv_dsoh_update_time: 29603281
04-14 22:08:12.364  2245  2259 E HeatmapThread: !@ CAM New BSOH: 100
04-14 22:08:12.364  2245  2259 E HeatmapThread: !@ CAM is Working
04-14 22:08:12.598  2765  3621 I bauth_FPBAuthService: pcf : 0x1012, 0 ,1 ,0 ,1 ,0 ,0, 16.0.0.3
04-14 22:08:12.598  2765  3621 I bauth_FPBAuthService: thread id : 1, preenroll_flag : 0, nd cnt : 0, cso : 0, et : 0
04-14 22:08:12.598  2765  3621 I bauth_FPBAuthService: FPBAuthService::timerHandler complete
04-14 22:08:12.609  3078 19848 I DynamicViewTask: [IPService] DynamicView task completed, TimeTaken:  1062
04-14 22:08:12.610  3078 19848 I BaseThreadPoolExecutor: [IPService] afterExecute FutureTask
04-14 22:08:12.610  3078 19848 I HeavyIPServiceController: [IPService] onTaskFinished  c0.a@80730bd
04-14 22:08:12.610  3078 19848 I HeavyIPServiceController: [IPService] CMHSIOP (DynamicViewTask) ==>> -3 
04-14 22:08:12.620  3078 19848 I HeavyIPServiceController: [IPService] Sending response for service completion - mDynamicViewTask 
04-14 22:08:12.792  2123  2180 E BatteryDump: !@new_battery_dump : 4138,10,1125,3331,79,288,280,279,288,0,296,279,0,Not-charging,NO_CHARGING,Normal,Good,PDIC,0,Normal,0,0,9300,0x8000,0x11010000,0x0,0,0,0000,0000,00000000,0,0,0,0,492,4137,7978,1000,0,
04-14 22:08:12.796  2188  2188 I seh_thermal_service: getTemperaturesWithType SehTemperatureType: 3
04-14 22:08:12.796  2123  2123 I sehhealth-service: updateLrpSysfs: write: 296
04-14 22:08:13.113  2117 26931 I StatsHandler: [hvcD_673] Stats: Pending(0) i/p-done(0) Works: Q: 523/Done 518|Work-Rate: Q(0.0/s Avg=0.0/s) Done(0.000/s Avg=0.026/s)| Stream: 30.00fps 979.3Kbps
04-14 22:08:13.113  2117 26931 I StatsHandler: [hvcD_673] Mem-usage:  [In-1D: 11 bufs 88.000 MB] [1D-7035: 32 bufs 0.500 MB] [2D-7036: 21 bufs 47.004 MB] | Total: 135.504 MB
04-14 22:08:13.113  2117 26931 I StatsHandler: [avcD_678] Stats: Pending(0) i/p-done(0) Works: Q: 67/Done 55|Work-Rate: Q(0.0/s Avg=0.0/s) Done(0.000/s Avg=0.003/s)| Stream: 24.00fps 69.5Kbps
04-14 22:08:13.114  2117 26931 I StatsHandler: [avcD_678] Mem-usage:  [In-1D: 11 bufs 88.000 MB] [1D-7045: 28 bufs 0.438 MB] [2D-7046: 17 bufs 5.844 MB] | Total: 94.281 MB
04-14 22:08:13.287  3011  3422 D MARsPolicyManager: triggerAction called!
04-14 22:08:13.288  3011  3422 I NSLocationMonitor: getGPSUsingApps() called
04-14 22:08:13.288  5599 15799 I NSLocationManager_FLP: getGPSUsingApps, No change
04-14 22:08:13.360  2245  2259 E HeatmapThread: ECT Thread time in milliseconds: 1776197293
04-14 22:08:13.364  2245  2259 D HeatmapThread: !@ batteryplugType : 2
04-14 22:08:13.365  2245  2259 D HeatmapThread: !@ batteryLevel : 79  batteryTemperature : 288 
04-14 22:08:13.365  2245  2259 D HeatmapThread: !@ Heatmap currtime: 29603288
04-14 22:08:13.365  2245  2259 D HeatmapThread: !@ Heatmap prevtime: 29603274
04-14 22:08:13.365  2245  2259 D HeatmapThread: !@ Heatmap plugstarttime: 29603071
04-14 22:08:13.365  2245  2259 D HeatmapThread: !@ Heatmap prevv_dsoh_update_time: 29603281
04-14 22:08:13.365  2245  2259 E HeatmapThread: !@ CAM New BSOH: 100
04-14 22:08:13.365  2245  2259 E HeatmapThread: !@ CAM is Working
04-14 22:08:13.599  2765  3621 I bauth_FPBAuthService: pcf : 0x1012, 0 ,1 ,0 ,1 ,0 ,0, 16.0.0.3
04-14 22:08:13.599  2765  3621 I bauth_FPBAuthService: thread id : 1, preenroll_flag : 0, nd cnt : 0, cso : 0, et : 0
04-14 22:08:13.599  2765  3621 I bauth_FPBAuthService: FPBAuthService::timerHandler complete
04-14 22:08:13.605  3011  4851 I BatteryService_BatteryPropertiesRegistrar: [getProperty]id:2
04-14 22:08:13.605  3011  4851 I BatteryService_BatteryPropertiesRegistrar: [getProperty]prop.long:-9223372036854775808 ,prop.string:null
04-14 22:08:13.608  3011  4851 I BatteryService_BatteryPropertiesRegistrar: [getProperty]id:4
04-14 22:08:13.608  3011  4851 I BatteryService_BatteryPropertiesRegistrar: [getProperty]prop.long:-9223372036854775808 ,prop.string:null
04-14 22:08:14.212  1204  1204 D io_stats: !@   8,0 r 96220361 1876791320 w 22979832 524040512 d 2874487 713413712 f 692239 1920831 iot 16575112 0 th 0 0 0 pt 0 inp 0 0 350608.657
04-14 22:08:14.212  1204  1204 D io_stats: !@ Read_top(KB): AndroidUI(6448) 108 d.process.acore(29440) 48 com.samsung.cmh(6684) 48
04-14 22:08:14.212  1204  1204 D io_stats: !@ Write_top(KB): kworker/u16:0(14924) 292 d.process.acore(29440) 16 vendor.samsung.(2123) 8
04-14 22:08:14.359  2245  2259 E HeatmapThread: ECT Thread time in milliseconds: 1776197294
04-14 22:08:14.363  2245  2259 D HeatmapThread: !@ batteryplugType : 2
04-14 22:08:14.363  2245  2259 D HeatmapThread: !@ batteryLevel : 79  batteryTemperature : 288 
04-14 22:08:14.364  2245  2259 D HeatmapThread: !@ Heatmap currtime: 29603288
04-14 22:08:14.364  2245  2259 D HeatmapThread: !@ Heatmap prevtime: 29603274
04-14 22:08:14.364  2245  2259 D HeatmapThread: !@ Heatmap plugstarttime: 29603071
04-14 22:08:14.364  2245  2259 D HeatmapThread: !@ Heatmap prevv_dsoh_update_time: 29603281
04-14 22:08:14.364  2245  2259 E HeatmapThread: !@ CAM New BSOH: 100
04-14 22:08:14.364  2245  2259 E HeatmapThread: !@ CAM is Working
04-14 22:08:14.601  2765  3621 I bauth_FPBAuthService: pcf : 0x1012, 0 ,1 ,0 ,1 ,0 ,0, 16.0.0.3
04-14 22:08:14.601  2765  3621 I bauth_FPBAuthService: thread id : 1, preenroll_flag : 0, nd cnt : 0, cso : 0, et : 0
04-14 22:08:14.601  2765  3621 I bauth_FPBAuthService: FPBAuthService::timerHandler complete
04-14 22:08:15.359  2245  2259 E HeatmapThread: ECT Thread time in milliseconds: 1776197295
04-14 22:08:15.363  2245  2259 D HeatmapThread: !@ batteryplugType : 2
04-14 22:08:15.363  2245  2259 D HeatmapThread: !@ batteryLevel : 79  batteryTemperature : 288 
04-14 22:08:15.363  2245  2259 D HeatmapThread: !@ Heatmap currtime: 29603288
04-14 22:08:15.363  2245  2259 D HeatmapThread: !@ Heatmap prevtime: 29603274
04-14 22:08:15.363  2245  2259 D HeatmapThread: !@ Heatmap plugstarttime: 29603071
04-14 22:08:15.363  2245  2259 D HeatmapThread: !@ Heatmap prevv_dsoh_update_time: 29603281
04-14 22:08:15.364  2245  2259 E HeatmapThread: !@ CAM New BSOH: 100
04-14 22:08:15.364  2245  2259 E HeatmapThread: !@ CAM is Working
04-14 22:08:15.602  2765  3621 I bauth_FPBAuthService: pcf : 0x1012, 0 ,1 ,0 ,1 ,0 ,0, 16.0.0.3
04-14 22:08:15.603  2765  3621 I bauth_FPBAuthService: thread id : 1, preenroll_flag : 0, nd cnt : 0, cso : 0, et : 0
04-14 22:08:15.603  2765  3621 I bauth_FPBAuthService: FPBAuthService::timerHandler complete
04-14 22:08:15.609  3011  4851 I BatteryService_BatteryPropertiesRegistrar: [getProperty]id:2
04-14 22:08:15.609  3011  4851 I BatteryService_BatteryPropertiesRegistrar: [getProperty]prop.long:-9223372036854775808 ,prop.string:null
04-14 22:08:15.612  3011  4851 I BatteryService_BatteryPropertiesRegistrar: [getProperty]id:4
04-14 22:08:15.612  3011  4851 I BatteryService_BatteryPropertiesRegistrar: [getProperty]prop.long:-9223372036854775808 ,prop.string:null
04-14 22:08:15.622  3011  4851 D SGM:GameManager: identifyForegroundApp. com.mindlayer.service, mCurrentUserId: 0, callerUserId: 0
04-14 22:08:15.623  6854  6947 I PolicyManager: [#CMH#] Is foreground game app: false
04-14 22:08:15.694  6854  6947 I ServiceManager: [#CMH#] call unbind service  HeavyIpService
04-14 22:08:15.696  6854  6947 I ServiceManager: [#CMH#] unbind service START !:  HeavyIpService  /  Servicesstate : Stopped
04-14 22:08:15.698  3078  3078 I HeavyIPService: [IPService] onDestroy() called 
04-14 22:08:15.698  3078  3078 I HeavyIPService: [IPService] onDestroy() over 
04-14 22:08:15.700  6854  6947 I PolicyManager: [#CMH#] Unregistering ProcessObserver  
04-14 22:08:15.700  6854  6947 I ServiceManager: [#CMH#] unbind service END !!:  HeavyIpService
04-14 22:08:15.700  6854  6947 I ControllerEventHandler: [#CMH#]  Check for starting Standalone FaceService for just shot ! 
04-14 22:08:15.701  6854  6947 I ControllerEventHandler: [#CMH#] requestToRegisterInstantWorker: mIsPolicyIgnore :  false
04-14 22:08:15.701  6854  6947 I ControllerUtils: [#CMH#] getFaceServiceUnProcessedMediaCount :E .. 
04-14 22:08:15.709  6854  6947 I ControllerEventHandler: [#CMH#] pendingCount<=0, ignore processing ,with isPolicyIgnore : false
04-14 22:08:15.717  6854  6947 I ContactsExecutor: [#CMH#] Triggering contacts sync under system idle case 
04-14 22:08:15.717  6854  6947 I BaseThreadPoolExecutor: [#CMH#] Task com.samsung.cmh.core.task.ContactsSyncTask@e30d163 is submitted
04-14 22:08:15.719  3011  4918 I ActivityManager: Changes in 5004 8 to 10, 128 to 0
04-14 22:08:15.733  6854 19850 I ContactsSyncTask: [#CMH#] No of Row (CP : 81, Max Id : 158) (CMH :  81, Max Id : 158)
04-14 22:08:15.736  6854  6854 I CMHApplication: [#CMH#] Block to verify, Change Trim Memory Level: 40 
04-14 22:08:15.738  6854 19850 I ContactsSyncTask: [#CMH#] CP time stamp :  1775933361228, CMH time stamp : 1775933361228
04-14 22:08:15.738 26358 26358 I ContactsProvider: [P] onTrimMemory-success
04-14 22:08:15.739  6854 19850 I ContactsSyncTask: [#CMH#] Update ITEM :  0
04-14 22:08:15.739  6854 19850 I ContactsSyncTask: [#CMH#] Total Sync Time :  22
04-14 22:08:15.739  6854 19850 I ContactsSyncTask: [#CMH#] End Contacts Sync Task, Trigger contact recommendation task 
04-14 22:08:15.739  6854 19850 I ServiceManager: [#CMH#] wrong data in processNow 
04-14 22:08:15.739  6854 19850 I BaseThreadPoolExecutor: [#CMH#] afterExecute FutureTask
04-14 22:08:16.213  1204  1204 D io_stats: !@   8,0 r 96220364 1876791332 w 22979853 524041044 d 2874487 713413712 f 692239 1920831 iot 16575132 0 th 0 0 0 pt 0 inp 0 0 350610.658
04-14 22:08:16.360  2245  2259 E HeatmapThread: ECT Thread time in milliseconds: 1776197296
04-14 22:08:16.365  2245  2259 D HeatmapThread: !@ batteryplugType : 2
04-14 22:08:16.365  2245  2259 D HeatmapThread: !@ batteryLevel : 79  batteryTemperature : 288 
04-14 22:08:16.365  2245  2259 D HeatmapThread: !@ Heatmap currtime: 29603288
04-14 22:08:16.365  2245  2259 D HeatmapThread: !@ Heatmap prevtime: 29603274
04-14 22:08:16.365  2245  2259 D HeatmapThread: !@ Heatmap plugstarttime: 29603071
04-14 22:08:16.365  2245  2259 D HeatmapThread: !@ Heatmap prevv_dsoh_update_time: 29603281
04-14 22:08:16.366  2245  2259 E HeatmapThread: !@ CAM New BSOH: 100
04-14 22:08:16.366  2245  2259 E HeatmapThread: !@ CAM is Working
04-14 22:08:16.376  2085 21685 I sensors-hal: handle_sns_std_sensor_event:90, light_cct: ts = 790790342927692 ns; value = [3, 3, 0, 0, 3, 0, 0, 0, 736, 0]
04-14 22:08:16.603  2765  3621 I bauth_FPBAuthService: pcf : 0x1012, 0 ,1 ,0 ,1 ,0 ,0, 16.0.0.3
04-14 22:08:16.604  2765  3621 I bauth_FPBAuthService: thread id : 1, preenroll_flag : 0, nd cnt : 0, cso : 0, et : 0
04-14 22:08:16.604  2765  3621 I bauth_FPBAuthService: FPBAuthService::timerHandler complete
04-14 22:08:17.360  2245  2259 E HeatmapThread: ECT Thread time in milliseconds: 1776197297
04-14 22:08:17.365  2245  2259 D HeatmapThread: !@ batteryplugType : 2
04-14 22:08:17.366  2245  2259 D HeatmapThread: !@ batteryLevel : 79  batteryTemperature : 288 
04-14 22:08:17.366  2245  2259 D HeatmapThread: !@ Heatmap currtime: 29603288
04-14 22:08:17.366  2245  2259 D HeatmapThread: !@ Heatmap prevtime: 29603274
04-14 22:08:17.367  2245  2259 D HeatmapThread: !@ Heatmap plugstarttime: 29603071
04-14 22:08:17.367  2245  2259 D HeatmapThread: !@ Heatmap prevv_dsoh_update_time: 29603281
04-14 22:08:17.368  2245  2259 E HeatmapThread: !@ CAM New BSOH: 100
04-14 22:08:17.368  2245  2259 E HeatmapThread: !@ CAM is Working
04-14 22:08:17.605  2765  3621 I bauth_FPBAuthService: pcf : 0x1012, 0 ,1 ,0 ,1 ,0 ,0, 16.0.0.3
04-14 22:08:17.605  2765  3621 I bauth_FPBAuthService: thread id : 1, preenroll_flag : 0, nd cnt : 0, cso : 0, et : 0
04-14 22:08:17.605  2765  3621 I bauth_FPBAuthService: FPBAuthService::timerHandler complete
04-14 22:08:17.613  3011  4918 I BatteryService_BatteryPropertiesRegistrar: [getProperty]id:2
04-14 22:08:17.613  3011  4918 I BatteryService_BatteryPropertiesRegistrar: [getProperty]prop.long:-9223372036854775808 ,prop.string:null
04-14 22:08:17.615  3011  4918 I BatteryService_BatteryPropertiesRegistrar: [getProperty]id:4
04-14 22:08:17.615  3011  4918 I BatteryService_BatteryPropertiesRegistrar: [getProperty]prop.long:-9223372036854775808 ,prop.string:null
04-14 22:08:18.011  3011  4299 W DeviceStorageMonitorService: updateBroadcasts(/data) oldLevel:0, newLevel:0, seq:1
04-14 22:08:18.013  3011  4299 D DeviceStorageMonitorService: Available File Node Number is [11201652]
04-14 22:08:18.013  3011  4299 W DeviceStorageMonitorService: updateBroadcasts_filenode(/data) fn_oldLevel:0, fn_newLevel:0, seq:1
04-14 22:08:18.115  2117 26931 I StatsHandler: [hvcD_673] Stats: Pending(0) i/p-done(0) Works: Q: 523/Done 518|Work-Rate: Q(0.0/s Avg=0.0/s) Done(0.000/s Avg=0.026/s)| Stream: 30.00fps 979.3Kbps
04-14 22:08:18.116  2117 26931 I StatsHandler: [hvcD_673] Mem-usage:  [In-1D: 11 bufs 88.000 MB] [1D-7035: 32 bufs 0.500 MB] [2D-7036: 21 bufs 47.004 MB] | Total: 135.504 MB
04-14 22:08:18.116  2117 26931 I StatsHandler: [avcD_678] Stats: Pending(0) i/p-done(0) Works: Q: 67/Done 55|Work-Rate: Q(0.0/s Avg=0.0/s) Done(0.000/s Avg=0.003/s)| Stream: 24.00fps 69.5Kbps
04-14 22:08:18.116  2117 26931 I StatsHandler: [avcD_678] Mem-usage:  [In-1D: 11 bufs 88.000 MB] [1D-7045: 28 bufs 0.438 MB] [2D-7046: 17 bufs 5.844 MB] | Total: 94.281 MB
04-14 22:08:18.214  1204  1204 D io_stats: !@   8,0 r 96220365 1876791336 w 22979853 524041044 d 2874487 713413712 f 692239 1920831 iot 16575140 0 th 0 0 0 pt 0 inp 0 0 350612.658
04-14 22:08:18.214  1204  1204 D io_stats: !@ Read_top(KB): d.process.acore(26358) 8 rbandroid.sleep(25424) 4 kworker/u16:3(19551) 4
04-14 22:08:18.214  1204  1204 D io_stats: !@ Write_top(KB): kworker/u16:3(19551) 516 d.process.acore(26358) 16
04-14 22:08:18.317  3011  3422 D MARsPolicyManager: triggerAction called!
04-14 22:08:18.317  3011  3422 I NSLocationMonitor: getGPSUsingApps() called
04-14 22:08:18.318  5599 15799 I NSLocationManager_FLP: getGPSUsingApps, No change
04-14 22:08:18.360  2245  2259 E HeatmapThread: ECT Thread time in milliseconds: 1776197298
04-14 22:08:18.365  2245  2259 D HeatmapThread: !@ batteryplugType : 2
04-14 22:08:18.365  2245  2259 D HeatmapThread: !@ batteryLevel : 79  batteryTemperature : 288 
04-14 22:08:18.365  2245  2259 D HeatmapThread: !@ Heatmap currtime: 29603288
04-14 22:08:18.365  2245  2259 D HeatmapThread: !@ Heatmap prevtime: 29603274
04-14 22:08:18.366  2245  2259 D HeatmapThread: !@ Heatmap plugstarttime: 29603071
04-14 22:08:18.366  2245  2259 D HeatmapThread: !@ Heatmap prevv_dsoh_update_time: 29603281
04-14 22:08:18.366  2245  2259 E HeatmapThread: !@ CAM New BSOH: 100
04-14 22:08:18.366  2245  2259 E HeatmapThread: !@ CAM is Working
04-14 22:08:18.607  2765  3621 I bauth_FPBAuthService: pcf : 0x1012, 0 ,1 ,0 ,1 ,0 ,0, 16.0.0.3
04-14 22:08:18.607  2765  3621 I bauth_FPBAuthService: thread id : 1, preenroll_flag : 0, nd cnt : 0, cso : 0, et : 0
04-14 22:08:18.607  2765  3621 I bauth_FPBAuthService: FPBAuthService::timerHandler complete
04-14 22:08:18.733  8355  8355 I wpa_supplicant: Heartbeat 48578
04-14 22:08:19.115  7470  8025 I SDHMS:x : SIOP:: AP:293 BAT:288 USB:280 CHG:278 PA:298 WIFI:295 CF:292 BLK:0 SUBBAT:0 LRPTHM:290 SKIN:296 SKINF:291 SKINB:296 LRP2:296 LRF2:291 LRB2:296 AP2:296 CHG2:295 WIFI2:296 RCV2:288 SPK2:287 FCAM:280 UPSPK:293 DNSPK:280 VAP02:294 VWIFI:296 AMB2:255 AVGCUR:7 POWER:28
04-14 22:08:19.360  2245  2259 E HeatmapThread: ECT Thread time in milliseconds: 1776197299
04-14 22:08:19.364  2245  2259 D HeatmapThread: !@ batteryplugType : 2
04-14 22:08:19.365  2245  2259 D HeatmapThread: !@ batteryLevel : 79  batteryTemperature : 288 
04-14 22:08:19.365  2245  2259 D HeatmapThread: !@ Heatmap currtime: 29603288
04-14 22:08:19.365  2245  2259 D HeatmapThread: !@ Heatmap prevtime: 29603274
04-14 22:08:19.365  2245  2259 D HeatmapThread: !@ Heatmap plugstarttime: 29603071
04-14 22:08:19.365  2245  2259 D HeatmapThread: !@ Heatmap prevv_dsoh_update_time: 29603281
04-14 22:08:19.365  2245  2259 E HeatmapThread: !@ CAM New BSOH: 100
04-14 22:08:19.365  2245  2259 E HeatmapThread: !@ CAM is Working
04-14 22:08:19.608  2765  3621 I bauth_FPBAuthService: pcf : 0x1012, 0 ,1 ,0 ,1 ,0 ,0, 16.0.0.3
04-14 22:08:19.609  2765  3621 I bauth_FPBAuthService: thread id : 1, preenroll_flag : 0, nd cnt : 0, cso : 0, et : 0
04-14 22:08:19.609  2765  3621 I bauth_FPBAuthService: FPBAuthService::timerHandler complete
04-14 22:08:19.616  3011  4918 I BatteryService_BatteryPropertiesRegistrar: [getProperty]id:2
04-14 22:08:19.616  3011  4918 I BatteryService_BatteryPropertiesRegistrar: [getProperty]prop.long:-9223372036854775808 ,prop.string:null
04-14 22:08:19.618  3011  4918 I BatteryService_BatteryPropertiesRegistrar: [getProperty]id:4
04-14 22:08:19.619  3011  4918 I BatteryService_BatteryPropertiesRegistrar: [getProperty]prop.long:-9223372036854775808 ,prop.string:null
04-14 22:08:19.769 25814 19644 I NearbyPresence: (REDACTED) [NP_EVENT] %s
04-14 22:08:20.359  2245  2259 E HeatmapThread: ECT Thread time in milliseconds: 1776197300
04-14 22:08:20.364  2245  2259 D HeatmapThread: !@ batteryplugType : 2
04-14 22:08:20.364  2245  2259 D HeatmapThread: !@ batteryLevel : 79  batteryTemperature : 288 
04-14 22:08:20.364  2245  2259 D HeatmapThread: !@ Heatmap currtime: 29603288
04-14 22:08:20.364  2245  2259 D HeatmapThread: !@ Heatmap prevtime: 29603274
04-14 22:08:20.364  2245  2259 D HeatmapThread: !@ Heatmap plugstarttime: 29603071
04-14 22:08:20.364  2245  2259 D HeatmapThread: !@ Heatmap prevv_dsoh_update_time: 29603281
04-14 22:08:20.364  2245  2259 E HeatmapThread: !@ CAM New BSOH: 100
04-14 22:08:20.365  2245  2259 E HeatmapThread: !@ CAM is Working
04-14 22:08:20.609  2765  3621 I bauth_FPBAuthService: pcf : 0x1012, 0 ,1 ,0 ,1 ,0 ,0, 16.0.0.3
04-14 22:08:20.609  2765  3621 I bauth_FPBAuthService: thread id : 1, preenroll_flag : 0, nd cnt : 0, cso : 0, et : 0
04-14 22:08:20.609  2765  3621 I bauth_FPBAuthService: FPBAuthService::timerHandler complete
04-14 22:08:21.207  7470  8010 I SDHMS:n : Periodic event 'saveLog' will starts soon.
04-14 22:08:21.212  7470  8010 I SDHMS:x : Polling event syncDatabaseLocked will starts.
04-14 22:08:21.219  7470  8010 I SDHMS:x : Polling event syncDatabaseLocked finished.
04-14 22:08:21.219  7470  8010 I SDHMS:x : Polling event checkDatabaseLocked will starts.
04-14 22:08:21.233  7470  8010 I SDHMS:x : Polling event checkDatabaseLocked finished.
04-14 22:08:21.233  7470  8010 I SDHMS:x : Polling event checkDatabaseOverflow will starts.
04-14 22:08:21.234  7470  8010 I SDHMS:x : Polling event checkDatabaseOverflow finished.
04-14 22:08:21.359  2245  2259 E HeatmapThread: ECT Thread time in milliseconds: 1776197301
04-14 22:08:21.363  2245  2259 D HeatmapThread: !@ batteryplugType : 2
04-14 22:08:21.363  2245  2259 D HeatmapThread: !@ batteryLevel : 79  batteryTemperature : 288 
04-14 22:08:21.363  2245  2259 D HeatmapThread: !@ Heatmap currtime: 29603288
04-14 22:08:21.364  2245  2259 D HeatmapThread: !@ Heatmap prevtime: 29603274
04-14 22:08:21.364  2245  2259 D HeatmapThread: !@ Heatmap plugstarttime: 29603071
04-14 22:08:21.364  2245  2259 D HeatmapThread: !@ Heatmap prevv_dsoh_update_time: 29603281
04-14 22:08:21.364  2245  2259 E HeatmapThread: !@ CAM New BSOH: 100
04-14 22:08:21.364  2245  2259 E HeatmapThread: !@ CAM is Working
04-14 22:08:21.488  3011  4015 D ActivityManager: freezing 6684 com.samsung.cmh
04-14 22:08:21.497  3011  4289 D InetDiagMessage: Destroyed 0 sockets, proto=IPPROTO_TCP, family=AF_INET, states=14
04-14 22:08:21.500  3011  4289 D InetDiagMessage: Destroyed 0 sockets, proto=IPPROTO_TCP, family=AF_INET6, states=14
04-14 22:08:21.501  3011  4289 D InetDiagMessage: Destroyed live tcp sockets for uids={15005004} in 8ms
04-14 22:08:21.609  2765  3621 I bauth_FPBAuthService: pcf : 0x1012, 0 ,1 ,0 ,1 ,0 ,0, 16.0.0.3
04-14 22:08:21.609  2765  3621 I bauth_FPBAuthService: thread id : 1, preenroll_flag : 0, nd cnt : 0, cso : 0, et : 0
04-14 22:08:21.609  2765  3621 I bauth_FPBAuthService: FPBAuthService::timerHandler complete
04-14 22:08:21.620  3011  4918 I BatteryService_BatteryPropertiesRegistrar: [getProperty]id:2
04-14 22:08:21.620  3011  4918 I BatteryService_BatteryPropertiesRegistrar: [getProperty]prop.long:-9223372036854775808 ,prop.string:null
04-14 22:08:21.622  3011  4918 I BatteryService_BatteryPropertiesRegistrar: [getProperty]id:4
04-14 22:08:21.622  3011  4918 I BatteryService_BatteryPropertiesRegistrar: [getProperty]prop.long:-9223372036854775808 ,prop.string:null
04-14 22:08:22.215  1204  1204 D io_stats: !@   8,0 r 96220435 1876791636 w 22979862 524041364 d 2874487 713413712 f 692239 1920831 iot 16575172 0 th 0 0 0 pt 0 inp 0 0 350616.660
04-14 22:08:22.216  1204  1204 D io_stats: !@ Read_top(KB): c.android.sdhms(7470) 292 kworker/1:3H(19385) 4 kworker/u16:3(19551) 4
04-14 22:08:22.216  1204  1204 D io_stats: !@ Write_top(KB): kworker/u16:3(19551) 308 com.samsung.cmh(6684) 4 com.samsung.cmh(6854) 4
04-14 22:08:22.359  2245  2259 E HeatmapThread: ECT Thread time in milliseconds: 1776197302
04-14 22:08:22.363  2245  2259 D HeatmapThread: !@ batteryplugType : 2
04-14 22:08:22.363  2245  2259 D HeatmapThread: !@ batteryLevel : 79  batteryTemperature : 288 
04-14 22:08:22.363  2245  2259 D HeatmapThread: !@ Heatmap currtime: 29603288
04-14 22:08:22.364  2245  2259 D HeatmapThread: !@ Heatmap prevtime: 29603274
04-14 22:08:22.364  2245  2259 D HeatmapThread: !@ Heatmap plugstarttime: 29603071
04-14 22:08:22.364  2245  2259 D HeatmapThread: !@ Heatmap prevv_dsoh_update_time: 29603281
04-14 22:08:22.364  2245  2259 E HeatmapThread: !@ CAM New BSOH: 100
04-14 22:08:22.364  2245  2259 E HeatmapThread: !@ CAM is Working
04-14 22:08:22.611  2765  3621 I bauth_FPBAuthService: pcf : 0x1012, 0 ,1 ,0 ,1 ,0 ,0, 16.0.0.3
04-14 22:08:22.611  2765  3621 I bauth_FPBAuthService: thread id : 1, preenroll_flag : 0, nd cnt : 0, cso : 0, et : 0
04-14 22:08:22.611  2765  3621 I bauth_FPBAuthService: FPBAuthService::timerHandler complete
04-14 22:08:22.776  2085 21685 I sensors-hal: handle_sns_std_sensor_event:90, light_cct: ts = 790796742939359 ns; value = [3, 3, 0, 0, 3, 0, 0, 0, 736, 0]
04-14 22:08:22.946  2123  2180 E BatteryDump: !@new_battery_dump : 4136,17,1125,3331,79,288,280,278,288,0,296,278,0,Not-charging,NO_CHARGING,Normal,Good,PDIC,0,Normal,0,0,9300,0x8000,0x11010000,0x0,0,0,0000,0000,00000000,0,0,0,0,492,4137,7978,1000,0,
04-14 22:08:22.949  2188  2188 I seh_thermal_service: getTemperaturesWithType SehTemperatureType: 3
04-14 22:08:22.950  2123  2123 I sehhealth-service: updateLrpSysfs: write: 296
04-14 22:08:23.117  2117 26931 I StatsHandler: [hvcD_673] Stats: Pending(0) i/p-done(0) Works: Q: 523/Done 518|Work-Rate: Q(0.0/s Avg=0.0/s) Done(0.000/s Avg=0.026/s)| Stream: 30.00fps 979.3Kbps
04-14 22:08:23.118  2117 26931 I StatsHandler: [hvcD_673] Mem-usage:  [In-1D: 11 bufs 88.000 MB] [1D-7035: 32 bufs 0.500 MB] [2D-7036: 21 bufs 47.004 MB] | Total: 135.504 MB
04-14 22:08:23.118  2117 26931 I StatsHandler: [avcD_678] Stats: Pending(0) i/p-done(0) Works: Q: 67/Done 55|Work-Rate: Q(0.0/s Avg=0.0/s) Done(0.000/s Avg=0.003/s)| Stream: 24.00fps 69.5Kbps
04-14 22:08:23.118  2117 26931 I StatsHandler: [avcD_678] Mem-usage:  [In-1D: 11 bufs 88.000 MB] [1D-7045: 28 bufs 0.438 MB] [2D-7046: 17 bufs 5.844 MB] | Total: 94.281 MB
04-14 22:08:23.295 26358 26387 V CpEventLog(u0): [P] cp_state: [                 contacts = {contacts=81, raw_contacts=100, data=604, account={secphone(1)=10, google(2)=53, sim(3)=12, sim2(4)=6, agg(5)=0, org.thoughtcrime.securesms(8)=19, at.bitfire.icsdroid(18)=0, com.revolut.sso(22)=0, samsung(25)=0, com.github.android(50)=0, com.blizzard.mobile.auth(61)=0, com.blizzard.mobile.auth(62)=0, mobileservice(63)=0, com.microsoft.office(70)=0}, trash=0, trash_acc={}, trash_sync=0, database=contacts2.db} ]
04-14 22:08:23.295 26358 26387 V CpEventLog(u0): [P] cp_state: [               aggregated = {[1]=10, [2,8]=18, [2]=34, [3]=12, [4]=6, [8,2]=1} ]
04-14 22:08:23.295 26358 26387 V CpEventLog(u0): [P] cp_state: [                  request = {ALL(0)={avg=3, cnt=2, dur=6, ops={query=2}}, com.samsung.cmh(6854)={avg=3, cnt=2, dur=6, ops={query=2}}} ]
04-14 22:08:23.295 26358 26387 V CpEventLog(u0): [P] cp_state: [                    calls = {types={[100]=243, [500]=3, [1000]=944}, database=calllog.db} ]
04-14 22:08:23.295 26358 26387 V CpEventLog(u0): [P] cp_state: [                  profile = {contacts=0, raw_contacts=0, data=0, account={secphone(1)=0, google(2)=0, sim(3)=0, sim2(4)=0, agg(5)=0, org.thoughtcrime.securesms(8)=0, at.bitfire.icsdroid(18)=0, com.revolut.sso(22)=0, samsung(25)=0, com.github.android(50)=0, com.blizzard.mobile.auth(61)=0, com.blizzard.mobile.auth(62)=0, mobileservice(63)=0, com.microsoft.office(70)=0}, trash=0, trash_acc={}, trash_sync=0, database=profile.db} ]
04-14 22:08:23.295 26358 26387 V CpEventLog(u0): [P] cp_state: [               sa_profile = {contacts=1, raw_contacts=1, data=0, account={secphone(1)=1, google(2)=0, sim(3)=0, sim2(4)=0, agg(5)=0, org.thoughtcrime.securesms(8)=0, at.bitfire.icsdroid(18)=0, com.revolut.sso(22)=0, samsung(25)=0, com.github.android(50)=0, com.blizzard.mobile.auth(61)=0, com.blizzard.mobile.auth(62)=0, mobileservice(63)=0, com.microsoft.office(70)=0}, trash=0, trash_acc={}, trash_sync=0, database=profile_sa.db} ]
04-14 22:08:23.295 26358 26387 V CpEventLog(u0): [P] cp_state: [                      etc = {binders=0, country_iso=CZ, version=15.6.28, db_version=2000, db_size=0, db_wal_size=0, csc=/, sec_enabled=false, is_roaming=false} ]
04-14 22:08:23.295 26358 26387 V CpEventLog(u0): [P] cp_state: ------------------------------------------------------------------------------
04-14 22:08:23.344  3011  3422 D MARsPolicyManager: triggerAction called!
04-14 22:08:23.344  3011  3422 I NSLocationMonitor: getGPSUsingApps() called
04-14 22:08:23.345  5599 15799 I NSLocationManager_FLP: getGPSUsingApps, No change
04-14 22:08:23.359  2245  2259 E HeatmapThread: ECT Thread time in milliseconds: 1776197303
04-14 22:08:23.363  2245  2259 D HeatmapThread: !@ batteryplugType : 2
04-14 22:08:23.363  2245  2259 D HeatmapThread: !@ batteryLevel : 79  batteryTemperature : 288 
04-14 22:08:23.363  2245  2259 D HeatmapThread: !@ Heatmap currtime: 29603288
04-14 22:08:23.363  2245  2259 D HeatmapThread: !@ Heatmap prevtime: 29603274
04-14 22:08:23.363  2245  2259 D HeatmapThread: !@ Heatmap plugstarttime: 29603071
04-14 22:08:23.363  2245  2259 D HeatmapThread: !@ Heatmap prevv_dsoh_update_time: 29603281
04-14 22:08:23.363  2245  2259 E HeatmapThread: !@ CAM New BSOH: 100
04-14 22:08:23.364  2245  2259 E HeatmapThread: !@ CAM is Working
04-14 22:08:23.613  2765  3621 I bauth_FPBAuthService: pcf : 0x1012, 0 ,1 ,0 ,1 ,0 ,0, 16.0.0.3
04-14 22:08:23.613  2765  3621 I bauth_FPBAuthService: thread id : 1, preenroll_flag : 0, nd cnt : 0, cso : 0, et : 0
04-14 22:08:23.613  2765  3621 I bauth_FPBAuthService: FPBAuthService::timerHandler complete
04-14 22:08:23.624  3011  4918 I BatteryService_BatteryPropertiesRegistrar: [getProperty]id:2
04-14 22:08:23.624  3011  4918 I BatteryService_BatteryPropertiesRegistrar: [getProperty]prop.long:-9223372036854775808 ,prop.string:null
04-14 22:08:23.626  3011  4918 I BatteryService_BatteryPropertiesRegistrar: [getProperty]id:4
04-14 22:08:23.626  3011  4918 I BatteryService_BatteryPropertiesRegistrar: [getProperty]prop.long:-9223372036854775808 ,prop.string:null
04-14 22:08:24.216  1204  1204 D io_stats: !@   8,0 r 96220435 1876791636 w 22979864 524041372 d 2874487 713413712 f 692239 1920831 iot 16575176 0 th 0 0 0 pt 0 inp 0 0 350618.661
04-14 22:08:24.359  2245  2259 E HeatmapThread: ECT Thread time in milliseconds: 1776197304
04-14 22:08:24.363  2245  2259 D HeatmapThread: !@ batteryplugType : 2
04-14 22:08:24.363  2245  2259 D HeatmapThread: !@ batteryLevel : 79  batteryTemperature : 288 
04-14 22:08:24.363  2245  2259 D HeatmapThread: !@ Heatmap currtime: 29603288
04-14 22:08:24.363  2245  2259 D HeatmapThread: !@ Heatmap prevtime: 29603274
04-14 22:08:24.363  2245  2259 D HeatmapThread: !@ Heatmap plugstarttime: 29603071
04-14 22:08:24.363  2245  2259 D HeatmapThread: !@ Heatmap prevv_dsoh_update_time: 29603281
04-14 22:08:24.364  2245  2259 E HeatmapThread: !@ CAM New BSOH: 100
04-14 22:08:24.364  2245  2259 E HeatmapThread: !@ CAM is Working
04-14 22:08:24.614  2765  3621 I bauth_FPBAuthService: pcf : 0x1012, 0 ,1 ,0 ,1 ,0 ,0, 16.0.0.3
04-14 22:08:24.614  2765  3621 I bauth_FPBAuthService: thread id : 1, preenroll_flag : 0, nd cnt : 0, cso : 0, et : 0
04-14 22:08:24.615  2765  3621 I bauth_FPBAuthService: FPBAuthService::timerHandler complete
04-14 22:08:25.359  2245  2259 E HeatmapThread: ECT Thread time in milliseconds: 1776197305
04-14 22:08:25.363  2245  2259 D HeatmapThread: !@ batteryplugType : 2
04-14 22:08:25.364  2245  2259 D HeatmapThread: !@ batteryLevel : 79  batteryTemperature : 288 
04-14 22:08:25.364  2245  2259 D HeatmapThread: !@ Heatmap currtime: 29603288
04-14 22:08:25.364  2245  2259 D HeatmapThread: !@ Heatmap prevtime: 29603274
04-14 22:08:25.364  2245  2259 D HeatmapThread: !@ Heatmap plugstarttime: 29603071
04-14 22:08:25.364  2245  2259 D HeatmapThread: !@ Heatmap prevv_dsoh_update_time: 29603281
04-14 22:08:25.365  2245  2259 E HeatmapThread: !@ CAM New BSOH: 100
04-14 22:08:25.365  2245  2259 E HeatmapThread: !@ CAM is Working
04-14 22:08:25.616  2765  3621 I bauth_FPBAuthService: pcf : 0x1012, 0 ,1 ,0 ,1 ,0 ,0, 16.0.0.3
04-14 22:08:25.617  2765  3621 I bauth_FPBAuthService: thread id : 1, preenroll_flag : 0, nd cnt : 0, cso : 0, et : 0
04-14 22:08:25.617  2765  3621 I bauth_FPBAuthService: FPBAuthService::timerHandler complete
04-14 22:08:25.627  3011  4918 I BatteryService_BatteryPropertiesRegistrar: [getProperty]id:2
04-14 22:08:25.627  3011  4918 I BatteryService_BatteryPropertiesRegistrar: [getProperty]prop.long:-9223372036854775808 ,prop.string:null
04-14 22:08:25.631  3011  4918 I BatteryService_BatteryPropertiesRegistrar: [getProperty]id:4
04-14 22:08:25.632  3011  4918 I BatteryService_BatteryPropertiesRegistrar: [getProperty]prop.long:-9223372036854775808 ,prop.string:null
04-14 22:08:25.716  3011  4015 D ActivityManager: freezing 3078 com.samsung.ipservice
04-14 22:08:25.736  3011  4015 D ActivityManager: freezing 6854 com.samsung.cmh
04-14 22:08:25.744  3011  4289 D InetDiagMessage: Destroyed 0 sockets, proto=IPPROTO_TCP, family=AF_INET, states=14
04-14 22:08:25.746  3011  4289 D InetDiagMessage: Destroyed 0 sockets, proto=IPPROTO_TCP, family=AF_INET6, states=14
04-14 22:08:25.746  3011  4289 D InetDiagMessage: Destroyed live tcp sockets for uids={5004} in 6ms
04-14 22:08:26.213  3011  4378 I BatteryService_BatteryPropertiesRegistrar: [getProperty]id:6
04-14 22:08:26.213  3011  4378 I BatteryService_BatteryPropertiesRegistrar: [getProperty]prop.long:-9223372036854775808 ,prop.string:null
04-14 22:08:26.214  3011  4378 I BatteryService_BatteryPropertiesRegistrar: [getProperty]id:4
04-14 22:08:26.214  3011  4378 I BatteryService_BatteryPropertiesRegistrar: [getProperty]prop.long:-9223372036854775808 ,prop.string:null
04-14 22:08:26.217  3011  4378 I SemWifiIntelligentTrainingManager: Tr. cond. check: false / 1 (2) / false / 0 (1)
04-14 22:08:26.217  3011  4378 I BatteryService_BatteryPropertiesRegistrar: [getProperty]id:6
04-14 22:08:26.217  3011  4378 I BatteryService_BatteryPropertiesRegistrar: [getProperty]prop.long:-9223372036854775808 ,prop.string:null
04-14 22:08:26.217  1204  1204 D io_stats: !@   8,0 r 96220436 1876791640 w 22979873 524041932 d 2874487 713413712 f 692239 1920831 iot 16575184 0 th 0 0 0 pt 0 inp 0 0 350620.662
04-14 22:08:26.218  1204  1204 D io_stats: !@ Read_top(KB): com.discord(22613) 4
04-14 22:08:26.218  1204  1204 D io_stats: !@ Write_top(KB): kworker/u16:0(14924) 560 vendor.samsung.(2123) 8
04-14 22:08:26.360  2245  2259 E HeatmapThread: ECT Thread time in milliseconds: 1776197306
04-14 22:08:26.365  2245  2259 D HeatmapThread: !@ batteryplugType : 2
04-14 22:08:26.365  2245  2259 D HeatmapThread: !@ batteryLevel : 79  batteryTemperature : 288 
04-14 22:08:26.365  2245  2259 D HeatmapThread: !@ Heatmap currtime: 29603288
04-14 22:08:26.365  2245  2259 D HeatmapThread: !@ Heatmap prevtime: 29603274
04-14 22:08:26.365  2245  2259 D HeatmapThread: !@ Heatmap plugstarttime: 29603071
04-14 22:08:26.366  2245  2259 D HeatmapThread: !@ Heatmap prevv_dsoh_update_time: 29603281
04-14 22:08:26.366  2245  2259 E HeatmapThread: !@ CAM New BSOH: 100
04-14 22:08:26.366  2245  2259 E HeatmapThread: !@ CAM is Working
04-14 22:08:26.533 29440 29473 V CpEventLog(u150): [P] cp_state: [                 contacts = {contacts=3, raw_contacts=6, data=17, account={secphone(1)=2, whatsapp(2)=2, sim(3)=0, sim2(4)=0, agg(5)=0, vnd.sec.contact.phone_personal(6)=0, google(7)=1, PHONE(8)=0}, trash=0, trash_acc={}, trash_sync=1, database=contacts2.db} ]
04-14 22:08:26.533 29440 29473 V CpEventLog(u150): [P] cp_state: [               aggregated = {[1,2]=2, [7]=1} ]
04-14 22:08:26.533 29440 29473 V CpEventLog(u150): [P] cp_state: [                  request = {ALL(0)={avg=7, cnt=2, dur=15, ops={query=2}}, com.samsung.cmh(6684)={avg=7, cnt=2, dur=15, ops={query=2}}} ]
04-14 22:08:26.533 29440 29473 V CpEventLog(u150): [P] cp_state: [                    calls = {types={}, database=calllog.db} ]
04-14 22:08:26.533 29440 29473 V CpEventLog(u150): [P] cp_state: [                  profile = {contacts=0, raw_contacts=0, data=0, account={secphone(1)=0, whatsapp(2)=0, sim(3)=0, sim2(4)=0, agg(5)=0, vnd.sec.contact.phone_personal(6)=0, google(7)=0}, trash=0, trash_acc={}, trash_sync=0, database=profile.db} ]
04-14 22:08:26.533 29440 29473 V CpEventLog(u150): [P] cp_state: [               sa_profile = {contacts=0, raw_contacts=0, data=0, account={secphone(1)=0, whatsapp(2)=0, sim(3)=0, sim2(4)=0, agg(5)=0, vnd.sec.contact.phone_personal(6)=0, google(7)=0}, trash=0, trash_acc={}, trash_sync=0, database=profile_sa.db} ]
04-14 22:08:26.533 29440 29473 V CpEventLog(u150): [P] cp_state: [                      etc = {binders=0, country_iso=CZ, version=15.6.28, db_version=2000, db_size=0, db_wal_size=0, csc=/, sec_enabled=false, is_roaming=false} ]
04-14 22:08:26.533 29440 29473 V CpEventLog(u150): [P] cp_state: ------------------------------------------------------------------------------
04-14 22:08:26.618  2765  3621 I bauth_FPBAuthService: pcf : 0x1012, 0 ,1 ,0 ,1 ,0 ,0, 16.0.0.3
04-14 22:08:26.618  2765  3621 I bauth_FPBAuthService: thread id : 1, preenroll_flag : 0, nd cnt : 0, cso : 0, et : 0
04-14 22:08:26.618  2765  3621 I bauth_FPBAuthService: FPBAuthService::timerHandler complete
04-14 22:08:27.360  2245  2259 E HeatmapThread: ECT Thread time in milliseconds: 1776197307
04-14 22:08:27.365  2245  2259 D HeatmapThread: !@ batteryplugType : 2
04-14 22:08:27.365  2245  2259 D HeatmapThread: !@ batteryLevel : 79  batteryTemperature : 288 
04-14 22:08:27.365  2245  2259 D HeatmapThread: !@ Heatmap currtime: 29603288
04-14 22:08:27.365  2245  2259 D HeatmapThread: !@ Heatmap prevtime: 29603274
04-14 22:08:27.365  2245  2259 D HeatmapThread: !@ Heatmap plugstarttime: 29603071
04-14 22:08:27.366  2245  2259 D HeatmapThread: !@ Heatmap prevv_dsoh_update_time: 29603281
04-14 22:08:27.366  2245  2259 E HeatmapThread: !@ CAM New BSOH: 100
04-14 22:08:27.366  2245  2259 E HeatmapThread: !@ CAM is Working
04-14 22:08:27.620  2765  3621 I bauth_FPBAuthService: pcf : 0x1012, 0 ,1 ,0 ,1 ,0 ,0, 16.0.0.3
04-14 22:08:27.620  2765  3621 I bauth_FPBAuthService: thread id : 1, preenroll_flag : 0, nd cnt : 0, cso : 0, et : 0
04-14 22:08:27.620  2765  3621 I bauth_FPBAuthService: FPBAuthService::timerHandler complete
04-14 22:08:27.632  3011  4918 I BatteryService_BatteryPropertiesRegistrar: [getProperty]id:2
04-14 22:08:27.633  3011  4918 I BatteryService_BatteryPropertiesRegistrar: [getProperty]prop.long:-9223372036854775808 ,prop.string:null
04-14 22:08:27.635  3011  4918 I BatteryService_BatteryPropertiesRegistrar: [getProperty]id:4
04-14 22:08:27.635  3011  4918 I BatteryService_BatteryPropertiesRegistrar: [getProperty]prop.long:-9223372036854775808 ,prop.string:null
04-14 22:08:28.119  2117 26931 I StatsHandler: [hvcD_673] Stats: Pending(0) i/p-done(0) Works: Q: 523/Done 518|Work-Rate: Q(0.0/s Avg=0.0/s) Done(0.000/s Avg=0.026/s)| Stream: 30.00fps 979.3Kbps
04-14 22:08:28.119  2117 26931 I StatsHandler: [hvcD_673] Mem-usage:  [In-1D: 11 bufs 88.000 MB] [1D-7035: 32 bufs 0.500 MB] [2D-7036: 21 bufs 47.004 MB] | Total: 135.504 MB
04-14 22:08:28.119  2117 26931 I StatsHandler: [avcD_678] Stats: Pending(0) i/p-done(0) Works: Q: 67/Done 55|Work-Rate: Q(0.0/s Avg=0.0/s) Done(0.000/s Avg=0.003/s)| Stream: 24.00fps 69.5Kbps
04-14 22:08:28.119  2117 26931 I StatsHandler: [avcD_678] Mem-usage:  [In-1D: 11 bufs 88.000 MB] [1D-7045: 28 bufs 0.438 MB] [2D-7046: 17 bufs 5.844 MB] | Total: 94.281 MB
04-14 22:08:28.360  2245  2259 E HeatmapThread: ECT Thread time in milliseconds: 1776197308
04-14 22:08:28.364  2245  2259 D HeatmapThread: !@ batteryplugType : 2
04-14 22:08:28.364  2245  2259 D HeatmapThread: !@ batteryLevel : 79  batteryTemperature : 288 
04-14 22:08:28.365  2245  2259 D HeatmapThread: !@ Heatmap currtime: 29603288
04-14 22:08:28.365  2245  2259 D HeatmapThread: !@ Heatmap prevtime: 29603274
04-14 22:08:28.365  2245  2259 D HeatmapThread: !@ Heatmap plugstarttime: 29603071
04-14 22:08:28.365  2245  2259 D HeatmapThread: !@ Heatmap prevv_dsoh_update_time: 29603281
04-14 22:08:28.365  2245  2259 E HeatmapThread: !@ CAM New BSOH: 100
04-14 22:08:28.365  2245  2259 E HeatmapThread: !@ CAM is Working
04-14 22:08:28.371  3011  3422 D MARsPolicyManager: triggerAction called!
04-14 22:08:28.371  3011  3422 I NSLocationMonitor: getGPSUsingApps() called
04-14 22:08:28.372  5599 15799 I NSLocationManager_FLP: getGPSUsingApps, No change
04-14 22:08:28.621  2765  3621 I bauth_FPBAuthService: pcf : 0x1012, 0 ,1 ,0 ,1 ,0 ,0, 16.0.0.3
04-14 22:08:28.621  2765  3621 I bauth_FPBAuthService: thread id : 1, preenroll_flag : 0, nd cnt : 0, cso : 0, et : 0
04-14 22:08:28.621  2765  3621 I bauth_FPBAuthService: FPBAuthService::timerHandler complete
04-14 22:08:28.703 16237 16357 I S.FlushReqestGen: Queueing async flush of data to disk for 2 listeners.
04-14 22:08:28.730 16237 16281 I S.FlushReqestGen: Async flush done.
04-14 22:08:28.730 16237 16281 D U/AsyncTaskHelper: r8lambdaeKjHpdWvaEhsTIzu7XkVhl4aiT4$3@3a60826 finished, thread=ATH-1. Queue time: 0ms. Run real=25 cpu=18 ms
04-14 22:08:28.741  8355  8355 I wpa_supplicant: Heartbeat 48579
04-14 22:08:29.140  7470  8025 I SDHMS:x : SIOP:: AP:293 BAT:288 USB:280 CHG:277 PA:297 WIFI:294 CF:292 BLK:0 SUBBAT:0 LRPTHM:289 SKIN:296 SKINF:291 SKINB:296 LRP2:296 LRF2:291 LRB2:296 AP2:296 CHG2:294 WIFI2:296 RCV2:288 SPK2:287 FCAM:280 UPSPK:293 DNSPK:280 VAP02:293 VWIFI:296 AMB2:255 AVGCUR:5 POWER:20
04-14 22:08:29.176  2085 21685 I sensors-hal: handle_sns_std_sensor_event:90, light_cct: ts = 790803142941627 ns; value = [3, 3, 0, 0, 3, 0, 0, 0, 736, 0]
04-14 22:08:29.360  2245  2259 E HeatmapThread: ECT Thread time in milliseconds: 1776197309
04-14 22:08:29.365  2245  2259 D HeatmapThread: !@ batteryplugType : 2
04-14 22:08:29.365  2245  2259 D HeatmapThread: !@ batteryLevel : 79  batteryTemperature : 288 
04-14 22:08:29.365  2245  2259 D HeatmapThread: !@ Heatmap currtime: 29603288
04-14 22:08:29.365  2245  2259 D HeatmapThread: !@ Heatmap prevtime: 29603274
