04-14 21:51:36.359  3011  4408 D WifiConnectivityMonitor: VALIDATED_DETECTED
04-14 21:51:36.359  3011  5606 V WifiProfileShare.Caster: checkAndGetShareData - device locked
04-14 21:51:36.360  7616  7616 I [MCFDs]_IntentUtil: emitToConsumer - (WIFI_STATE) ACTION_ID_WIFI_CONNECTED, consumer size=1
04-14 21:51:36.361  4579  4579 D SecImsManager: isWfcEnabledByPlatform
04-14 21:51:36.362  5599  5733 I RequestManager_FLP: onOpChanged, op=0 / packageName=com.samsung.android.fast
04-14 21:51:36.362  5184  5184 I bluetooth-a2dp: android/app/jni/com_android_bluetooth_a2dp.cpp:544 set24GWifiStateNative: Attempting to set 24G wifi state 1
04-14 21:51:36.362  5184  5184 I bluetooth-a2dp: system/btif/src/btif_av.cc:5366 btif_av_source_set_24g_wifi_state: true
04-14 21:51:36.362  4579  4579 D SecImsManager: isWfcEnabledByPlatform
04-14 21:51:36.362 32155 32155 I securewifi: Receiver: onReceive - android.net.wifi.STATE_CHANGE
04-14 21:51:36.363  3011  4061 D SGM:GosNotifyThread: notifyWifiConnectedToGos(), after send intent to GOS. ComponentInfo{com.samsung.android.game.gos/com.samsung.android.game.gos.service.GameIntentService}
04-14 21:51:36.366 32155 32155 I securewifi: Receiver: onReceive - android.net.wifi.STATE_CHANGE
04-14 21:51:36.368 32155 32155 I securewifi: Receiver: onReceive - android.net.wifi.STATE_CHANGE
04-14 21:51:36.351 25814 26302 I NullBinder: NullBinder for android.net.action.RECOMMEND_NETWORKS triggering remote TransactionTooLargeException due to Service without Chimera impl, calling uid: 1000, calling pid: 0
04-14 21:51:36.369 25814 26302 W .gms.persistent: Large reply transaction of 1056768 bytes, interface descriptor , code 1
04-14 21:51:36.369  2245  2259 D HeatmapThread: !@ batteryplugType : 2
04-14 21:51:36.369  2245  2259 D HeatmapThread: !@ batteryLevel : 79  batteryTemperature : 286 
04-14 21:51:36.369  2245  2259 D HeatmapThread: !@ Heatmap currtime: 29603271
04-14 21:51:36.369  2245  2259 D HeatmapThread: !@ Heatmap prevtime: 29603244
04-14 21:51:36.369  2245  2259 D HeatmapThread: !@ Heatmap plugstarttime: 29603071
04-14 21:51:36.369  2245  2259 D HeatmapThread: !@ Heatmap prevv_dsoh_update_time: 29603251
04-14 21:51:36.369  2245  2259 E HeatmapThread: !@ CAM New BSOH: 100
04-14 21:51:36.369  2245  2259 E HeatmapThread: !@ CAM is Working
04-14 21:51:36.370 25814 17981 I FrewleTileCacheManagerV: (REDACTED) Fetched %d AP models from cache
04-14 21:51:36.370 25814 25814 I MagicTether: (REDACTED) [ActiveNetworkTracker] setActiveNetwork: %s
04-14 21:51:36.370 25814 25814 I MagicTether: (REDACTED) [TetherService] onActiveNetworkChanged: network=%s isLost=%s
04-14 21:51:36.370 32155 32155 I securewifi: Receiver: onReceive - android.net.wifi.STATE_CHANGE
04-14 21:51:36.371  3011  4354 D BackgroundInstallControlService: Package event received: 0
04-14 21:51:36.371 25814 17887 I MagicTether: [WifiConnectionHandler] Ignoring getWifiConfigurationByNetworkId when checking connected state [CONTEXT service_id=276 ]
04-14 21:51:36.371 25814 17887 I MagicTether: [WifiConnectionHandler] No networkId set, can't be connected. [CONTEXT service_id=276 ]
04-14 21:51:36.371 25814 17887 I MagicTether: (REDACTED) [TetherService] TRANSPORT_CELLULAR [%s], TRANSPORT_ETHERNET [%s], TRANSPORT_WIFI [%s]
04-14 21:51:36.371 25814 17887 I MagicTether: (REDACTED) [TetherService] setRoles hasActiveNetworkConnection=%s canActiveNetworkBeTethered=%s isConnectedToInstantTether=%s isWifiEnabled=%s isHosting=%s
04-14 21:51:36.371 32155 32155 I securewifi: Receiver: onReceive - android.net.wifi.STATE_CHANGE
04-14 21:51:36.373  3011  4932 I ActivityManager: Changes in 10191 11 to 19, 128 to 0
04-14 21:51:36.373 22665 14923 I DebugExecutorService: execute() called with Runnable: acpf@faebe57
04-14 21:51:36.374 22665 14923 I DebugExecutorService: acpf@faebe57 finished on thread
04-14 21:51:36.374 22665 18010 I DebugExecutorService: execute() called with Runnable: acpj@976e8f3
04-14 21:51:36.374 22665 18010 I DebugExecutorService: acpj@976e8f3 finished on thread
04-14 21:51:36.374 22665 18010 I CrossProfileSender: tryMakeAsyncCalls
04-14 21:51:36.374 22665 18010 I DebugExecutorService: execute() called with Runnable: acph@18d69b0
04-14 21:51:36.374 22665 18010 I DebugExecutorService: acph@18d69b0 finished on thread
04-14 21:51:36.375 22665 18061 I CrossProfileSender: Attempting to bind
04-14 21:51:36.376 24855 18060 I GOS:GameIntentService: onHandleIntent. GameIntentService. type: 16, pkgName: null
04-14 21:51:36.377 25814 25814 I MagicTether: [TetherService] Stopping Nearby client role [CONTEXT service_id=276 ]
04-14 21:51:36.377 25814 25814 I MagicTether: [ClientTetherRole] Client role already stopped [CONTEXT service_id=276 ]
04-14 21:51:36.377 25814 25814 I MagicTether: (REDACTED) [TidepoolFeatureStatusManager] isInstantHotspotEnabled=%s
04-14 21:51:36.377 25814 25814 I MagicTether: [HostTetherRole] Nearby host role already started [CONTEXT service_id=276 ]
04-14 21:51:36.377  3011  4979 D SGM:GameManager: getVersion.
04-14 21:51:36.378 22665 14923 I DebugExecutorService: execute() called with Runnable: acpf@9c645e5
04-14 21:51:36.378 22665 14923 I DebugExecutorService: acpf@9c645e5 finished on thread
04-14 21:51:36.378 22665 18010 I DebugExecutorService: execute() called with Runnable: acpj@c58bec8
04-14 21:51:36.378 22665 18010 I DebugExecutorService: acpj@c58bec8 finished on thread
04-14 21:51:36.378 22665 18010 I CrossProfileSender: tryMakeAsyncCalls
04-14 21:51:36.378 22665 18010 I DebugExecutorService: execute() called with Runnable: acph@196a686
04-14 21:51:36.378 22665 18010 I DebugExecutorService: acph@196a686 finished on thread
04-14 21:51:36.379 22665 18063 I CrossProfileSender: Attempting to bind
04-14 21:51:36.379  2765  3621 I bauth_FPBAuthService: pcf : 0x1012, 0 ,1 ,0 ,1 ,0 ,0, 16.0.0.3
04-14 21:51:36.379  2765  3621 I bauth_FPBAuthService: thread id : 1, preenroll_flag : 0, nd cnt : 0, cso : 0, et : 0
04-14 21:51:36.379  2765  3621 I bauth_FPBAuthService: FPBAuthService::timerHandler complete
04-14 21:51:36.381 22665 18061 I CrossProfileSender: binder.tryBind returned true, expecting onServiceConnected
04-14 21:51:36.381 22665 22665 I CrossProfileSender: onServiceConnected for component ComponentInfo{com.google.android.gms/com.google.android.gms.chimera.PersistentBoundBrokerService}
04-14 21:51:36.381 22665 22665 I DebugExecutorService: execute() called with Runnable: acpo@926a512
04-14 21:51:36.381 22665 22665 I DebugExecutorService: acpo@926a512 finished on thread
04-14 21:51:36.381 22665 18061 I CrossProfileSender: tryMakeAsyncCalls
04-14 21:51:36.381 22665 18061 I DebugExecutorService: execute() called with Runnable: acpk@9abf4e3
04-14 21:51:36.381 22665 18061 I DebugExecutorService: acpk@9abf4e3 finished on thread
04-14 21:51:36.381 22665 18061 I CrossProfileSender: Binding attempt succeeded
04-14 21:51:36.384 22665 16673 I CrossProfileSender: drainAsyncQueue
04-14 21:51:36.384 22665 18063 I CrossProfileSender: binder.tryBind returned true, expecting onServiceConnected
04-14 21:51:36.384 22665 22665 I CrossProfileSender: onServiceConnected for component ComponentInfo{com.google.android.gms/com.google.android.gms.chimera.PersistentBoundBrokerService}
04-14 21:51:36.384 22665 22665 I DebugExecutorService: execute() called with Runnable: acpo@a5a1599
04-14 21:51:36.384 22665 22665 I DebugExecutorService: acpo@a5a1599 finished on thread
04-14 21:51:36.384 22665 18063 I CrossProfileSender: tryMakeAsyncCalls
04-14 21:51:36.384 22665 18063 I DebugExecutorService: execute() called with Runnable: acpk@846005e
04-14 21:51:36.384 22665 18063 I DebugExecutorService: acpk@846005e finished on thread
04-14 21:51:36.384 22665 18063 I CrossProfileSender: Binding attempt succeeded
04-14 21:51:36.384 22665 18061 I CrossProfileSender: drainAsyncQueue
04-14 21:51:36.385 25814 26302 I MagicTether: (REDACTED) [TidepoolFeatureStatusManager] isInstantHotspotEnabled=%s
04-14 21:51:36.385 25814 26302 I MagicTether: [TetherService] isClientRoleRunning: Host role running on this profile, returning false [CONTEXT service_id=276 ]
04-14 21:51:36.385 22665 16673 I DebugExecutorService: execute() called with Runnable: acpg@9efc3f
04-14 21:51:36.385 22665 16673 I DebugExecutorService: acpg@9efc3f finished on thread
04-14 21:51:36.385 25814 25822 I MagicTether: (REDACTED) [TidepoolFeatureStatusManager] isInstantHotspotEnabled=%s
04-14 21:51:36.385 25814 25822 I MagicTether: (REDACTED) [TidepoolFeatureStatusManager] isInstantHotspotEnabled=%s
04-14 21:51:36.385 22665 18063 I CrossProfileSender: Scheduling automatic disconnection
04-14 21:51:36.385 22665 18061 I DebugExecutorService: execute() called with Runnable: acpg@6ad7255
04-14 21:51:36.386 22665 18061 I DebugExecutorService: acpg@6ad7255 finished on thread
04-14 21:51:36.386 22665 18063 I CrossProfileSender: Scheduling automatic disconnection
04-14 21:51:36.386 22665 22665 I MagicTether: [TetherService] Stopping Nearby client role [CONTEXT service_id=276 ]
04-14 21:51:36.386 22665 22665 I MagicTether: [ClientTetherRole] Client role already stopped [CONTEXT service_id=276 ]
04-14 21:51:36.386 25814 25822 W BundleCallSender: Call returned null or empty bytes from acqu
04-14 21:51:36.386 25814 25822 W BundleCallSender: Return bytes are empty
04-14 21:51:36.386 22665 22665 I MagicTether: (REDACTED) [TidepoolFeatureStatusManager] isInstantHotspotEnabled=%s
04-14 21:51:36.386 22665 22665 I MagicTether: [HostTetherRole] Nearby host role already started [CONTEXT service_id=276 ]
04-14 21:51:36.386 25814 26302 W BundleCallSender: Call returned null or empty bytes from acqu
04-14 21:51:36.386 25814 26302 W BundleCallSender: Return bytes are empty
04-14 21:51:36.394  3011  3038 I system_server: Background young concurrent mark compact GC freed 43MB AllocSpace bytes, 111(6496KB) LOS objects, 15% free, 199MB/237MB, paused 1.893ms,9.578ms total 160.287ms
04-14 21:51:36.398  3011  3040 W System  : A resource failed to call HardwareBuffer.close. 
04-14 21:51:36.406  7470  8025 I SDHMS:x : SIOP:: AP:294 BAT:286 USB:280 CHG:276 PA:297 WIFI:294 CF:291 BLK:0 SUBBAT:0 LRPTHM:289 SKIN:295 SKINF:291 SKINB:295 LRP2:295 LRF2:291 LRB2:295 AP2:295 CHG2:294 WIFI2:295 RCV2:288 SPK2:287 FCAM:280 UPSPK:292 DNSPK:280 VAP02:294 VWIFI:296 AMB2:255 AVGCUR:0 POWER:0
04-14 21:51:36.428 24855 18060 I GOS:AlarmController: onUpdateAlarm(), start!, IntentType: WIFI_CONNECTED
04-14 21:51:36.428 24855 18060 I GOS:AlarmController: onUpdateAlarm() - Wi-Fi connected, but GameLastPlayedTime too old. skip update millisFromLastFullyUpdate: 1288097185
04-14 21:51:36.430 24855 18060 I GOS:AlarmController: checkConditionsForPostSync(), result true
04-14 21:51:36.433 24855 18060 I GOS:AlarmController: onUpdateAlarm(), User not agreed, remove Ringlog data. successful: true
04-14 21:51:36.433 24855 18060 I GOS:AlarmController: onUpdateAlarm(), end!
04-14 21:51:36.435 24855 24855 I GOS:App : onTrimMemory 40
04-14 21:51:36.605  3011  4362 D SemClientModeManager: notifyNetworkConnectionEvent wlan0 networkInfoFromCm:[type: WIFI[], state: CONNECTED/CONNECTED, reason: (unspecified), extra: , failover: false, available: true, roaming: false]
04-14 21:51:36.606  3011  4362 V SemClientModeManager: primary interface is not changed wlan0
04-14 21:51:36.848 22665 14923 I FrewleTileCacheManagerV: (REDACTED) Fetched %d AP models from cache
04-14 21:51:36.852  2123  2180 E BatteryDump: !@new_battery_dump : 4137,-25,1125,3331,79,286,280,276,286,0,296,276,0,Not-charging,NO_CHARGING,Normal,Good,PDIC,0,Normal,0,0,9300,0x8000,0x11010000,0x0,0,0,0000,0000,00000000,0,0,0,0,492,4137,7978,1000,0,
04-14 21:51:36.856 25814 18059 I NearbySharing: Network state changed: NetworkState(isRestricted=false, isOnline=true, isCongested=false, isMetered=false, isWifiConnected=true)
04-14 21:51:36.857  2188  2188 I seh_thermal_service: getTemperaturesWithType SehTemperatureType: 3
04-14 21:51:36.858  3011  5151 D SLocation: WifiBssidMonitor - requestRefresh
04-14 21:51:36.858  2123  2123 I sehhealth-service: updateLrpSysfs: write: 295
04-14 21:51:36.858  3011  5151 W SLocation: WifiBssidMonitor - connected wifi : (48:a9:8a:**:**:9c/834)
04-14 21:51:37.125  4642  4781 I EPDG -- SIM0 [SMARTWIFI]: isProfiling, hash=22621963, started=true
04-14 21:51:37.126  4642  4781 I EPDG -- SIM0 [SMARTWIFI]: isProfiling, hash=22621963, started=true
04-14 21:51:37.126  4642  4781 I EPDG -- SIM0 [SMARTWIFI]: Rssi : -49 highrange : -73 lowrange : -79 mIsRssiInHystersis : false
04-14 21:51:37.126  4642  4781 I EPDG -- SIM0 [SMARTWIFI]: getHandoverThresholdMet: value is: false
04-14 21:51:37.360  2245  2259 E HeatmapThread: ECT Thread time in milliseconds: 1776196297
04-14 21:51:37.365  2245  2259 D HeatmapThread: !@ batteryplugType : 2
04-14 21:51:37.365  2245  2259 D HeatmapThread: !@ batteryLevel : 79  batteryTemperature : 286 
04-14 21:51:37.365  2245  2259 D HeatmapThread: !@ Heatmap currtime: 29603271
04-14 21:51:37.365  2245  2259 D HeatmapThread: !@ Heatmap prevtime: 29603244
04-14 21:51:37.365  2245  2259 D HeatmapThread: !@ Heatmap plugstarttime: 29603071
04-14 21:51:37.365  2245  2259 D HeatmapThread: !@ Heatmap prevv_dsoh_update_time: 29603251
04-14 21:51:37.365  2245  2259 E HeatmapThread: !@ CAM New BSOH: 100
04-14 21:51:37.365  2245  2259 E HeatmapThread: !@ CAM is Working
04-14 21:51:37.378  5599  5733 I RequestManager_FLP: onOpChanged, op=0 / packageName=com.samsung.android.fast
04-14 21:51:37.379  2765  3621 I bauth_FPBAuthService: pcf : 0x1012, 0 ,1 ,0 ,1 ,0 ,0, 16.0.0.3
04-14 21:51:37.380  2765  3621 I bauth_FPBAuthService: thread id : 1, preenroll_flag : 0, nd cnt : 0, cso : 0, et : 0
04-14 21:51:37.380  2765  3621 I bauth_FPBAuthService: FPBAuthService::timerHandler complete
04-14 21:51:37.469  3011  4979 I BatteryService_BatteryPropertiesRegistrar: [getProperty]id:2
04-14 21:51:37.470  3011  4979 I BatteryService_BatteryPropertiesRegistrar: [getProperty]prop.long:-9223372036854775808 ,prop.string:null
04-14 21:51:37.472  3011  4975 I BatteryService_BatteryPropertiesRegistrar: [getProperty]id:4
04-14 21:51:37.473  3011  4975 I BatteryService_BatteryPropertiesRegistrar: [getProperty]prop.long:-9223372036854775808 ,prop.string:null
04-14 21:51:37.505  1204  1204 D io_stats: !@   8,0 r 96153163 1875780276 w 22957004 523828700 d 2871136 713016392 f 691638 1919232 iot 16556248 0 th 0 0 0 pt 0 inp 0 0 349611.950
04-14 21:51:37.506  1204  1204 D io_stats: !@ Read_top(KB): AndroidUI(6448) 18636 le_art_image_36(9008) 8764 le_art_image_35(29563) 3624
04-14 21:51:37.506  1204  1204 D io_stats: !@ Write_top(KB): kworker/u16:0(14924) 988 system_server(3011) 20 rkstack.process(4627) 12
04-14 21:51:37.898  2117 26931 I StatsHandler: [hvcD_673] Stats: Pending(0) i/p-done(0) Works: Q: 523/Done 518|Work-Rate: Q(0.0/s Avg=0.0/s) Done(0.000/s Avg=0.028/s)| Stream: 30.00fps 979.3Kbps
04-14 21:51:37.898  2117 26931 I StatsHandler: [hvcD_673] Mem-usage:  [In-1D: 11 bufs 88.000 MB] [1D-7035: 32 bufs 0.500 MB] [2D-7036: 21 bufs 47.004 MB] | Total: 135.504 MB
04-14 21:51:37.898  2117 26931 I StatsHandler: [avcD_678] Stats: Pending(0) i/p-done(0) Works: Q: 67/Done 55|Work-Rate: Q(0.0/s Avg=0.0/s) Done(0.000/s Avg=0.003/s)| Stream: 24.00fps 69.5Kbps
04-14 21:51:37.898  2117 26931 I StatsHandler: [avcD_678] Mem-usage:  [In-1D: 11 bufs 88.000 MB] [1D-7045: 28 bufs 0.438 MB] [2D-7046: 17 bufs 5.844 MB] | Total: 94.281 MB
04-14 21:51:38.241  3011  4015 D ActivityManager: FCA:Reclamation for pid: 1689
04-14 21:51:38.245  8355  8355 I wpa_supplicant: Heartbeat 48478
04-14 21:51:38.303  3011  4408 D WifiConnectivityMonitor: EVENT_DHCP_SESSION_COMPLETE
04-14 21:51:38.359  2245  2259 E HeatmapThread: ECT Thread time in milliseconds: 1776196298
04-14 21:51:38.363  2245  2259 D HeatmapThread: !@ batteryplugType : 2
04-14 21:51:38.363  2245  2259 D HeatmapThread: !@ batteryLevel : 79  batteryTemperature : 286 
04-14 21:51:38.363  2245  2259 D HeatmapThread: !@ Heatmap currtime: 29603271
04-14 21:51:38.363  2245  2259 D HeatmapThread: !@ Heatmap prevtime: 29603244
04-14 21:51:38.363  2245  2259 D HeatmapThread: !@ Heatmap plugstarttime: 29603071
04-14 21:51:38.364  2245  2259 D HeatmapThread: !@ Heatmap prevv_dsoh_update_time: 29603251
04-14 21:51:38.364  2245  2259 E HeatmapThread: !@ CAM New BSOH: 100
04-14 21:51:38.364  2245  2259 E HeatmapThread: !@ CAM is Working
04-14 21:51:38.381  2765  3621 I bauth_FPBAuthService: pcf : 0x1012, 0 ,1 ,0 ,1 ,0 ,0, 16.0.0.3
04-14 21:51:38.381  2765  3621 I bauth_FPBAuthService: thread id : 1, preenroll_flag : 0, nd cnt : 0, cso : 0, et : 0
04-14 21:51:38.381  2765  3621 I bauth_FPBAuthService: FPBAuthService::timerHandler complete
04-14 21:51:38.546  2085 21685 I sensors-hal: handle_sns_std_sensor_event:90, light_cct: ts = 789792512507233 ns; value = [2, 2, 0, 0, 2, 0, 0, 0, 672, 0]
04-14 21:51:39.359  2245  2259 E HeatmapThread: ECT Thread time in milliseconds: 1776196299
04-14 21:51:39.363  2245  2259 D HeatmapThread: !@ batteryplugType : 2
04-14 21:51:39.363  2245  2259 D HeatmapThread: !@ batteryLevel : 79  batteryTemperature : 286 
04-14 21:51:39.364  2245  2259 D HeatmapThread: !@ Heatmap currtime: 29603271
04-14 21:51:39.364  2245  2259 D HeatmapThread: !@ Heatmap prevtime: 29603244
04-14 21:51:39.364  2245  2259 D HeatmapThread: !@ Heatmap plugstarttime: 29603071
04-14 21:51:39.365  2245  2259 D HeatmapThread: !@ Heatmap prevv_dsoh_update_time: 29603251
04-14 21:51:39.365  2245  2259 E HeatmapThread: !@ CAM New BSOH: 100
04-14 21:51:39.365  2245  2259 E HeatmapThread: !@ CAM is Working
04-14 21:51:39.381  2765  3621 I bauth_FPBAuthService: pcf : 0x1012, 0 ,1 ,0 ,1 ,0 ,0, 16.0.0.3
04-14 21:51:39.381  2765  3621 I bauth_FPBAuthService: thread id : 1, preenroll_flag : 0, nd cnt : 0, cso : 0, et : 0
04-14 21:51:39.381  2765  3621 I bauth_FPBAuthService: FPBAuthService::timerHandler complete
04-14 21:51:39.474  3011  4979 I BatteryService_BatteryPropertiesRegistrar: [getProperty]id:2
04-14 21:51:39.475  3011  4979 I BatteryService_BatteryPropertiesRegistrar: [getProperty]prop.long:-9223372036854775808 ,prop.string:null
04-14 21:51:39.477  3011  4979 I BatteryService_BatteryPropertiesRegistrar: [getProperty]id:4
04-14 21:51:39.477  3011  4979 I BatteryService_BatteryPropertiesRegistrar: [getProperty]prop.long:-9223372036854775808 ,prop.string:null
04-14 21:51:39.507  1204  1204 D io_stats: !@   8,0 r 96153166 1875780288 w 22957004 523828700 d 2871136 713016392 f 691638 1919232 iot 16556252 0 th 0 0 0 pt 0 inp 0 0 349613.951
04-14 21:51:40.155  4642  4781 I EPDG -- SIM0 [SMARTWIFI]: isProfiling, hash=22621963, started=true
04-14 21:51:40.156  4642  4781 I EPDG -- SIM0 [SMARTWIFI]: isProfiling, hash=22621963, started=true
04-14 21:51:40.156  4642  4781 I EPDG -- SIM0 [SMARTWIFI]: Rssi : -46 highrange : -73 lowrange : -79 mIsRssiInHystersis : false
04-14 21:51:40.156  4642  4781 I EPDG -- SIM0 [SMARTWIFI]: getHandoverThresholdMet: value is: false
04-14 21:51:40.246  2250  2250 I SurfaceFlinger: SFWD update time=349614690890951
04-14 21:51:40.360  2245  2259 E HeatmapThread: ECT Thread time in milliseconds: 1776196300
04-14 21:51:40.363  2245  2259 D HeatmapThread: !@ batteryplugType : 2
04-14 21:51:40.364  2245  2259 D HeatmapThread: !@ batteryLevel : 79  batteryTemperature : 286 
04-14 21:51:40.364  2245  2259 D HeatmapThread: !@ Heatmap currtime: 29603271
04-14 21:51:40.364  2245  2259 D HeatmapThread: !@ Heatmap prevtime: 29603244
04-14 21:51:40.364  2245  2259 D HeatmapThread: !@ Heatmap plugstarttime: 29603071
04-14 21:51:40.365  2245  2259 D HeatmapThread: !@ Heatmap prevv_dsoh_update_time: 29603251
04-14 21:51:40.365  2245  2259 E HeatmapThread: !@ CAM New BSOH: 100
04-14 21:51:40.365  2245  2259 E HeatmapThread: !@ CAM is Working
04-14 21:51:40.382  2765  3621 I bauth_FPBAuthService: pcf : 0x1012, 0 ,1 ,0 ,1 ,0 ,0, 16.0.0.3
04-14 21:51:40.382  2765  3621 I bauth_FPBAuthService: thread id : 1, preenroll_flag : 0, nd cnt : 0, cso : 0, et : 0
04-14 21:51:40.382  2765  3621 I bauth_FPBAuthService: FPBAuthService::timerHandler complete
04-14 21:51:41.181  2557  2557 I CNSS    : /sys/wifi/max_chipset_log_size doesn't exist
04-14 21:51:41.203  3011  3422 D MARsPolicyManager: triggerAction called!
04-14 21:51:41.203  3011  3422 I NSLocationMonitor: getGPSUsingApps() called
04-14 21:51:41.204  5599 15799 I NSLocationManager_FLP: getGPSUsingApps, No change
04-14 21:51:41.207  3011  3422 W Binder  : Outgoing transactions from this process must be FLAG_ONEWAY
04-14 21:51:41.207  3011  3422 W Binder  : java.lang.Throwable
04-14 21:51:41.207  3011  3422 W Binder  : 	at android.os.BinderProxy.transact(BinderProxy.java:566)
04-14 21:51:41.207  3011  3422 W Binder  : 	at android.bluetooth.IBluetoothGatt$Stub$Proxy.getAdvertisingSetUids(IBluetoothGatt.java:1678)
04-14 21:51:41.207  3011  3422 W Binder  : 	at android.bluetooth.BluetoothAdapter.getAdvertisingSetUids(BluetoothAdapter.java:8476)
04-14 21:51:41.207  3011  3422 W Binder  : 	at android.bluetooth.BluetoothAdapter.getHWUsingApps(BluetoothAdapter.java:1342)
04-14 21:51:41.207  3011  3422 W Binder  : 	at com.android.server.am.mars.filter.filter.BlueToothConnectedFilter.updateBTUsingPackages(qb/107205452 23b1c2b3594a0a9ead69f008a48e4960026b8f9b8d3e6a94bca8d407f0409d91:22)
04-14 21:51:41.207  3011  3422 W Binder  : 	at com.android.server.am.MARsPolicyManager.triggerAction(qb/107205452 23b1c2b3594a0a9ead69f008a48e4960026b8f9b8d3e6a94bca8d407f0409d91:96)
04-14 21:51:41.207  3011  3422 W Binder  : 	at com.android.server.am.MARsHandler$MainHandler.handleMessage(qb/107205452 23b1c2b3594a0a9ead69f008a48e4960026b8f9b8d3e6a94bca8d407f0409d91:1830)
04-14 21:51:41.207  3011  3422 W Binder  : 	at android.os.Handler.dispatchMessage(Handler.java:110)
04-14 21:51:41.207  3011  3422 W Binder  : 	at android.os.Looper.loopOnce(Looper.java:273)
04-14 21:51:41.207  3011  3422 W Binder  : 	at android.os.Looper.loop(Looper.java:363)
04-14 21:51:41.207  3011  3422 W Binder  : 	at com.android.server.am.MARsHandler$MainThread.run(qb/107205452 23b1c2b3594a0a9ead69f008a48e4960026b8f9b8d3e6a94bca8d407f0409d91:27)
04-14 21:51:41.359  2245  2259 E HeatmapThread: ECT Thread time in milliseconds: 1776196301
04-14 21:51:41.362  2245  2259 D HeatmapThread: !@ batteryplugType : 2
04-14 21:51:41.362  2245  2259 D HeatmapThread: !@ batteryLevel : 79  batteryTemperature : 286 
04-14 21:51:41.362  2245  2259 D HeatmapThread: !@ Heatmap currtime: 29603271
04-14 21:51:41.362  2245  2259 D HeatmapThread: !@ Heatmap prevtime: 29603244
04-14 21:51:41.363  2245  2259 D HeatmapThread: !@ Heatmap plugstarttime: 29603071
04-14 21:51:41.363  2245  2259 D HeatmapThread: !@ Heatmap prevv_dsoh_update_time: 29603251
04-14 21:51:41.363  2245  2259 E HeatmapThread: !@ CAM New BSOH: 100
04-14 21:51:41.364  2245  2259 E HeatmapThread: !@ CAM is Working
04-14 21:51:41.382  2765  3621 I bauth_FPBAuthService: pcf : 0x1012, 0 ,1 ,0 ,1 ,0 ,0, 16.0.0.3
04-14 21:51:41.382  2765  3621 I bauth_FPBAuthService: thread id : 1, preenroll_flag : 0, nd cnt : 0, cso : 0, et : 0
04-14 21:51:41.382  2765  3621 I bauth_FPBAuthService: FPBAuthService::timerHandler complete
04-14 21:51:41.478  3011  4979 I BatteryService_BatteryPropertiesRegistrar: [getProperty]id:2
04-14 21:51:41.479  3011  4979 I BatteryService_BatteryPropertiesRegistrar: [getProperty]prop.long:-9223372036854775808 ,prop.string:null
04-14 21:51:41.481  3011  4979 I BatteryService_BatteryPropertiesRegistrar: [getProperty]id:4
04-14 21:51:41.481  3011  4979 I BatteryService_BatteryPropertiesRegistrar: [getProperty]prop.long:-9223372036854775808 ,prop.string:null
04-14 21:51:41.508  1204  1204 D io_stats: !@   8,0 r 96153188 1875780416 w 22957006 523828708 d 2871136 713016392 f 691638 1919232 iot 16556264 0 th 0 0 0 pt 0 inp 0 0 349615.952
04-14 21:51:41.508  1204  1204 D io_stats: !@ Read_top(KB): droid.daemonapp(15068) 128 .gms.persistent(25814) 12
04-14 21:51:41.509  1204  1204 D io_stats: !@ Write_top(KB): kworker/u16:2(15548) 4 .apps.messaging(24869) 4
04-14 21:51:42.360  2245  2259 E HeatmapThread: ECT Thread time in milliseconds: 1776196302
04-14 21:51:42.364  2245  2259 D HeatmapThread: !@ batteryplugType : 2
04-14 21:51:42.365  2245  2259 D HeatmapThread: !@ batteryLevel : 79  batteryTemperature : 286 
04-14 21:51:42.365  2245  2259 D HeatmapThread: !@ Heatmap currtime: 29603271
04-14 21:51:42.365  2245  2259 D HeatmapThread: !@ Heatmap prevtime: 29603244
04-14 21:51:42.365  2245  2259 D HeatmapThread: !@ Heatmap plugstarttime: 29603071
04-14 21:51:42.365  2245  2259 D HeatmapThread: !@ Heatmap prevv_dsoh_update_time: 29603251
04-14 21:51:42.366  2245  2259 E HeatmapThread: !@ CAM New BSOH: 100
04-14 21:51:42.366  2245  2259 E HeatmapThread: !@ CAM is Working
04-14 21:51:42.383  2765  3621 I bauth_FPBAuthService: pcf : 0x1012, 0 ,1 ,0 ,1 ,0 ,0, 16.0.0.3
04-14 21:51:42.383  2765  3621 I bauth_FPBAuthService: thread id : 1, preenroll_flag : 0, nd cnt : 0, cso : 0, et : 0
04-14 21:51:42.383  2765  3621 I bauth_FPBAuthService: FPBAuthService::timerHandler complete
04-14 21:51:42.898  2117 26931 I StatsHandler: [hvcD_673] Stats: Pending(0) i/p-done(0) Works: Q: 523/Done 518|Work-Rate: Q(0.0/s Avg=0.0/s) Done(0.000/s Avg=0.028/s)| Stream: 30.00fps 979.3Kbps
04-14 21:51:42.899  2117 26931 I StatsHandler: [hvcD_673] Mem-usage:  [In-1D: 11 bufs 88.000 MB] [1D-7035: 32 bufs 0.500 MB] [2D-7036: 21 bufs 47.004 MB] | Total: 135.504 MB
04-14 21:51:42.899  2117 26931 I StatsHandler: [avcD_678] Stats: Pending(0) i/p-done(0) Works: Q: 67/Done 55|Work-Rate: Q(0.0/s Avg=0.0/s) Done(0.000/s Avg=0.003/s)| Stream: 24.00fps 69.5Kbps
04-14 21:51:42.899  2117 26931 I StatsHandler: [avcD_678] Mem-usage:  [In-1D: 11 bufs 88.000 MB] [1D-7045: 28 bufs 0.438 MB] [2D-7046: 17 bufs 5.844 MB] | Total: 94.281 MB
04-14 21:51:43.184  4642  4781 I EPDG -- SIM0 [SMARTWIFI]: isProfiling, hash=22621963, started=true
04-14 21:51:43.184  4642  4781 I EPDG -- SIM0 [SMARTWIFI]: isProfiling, hash=22621963, started=true
04-14 21:51:43.184  4642  4781 I EPDG -- SIM0 [SMARTWIFI]: Rssi : -43 highrange : -73 lowrange : -79 mIsRssiInHystersis : false
04-14 21:51:43.184  4642  4781 I EPDG -- SIM0 [SMARTWIFI]: getHandoverThresholdMet: value is: false
04-14 21:51:43.359  2245  2259 E HeatmapThread: ECT Thread time in milliseconds: 1776196303
04-14 21:51:43.363  2245  2259 D HeatmapThread: !@ batteryplugType : 2
04-14 21:51:43.364  2245  2259 D HeatmapThread: !@ batteryLevel : 79  batteryTemperature : 286 
04-14 21:51:43.364  2245  2259 D HeatmapThread: !@ Heatmap currtime: 29603271
04-14 21:51:43.364  2245  2259 D HeatmapThread: !@ Heatmap prevtime: 29603244
04-14 21:51:43.364  2245  2259 D HeatmapThread: !@ Heatmap plugstarttime: 29603071
04-14 21:51:43.365  2245  2259 D HeatmapThread: !@ Heatmap prevv_dsoh_update_time: 29603251
04-14 21:51:43.365  2245  2259 E HeatmapThread: !@ CAM New BSOH: 100
04-14 21:51:43.365  2245  2259 E HeatmapThread: !@ CAM is Working
04-14 21:51:43.384  2765  3621 I bauth_FPBAuthService: pcf : 0x1012, 0 ,1 ,0 ,1 ,0 ,0, 16.0.0.3
04-14 21:51:43.385  2765  3621 I bauth_FPBAuthService: thread id : 1, preenroll_flag : 0, nd cnt : 0, cso : 0, et : 0
04-14 21:51:43.385  2765  3621 I bauth_FPBAuthService: FPBAuthService::timerHandler complete
04-14 21:51:43.481  3011  4979 I BatteryService_BatteryPropertiesRegistrar: [getProperty]id:2
04-14 21:51:43.481  3011  4979 I BatteryService_BatteryPropertiesRegistrar: [getProperty]prop.long:-9223372036854775808 ,prop.string:null
04-14 21:51:43.484  3011  4979 I BatteryService_BatteryPropertiesRegistrar: [getProperty]id:4
04-14 21:51:43.484  3011  4979 I BatteryService_BatteryPropertiesRegistrar: [getProperty]prop.long:-9223372036854775808 ,prop.string:null
04-14 21:51:43.510  1204  1204 D io_stats: !@   8,0 r 96153197 1875780908 w 22957010 523828948 d 2871136 713016392 f 691638 1919232 iot 16556292 0 th 0 0 0 pt 0 inp 0 0 349617.954
04-14 21:51:43.848 16237 16355 W R:Battery: Didn't get new data for BATTERY_CHANGED, retrying later
04-14 21:51:44.359  2245  2259 E HeatmapThread: ECT Thread time in milliseconds: 1776196304
04-14 21:51:44.362  2245  2259 D HeatmapThread: !@ batteryplugType : 2
04-14 21:51:44.363  2245  2259 D HeatmapThread: !@ batteryLevel : 79  batteryTemperature : 286 
04-14 21:51:44.363  2245  2259 D HeatmapThread: !@ Heatmap currtime: 29603271
04-14 21:51:44.364  2245  2259 D HeatmapThread: !@ Heatmap prevtime: 29603244
04-14 21:51:44.364  2245  2259 D HeatmapThread: !@ Heatmap plugstarttime: 29603071
04-14 21:51:44.364  2245  2259 D HeatmapThread: !@ Heatmap prevv_dsoh_update_time: 29603251
04-14 21:51:44.364  2245  2259 E HeatmapThread: !@ CAM New BSOH: 100
04-14 21:51:44.365  2245  2259 E HeatmapThread: !@ CAM is Working
04-14 21:51:44.386  2765  3621 I bauth_FPBAuthService: pcf : 0x1012, 0 ,1 ,0 ,1 ,0 ,0, 16.0.0.3
04-14 21:51:44.387  2765  3621 I bauth_FPBAuthService: thread id : 1, preenroll_flag : 0, nd cnt : 0, cso : 0, et : 0
04-14 21:51:44.387  2765  3621 I bauth_FPBAuthService: FPBAuthService::timerHandler complete
04-14 21:51:44.666  3011  4329 D UsbStatsMonitor: 0 0 0 0 0 0 0 0 0 0 0 0 0 0 0 0 0 0 0 0 0 0 0 0 0 0 0 0 0 0 0 0 0 0 0 0 0 0 0 0 0 0 0 0 0 0 0 0 0 0 0 0 0 0 0 0 0 214748364802
04-14 21:51:44.946  2085 21685 I sensors-hal: handle_sns_std_sensor_event:90, light_cct: ts = 789798912510879 ns; value = [2, 2, 0, 0, 2, 0, 0, 0, 672, 0]
04-14 21:51:45.359  2245  2259 E HeatmapThread: ECT Thread time in milliseconds: 1776196305
04-14 21:51:45.362  2245  2259 D HeatmapThread: !@ batteryplugType : 2
04-14 21:51:45.362  2245  2259 D HeatmapThread: !@ batteryLevel : 79  batteryTemperature : 286 
04-14 21:51:45.362  2245  2259 D HeatmapThread: !@ Heatmap currtime: 29603271
04-14 21:51:45.362  2245  2259 D HeatmapThread: !@ Heatmap prevtime: 29603244
04-14 21:51:45.362  2245  2259 D HeatmapThread: !@ Heatmap plugstarttime: 29603071
04-14 21:51:45.362  2245  2259 D HeatmapThread: !@ Heatmap prevv_dsoh_update_time: 29603251
04-14 21:51:45.362  2245  2259 E HeatmapThread: !@ CAM New BSOH: 100
04-14 21:51:45.362  2245  2259 E HeatmapThread: !@ CAM is Working
04-14 21:51:45.387  2765  3621 I bauth_FPBAuthService: pcf : 0x1012, 0 ,1 ,0 ,1 ,0 ,0, 16.0.0.3
04-14 21:51:45.388  2765  3621 I bauth_FPBAuthService: thread id : 1, preenroll_flag : 0, nd cnt : 0, cso : 0, et : 0
04-14 21:51:45.388  2765  3621 I bauth_FPBAuthService: FPBAuthService::timerHandler complete
04-14 21:51:45.485  3011  4975 I BatteryService_BatteryPropertiesRegistrar: [getProperty]id:2
04-14 21:51:45.485  3011  4975 I BatteryService_BatteryPropertiesRegistrar: [getProperty]prop.long:-9223372036854775808 ,prop.string:null
04-14 21:51:45.487  3011  4975 I BatteryService_BatteryPropertiesRegistrar: [getProperty]id:4
04-14 21:51:45.487  3011  4975 I BatteryService_BatteryPropertiesRegistrar: [getProperty]prop.long:-9223372036854775808 ,prop.string:null
04-14 21:51:45.510  1204  1204 D io_stats: !@   8,0 r 96153198 1875780964 w 22957010 523828948 d 2871136 713016392 f 691638 1919232 iot 16556296 0 th 0 0 0 pt 0 inp 0 0 349619.955
04-14 21:51:45.511  1204  1204 D io_stats: !@ Read_top(KB): le_art_image_36(9008) 492 AndroidUI(6448) 56
04-14 21:51:45.512  1204  1204 D io_stats: !@ Write_top(KB): kworker/u16:4(12844) 240
04-14 21:51:46.209  3011  3997 I ActivityManager: Changes in 10125 10 to 10, 128 to 0
04-14 21:51:46.209  3011  3997 I ActivityManager: Changes in 5009 19 to 19, 128 to 0
04-14 21:51:46.209  5074  5074 W SmApplication: onTrimMemory : 40
04-14 21:51:46.209  3011  3997 W ProcessStats: Tracking association SourceState{351228e system/1000 BFgs #1614039} whose proc state 4 is better than process ProcessState{e401bb0 com.samsung.android.biometrics.app.setting/1000 pkg=com.samsung.android.biometrics.app.setting} proc state 15 (0 skipped)
04-14 21:51:46.210  5074  5074 I DC.AppIconCache: clear icon cache
04-14 21:51:46.213  4642  4781 I EPDG -- SIM0 [SMARTWIFI]: isProfiling, hash=22621963, started=true
04-14 21:51:46.213  4642  4781 I EPDG -- SIM0 [SMARTWIFI]: isProfiling, hash=22621963, started=true
04-14 21:51:46.214  4642  4781 I EPDG -- SIM0 [SMARTWIFI]: Rssi : -49 highrange : -73 lowrange : -79 mIsRssiInHystersis : false
04-14 21:51:46.214  4642  4781 I EPDG -- SIM0 [SMARTWIFI]: getHandoverThresholdMet: value is: false
04-14 21:51:46.219  3011  3422 D MARsPolicyManager: triggerAction called!
04-14 21:51:46.219  3011  3422 I NSLocationMonitor: getGPSUsingApps() called
04-14 21:51:46.220  5599 15799 I NSLocationManager_FLP: getGPSUsingApps, No change
04-14 21:51:46.326  4627  8359 D IpClient/wlan0: interfaceLinkStateChanged: ifindex 45 up
04-14 21:51:46.359  2245  2259 E HeatmapThread: ECT Thread time in milliseconds: 1776196306
04-14 21:51:46.363  2245  2259 D HeatmapThread: !@ batteryplugType : 2
04-14 21:51:46.363  2245  2259 D HeatmapThread: !@ batteryLevel : 79  batteryTemperature : 286 
04-14 21:51:46.363  2245  2259 D HeatmapThread: !@ Heatmap currtime: 29603271
04-14 21:51:46.363  2245  2259 D HeatmapThread: !@ Heatmap prevtime: 29603244
04-14 21:51:46.364  2245  2259 D HeatmapThread: !@ Heatmap plugstarttime: 29603071
04-14 21:51:46.364  2245  2259 D HeatmapThread: !@ Heatmap prevv_dsoh_update_time: 29603251
04-14 21:51:46.364  2245  2259 E HeatmapThread: !@ CAM New BSOH: 100
04-14 21:51:46.364  2245  2259 E HeatmapThread: !@ CAM is Working
04-14 21:51:46.388  2765  3621 I bauth_FPBAuthService: pcf : 0x1012, 0 ,1 ,0 ,1 ,0 ,0, 16.0.0.3
04-14 21:51:46.388  2765  3621 I bauth_FPBAuthService: thread id : 1, preenroll_flag : 0, nd cnt : 0, cso : 0, et : 0
04-14 21:51:46.388  2765  3621 I bauth_FPBAuthService: FPBAuthService::timerHandler complete
04-14 21:51:46.434  7470  8025 I SDHMS:x : SIOP:: AP:293 BAT:286 USB:280 CHG:275 PA:297 WIFI:294 CF:291 BLK:0 SUBBAT:0 LRPTHM:288 SKIN:295 SKINF:291 SKINB:295 LRP2:295 LRF2:291 LRB2:295 AP2:295 CHG2:294 WIFI2:295 RCV2:288 SPK2:287 FCAM:280 UPSPK:292 DNSPK:280 VAP02:294 VWIFI:296 AMB2:255 AVGCUR:-1 POWER:-4
04-14 21:51:47.020  2188  2188 I seh_thermal_service: getTemperaturesWithType SehTemperatureType: 3
04-14 21:51:47.020  2123  2180 E BatteryDump: !@new_battery_dump : 4136,17,1125,3331,79,286,280,275,286,0,295,275,0,Not-charging,NO_CHARGING,Normal,Good,PDIC,0,Normal,0,0,9300,0x8000,0x11010000,0x0,0,0,0000,0000,00000000,0,0,0,0,492,4137,7978,1000,0,
04-14 21:51:47.021  2123  2123 I sehhealth-service: updateLrpSysfs: write: 295
04-14 21:51:47.359  2245  2259 E HeatmapThread: ECT Thread time in milliseconds: 1776196307
04-14 21:51:47.363  2245  2259 D HeatmapThread: !@ batteryplugType : 2
04-14 21:51:47.363  2245  2259 D HeatmapThread: !@ batteryLevel : 79  batteryTemperature : 286 
04-14 21:51:47.363  2245  2259 D HeatmapThread: !@ Heatmap currtime: 29603271
04-14 21:51:47.363  2245  2259 D HeatmapThread: !@ Heatmap prevtime: 29603244
04-14 21:51:47.363  2245  2259 D HeatmapThread: !@ Heatmap plugstarttime: 29603071
04-14 21:51:47.363  2245  2259 D HeatmapThread: !@ Heatmap prevv_dsoh_update_time: 29603251
04-14 21:51:47.363  2245  2259 E HeatmapThread: !@ CAM New BSOH: 100
04-14 21:51:47.363  2245  2259 E HeatmapThread: !@ CAM is Working
04-14 21:51:47.384 16483 16534 I id.gms.unstable: Explicit concurrent mark compact GC freed 780KB AllocSpace bytes, 2(40KB) LOS objects, 71% free, 3215KB/11MB, paused 310us,2.544ms total 67.900ms
04-14 21:51:47.389  2765  3621 I bauth_FPBAuthService: pcf : 0x1012, 0 ,1 ,0 ,1 ,0 ,0, 16.0.0.3
04-14 21:51:47.389  2765  3621 I bauth_FPBAuthService: thread id : 1, preenroll_flag : 0, nd cnt : 0, cso : 0, et : 0
04-14 21:51:47.389  2765  3621 I bauth_FPBAuthService: FPBAuthService::timerHandler complete
04-14 21:51:47.488  3011  4975 I BatteryService_BatteryPropertiesRegistrar: [getProperty]id:2
04-14 21:51:47.489  3011  4975 I BatteryService_BatteryPropertiesRegistrar: [getProperty]prop.long:-9223372036854775808 ,prop.string:null
04-14 21:51:47.491  3011  4975 I BatteryService_BatteryPropertiesRegistrar: [getProperty]id:4
04-14 21:51:47.492  3011  4975 I BatteryService_BatteryPropertiesRegistrar: [getProperty]prop.long:-9223372036854775808 ,prop.string:null
04-14 21:51:47.513  1204  1204 D io_stats: !@   8,0 r 96153203 1875781028 w 22957018 523829496 d 2871136 713016392 f 691638 1919232 iot 16556340 0 th 0 0 0 pt 0 inp 0 0 349621.957
04-14 21:51:47.901  2117 26931 I StatsHandler: [hvcD_673] Stats: Pending(0) i/p-done(0) Works: Q: 523/Done 518|Work-Rate: Q(0.0/s Avg=0.0/s) Done(0.000/s Avg=0.028/s)| Stream: 30.00fps 979.3Kbps
04-14 21:51:47.901  2117 26931 I StatsHandler: [hvcD_673] Mem-usage:  [In-1D: 11 bufs 88.000 MB] [1D-7035: 32 bufs 0.500 MB] [2D-7036: 21 bufs 47.004 MB] | Total: 135.504 MB
04-14 21:51:47.901  2117 26931 I StatsHandler: [avcD_678] Stats: Pending(0) i/p-done(0) Works: Q: 67/Done 55|Work-Rate: Q(0.0/s Avg=0.0/s) Done(0.000/s Avg=0.003/s)| Stream: 24.00fps 69.5Kbps
04-14 21:51:47.901  2117 26931 I StatsHandler: [avcD_678] Mem-usage:  [In-1D: 11 bufs 88.000 MB] [1D-7045: 28 bufs 0.438 MB] [2D-7046: 17 bufs 5.844 MB] | Total: 94.281 MB
04-14 21:51:48.247  8355  8355 I wpa_supplicant: Heartbeat 48479
04-14 21:51:48.359  2245  2259 E HeatmapThread: ECT Thread time in milliseconds: 1776196308
04-14 21:51:48.363  2245  2259 D HeatmapThread: !@ batteryplugType : 2
04-14 21:51:48.364  2245  2259 D HeatmapThread: !@ batteryLevel : 79  batteryTemperature : 286 
04-14 21:51:48.364  2245  2259 D HeatmapThread: !@ Heatmap currtime: 29603271
04-14 21:51:48.364  2245  2259 D HeatmapThread: !@ Heatmap prevtime: 29603244
04-14 21:51:48.364  2245  2259 D HeatmapThread: !@ Heatmap plugstarttime: 29603071
04-14 21:51:48.364  2245  2259 D HeatmapThread: !@ Heatmap prevv_dsoh_update_time: 29603251
04-14 21:51:48.364  2245  2259 E HeatmapThread: !@ CAM New BSOH: 100
04-14 21:51:48.364  2245  2259 E HeatmapThread: !@ CAM is Working
04-14 21:51:48.389  2765  3621 I bauth_FPBAuthService: pcf : 0x1012, 0 ,1 ,0 ,1 ,0 ,0, 16.0.0.3
04-14 21:51:48.389  2765  3621 I bauth_FPBAuthService: thread id : 1, preenroll_flag : 0, nd cnt : 0, cso : 0, et : 0
04-14 21:51:48.389  2765  3621 I bauth_FPBAuthService: FPBAuthService::timerHandler complete
04-14 21:51:49.228  4642  4781 I EPDG -- SIM0 [SMARTWIFI]: isProfiling, hash=22621963, started=true
04-14 21:51:49.228  4642  4781 I EPDG -- SIM0 [SMARTWIFI]: isProfiling, hash=22621963, started=true
04-14 21:51:49.228  4642  4781 I EPDG -- SIM0 [SMARTWIFI]: Rssi : -50 highrange : -73 lowrange : -79 mIsRssiInHystersis : false
04-14 21:51:49.228  4642  4781 I EPDG -- SIM0 [SMARTWIFI]: getHandoverThresholdMet: value is: false
04-14 21:51:49.359  2245  2259 E HeatmapThread: ECT Thread time in milliseconds: 1776196309
04-14 21:51:49.362  2245  2259 D HeatmapThread: !@ batteryplugType : 2
04-14 21:51:49.362  2245  2259 D HeatmapThread: !@ batteryLevel : 79  batteryTemperature : 286 
04-14 21:51:49.362  2245  2259 D HeatmapThread: !@ Heatmap currtime: 29603271
04-14 21:51:49.363  2245  2259 D HeatmapThread: !@ Heatmap prevtime: 29603244
04-14 21:51:49.363  2245  2259 D HeatmapThread: !@ Heatmap plugstarttime: 29603071
04-14 21:51:49.363  2245  2259 D HeatmapThread: !@ Heatmap prevv_dsoh_update_time: 29603251
04-14 21:51:49.363  2245  2259 E HeatmapThread: !@ CAM New BSOH: 100
04-14 21:51:49.363  2245  2259 E HeatmapThread: !@ CAM is Working
04-14 21:51:49.390  2765  3621 I bauth_FPBAuthService: pcf : 0x1012, 0 ,1 ,0 ,1 ,0 ,0, 16.0.0.3
04-14 21:51:49.390  2765  3621 I bauth_FPBAuthService: thread id : 1, preenroll_flag : 0, nd cnt : 0, cso : 0, et : 0
04-14 21:51:49.390  2765  3621 I bauth_FPBAuthService: FPBAuthService::timerHandler complete
04-14 21:51:49.492  3011  4975 I BatteryService_BatteryPropertiesRegistrar: [getProperty]id:2
04-14 21:51:49.492  3011  4975 I BatteryService_BatteryPropertiesRegistrar: [getProperty]prop.long:-9223372036854775808 ,prop.string:null
04-14 21:51:49.494  3011  4975 I BatteryService_BatteryPropertiesRegistrar: [getProperty]id:4
04-14 21:51:49.494  3011  4975 I BatteryService_BatteryPropertiesRegistrar: [getProperty]prop.long:-9223372036854775808 ,prop.string:null
04-14 21:51:49.513  1204  1204 D io_stats: !@ Read_top(KB): le_art_image_36(9008) 64
04-14 21:51:49.514  1204  1204 D io_stats: !@ Write_top(KB): kworker/u16:4(12844) 532 vendor.samsung.(2123) 8 n.android.drive(30229) 4
04-14 21:51:50.359  2245  2259 E HeatmapThread: ECT Thread time in milliseconds: 1776196310
04-14 21:51:50.362  2245  2259 D HeatmapThread: !@ batteryplugType : 2
04-14 21:51:50.363  2245  2259 D HeatmapThread: !@ batteryLevel : 79  batteryTemperature : 286 
04-14 21:51:50.363  2245  2259 D HeatmapThread: !@ Heatmap currtime: 29603271
04-14 21:51:50.363  2245  2259 D HeatmapThread: !@ Heatmap prevtime: 29603244
04-14 21:51:50.363  2245  2259 D HeatmapThread: !@ Heatmap plugstarttime: 29603071
04-14 21:51:50.363  2245  2259 D HeatmapThread: !@ Heatmap prevv_dsoh_update_time: 29603251
04-14 21:51:50.363  2245  2259 E HeatmapThread: !@ CAM New BSOH: 100
04-14 21:51:50.363  2245  2259 E HeatmapThread: !@ CAM is Working
04-14 21:51:50.391  2765  3621 I bauth_FPBAuthService: pcf : 0x1012, 0 ,1 ,0 ,1 ,0 ,0, 16.0.0.3
04-14 21:51:50.391  2765  3621 I bauth_FPBAuthService: thread id : 1, preenroll_flag : 0, nd cnt : 0, cso : 0, et : 0
04-14 21:51:50.391  2765  3621 I bauth_FPBAuthService: FPBAuthService::timerHandler complete
04-14 21:51:50.633  2085 21685 I sensors-hal: handle_sns_std_sensor_event:90, light_cct: ts = 789804599307754 ns; value = [2, 2, 0, 0, 2, 0, 0, 0, 640, 0]
04-14 21:51:51.246  3011  3422 D MARsPolicyManager: triggerAction called!
04-14 21:51:51.246  3011  3422 I NSLocationMonitor: getGPSUsingApps() called
04-14 21:51:51.247  5599 15799 I NSLocationManager_FLP: getGPSUsingApps, No change
04-14 21:51:51.359  2245  2259 E HeatmapThread: ECT Thread time in milliseconds: 1776196311
04-14 21:51:51.362  2245  2259 D HeatmapThread: !@ batteryplugType : 2
04-14 21:51:51.362  2245  2259 D HeatmapThread: !@ batteryLevel : 79  batteryTemperature : 286 
04-14 21:51:51.362  2245  2259 D HeatmapThread: !@ Heatmap currtime: 29603271
04-14 21:51:51.362  2245  2259 D HeatmapThread: !@ Heatmap prevtime: 29603244
04-14 21:51:51.363  2245  2259 D HeatmapThread: !@ Heatmap plugstarttime: 29603071
04-14 21:51:51.363  2245  2259 D HeatmapThread: !@ Heatmap prevv_dsoh_update_time: 29603251
04-14 21:51:51.363  2245  2259 E HeatmapThread: !@ CAM New BSOH: 100
04-14 21:51:51.363  2245  2259 E HeatmapThread: !@ CAM is Working
04-14 21:51:51.393  2765  3621 I bauth_FPBAuthService: pcf : 0x1012, 0 ,1 ,0 ,1 ,0 ,0, 16.0.0.3
04-14 21:51:51.393  2765  3621 I bauth_FPBAuthService: thread id : 1, preenroll_flag : 0, nd cnt : 0, cso : 0, et : 0
04-14 21:51:51.393  2765  3621 I bauth_FPBAuthService: FPBAuthService::timerHandler complete
04-14 21:51:51.497  3011  4975 I BatteryService_BatteryPropertiesRegistrar: [getProperty]id:2
04-14 21:51:51.497  3011  4975 I BatteryService_BatteryPropertiesRegistrar: [getProperty]prop.long:-9223372036854775808 ,prop.string:null
04-14 21:51:51.499  3011  4975 I BatteryService_BatteryPropertiesRegistrar: [getProperty]id:4
04-14 21:51:51.499  3011  4975 I BatteryService_BatteryPropertiesRegistrar: [getProperty]prop.long:-9223372036854775808 ,prop.string:null
04-14 21:51:52.250  2557  2557 I CNSS    : /sys/wifi/max_chipset_log_size doesn't exist
04-14 21:51:52.257  4642  4781 I EPDG -- SIM0 [SMARTWIFI]: isProfiling, hash=22621963, started=true
04-14 21:51:52.258  4642  4781 I EPDG -- SIM0 [SMARTWIFI]: isProfiling, hash=22621963, started=true
04-14 21:51:52.258  4642  4781 I EPDG -- SIM0 [SMARTWIFI]: Rssi : -50 highrange : -73 lowrange : -79 mIsRssiInHystersis : false
04-14 21:51:52.258  4642  4781 I EPDG -- SIM0 [SMARTWIFI]: getHandoverThresholdMet: value is: false
04-14 21:51:52.359  2245  2259 E HeatmapThread: ECT Thread time in milliseconds: 1776196312
04-14 21:51:52.363  2245  2259 D HeatmapThread: !@ batteryplugType : 2
04-14 21:51:52.364  2245  2259 D HeatmapThread: !@ batteryLevel : 79  batteryTemperature : 286 
04-14 21:51:52.364  2245  2259 D HeatmapThread: !@ Heatmap currtime: 29603271
04-14 21:51:52.364  2245  2259 D HeatmapThread: !@ Heatmap prevtime: 29603244
04-14 21:51:52.364  2245  2259 D HeatmapThread: !@ Heatmap plugstarttime: 29603071
04-14 21:51:52.364  2245  2259 D HeatmapThread: !@ Heatmap prevv_dsoh_update_time: 29603251
04-14 21:51:52.364  2245  2259 E HeatmapThread: !@ CAM New BSOH: 100
04-14 21:51:52.364  2245  2259 E HeatmapThread: !@ CAM is Working
04-14 21:51:52.394  2765  3621 I bauth_FPBAuthService: pcf : 0x1012, 0 ,1 ,0 ,1 ,0 ,0, 16.0.0.3
04-14 21:51:52.395  2765  3621 I bauth_FPBAuthService: thread id : 1, preenroll_flag : 0, nd cnt : 0, cso : 0, et : 0
04-14 21:51:52.395  2765  3621 I bauth_FPBAuthService: FPBAuthService::timerHandler complete
04-14 21:51:52.902  2117 26931 I StatsHandler: [hvcD_673] Stats: Pending(0) i/p-done(0) Works: Q: 523/Done 518|Work-Rate: Q(0.0/s Avg=0.0/s) Done(0.000/s Avg=0.028/s)| Stream: 30.00fps 979.3Kbps
04-14 21:51:52.903  2117 26931 I StatsHandler: [hvcD_673] Mem-usage:  [In-1D: 11 bufs 88.000 MB] [1D-7035: 32 bufs 0.500 MB] [2D-7036: 21 bufs 47.004 MB] | Total: 135.504 MB
04-14 21:51:52.903  2117 26931 I StatsHandler: [avcD_678] Stats: Pending(0) i/p-done(0) Works: Q: 67/Done 55|Work-Rate: Q(0.0/s Avg=0.0/s) Done(0.000/s Avg=0.003/s)| Stream: 24.00fps 69.5Kbps
04-14 21:51:52.903  2117 26931 I StatsHandler: [avcD_678] Mem-usage:  [In-1D: 11 bufs 88.000 MB] [1D-7045: 28 bufs 0.438 MB] [2D-7046: 17 bufs 5.844 MB] | Total: 94.281 MB
04-14 21:51:53.359  2245  2259 E HeatmapThread: ECT Thread time in milliseconds: 1776196313
04-14 21:51:53.362  2245  2259 D HeatmapThread: !@ batteryplugType : 2
04-14 21:51:53.363  2245  2259 D HeatmapThread: !@ batteryLevel : 79  batteryTemperature : 286 
04-14 21:51:53.363  2245  2259 D HeatmapThread: !@ Heatmap currtime: 29603271
04-14 21:51:53.363  2245  2259 D HeatmapThread: !@ Heatmap prevtime: 29603244
04-14 21:51:53.363  2245  2259 D HeatmapThread: !@ Heatmap plugstarttime: 29603071
04-14 21:51:53.363  2245  2259 D HeatmapThread: !@ Heatmap prevv_dsoh_update_time: 29603251
04-14 21:51:53.363  2245  2259 E HeatmapThread: !@ CAM New BSOH: 100
04-14 21:51:53.363  2245  2259 E HeatmapThread: !@ CAM is Working
04-14 21:51:53.397  2765  3621 I bauth_FPBAuthService: pcf : 0x1012, 0 ,1 ,0 ,1 ,0 ,0, 16.0.0.3
04-14 21:51:53.397  2765  3621 I bauth_FPBAuthService: thread id : 1, preenroll_flag : 0, nd cnt : 0, cso : 0, et : 0
04-14 21:51:53.397  2765  3621 I bauth_FPBAuthService: FPBAuthService::timerHandler complete
04-14 21:51:53.501  3011  4975 I BatteryService_BatteryPropertiesRegistrar: [getProperty]id:2
04-14 21:51:53.502  3011  4975 I BatteryService_BatteryPropertiesRegistrar: [getProperty]prop.long:-9223372036854775808 ,prop.string:null
04-14 21:51:53.503  3011  4975 I BatteryService_BatteryPropertiesRegistrar: [getProperty]id:4
04-14 21:51:53.504  3011  4975 I BatteryService_BatteryPropertiesRegistrar: [getProperty]prop.long:-9223372036854775808 ,prop.string:null
04-14 21:51:53.515  1204  1204 D io_stats: !@   8,0 r 96153203 1875781028 w 22957023 523830244 d 2871136 713016392 f 691638 1919232 iot 16556344 0 th 0 0 0 pt 0 inp 0 0 349627.959
04-14 21:51:53.515  1204  1204 D io_stats: !@ Write_top(KB): kworker/u16:0(14924) 748
04-14 21:51:54.359  2245  2259 E HeatmapThread: ECT Thread time in milliseconds: 1776196314
04-14 21:51:54.363  2245  2259 D HeatmapThread: !@ batteryplugType : 2
04-14 21:51:54.363  2245  2259 D HeatmapThread: !@ batteryLevel : 79  batteryTemperature : 286 
04-14 21:51:54.363  2245  2259 D HeatmapThread: !@ Heatmap currtime: 29603271
04-14 21:51:54.363  2245  2259 D HeatmapThread: !@ Heatmap prevtime: 29603244
04-14 21:51:54.363  2245  2259 D HeatmapThread: !@ Heatmap plugstarttime: 29603071
04-14 21:51:54.363  2245  2259 D HeatmapThread: !@ Heatmap prevv_dsoh_update_time: 29603251
04-14 21:51:54.364  2245  2259 E HeatmapThread: !@ CAM New BSOH: 100
04-14 21:51:54.364  2245  2259 E HeatmapThread: !@ CAM is Working
04-14 21:51:54.399  2765  3621 I bauth_FPBAuthService: pcf : 0x1012, 0 ,1 ,0 ,1 ,0 ,0, 16.0.0.3
04-14 21:51:54.399  2765  3621 I bauth_FPBAuthService: thread id : 1, preenroll_flag : 0, nd cnt : 0, cso : 0, et : 0
04-14 21:51:54.399  2765  3621 I bauth_FPBAuthService: FPBAuthService::timerHandler complete
04-14 21:51:55.286  4642  4781 I EPDG -- SIM0 [SMARTWIFI]: isProfiling, hash=22621963, started=true
04-14 21:51:55.287  4642  4781 I EPDG -- SIM0 [SMARTWIFI]: isProfiling, hash=22621963, started=true
04-14 21:51:55.287  4642  4781 I EPDG -- SIM0 [SMARTWIFI]: Rssi : -48 highrange : -73 lowrange : -79 mIsRssiInHystersis : false
04-14 21:51:55.287  4642  4781 I EPDG -- SIM0 [SMARTWIFI]: getHandoverThresholdMet: value is: false
04-14 21:51:55.360  2245  2259 E HeatmapThread: ECT Thread time in milliseconds: 1776196315
04-14 21:51:55.364  2245  2259 D HeatmapThread: !@ batteryplugType : 2
04-14 21:51:55.365  2245  2259 D HeatmapThread: !@ batteryLevel : 79  batteryTemperature : 286 
04-14 21:51:55.365  2245  2259 D HeatmapThread: !@ Heatmap currtime: 29603271
04-14 21:51:55.365  2245  2259 D HeatmapThread: !@ Heatmap prevtime: 29603244
04-14 21:51:55.365  2245  2259 D HeatmapThread: !@ Heatmap plugstarttime: 29603071
04-14 21:51:55.365  2245  2259 D HeatmapThread: !@ Heatmap prevv_dsoh_update_time: 29603251
04-14 21:51:55.365  2245  2259 E HeatmapThread: !@ CAM New BSOH: 100
04-14 21:51:55.365  2245  2259 E HeatmapThread: !@ CAM is Working
04-14 21:51:55.400  2765  3621 I bauth_FPBAuthService: pcf : 0x1012, 0 ,1 ,0 ,1 ,0 ,0, 16.0.0.3
04-14 21:51:55.401  2765  3621 I bauth_FPBAuthService: thread id : 1, preenroll_flag : 0, nd cnt : 0, cso : 0, et : 0
04-14 21:51:55.401  2765  3621 I bauth_FPBAuthService: FPBAuthService::timerHandler complete
04-14 21:51:55.463  3011  4378 I BatteryService_BatteryPropertiesRegistrar: [getProperty]id:6
04-14 21:51:55.463  3011  4378 I BatteryService_BatteryPropertiesRegistrar: [getProperty]prop.long:-9223372036854775808 ,prop.string:null
04-14 21:51:55.464  3011  4378 I BatteryService_BatteryPropertiesRegistrar: [getProperty]id:4
04-14 21:51:55.465  3011  4378 I BatteryService_BatteryPropertiesRegistrar: [getProperty]prop.long:-9223372036854775808 ,prop.string:null
