04-14 22:07:23.281 26358 26387 V CpEventLog(u0): [P] cp_state: [                      etc = {binders=0, country_iso=CZ, version=15.6.28, db_version=2000, db_size=0, db_wal_size=0, csc=/, sec_enabled=false, is_roaming=false} ]
04-14 22:07:23.281 26358 26387 V CpEventLog(u0): [P] cp_state: ------------------------------------------------------------------------------
04-14 22:07:23.360  2245  2259 E HeatmapThread: ECT Thread time in milliseconds: 1776197243
04-14 22:07:23.364  2245  2259 D HeatmapThread: !@ batteryplugType : 2
04-14 22:07:23.365  2245  2259 D HeatmapThread: !@ batteryLevel : 79  batteryTemperature : 289 
04-14 22:07:23.365  2245  2259 D HeatmapThread: !@ Heatmap currtime: 29603287
04-14 22:07:23.365  2245  2259 D HeatmapThread: !@ Heatmap prevtime: 29603274
04-14 22:07:23.365  2245  2259 D HeatmapThread: !@ Heatmap plugstarttime: 29603071
04-14 22:07:23.365  2245  2259 D HeatmapThread: !@ Heatmap prevv_dsoh_update_time: 29603281
04-14 22:07:23.365  2245  2259 E HeatmapThread: !@ CAM New BSOH: 100
04-14 22:07:23.365  2245  2259 E HeatmapThread: !@ CAM is Working
04-14 22:07:23.491  3011  4916 I BatteryService_BatteryPropertiesRegistrar: [getProperty]id:2
04-14 22:07:23.491  3011  4916 I BatteryService_BatteryPropertiesRegistrar: [getProperty]prop.long:-9223372036854775808 ,prop.string:null
04-14 22:07:23.494  3011  4916 I BatteryService_BatteryPropertiesRegistrar: [getProperty]id:4
04-14 22:07:23.494  3011  4916 I BatteryService_BatteryPropertiesRegistrar: [getProperty]prop.long:-9223372036854775808 ,prop.string:null
04-14 22:07:23.547  2765  3621 I bauth_FPBAuthService: pcf : 0x1012, 0 ,1 ,0 ,1 ,0 ,0, 16.0.0.3
04-14 22:07:23.547  2765  3621 I bauth_FPBAuthService: thread id : 1, preenroll_flag : 0, nd cnt : 0, cso : 0, et : 0
04-14 22:07:23.547  2765  3621 I bauth_FPBAuthService: FPBAuthService::timerHandler complete
04-14 22:07:23.697  3011  4916 D NetdEventListenerService: CSC Feature value: true
04-14 22:07:23.700  3011  4916 D NetdEventListenerService: CSC Feature value: true
04-14 22:07:23.700  3011  4916 D NetdEventListenerService: CSC Feature value: true
04-14 22:07:24.359  2245  2259 E HeatmapThread: ECT Thread time in milliseconds: 1776197244
04-14 22:07:24.364  2245  2259 D HeatmapThread: !@ batteryplugType : 2
04-14 22:07:24.364  2245  2259 D HeatmapThread: !@ batteryLevel : 79  batteryTemperature : 289 
04-14 22:07:24.364  2245  2259 D HeatmapThread: !@ Heatmap currtime: 29603287
04-14 22:07:24.364  2245  2259 D HeatmapThread: !@ Heatmap prevtime: 29603274
04-14 22:07:24.365  2245  2259 D HeatmapThread: !@ Heatmap plugstarttime: 29603071
04-14 22:07:24.365  2245  2259 D HeatmapThread: !@ Heatmap prevv_dsoh_update_time: 29603281
04-14 22:07:24.365  2245  2259 E HeatmapThread: !@ CAM New BSOH: 100
04-14 22:07:24.365  2245  2259 E HeatmapThread: !@ CAM is Working
04-14 22:07:24.548  2765  3621 I bauth_FPBAuthService: pcf : 0x1012, 0 ,1 ,0 ,1 ,0 ,0, 16.0.0.3
04-14 22:07:24.548  2765  3621 I bauth_FPBAuthService: thread id : 1, preenroll_flag : 0, nd cnt : 0, cso : 0, et : 0
04-14 22:07:24.549  2765  3621 I bauth_FPBAuthService: FPBAuthService::timerHandler complete
04-14 22:07:25.359  2245  2259 E HeatmapThread: ECT Thread time in milliseconds: 1776197245
04-14 22:07:25.363  2245  2259 D HeatmapThread: !@ batteryplugType : 2
04-14 22:07:25.363  2245  2259 D HeatmapThread: !@ batteryLevel : 79  batteryTemperature : 289 
04-14 22:07:25.363  2245  2259 D HeatmapThread: !@ Heatmap currtime: 29603287
04-14 22:07:25.363  2245  2259 D HeatmapThread: !@ Heatmap prevtime: 29603274
04-14 22:07:25.363  2245  2259 D HeatmapThread: !@ Heatmap plugstarttime: 29603071
04-14 22:07:25.363  2245  2259 D HeatmapThread: !@ Heatmap prevv_dsoh_update_time: 29603281
04-14 22:07:25.364  2245  2259 E HeatmapThread: !@ CAM New BSOH: 100
04-14 22:07:25.364  2245  2259 E HeatmapThread: !@ CAM is Working
04-14 22:07:25.495  3011  4916 I BatteryService_BatteryPropertiesRegistrar: [getProperty]id:2
04-14 22:07:25.496  3011  4916 I BatteryService_BatteryPropertiesRegistrar: [getProperty]prop.long:-9223372036854775808 ,prop.string:null
04-14 22:07:25.498  3011  4916 I BatteryService_BatteryPropertiesRegistrar: [getProperty]id:4
04-14 22:07:25.498  3011  4916 I BatteryService_BatteryPropertiesRegistrar: [getProperty]prop.long:-9223372036854775808 ,prop.string:null
04-14 22:07:25.549  2765  3621 I bauth_FPBAuthService: pcf : 0x1012, 0 ,1 ,0 ,1 ,0 ,0, 16.0.0.3
04-14 22:07:25.549  2765  3621 I bauth_FPBAuthService: thread id : 1, preenroll_flag : 0, nd cnt : 0, cso : 0, et : 0
04-14 22:07:25.549  2765  3621 I bauth_FPBAuthService: FPBAuthService::timerHandler complete
04-14 22:07:26.173  3011  4378 I BatteryService_BatteryPropertiesRegistrar: [getProperty]id:6
04-14 22:07:26.173  3011  4378 I BatteryService_BatteryPropertiesRegistrar: [getProperty]prop.long:-9223372036854775808 ,prop.string:null
04-14 22:07:26.175  3011  4378 I BatteryService_BatteryPropertiesRegistrar: [getProperty]id:4
04-14 22:07:26.175  3011  4378 I BatteryService_BatteryPropertiesRegistrar: [getProperty]prop.long:-9223372036854775808 ,prop.string:null
04-14 22:07:26.176  1204  1204 D io_stats: !@   8,0 r 96216406 1876683616 w 22978276 524030212 d 2874215 713404424 f 692191 1920586 iot 16574216 0 th 0 0 0 pt 0 inp 0 0 350560.621
04-14 22:07:26.177  1204  1204 D io_stats: !@ Write_top(KB): kworker/u16:3(19551) 8
04-14 22:07:26.177  3011  4378 I SemWifiIntelligentTrainingManager: Tr. cond. check: false / 1 (2) / false / 0 (1)
04-14 22:07:26.177  3011  4378 I BatteryService_BatteryPropertiesRegistrar: [getProperty]id:6
04-14 22:07:26.178  3011  4378 I BatteryService_BatteryPropertiesRegistrar: [getProperty]prop.long:-9223372036854775808 ,prop.string:null
04-14 22:07:26.359  2245  2259 E HeatmapThread: ECT Thread time in milliseconds: 1776197246
04-14 22:07:26.363  2245  2259 D HeatmapThread: !@ batteryplugType : 2
04-14 22:07:26.363  2245  2259 D HeatmapThread: !@ batteryLevel : 79  batteryTemperature : 289 
04-14 22:07:26.363  2245  2259 D HeatmapThread: !@ Heatmap currtime: 29603287
04-14 22:07:26.363  2245  2259 D HeatmapThread: !@ Heatmap prevtime: 29603274
04-14 22:07:26.363  2245  2259 D HeatmapThread: !@ Heatmap plugstarttime: 29603071
04-14 22:07:26.363  2245  2259 D HeatmapThread: !@ Heatmap prevv_dsoh_update_time: 29603281
04-14 22:07:26.364  2245  2259 E HeatmapThread: !@ CAM New BSOH: 100
04-14 22:07:26.364  2245  2259 E HeatmapThread: !@ CAM is Working
04-14 22:07:26.529 29440 29473 V CpEventLog(u150): [P] cp_state: [                 contacts = {contacts=3, raw_contacts=6, data=17, account={secphone(1)=2, whatsapp(2)=2, sim(3)=0, sim2(4)=0, agg(5)=0, vnd.sec.contact.phone_personal(6)=0, google(7)=1, PHONE(8)=0}, trash=0, trash_acc={}, trash_sync=1, database=contacts2.db} ]
04-14 22:07:26.529 29440 29473 V CpEventLog(u150): [P] cp_state: [               aggregated = {[1,2]=2, [7]=1} ]
04-14 22:07:26.529 29440 29473 V CpEventLog(u150): [P] cp_state: [                  request = {} ]
04-14 22:07:26.529 29440 29473 V CpEventLog(u150): [P] cp_state: [                    calls = {types={}, database=calllog.db} ]
04-14 22:07:26.529 29440 29473 V CpEventLog(u150): [P] cp_state: [                  profile = {contacts=0, raw_contacts=0, data=0, account={secphone(1)=0, whatsapp(2)=0, sim(3)=0, sim2(4)=0, agg(5)=0, vnd.sec.contact.phone_personal(6)=0, google(7)=0}, trash=0, trash_acc={}, trash_sync=0, database=profile.db} ]
04-14 22:07:26.529 29440 29473 V CpEventLog(u150): [P] cp_state: [               sa_profile = {contacts=0, raw_contacts=0, data=0, account={secphone(1)=0, whatsapp(2)=0, sim(3)=0, sim2(4)=0, agg(5)=0, vnd.sec.contact.phone_personal(6)=0, google(7)=0}, trash=0, trash_acc={}, trash_sync=0, database=profile_sa.db} ]
04-14 22:07:26.529 29440 29473 V CpEventLog(u150): [P] cp_state: [                      etc = {binders=0, country_iso=CZ, version=15.6.28, db_version=2000, db_size=0, db_wal_size=0, csc=/, sec_enabled=false, is_roaming=false} ]
04-14 22:07:26.529 29440 29473 V CpEventLog(u150): [P] cp_state: ------------------------------------------------------------------------------
04-14 22:07:26.549  2765  3621 I bauth_FPBAuthService: pcf : 0x1012, 0 ,1 ,0 ,1 ,0 ,0, 16.0.0.3
04-14 22:07:26.550  2765  3621 I bauth_FPBAuthService: thread id : 1, preenroll_flag : 0, nd cnt : 0, cso : 0, et : 0
04-14 22:07:26.550  2765  3621 I bauth_FPBAuthService: FPBAuthService::timerHandler complete
04-14 22:07:26.938  2085 21685 I sensors-hal: handle_sns_std_sensor_event:90, light_cct: ts = 790740904337089 ns; value = [3, 3, 0, 0, 3, 0, 0, 0, 736, 0]
04-14 22:07:27.360  2245  2259 E HeatmapThread: ECT Thread time in milliseconds: 1776197247
04-14 22:07:27.364  2245  2259 D HeatmapThread: !@ batteryplugType : 2
04-14 22:07:27.364  2245  2259 D HeatmapThread: !@ batteryLevel : 79  batteryTemperature : 289 
04-14 22:07:27.364  2245  2259 D HeatmapThread: !@ Heatmap currtime: 29603287
04-14 22:07:27.364  2245  2259 D HeatmapThread: !@ Heatmap prevtime: 29603274
04-14 22:07:27.365  2245  2259 D HeatmapThread: !@ Heatmap plugstarttime: 29603071
04-14 22:07:27.365  2245  2259 D HeatmapThread: !@ Heatmap prevv_dsoh_update_time: 29603281
04-14 22:07:27.365  2245  2259 E HeatmapThread: !@ CAM New BSOH: 100
04-14 22:07:27.365  2245  2259 E HeatmapThread: !@ CAM is Working
04-14 22:07:27.499  3011  4916 I BatteryService_BatteryPropertiesRegistrar: [getProperty]id:2
04-14 22:07:27.499  3011  4916 I BatteryService_BatteryPropertiesRegistrar: [getProperty]prop.long:-9223372036854775808 ,prop.string:null
04-14 22:07:27.501  3011  4916 I BatteryService_BatteryPropertiesRegistrar: [getProperty]id:4
04-14 22:07:27.502  3011  4916 I BatteryService_BatteryPropertiesRegistrar: [getProperty]prop.long:-9223372036854775808 ,prop.string:null
04-14 22:07:27.550  2765  3621 I bauth_FPBAuthService: pcf : 0x1012, 0 ,1 ,0 ,1 ,0 ,0, 16.0.0.3
04-14 22:07:27.550  2765  3621 I bauth_FPBAuthService: thread id : 1, preenroll_flag : 0, nd cnt : 0, cso : 0, et : 0
04-14 22:07:27.550  2765  3621 I bauth_FPBAuthService: FPBAuthService::timerHandler complete
04-14 22:07:28.062  3011  3422 D MARsPolicyManager: triggerAction called!
04-14 22:07:28.062  3011  3422 I NSLocationMonitor: getGPSUsingApps() called
04-14 22:07:28.063  5599 15799 I NSLocationManager_FLP: getGPSUsingApps, No change
04-14 22:07:28.102  2117 26931 I StatsHandler: [hvcD_673] Stats: Pending(0) i/p-done(0) Works: Q: 523/Done 518|Work-Rate: Q(0.0/s Avg=0.0/s) Done(0.000/s Avg=0.027/s)| Stream: 30.00fps 979.3Kbps
04-14 22:07:28.103  2117 26931 I StatsHandler: [hvcD_673] Mem-usage:  [In-1D: 11 bufs 88.000 MB] [1D-7035: 32 bufs 0.500 MB] [2D-7036: 21 bufs 47.004 MB] | Total: 135.504 MB
04-14 22:07:28.103  2117 26931 I StatsHandler: [avcD_678] Stats: Pending(0) i/p-done(0) Works: Q: 67/Done 55|Work-Rate: Q(0.0/s Avg=0.0/s) Done(0.000/s Avg=0.003/s)| Stream: 24.00fps 69.5Kbps
04-14 22:07:28.103  2117 26931 I StatsHandler: [avcD_678] Mem-usage:  [In-1D: 11 bufs 88.000 MB] [1D-7045: 28 bufs 0.438 MB] [2D-7046: 17 bufs 5.844 MB] | Total: 94.281 MB
04-14 22:07:28.179  1204  1204 D io_stats: !@   8,0 r 96216408 1876683624 w 22978276 524030212 d 2874215 713404424 f 692191 1920586 iot 16574224 0 th 0 0 0 pt 0 inp 0 0 350562.624
04-14 22:07:28.360  2245  2259 E HeatmapThread: ECT Thread time in milliseconds: 1776197248
04-14 22:07:28.364  2245  2259 D HeatmapThread: !@ batteryplugType : 2
04-14 22:07:28.364  2245  2259 D HeatmapThread: !@ batteryLevel : 79  batteryTemperature : 289 
04-14 22:07:28.364  2245  2259 D HeatmapThread: !@ Heatmap currtime: 29603287
04-14 22:07:28.364  2245  2259 D HeatmapThread: !@ Heatmap prevtime: 29603274
04-14 22:07:28.364  2245  2259 D HeatmapThread: !@ Heatmap plugstarttime: 29603071
04-14 22:07:28.364  2245  2259 D HeatmapThread: !@ Heatmap prevv_dsoh_update_time: 29603281
04-14 22:07:28.365  2245  2259 E HeatmapThread: !@ CAM New BSOH: 100
04-14 22:07:28.365  2245  2259 E HeatmapThread: !@ CAM is Working
04-14 22:07:28.550  2765  3621 I bauth_FPBAuthService: pcf : 0x1012, 0 ,1 ,0 ,1 ,0 ,0, 16.0.0.3
04-14 22:07:28.550  2765  3621 I bauth_FPBAuthService: thread id : 1, preenroll_flag : 0, nd cnt : 0, cso : 0, et : 0
04-14 22:07:28.550  2765  3621 I bauth_FPBAuthService: FPBAuthService::timerHandler complete
04-14 22:07:28.686  8355  8355 I wpa_supplicant: Heartbeat 48573
04-14 22:07:28.702 16237 16357 I S.FlushReqestGen: Queueing async flush of data to disk for 2 listeners.
04-14 22:07:28.732 16237 16286 I S.FlushReqestGen: Async flush done.
04-14 22:07:28.732 16237 16286 D U/AsyncTaskHelper: r8lambdaeKjHpdWvaEhsTIzu7XkVhl4aiT4$3@c2d5049 finished, thread=ATH-7. Queue time: 0ms. Run real=29 cpu=20 ms
04-14 22:07:28.979  7470  8025 I SDHMS:x : SIOP:: AP:293 BAT:289 USB:280 CHG:276 PA:298 WIFI:295 CF:293 BLK:0 SUBBAT:0 LRPTHM:290 SKIN:296 SKINF:292 SKINB:296 LRP2:296 LRF2:292 LRB2:296 AP2:296 CHG2:295 WIFI2:296 RCV2:289 SPK2:288 FCAM:281 UPSPK:294 DNSPK:281 VAP02:294 VWIFI:297 AMB2:255 AVGCUR:4 POWER:16
04-14 22:07:29.360  2245  2259 E HeatmapThread: ECT Thread time in milliseconds: 1776197249
04-14 22:07:29.364  2245  2259 D HeatmapThread: !@ batteryplugType : 2
04-14 22:07:29.364  2245  2259 D HeatmapThread: !@ batteryLevel : 79  batteryTemperature : 289 
04-14 22:07:29.364  2245  2259 D HeatmapThread: !@ Heatmap currtime: 29603287
04-14 22:07:29.364  2245  2259 D HeatmapThread: !@ Heatmap prevtime: 29603274
04-14 22:07:29.364  2245  2259 D HeatmapThread: !@ Heatmap plugstarttime: 29603071
04-14 22:07:29.365  2245  2259 D HeatmapThread: !@ Heatmap prevv_dsoh_update_time: 29603281
04-14 22:07:29.365  2245  2259 E HeatmapThread: !@Entered the read from path function
04-14 22:07:29.365  2245  2259 E HeatmapThread: !@Read Extended_heatmap from efs is: 0 0 0 0 0 0 0 0 0 0 0 0 0 0 0 0 0 0 0 0 0 0 0 0 0 0 0 0 0 0 0 0 0 0 0 0 0 0 0 0 0 0 0 0 0 0 0 0 0 0 0 0 0 0 0 0 0 0 0 0 0 0 0 0 0 0 0 0 0 0 0 0 0 0 0 0 0 0 0 0 0 0 0 0 0 0 0 0 0 0 0 0 0 0 0 0 0 0 0 0 0 0 0 0 0 0 0 0 0 0 0 0 0 0 0 0 0 0 0 0 0 0 0 0 0 0 0 0 0 0 0 0 0 0 0 0 0 0 0 0 0 0 0 0 0 0 0 0 0 0 0 0 0 0 0 0 0 0 0 0 0 0 0 0 0 0 0 0 0 0 0 0 0 0 0 0 0 0 0 0 0 0 0 0 0 0 0 0 0 0 0 0 0 0 0 0 0 0 0 0 0 0 0 0 0 0 0 0 0 0 0 0 0 0 0 0 0 0 0 0 0 0 0 0 0 0 0 0 0 0 0 0 0 0 56405 0 0 0 0 0 0 0 0 0 0 0 0 0 0 0 0 0 41529 0 0 0 0 0 0 0 0 0 0 0 0 0 0 0 0 0 38386 0 0 0 0 0 0 0 0 0 0 0 0 0 0 0 0 0 38857 0 0 0 0 0 0 0 0 0 0 0 0 0 0 0 0 0 30076 0 0 0 0 0 0 0 0 0 0 0 0 0 0 0 1 1 10673 0 0 0 0 0 0 0 0 0 0 0 0 0 0 0 0 0 6940 0 0 0 0 0 0 0 0 0 0 0 0 0 0 0 0 0 3707 0 0 0 0 0 0 0 0 0 0 0 0 0 0 0 0 0 1263 0 0 0 0 0 0 0 0 0 0 0 0 0 0 0 0 0 37 0 0 0 0 0 0 0 0 0 0 0 0 0 0 0 0 0 19 0 0 0 0 0 0 0 0 0 0 0 0 0 0 0 0 0 16 0 0 0 0 0 0 0 0 0 0 0 0 0 0 0 0 0 15 0 0 0 0 0 0 0 0 0 0 0 0 0 0 0 0 0 16 0 0 0 0 0 
04-14 22:07:29.365  2245  2259 E HeatmapThread: !@Write Extended Heatmap to efs is: 0 0 0 0 0 0 0 0 0 0 0 0 0 0 0 0 0 0 0 0 0 0 0 0 0 0 0 0 0 0 0 0 0 0 0 0 0 0 0 0 0 0 0 0 0 0 0 0 0 0 0 0 0 0 0 0 0 0 0 0 0 0 0 0 0 0 0 0 0 0 0 0 0 0 0 0 0 0 0 0 0 0 0 0 0 0 0 0 0 0 0 0 0 0 0 0 0 0 0 0 0 0 0 0 0 0 0 0 0 0 0 0 0 0 0 0 0 0 0 0 0 0 0 0 0 0 0 0 0 0 0 0 0 0 0 0 0 0 0 0 0 0 0 0 0 0 0 0 0 0 0 0 0 0 0 0 0 0 0 0 0 0 0 0 0 0 0 0 0 0 0 0 0 0 0 0 0 0 0 0 0 0 0 0 0 0 0 0 0 0 0 0 0 0 0 0 0 0 0 0 0 0 0 0 0 0 0 0 0 0 0 0 0 0 0 0 0 0 0 0 0 0 0 0 0 0 0 0 0 0 0 0 0 0 56406 0 0 0 0 0 0 0 0 0 0 0 0 0 0 0 0 0 41529 0 0 0 0 0 0 0 0 0 0 0 0 0 0 0 0 0 38386 0 0 0 0 0 0 0 0 0 0 0 0 0 0 0 0 0 38857 0 0 0 0 0 0 0 0 0 0 0 0 0 0 0 0 0 30076 0 0 0 0 0 0 0 0 0 0 0 0 0 0 0 1 1 10673 0 0 0 0 0 0 0 0 0 0 0 0 0 0 0 0 0 6940 0 0 0 0 0 0 0 0 0 0 0 0 0 0 0 0 0 3707 0 0 0 0 0 0 0 0 0 0 0 0 0 0 0 0 0 1263 0 0 0 0 0 0 0 0 0 0 0 0 0 0 0 0 0 37 0 0 0 0 0 0 0 0 0 0 0 0 0 0 0 0 0 19 0 0 0 0 0 0 0 0 0 0 0 0 0 0 0 0 0 16 0 0 0 0 0 0 0 0 0 0 0 0 0 0 0 0 0 15 0 0 0 0 0 0 0 0 0 0 0 0 0 0 0 0 0 16 0 0 0 0 0 0
04-14 22:07:29.366  2245  2259 E HeatmapThread: !@ CAM New BSOH: 100
04-14 22:07:29.366  2245  2259 E HeatmapThread: !@ CAM is Working
04-14 22:07:29.504  3011  4916 I BatteryService_BatteryPropertiesRegistrar: [getProperty]id:2
04-14 22:07:29.504  3011  4916 I BatteryService_BatteryPropertiesRegistrar: [getProperty]prop.long:-9223372036854775808 ,prop.string:null
04-14 22:07:29.506  3011  4916 I BatteryService_BatteryPropertiesRegistrar: [getProperty]id:4
04-14 22:07:29.506  3011  4916 I BatteryService_BatteryPropertiesRegistrar: [getProperty]prop.long:-9223372036854775808 ,prop.string:null
04-14 22:07:29.551  2765  3621 I bauth_FPBAuthService: pcf : 0x1012, 0 ,1 ,0 ,1 ,0 ,0, 16.0.0.3
04-14 22:07:29.551  2765  3621 I bauth_FPBAuthService: thread id : 1, preenroll_flag : 0, nd cnt : 0, cso : 0, et : 0
04-14 22:07:29.551  2765  3621 I bauth_FPBAuthService: FPBAuthService::timerHandler complete
04-14 22:07:30.182  1204  1204 D io_stats: !@   8,0 r 96216408 1876683624 w 22978321 524030376 d 2874215 713404424 f 692194 1920593 iot 16574244 0 th 0 0 0 pt 0 inp 0 0 350564.626
04-14 22:07:30.182  1204  1204 D io_stats: !@ Read_top(KB): binder:2008_2(2008) 8
04-14 22:07:30.182  1204  1204 D io_stats: !@ Write_top(KB): tes.accubattery(16237) 128 kworker/u16:3(19551) 8
04-14 22:07:30.360  2245  2259 E HeatmapThread: ECT Thread time in milliseconds: 1776197250
04-14 22:07:30.364  2245  2259 D HeatmapThread: !@ batteryplugType : 2
04-14 22:07:30.365  2245  2259 D HeatmapThread: !@ batteryLevel : 79  batteryTemperature : 289 
04-14 22:07:30.365  2245  2259 D HeatmapThread: !@ Heatmap currtime: 29603287
04-14 22:07:30.365  2245  2259 D HeatmapThread: !@ Heatmap prevtime: 29603274
04-14 22:07:30.365  2245  2259 D HeatmapThread: !@ Heatmap plugstarttime: 29603071
04-14 22:07:30.366  2245  2259 D HeatmapThread: !@ Heatmap prevv_dsoh_update_time: 29603281
04-14 22:07:30.366  2245  2259 E HeatmapThread: !@ CAM New BSOH: 100
04-14 22:07:30.366  2245  2259 E HeatmapThread: !@ CAM is Working
04-14 22:07:30.551  2765  3621 I bauth_FPBAuthService: pcf : 0x1012, 0 ,1 ,0 ,1 ,0 ,0, 16.0.0.3
04-14 22:07:30.551  2765  3621 I bauth_FPBAuthService: thread id : 1, preenroll_flag : 0, nd cnt : 0, cso : 0, et : 0
04-14 22:07:30.551  2765  3621 I bauth_FPBAuthService: FPBAuthService::timerHandler complete
04-14 22:07:31.360  2245  2259 E HeatmapThread: ECT Thread time in milliseconds: 1776197251
04-14 22:07:31.364  2245  2259 D HeatmapThread: !@ batteryplugType : 2
04-14 22:07:31.365  2245  2259 D HeatmapThread: !@ batteryLevel : 79  batteryTemperature : 289 
04-14 22:07:31.365  2245  2259 D HeatmapThread: !@ Heatmap currtime: 29603287
04-14 22:07:31.365  2245  2259 D HeatmapThread: !@ Heatmap prevtime: 29603274
04-14 22:07:31.365  2245  2259 D HeatmapThread: !@ Heatmap plugstarttime: 29603071
04-14 22:07:31.365  2245  2259 D HeatmapThread: !@ Heatmap prevv_dsoh_update_time: 29603281
04-14 22:07:31.365  2245  2259 E HeatmapThread: !@ CAM New BSOH: 100
04-14 22:07:31.365  2245  2259 E HeatmapThread: !@ CAM is Working
04-14 22:07:31.507  3011  4916 I BatteryService_BatteryPropertiesRegistrar: [getProperty]id:2
04-14 22:07:31.507  3011  4916 I BatteryService_BatteryPropertiesRegistrar: [getProperty]prop.long:-9223372036854775808 ,prop.string:null
04-14 22:07:31.509  3011  4916 I BatteryService_BatteryPropertiesRegistrar: [getProperty]id:4
04-14 22:07:31.510  3011  4916 I BatteryService_BatteryPropertiesRegistrar: [getProperty]prop.long:-9223372036854775808 ,prop.string:null
04-14 22:07:31.552  2765  3621 I bauth_FPBAuthService: pcf : 0x1012, 0 ,1 ,0 ,1 ,0 ,0, 16.0.0.3
04-14 22:07:31.552  2765  3621 I bauth_FPBAuthService: thread id : 1, preenroll_flag : 0, nd cnt : 0, cso : 0, et : 0
04-14 22:07:31.552  2765  3621 I bauth_FPBAuthService: FPBAuthService::timerHandler complete
04-14 22:07:32.132  2188  2188 I seh_thermal_service: getTemperaturesWithType SehTemperatureType: 3
04-14 22:07:32.132  2123  2123 I sehhealth-service: updateLrpSysfs: write: 296
04-14 22:07:32.132  2123  2180 E BatteryDump: !@new_battery_dump : 4138,5,1125,3331,79,289,280,277,289,0,297,277,0,Not-charging,NO_CHARGING,Normal,Good,PDIC,0,Normal,0,0,9300,0x8000,0x11010000,0x0,0,0,0000,0000,00000000,0,0,0,0,492,4137,7978,1000,0,
04-14 22:07:32.183  1204  1204 D io_stats: !@   8,0 r 96216408 1876683624 w 22978323 524030384 d 2874215 713404424 f 692194 1920593 iot 16574252 0 th 0 0 0 pt 0 inp 0 0 350566.628
04-14 22:07:32.360  2245  2259 E HeatmapThread: ECT Thread time in milliseconds: 1776197252
04-14 22:07:32.364  2245  2259 D HeatmapThread: !@ batteryplugType : 2
04-14 22:07:32.364  2245  2259 D HeatmapThread: !@ batteryLevel : 79  batteryTemperature : 289 
04-14 22:07:32.364  2245  2259 D HeatmapThread: !@ Heatmap currtime: 29603287
04-14 22:07:32.364  2245  2259 D HeatmapThread: !@ Heatmap prevtime: 29603274
04-14 22:07:32.365  2245  2259 D HeatmapThread: !@ Heatmap plugstarttime: 29603071
04-14 22:07:32.365  2245  2259 D HeatmapThread: !@ Heatmap prevv_dsoh_update_time: 29603281
04-14 22:07:32.365  2245  2259 E HeatmapThread: !@ CAM New BSOH: 100
04-14 22:07:32.365  2245  2259 E HeatmapThread: !@ CAM is Working
04-14 22:07:32.553  2765  3621 I bauth_FPBAuthService: pcf : 0x1012, 0 ,1 ,0 ,1 ,0 ,0, 16.0.0.3
04-14 22:07:32.554  2765  3621 I bauth_FPBAuthService: thread id : 1, preenroll_flag : 0, nd cnt : 0, cso : 0, et : 0
04-14 22:07:32.554  2765  3621 I bauth_FPBAuthService: FPBAuthService::timerHandler complete
04-14 22:07:33.089  3011  3422 D MARsPolicyManager: triggerAction called!
04-14 22:07:33.089  3011  3422 I NSLocationMonitor: getGPSUsingApps() called
04-14 22:07:33.090  5599 15799 I NSLocationManager_FLP: getGPSUsingApps, No change
04-14 22:07:33.104  2117 26931 I StatsHandler: [hvcD_673] Stats: Pending(0) i/p-done(0) Works: Q: 523/Done 518|Work-Rate: Q(0.0/s Avg=0.0/s) Done(0.000/s Avg=0.027/s)| Stream: 30.00fps 979.3Kbps
04-14 22:07:33.104  2117 26931 I StatsHandler: [hvcD_673] Mem-usage:  [In-1D: 11 bufs 88.000 MB] [1D-7035: 32 bufs 0.500 MB] [2D-7036: 21 bufs 47.004 MB] | Total: 135.504 MB
04-14 22:07:33.104  2117 26931 I StatsHandler: [avcD_678] Stats: Pending(0) i/p-done(0) Works: Q: 67/Done 55|Work-Rate: Q(0.0/s Avg=0.0/s) Done(0.000/s Avg=0.003/s)| Stream: 24.00fps 69.5Kbps
04-14 22:07:33.104  2117 26931 I StatsHandler: [avcD_678] Mem-usage:  [In-1D: 11 bufs 88.000 MB] [1D-7045: 28 bufs 0.438 MB] [2D-7046: 17 bufs 5.844 MB] | Total: 94.281 MB
04-14 22:07:33.338  2085 21685 I sensors-hal: handle_sns_std_sensor_event:90, light_cct: ts = 790747304340400 ns; value = [3, 3, 0, 0, 3, 0, 0, 0, 736, 0]
04-14 22:07:33.359  2245  2259 E HeatmapThread: ECT Thread time in milliseconds: 1776197253
04-14 22:07:33.363  2245  2259 D HeatmapThread: !@ batteryplugType : 2
04-14 22:07:33.363  2245  2259 D HeatmapThread: !@ batteryLevel : 79  batteryTemperature : 289 
04-14 22:07:33.363  2245  2259 D HeatmapThread: !@ Heatmap currtime: 29603287
04-14 22:07:33.363  2245  2259 D HeatmapThread: !@ Heatmap prevtime: 29603274
04-14 22:07:33.363  2245  2259 D HeatmapThread: !@ Heatmap plugstarttime: 29603071
04-14 22:07:33.364  2245  2259 D HeatmapThread: !@ Heatmap prevv_dsoh_update_time: 29603281
04-14 22:07:33.364  2245  2259 E HeatmapThread: !@ CAM New BSOH: 100
04-14 22:07:33.364  2245  2259 E HeatmapThread: !@ CAM is Working
04-14 22:07:33.512  3011  4916 I BatteryService_BatteryPropertiesRegistrar: [getProperty]id:2
04-14 22:07:33.512  3011  4916 I BatteryService_BatteryPropertiesRegistrar: [getProperty]prop.long:-9223372036854775808 ,prop.string:null
04-14 22:07:33.514  3011  4916 I BatteryService_BatteryPropertiesRegistrar: [getProperty]id:4
04-14 22:07:33.514  3011  4916 I BatteryService_BatteryPropertiesRegistrar: [getProperty]prop.long:-9223372036854775808 ,prop.string:null
04-14 22:07:33.554  2765  3621 I bauth_FPBAuthService: pcf : 0x1012, 0 ,1 ,0 ,1 ,0 ,0, 16.0.0.3
04-14 22:07:33.554  2765  3621 I bauth_FPBAuthService: thread id : 1, preenroll_flag : 0, nd cnt : 0, cso : 0, et : 0
04-14 22:07:33.554  2765  3621 I bauth_FPBAuthService: FPBAuthService::timerHandler complete
04-14 22:07:33.881  3011  4354 D BackgroundInstallControlService: Package event received: 0
04-14 22:07:33.975  4880  5025 D Tile.SoundModeTile: handleSetListening: listening true
04-14 22:07:33.977  4880  4880 D SBluetoothControllerImpl: handleMessage : 3
04-14 22:07:33.977  4880  4880 D SBluetoothControllerImpl: handleMessage : 2
04-14 22:07:33.982  4880  5025 D Tile.SoundModeTile: handleUpdateState: profile 2, muteAllSound false
04-14 22:07:33.984  4880  5025 D SBluetoothTile:  handleUpdateState enabled = true connected = false connecting = false changedState =false bluetoothState = 12 enabledChanging = false state = QSTile$BooleanState[spec=Bluetooth,icon=ResourceIcon[resId=0x7f080f78],nextIcon=null,iconSupplier=null,label=Bluetooth,secondaryLabel=,contentDescription=Bluetooth,stateDescription=null,dualLabelContentDescription=Connected to (oOo).,expandedAccessibilityClassName=null,disabledByPolicy=false,dualTarget=true,isTransient=false,handlesSecondaryClick=false,state=2,sideViewCustomDrawable=null,tileClassName=null,value=true,forceExpandIcon=false]
04-14 22:07:33.987  4880  5025 D SBluetoothTile:  handleUpdateState enabled = true connected = false connecting = false changedState =false bluetoothState = 12 enabledChanging = false state = QSTile$BooleanState[spec=Bluetooth,icon=ResourceIcon[resId=0x7f080f78],nextIcon=null,iconSupplier=null,label=Bluetooth,secondaryLabel=,contentDescription=Bluetooth,stateDescription=null,dualLabelContentDescription=Connected to (oOo).,expandedAccessibilityClassName=null,disabledByPolicy=false,dualTarget=true,isTransient=false,handlesSecondaryClick=false,state=2,sideViewCustomDrawable=null,tileClassName=null,value=true,forceExpandIcon=false]
04-14 22:07:33.989  4880  5025 D Tile.SoundModeTile: handleSetListening: listening false
04-14 22:07:33.990  4880  4880 D SBluetoothControllerImpl: handleMessage : 4
04-14 22:07:33.994  5184  5765 W bluetooth: system/gd/hci/le_address_manager.cc:337 pause_registered_clients: pause_registered_clients
04-14 22:07:33.994  5184  5765 I bluetooth: system/gd/hci/le_advertising_manager.cc:1484 OnPause: address_manager_registered=true
04-14 22:07:33.994  5184  5765 W bluetooth: system/gd/hci/acl_manager/le_impl.h:1567 OnPause: le_impl :: Pass AckPause
04-14 22:07:33.995  5184  5765 W bluetooth: system/gd/hci/acl_manager/le_impl.h:1287 disarm_connectability: disarm_connectability
04-14 22:07:33.995  5184  5765 I bluetooth: system/gd/hci/acl_manager/le_impl.h:1291 disarm_connectability: Disarming LE connection state machine with create connection cancel
04-14 22:07:33.995  5184  5765 W bluetooth: system/gd/hci/acl_manager/le_impl.h:413 set_connectability_state: ConnectabilityState::ARMED --> ConnectabilityState::DISARMING
04-14 22:07:33.995  5184  5765 W bluetooth: system/gd/hci/le_scanning_manager.cc:1811 OnPause: OnPause
04-14 22:07:33.995  5184  5765 W bluetooth: system/gd/hci/le_scanning_manager.cc:768 stop_scan: stop_scan
04-14 22:07:33.996  2080  2080 D vendor.qti.bluetooth@1.1-ibs_handler: SerialClockVote: vote for UART CLK ON
04-14 22:07:33.998  2080  2080 D vendor.qti.bluetooth@1.1-wake_lock: Acquire wakelock is acquired 
04-14 22:07:33.998  2080  2080 I vendor.qti.bluetooth@1.1-ibs_handler: DeviceWakeUp: Writing IBS_WAKE_IND
04-14 22:07:33.999  2080  6509 I vendor.qti.bluetooth@1.1-ibs_handler: ProcessIbsCmd: Received IBS_WAKE_ACK: 0xFC
04-14 22:07:33.999  2080  6509 I vendor.qti.bluetooth@1.1-ibs_handler: ProcessIbsCmd: Signal wack_cond_
04-14 22:07:33.999  2080  2080 D vendor.qti.bluetooth@1.1-ibs_handler: DeviceWakeUp: Unblocked from waiting for FC, pthread_cond_timedwait ret = 0
04-14 22:07:34.000  5184  5765 W bluetooth: system/gd/hci/le_address_manager.cc:370 ack_pause: Client already in paused state
04-14 22:07:34.000  5184  5765 W bluetooth: system/gd/hci/le_address_manager.cc:374 ack_pause: Wait all clients paused, return
04-14 22:07:34.000  5184  5765 W bluetooth: system/gd/hci/le_address_manager.cc:370 ack_pause: Client already in paused state
04-14 22:07:34.000  5184  5765 W bluetooth: system/gd/hci/le_address_manager.cc:374 ack_pause: Wait all clients paused, return
04-14 22:07:34.036  2080  6509 I vendor.qti.bluetooth@1.1-ibs_handler: ProcessIbsCmd: Received IBS_WAKE_IND: 0xFD
04-14 22:07:34.036  2080  6509 I vendor.qti.bluetooth@1.1-ibs_handler: ProcessIbsCmd: Writing IBS_WAKE_ACK
04-14 22:07:34.054  5184  5765 W bluetooth: system/gd/hci/acl_manager/le_impl.h:1591 on_create_connection_cancel_complete: on_create_connection_cancel_complete
04-14 22:07:34.055  5184  5765 W bluetooth: system/gd/hci/acl_manager/le_impl.h:456 on_le_connection_complete: on_le_connection_complete()
04-14 22:07:34.055  5184  5765 W BluetoothMetrics: system/gd/os/android/metrics.cc:488 LogMetricBluetoothEvent: Failed BluetoothEvent Upload - Address is Empty
04-14 22:07:34.055  5184  5765 W bluetooth: system/gd/hci/acl_manager/le_impl.h:413 set_connectability_state: ConnectabilityState::DISARMING --> ConnectabilityState::DISARMED
04-14 22:07:34.055  5184  5765 W bluetooth: system/gd/hci/acl_manager/le_impl.h:427 on_le_connection_canceled_on_pause: Set connectability to DISARMED
04-14 22:07:34.055  5184  5765 W bluetooth: system/gd/hci/acl_manager/le_impl.h:413 set_connectability_state: ConnectabilityState::DISARMED --> ConnectabilityState::DISARMED
04-14 22:07:34.055  5184  5765 W bluetooth: system/gd/hci/le_address_manager.cc:370 ack_pause: Client already in paused state
04-14 22:07:34.055  5184  5765 W bluetooth: system/gd/hci/le_address_manager.cc:370 ack_pause: Client already in paused state
04-14 22:07:34.055  5184  5765 W bluetooth: system/gd/hci/le_address_manager.cc:370 ack_pause: Client already in paused state
04-14 22:07:34.055  5184  5765 I bluetooth: system/gd/hci/le_address_manager.cc:581 GetNextPrivateAddressIntervalRange: client=LeAddressManager, nonwake=7m23s, wake=14m46s
04-14 22:07:34.056  5184  5765 W bluetooth: system/gd/hci/le_address_manager.cc:370 ack_pause: Client already in paused state
04-14 22:07:34.056  5184  5765 W bluetooth: system/gd/hci/le_address_manager.cc:370 ack_pause: Client already in paused state
04-14 22:07:34.056  5184  5765 W bluetooth: system/gd/hci/le_address_manager.cc:370 ack_pause: Client already in paused state
04-14 22:07:34.056  5184  5765 I bluetooth: system/gd/hci/le_address_manager.cc:397 resume_registered_clients: Resuming registered clients
04-14 22:07:34.056  5184  5765 I bluetooth: system/gd/hci/le_advertising_manager.cc:1532 OnResume: address_manager_registered=true
04-14 22:07:34.056  5184  5765 W bluetooth: system/gd/hci/acl_manager/le_impl.h:1062 arm_connectability: arm_connectability
04-14 22:07:34.056  5184  5765 W bluetooth: system/gd/hci/acl_manager/le_impl.h:413 set_connectability_state: ConnectabilityState::DISARMED --> ConnectabilityState::ARMING
04-14 22:07:34.056  5184  5765 W bluetooth: system/gd/hci/acl_manager/le_impl.h:1583 OnResume: le_impl :: AckResume
04-14 22:07:34.056  5184  5765 W bluetooth: system/gd/hci/le_scanning_manager.cc:1825 OnResume: OnResume
04-14 22:07:34.056  5184  5765 W bluetooth: system/gd/hci/le_scanning_manager.cc:1828 OnResume: scan_on_resume_
04-14 22:07:34.056  5184  5765 W bluetooth: system/gd/hci/le_scanning_manager.cc:1834 OnResume: configure_scan_on_resume
04-14 22:07:34.056  5184  5765 I bluetooth: system/gd/hci/le_scanning_manager.cc:765 stop_scan: Scanning already stopped, return!
04-14 22:07:34.056  5184  5765 W bluetooth: system/gd/hci/le_scanning_manager.cc:732 start_scan: start_scan
04-14 22:07:34.060  5184  5765 I bluetooth: system/gd/hci/le_address_manager.cc:816 OnCommandComplete: Received command complete with op_code LE_SET_RANDOM_ADDRESS(0x2005)
04-14 22:07:34.060  5184  5765 I bluetooth: system/gd/hci/le_address_manager.cc:836 OnCommandComplete: update random address : xx:xx:xx:xx:02:79
04-14 22:07:34.061  5184  5765 I bluetooth: system/gd/hci/le_address_manager.cc:397 resume_registered_clients: Resuming registered clients
04-14 22:07:34.061  5184  5765 W bluetooth: system/gd/hci/le_address_manager.cc:400 resume_registered_clients: client is not paused ClientState::RESUMED(0x3)
04-14 22:07:34.061  5184  5765 I bluetooth: system/gd/hci/le_advertising_manager.cc:1532 OnResume: address_manager_registered=true
04-14 22:07:34.061  5184  5765 W bluetooth: system/gd/hci/le_address_manager.cc:400 resume_registered_clients: client is not paused ClientState::RESUMED(0x3)
04-14 22:07:34.061  5184  5765 W bluetooth: system/gd/hci/acl_manager/le_impl.h:1583 OnResume: le_impl :: AckResume
04-14 22:07:34.061  5184  5765 W bluetooth: system/gd/hci/le_address_manager.cc:400 resume_registered_clients: client is not paused ClientState::RESUMED(0x3)
04-14 22:07:34.061  5184  5765 W bluetooth: system/gd/hci/le_scanning_manager.cc:1825 OnResume: OnResume
04-14 22:07:34.072  5184  5765 W bluetooth: system/gd/hci/acl_manager/le_impl.h:413 set_connectability_state: ConnectabilityState::ARMING --> ConnectabilityState::ARMED
04-14 22:07:34.072  5184  5765 I bluetooth: system/gd/hci/acl_manager/le_impl.h:1036 update_connectability_state_after_armed: Le connection state machine armed state:ConnectabilityState::ARMED status:SUCCESS(0x00)
04-14 22:07:34.116  2080  6509 I vendor.qti.bluetooth@1.1-ibs_handler: ProcessIbsCmd: Received IBS_SLEEP_IND: 0xFE
04-14 22:07:34.184  1204  1204 D io_stats: !@   8,0 r 96216426 1876683700 w 22978323 524030384 d 2874215 713404424 f 692194 1920593 iot 16574272 0 th 0 0 0 pt 0 inp 0 0 350568.629
04-14 22:07:34.185  1204  1204 D io_stats: !@ Read_top(KB): system_server(3011) 76
04-14 22:07:34.185  1204  1204 D io_stats: !@ Write_top(KB): vendor.samsung.(2123) 8
04-14 22:07:34.299  3011  3232 E Watchdog: !@Sync: 11676 heap(MB): 225 / 235 FD: 1640 [2026-04-14 22:07:34.299]
04-14 22:07:34.359  2245  2259 E HeatmapThread: ECT Thread time in milliseconds: 1776197254
04-14 22:07:34.363  2245  2259 D HeatmapThread: !@ batteryplugType : 2
04-14 22:07:34.364  2245  2259 D HeatmapThread: !@ batteryLevel : 79  batteryTemperature : 289 
04-14 22:07:34.364  2245  2259 D HeatmapThread: !@ Heatmap currtime: 29603287
04-14 22:07:34.364  2245  2259 D HeatmapThread: !@ Heatmap prevtime: 29603274
04-14 22:07:34.364  2245  2259 D HeatmapThread: !@ Heatmap plugstarttime: 29603071
04-14 22:07:34.364  2245  2259 D HeatmapThread: !@ Heatmap prevv_dsoh_update_time: 29603281
04-14 22:07:34.364  2245  2259 E HeatmapThread: !@ CAM New BSOH: 100
04-14 22:07:34.364  2245  2259 E HeatmapThread: !@ CAM is Working
04-14 22:07:34.554  2765  3621 I bauth_FPBAuthService: pcf : 0x1012, 0 ,1 ,0 ,1 ,0 ,0, 16.0.0.3
04-14 22:07:34.555  2765  3621 I bauth_FPBAuthService: thread id : 1, preenroll_flag : 0, nd cnt : 0, cso : 0, et : 0
04-14 22:07:34.555  2765  3621 I bauth_FPBAuthService: FPBAuthService::timerHandler complete
04-14 22:07:35.077  2080  6512 I vendor.qti.bluetooth@1.1-ibs_handler: DeviceSleep: TX Awake, Sending SLEEP_IND
04-14 22:07:35.078  2080  6512 D vendor.qti.bluetooth@1.1-ibs_handler: SerialClockVote: vote for UART CLK OFF
04-14 22:07:35.229  2080  5774 D vendor.qti.bluetooth@1.1-wake_lock: Release wakelock is released 
04-14 22:07:35.359  2245  2259 E HeatmapThread: ECT Thread time in milliseconds: 1776197255
04-14 22:07:35.363  2245  2259 D HeatmapThread: !@ batteryplugType : 2
04-14 22:07:35.363  2245  2259 D HeatmapThread: !@ batteryLevel : 79  batteryTemperature : 289 
04-14 22:07:35.363  2245  2259 D HeatmapThread: !@ Heatmap currtime: 29603287
04-14 22:07:35.363  2245  2259 D HeatmapThread: !@ Heatmap prevtime: 29603274
04-14 22:07:35.363  2245  2259 D HeatmapThread: !@ Heatmap plugstarttime: 29603071
04-14 22:07:35.363  2245  2259 D HeatmapThread: !@ Heatmap prevv_dsoh_update_time: 29603281
04-14 22:07:35.363  2245  2259 E HeatmapThread: !@ CAM New BSOH: 100
04-14 22:07:35.364  2245  2259 E HeatmapThread: !@ CAM is Working
04-14 22:07:35.515  3011  4916 I BatteryService_BatteryPropertiesRegistrar: [getProperty]id:2
04-14 22:07:35.516  3011  4916 I BatteryService_BatteryPropertiesRegistrar: [getProperty]prop.long:-9223372036854775808 ,prop.string:null
04-14 22:07:35.518  3011  4916 I BatteryService_BatteryPropertiesRegistrar: [getProperty]id:4
04-14 22:07:35.518  3011  4916 I BatteryService_BatteryPropertiesRegistrar: [getProperty]prop.long:-9223372036854775808 ,prop.string:null
04-14 22:07:35.555  2765  3621 I bauth_FPBAuthService: pcf : 0x1012, 0 ,1 ,0 ,1 ,0 ,0, 16.0.0.3
04-14 22:07:35.556  2765  3621 I bauth_FPBAuthService: thread id : 1, preenroll_flag : 0, nd cnt : 0, cso : 0, et : 0
04-14 22:07:35.556  2765  3621 I bauth_FPBAuthService: FPBAuthService::timerHandler complete
04-14 22:07:36.186  1204  1204 D io_stats: !@   8,0 r 96216429 1876683712 w 22978330 524030416 d 2874215 713404424 f 692195 1920594 iot 16574284 0 th 0 0 0 pt 0 inp 0 0 350570.631
04-14 22:07:36.359  2245  2259 E HeatmapThread: ECT Thread time in milliseconds: 1776197256
04-14 22:07:36.363  2245  2259 D HeatmapThread: !@ batteryplugType : 2
04-14 22:07:36.363  2245  2259 D HeatmapThread: !@ batteryLevel : 79  batteryTemperature : 289 
04-14 22:07:36.364  2245  2259 D HeatmapThread: !@ Heatmap currtime: 29603287
04-14 22:07:36.364  2245  2259 D HeatmapThread: !@ Heatmap prevtime: 29603274
04-14 22:07:36.364  2245  2259 D HeatmapThread: !@ Heatmap plugstarttime: 29603071
04-14 22:07:36.365  2245  2259 D HeatmapThread: !@ Heatmap prevv_dsoh_update_time: 29603281
04-14 22:07:36.365  2245  2259 E HeatmapThread: !@ CAM New BSOH: 100
04-14 22:07:36.365  2245  2259 E HeatmapThread: !@ CAM is Working
04-14 22:07:36.558  2765  3621 I bauth_FPBAuthService: pcf : 0x1012, 0 ,1 ,0 ,1 ,0 ,0, 16.0.0.3
04-14 22:07:36.558  2765  3621 I bauth_FPBAuthService: thread id : 1, preenroll_flag : 0, nd cnt : 0, cso : 0, et : 0
04-14 22:07:36.558  2765  3621 I bauth_FPBAuthService: FPBAuthService::timerHandler complete
04-14 22:07:37.359  2245  2259 E HeatmapThread: ECT Thread time in milliseconds: 1776197257
04-14 22:07:37.363  2245  2259 D HeatmapThread: !@ batteryplugType : 2
04-14 22:07:37.363  2245  2259 D HeatmapThread: !@ batteryLevel : 79  batteryTemperature : 289 
04-14 22:07:37.363  2245  2259 D HeatmapThread: !@ Heatmap currtime: 29603287
04-14 22:07:37.363  2245  2259 D HeatmapThread: !@ Heatmap prevtime: 29603274
04-14 22:07:37.363  2245  2259 D HeatmapThread: !@ Heatmap plugstarttime: 29603071
04-14 22:07:37.363  2245  2259 D HeatmapThread: !@ Heatmap prevv_dsoh_update_time: 29603281
04-14 22:07:37.363  2245  2259 E HeatmapThread: !@ CAM New BSOH: 100
04-14 22:07:37.363  2245  2259 E HeatmapThread: !@ CAM is Working
04-14 22:07:37.519  3011  4916 I BatteryService_BatteryPropertiesRegistrar: [getProperty]id:2
04-14 22:07:37.520  3011  4916 I BatteryService_BatteryPropertiesRegistrar: [getProperty]prop.long:-9223372036854775808 ,prop.string:null
04-14 22:07:37.522  3011  4916 I BatteryService_BatteryPropertiesRegistrar: [getProperty]id:4
04-14 22:07:37.522  3011  4916 I BatteryService_BatteryPropertiesRegistrar: [getProperty]prop.long:-9223372036854775808 ,prop.string:null
04-14 22:07:37.558  2765  3621 I bauth_FPBAuthService: pcf : 0x1012, 0 ,1 ,0 ,1 ,0 ,0, 16.0.0.3
04-14 22:07:37.558  2765  3621 I bauth_FPBAuthService: thread id : 1, preenroll_flag : 0, nd cnt : 0, cso : 0, et : 0
04-14 22:07:37.558  2765  3621 I bauth_FPBAuthService: FPBAuthService::timerHandler complete
04-14 22:07:38.104  2117 26931 I StatsHandler: [hvcD_673] Stats: Pending(0) i/p-done(0) Works: Q: 523/Done 518|Work-Rate: Q(0.0/s Avg=0.0/s) Done(0.000/s Avg=0.027/s)| Stream: 30.00fps 979.3Kbps
04-14 22:07:38.105  2117 26931 I StatsHandler: [hvcD_673] Mem-usage:  [In-1D: 11 bufs 88.000 MB] [1D-7035: 32 bufs 0.500 MB] [2D-7036: 21 bufs 47.004 MB] | Total: 135.504 MB
04-14 22:07:38.105  2117 26931 I StatsHandler: [avcD_678] Stats: Pending(0) i/p-done(0) Works: Q: 67/Done 55|Work-Rate: Q(0.0/s Avg=0.0/s) Done(0.000/s Avg=0.003/s)| Stream: 24.00fps 69.5Kbps
04-14 22:07:38.105  2117 26931 I StatsHandler: [avcD_678] Mem-usage:  [In-1D: 11 bufs 88.000 MB] [1D-7045: 28 bufs 0.438 MB] [2D-7046: 17 bufs 5.844 MB] | Total: 94.281 MB
04-14 22:07:38.110  3011  3422 D MARsPolicyManager: triggerAction called!
04-14 22:07:38.110  3011  3422 I NSLocationMonitor: getGPSUsingApps() called
04-14 22:07:38.111  5599 15799 I NSLocationManager_FLP: getGPSUsingApps, No change
04-14 22:07:38.188  1204  1204 D io_stats: !@ Read_top(KB): .gms.persistent(25814) 12
04-14 22:07:38.188  1204  1204 D io_stats: !@ Write_top(KB): kworker/u16:4(12844) 16 jbd2/sda9-8(1160) 8 kworker/u16:3(19551) 4
04-14 22:07:38.359  2245  2259 E HeatmapThread: ECT Thread time in milliseconds: 1776197258
04-14 22:07:38.363  2245  2259 D HeatmapThread: !@ batteryplugType : 2
04-14 22:07:38.363  2245  2259 D HeatmapThread: !@ batteryLevel : 79  batteryTemperature : 289 
04-14 22:07:38.364  2245  2259 D HeatmapThread: !@ Heatmap currtime: 29603287
04-14 22:07:38.364  2245  2259 D HeatmapThread: !@ Heatmap prevtime: 29603274
04-14 22:07:38.364  2245  2259 D HeatmapThread: !@ Heatmap plugstarttime: 29603071
04-14 22:07:38.364  2245  2259 D HeatmapThread: !@ Heatmap prevv_dsoh_update_time: 29603281
04-14 22:07:38.364  2245  2259 E HeatmapThread: !@ CAM New BSOH: 100
04-14 22:07:38.364  2245  2259 E HeatmapThread: !@ CAM is Working
04-14 22:07:38.558  2765  3621 I bauth_FPBAuthService: pcf : 0x1012, 0 ,1 ,0 ,1 ,0 ,0, 16.0.0.3
04-14 22:07:38.558  2765  3621 I bauth_FPBAuthService: thread id : 1, preenroll_flag : 0, nd cnt : 0, cso : 0, et : 0
04-14 22:07:38.558  2765  3621 I bauth_FPBAuthService: FPBAuthService::timerHandler complete
04-14 22:07:38.696  8355  8355 I wpa_supplicant: Heartbeat 48574
04-14 22:07:38.921  3011  4916 D CustomizedBinderCallsStatsInternal: reportCpuUsage() : 0%
04-14 22:07:38.921  3011  3234 I BinderCallsStats: Collected cpu time : 0us, collected call count : 0 for 30142667 ms
04-14 22:07:38.924  3011  4916 D ProcessCpuUsage: [0] 739, {556=243130, 672=2810, 787=2460, 902=1500, 1017=1500, 1132=1290, 1248=1320, 1344=3020, 1459=1390, 1574=1610, 1689=40430}
04-14 22:07:38.924  3011  4916 D ProcessCpuUsage: [2] 658, {614=291030, 729=160, 844=1590, 1075=100, 1612=260, 1920=110, 2035=100, 2380=6670}
04-14 22:07:38.924  3011  4916 D ProcessCpuUsage: [5] 627, {499=244230, 614=2190, 729=2240, 844=2180, 960=2190, 1075=2360, 1190=42250, 2380=2810}
04-14 22:07:38.924  3011  4916 D ProcessCpuUsage: [7] 678, {672=297720, 902=1950, 2380=780}
04-14 22:07:38.929  3011  4916 W ProcessStats: Tracking association SourceState{df40d13 com.android.bluetooth/1002 ImpFg #1615117} whose proc state 5 is better than process ProcessState{b377a06 com.samsung.android.mcfserver/10125 pkg=com.samsung.android.mcfserver} proc state 8 (1 skipped)
04-14 22:07:38.933  3011  4354 D BackgroundInstallControlService: Package event received: 0
04-14 22:07:38.933  3011  4354 D BackgroundInstallControlService: Package event received: 0
04-14 22:07:38.933  3011  4354 D BackgroundInstallControlService: Package event received: 0
04-14 22:07:38.933  3011  4354 D BackgroundInstallControlService: Package event received: 0
04-14 22:07:38.933  3011  4354 D BackgroundInstallControlService: Package event received: 0
04-14 22:07:38.933  3011  4354 D BackgroundInstallControlService: Package event received: 0
04-14 22:07:38.933  3011  4354 D BackgroundInstallControlService: Package event received: 0
04-14 22:07:38.936  3011  4354 D BackgroundInstallControlService: Package event received: 0
04-14 22:07:38.936  3011  4354 D BackgroundInstallControlService: Package event received: 0
04-14 22:07:38.937  3011  4354 D BackgroundInstallControlService: Package event received: 0
04-14 22:07:38.937  3011  4354 D BackgroundInstallControlService: Package event received: 0
04-14 22:07:38.939  3011  4354 D BackgroundInstallControlService: Package event received: 0
04-14 22:07:38.940  3011  4354 D BackgroundInstallControlService: Package event received: 0
04-14 22:07:38.941  3011  4354 D BackgroundInstallControlService: Package event received: 0
04-14 22:07:38.942  3011  4354 D BackgroundInstallControlService: Package event received: 0
04-14 22:07:38.944  3011  4354 D BackgroundInstallControlService: Package event received: 0
04-14 22:07:38.944  3011  4354 D BackgroundInstallControlService: Package event received: 0
04-14 22:07:38.944  3011  4354 D BackgroundInstallControlService: Package event received: 0
04-14 22:07:38.945  3011  4354 D BackgroundInstallControlService: Package event received: 0
04-14 22:07:38.945  3011  4354 D BackgroundInstallControlService: Package event received: 0
04-14 22:07:38.945  3011  4354 D BackgroundInstallControlService: Package event received: 0
04-14 22:07:38.945  3011  4354 D BackgroundInstallControlService: Package event received: 0
04-14 22:07:38.945  3011  4354 D BackgroundInstallControlService: Package event received: 0
04-14 22:07:38.946  3011  4354 D BackgroundInstallControlService: Package event received: 0
04-14 22:07:38.946  3011  4354 D BackgroundInstallControlService: Package event received: 0
04-14 22:07:38.946  3011  4354 D BackgroundInstallControlService: Package event received: 0
04-14 22:07:38.946  3011  4354 D BackgroundInstallControlService: Package event received: 0
04-14 22:07:38.946  3011  4354 D BackgroundInstallControlService: Package event received: 0
04-14 22:07:38.947  3011  4354 D BackgroundInstallControlService: Package event received: 0
04-14 22:07:38.947  3011  4354 D BackgroundInstallControlService: Package event received: 0
04-14 22:07:38.952  3011  4354 D BackgroundInstallControlService: Package event received: 0
04-14 22:07:38.952  3011  4354 D BackgroundInstallControlService: Package event received: 0
04-14 22:07:38.953  3011  4354 D BackgroundInstallControlService: Package event received: 0
04-14 22:07:38.953  3011  4354 D BackgroundInstallControlService: Package event received: 0
04-14 22:07:38.953  3011  4354 D BackgroundInstallControlService: Package event received: 0
04-14 22:07:38.953  3011  4354 D BackgroundInstallControlService: Package event received: 0
04-14 22:07:38.954  3011  4354 D BackgroundInstallControlService: Package event received: 0
04-14 22:07:38.954  3011  4354 D BackgroundInstallControlService: Package event received: 0
04-14 22:07:38.954  3011  4354 D BackgroundInstallControlService: Package event received: 0
04-14 22:07:38.955  3011  4354 D BackgroundInstallControlService: Package event received: 0
04-14 22:07:38.955  3011  4354 D BackgroundInstallControlService: Package event received: 0
04-14 22:07:38.955  3011  4354 D BackgroundInstallControlService: Package event received: 0
04-14 22:07:38.955  3011  4354 D BackgroundInstallControlService: Package event received: 0
04-14 22:07:38.955  3011  4354 D BackgroundInstallControlService: Package event received: 0
04-14 22:07:38.955  3011  4354 D BackgroundInstallControlService: Package event received: 0
04-14 22:07:38.955  3011  4354 D BackgroundInstallControlService: Package event received: 0
04-14 22:07:38.956  3011  4354 D BackgroundInstallControlService: Package event received: 0
04-14 22:07:38.956  3011  4354 D BackgroundInstallControlService: Package event received: 0
04-14 22:07:38.956  3011  4354 D BackgroundInstallControlService: Package event received: 0
04-14 22:07:38.957  3011  4354 D BackgroundInstallControlService: Package event received: 0
04-14 22:07:38.957  3011  4354 D BackgroundInstallControlService: Package event received: 0
04-14 22:07:38.957  3011  4354 D BackgroundInstallControlService: Package event received: 0
04-14 22:07:38.957  3011  4354 D BackgroundInstallControlService: Package event received: 0
04-14 22:07:38.957  3011  4354 D BackgroundInstallControlService: Package event received: 0
04-14 22:07:38.957  3011  4354 D BackgroundInstallControlService: Package event received: 0
04-14 22:07:38.958  3011  4354 D BackgroundInstallControlService: Package event received: 0
04-14 22:07:38.958  3011  4354 D BackgroundInstallControlService: Package event received: 0
04-14 22:07:38.958  3011  4354 D BackgroundInstallControlService: Package event received: 0
04-14 22:07:38.958  3011  4354 D BackgroundInstallControlService: Package event received: 0
04-14 22:07:38.958  3011  4354 D BackgroundInstallControlService: Package event received: 0
04-14 22:07:38.959  3011  4354 D BackgroundInstallControlService: Package event received: 0
04-14 22:07:38.959  3011  4354 D BackgroundInstallControlService: Package event received: 0
04-14 22:07:38.960  3011  4354 D BackgroundInstallControlService: Package event received: 0
04-14 22:07:38.960  3011  4354 D BackgroundInstallControlService: Package event received: 0
04-14 22:07:38.960  3011  4354 D BackgroundInstallControlService: Package event received: 0
04-14 22:07:39.008  7470  8025 I SDHMS:x : SIOP:: AP:293 BAT:289 USB:280 CHG:278 PA:298 WIFI:294 CF:292 BLK:0 SUBBAT:0 LRPTHM:290 SKIN:296 SKINF:292 SKINB:296 LRP2:296 LRF2:292 LRB2:296 AP2:296 CHG2:295 WIFI2:296 RCV2:288 SPK2:287 FCAM:280 UPSPK:293 DNSPK:281 VAP02:293 VWIFI:297 AMB2:255 AVGCUR:0 POWER:0
04-14 22:07:39.360  2245  2259 E HeatmapThread: ECT Thread time in milliseconds: 1776197259
04-14 22:07:39.363  2245  2259 D HeatmapThread: !@ batteryplugType : 2
04-14 22:07:39.364  2245  2259 D HeatmapThread: !@ batteryLevel : 79  batteryTemperature : 289 
04-14 22:07:39.364  2245  2259 D HeatmapThread: !@ Heatmap currtime: 29603287
04-14 22:07:39.364  2245  2259 D HeatmapThread: !@ Heatmap prevtime: 29603274
04-14 22:07:39.364  2245  2259 D HeatmapThread: !@ Heatmap plugstarttime: 29603071
04-14 22:07:39.364  2245  2259 D HeatmapThread: !@ Heatmap prevv_dsoh_update_time: 29603281
04-14 22:07:39.364  2245  2259 E HeatmapThread: !@ CAM New BSOH: 100
04-14 22:07:39.364  2245  2259 E HeatmapThread: !@ CAM is Working
04-14 22:07:39.524  3011  4916 I BatteryService_BatteryPropertiesRegistrar: [getProperty]id:2
04-14 22:07:39.527  3011  4916 I BatteryService_BatteryPropertiesRegistrar: [getProperty]prop.long:-9223372036854775808 ,prop.string:null
04-14 22:07:39.529  3011  4916 I BatteryService_BatteryPropertiesRegistrar: [getProperty]id:4
04-14 22:07:39.529  3011  4916 I BatteryService_BatteryPropertiesRegistrar: [getProperty]prop.long:-9223372036854775808 ,prop.string:null
