04-14 21:51:55.467  3011  4378 I SemWifiIntelligentTrainingManager: Tr. cond. check: false / 1 (2) / false / 0 (1)
04-14 21:51:55.467  3011  4378 I BatteryService_BatteryPropertiesRegistrar: [getProperty]id:6
04-14 21:51:55.467  3011  4378 I BatteryService_BatteryPropertiesRegistrar: [getProperty]prop.long:-9223372036854775808 ,prop.string:null
04-14 21:51:55.504  3011  4975 I BatteryService_BatteryPropertiesRegistrar: [getProperty]id:2
04-14 21:51:55.504  3011  4975 I BatteryService_BatteryPropertiesRegistrar: [getProperty]prop.long:-9223372036854775808 ,prop.string:null
04-14 21:51:55.506  3011  4975 I BatteryService_BatteryPropertiesRegistrar: [getProperty]id:4
04-14 21:51:55.506  3011  4975 I BatteryService_BatteryPropertiesRegistrar: [getProperty]prop.long:-9223372036854775808 ,prop.string:null
04-14 21:51:56.244  3011  4015 D ActivityManager: freezing 21354 com.android.settings
04-14 21:51:56.250  3011  4015 D ActivityManager: freezing 10215 com.samsung.android.dqagent
04-14 21:51:56.252  3011  4015 D ActivityManager: freezing 8528 com.skms.android.agent:remote
04-14 21:51:56.255  3011  4015 D ActivityManager: freezing 5472 com.samsung.android.scpm
04-14 21:51:56.259  3011  4015 D ActivityManager: freezing 5074 com.samsung.android.lool
04-14 21:51:56.263  3011  4289 D InetDiagMessage: Destroyed 0 sockets, proto=IPPROTO_TCP, family=AF_INET, states=14
04-14 21:51:56.266  3011  4289 D InetDiagMessage: Destroyed 0 sockets, proto=IPPROTO_TCP, family=AF_INET6, states=14
04-14 21:51:56.266  3011  4289 D InetDiagMessage: Destroyed live tcp sockets for uids={5009} in 5ms
04-14 21:51:56.271  3011  3422 D MARsPolicyManager: triggerAction called!
04-14 21:51:56.271  3011  3422 I NSLocationMonitor: getGPSUsingApps() called
04-14 21:51:56.272  5599 15799 I NSLocationManager_FLP: getGPSUsingApps, No change
04-14 21:51:56.360  2245  2259 E HeatmapThread: ECT Thread time in milliseconds: 1776196316
04-14 21:51:56.364  2245  2259 D HeatmapThread: !@ batteryplugType : 2
04-14 21:51:56.364  2245  2259 D HeatmapThread: !@ batteryLevel : 79  batteryTemperature : 286 
04-14 21:51:56.365  2245  2259 D HeatmapThread: !@ Heatmap currtime: 29603271
04-14 21:51:56.365  2245  2259 D HeatmapThread: !@ Heatmap prevtime: 29603244
04-14 21:51:56.365  2245  2259 D HeatmapThread: !@ Heatmap plugstarttime: 29603071
04-14 21:51:56.365  2245  2259 D HeatmapThread: !@ Heatmap prevv_dsoh_update_time: 29603251
04-14 21:51:56.365  2245  2259 E HeatmapThread: !@ CAM New BSOH: 100
04-14 21:51:56.365  2245  2259 E HeatmapThread: !@ CAM is Working
04-14 21:51:56.402  2765  3621 I bauth_FPBAuthService: pcf : 0x1012, 0 ,1 ,0 ,1 ,0 ,0, 16.0.0.3
04-14 21:51:56.402  2765  3621 I bauth_FPBAuthService: thread id : 1, preenroll_flag : 0, nd cnt : 0, cso : 0, et : 0
04-14 21:51:56.402  2765  3621 I bauth_FPBAuthService: FPBAuthService::timerHandler complete
04-14 21:51:56.459  7470  8025 I SDHMS:x : SIOP:: AP:292 BAT:286 USB:280 CHG:274 PA:296 WIFI:293 CF:291 BLK:0 SUBBAT:0 LRPTHM:288 SKIN:295 SKINF:290 SKINB:295 LRP2:295 LRF2:290 LRB2:295 AP2:295 CHG2:294 WIFI2:295 RCV2:288 SPK2:287 FCAM:280 UPSPK:292 DNSPK:280 VAP02:293 VWIFI:296 AMB2:255 AVGCUR:2 POWER:8
04-14 21:51:57.033  2085 21685 I sensors-hal: handle_sns_std_sensor_event:90, light_cct: ts = 789810999278171 ns; value = [2, 2, 0, 0, 2, 0, 0, 0, 672, 0]
04-14 21:51:57.174  2188  2188 I seh_thermal_service: getTemperaturesWithType SehTemperatureType: 3
04-14 21:51:57.175  2123  2123 I sehhealth-service: updateLrpSysfs: write: 295
04-14 21:51:57.177  2123  2180 E BatteryDump: !@new_battery_dump : 4137,-28,1125,3331,79,286,280,274,286,0,295,274,0,Not-charging,NO_CHARGING,Normal,Good,PDIC,0,Normal,0,0,9300,0x8000,0x11010000,0x0,0,0,0000,0000,00000000,0,0,0,0,492,4137,7978,1000,0,
04-14 21:51:57.359  2245  2259 E HeatmapThread: ECT Thread time in milliseconds: 1776196317
04-14 21:51:57.362  2245  2259 D HeatmapThread: !@ batteryplugType : 2
04-14 21:51:57.362  2245  2259 D HeatmapThread: !@ batteryLevel : 79  batteryTemperature : 286 
04-14 21:51:57.362  2245  2259 D HeatmapThread: !@ Heatmap currtime: 29603271
04-14 21:51:57.363  2245  2259 D HeatmapThread: !@ Heatmap prevtime: 29603244
04-14 21:51:57.363  2245  2259 D HeatmapThread: !@ Heatmap plugstarttime: 29603071
04-14 21:51:57.364  2245  2259 D HeatmapThread: !@ Heatmap prevv_dsoh_update_time: 29603251
04-14 21:51:57.364  2245  2259 E HeatmapThread: !@ CAM New BSOH: 100
04-14 21:51:57.364  2245  2259 E HeatmapThread: !@ CAM is Working
04-14 21:51:57.404  2765  3621 I bauth_FPBAuthService: pcf : 0x1012, 0 ,1 ,0 ,1 ,0 ,0, 16.0.0.3
04-14 21:51:57.404  2765  3621 I bauth_FPBAuthService: thread id : 1, preenroll_flag : 0, nd cnt : 0, cso : 0, et : 0
04-14 21:51:57.405  2765  3621 I bauth_FPBAuthService: FPBAuthService::timerHandler complete
04-14 21:51:57.509  3011  4979 I BatteryService_BatteryPropertiesRegistrar: [getProperty]id:2
04-14 21:51:57.509  3011  4979 I BatteryService_BatteryPropertiesRegistrar: [getProperty]prop.long:-9223372036854775808 ,prop.string:null
04-14 21:51:57.511  3011  4979 I BatteryService_BatteryPropertiesRegistrar: [getProperty]id:4
04-14 21:51:57.512  3011  4979 I BatteryService_BatteryPropertiesRegistrar: [getProperty]prop.long:-9223372036854775808 ,prop.string:null
04-14 21:51:57.516  1204  1204 D io_stats: !@   8,0 r 96153206 1875781040 w 22957025 523830252 d 2871136 713016392 f 691638 1919232 iot 16556356 0 th 0 0 0 pt 0 inp 0 0 349631.961
04-14 21:51:57.517  1204  1204 D io_stats: !@ Read_top(KB): .gms.persistent(25814) 12
04-14 21:51:57.517  1204  1204 D io_stats: !@ Write_top(KB): vendor.samsung.(2123) 8
04-14 21:51:57.905  2117 26931 I StatsHandler: [hvcD_673] Stats: Pending(0) i/p-done(0) Works: Q: 523/Done 518|Work-Rate: Q(0.0/s Avg=0.0/s) Done(0.000/s Avg=0.028/s)| Stream: 30.00fps 979.3Kbps
04-14 21:51:57.905  2117 26931 I StatsHandler: [hvcD_673] Mem-usage:  [In-1D: 11 bufs 88.000 MB] [1D-7035: 32 bufs 0.500 MB] [2D-7036: 21 bufs 47.004 MB] | Total: 135.504 MB
04-14 21:51:57.905  2117 26931 I StatsHandler: [avcD_678] Stats: Pending(0) i/p-done(0) Works: Q: 67/Done 55|Work-Rate: Q(0.0/s Avg=0.0/s) Done(0.000/s Avg=0.003/s)| Stream: 24.00fps 69.5Kbps
04-14 21:51:57.905  2117 26931 I StatsHandler: [avcD_678] Mem-usage:  [In-1D: 11 bufs 88.000 MB] [1D-7045: 28 bufs 0.438 MB] [2D-7046: 17 bufs 5.844 MB] | Total: 94.281 MB
04-14 21:51:58.250  8355  8355 I wpa_supplicant: Heartbeat 48480
04-14 21:51:58.316  4642  4781 I EPDG -- SIM0 [SMARTWIFI]: isProfiling, hash=22621963, started=true
04-14 21:51:58.316  4642  4781 I EPDG -- SIM0 [SMARTWIFI]: isProfiling, hash=22621963, started=true
04-14 21:51:58.317  4642  4781 I EPDG -- SIM0 [SMARTWIFI]: Rssi : -44 highrange : -73 lowrange : -79 mIsRssiInHystersis : false
04-14 21:51:58.317  4642  4781 I EPDG -- SIM0 [SMARTWIFI]: getHandoverThresholdMet: value is: false
04-14 21:51:58.359  2245  2259 E HeatmapThread: ECT Thread time in milliseconds: 1776196318
04-14 21:51:58.362  2245  2259 D HeatmapThread: !@ batteryplugType : 2
04-14 21:51:58.362  2245  2259 D HeatmapThread: !@ batteryLevel : 79  batteryTemperature : 286 
04-14 21:51:58.362  2245  2259 D HeatmapThread: !@ Heatmap currtime: 29603271
04-14 21:51:58.363  2245  2259 D HeatmapThread: !@ Heatmap prevtime: 29603244
04-14 21:51:58.363  2245  2259 D HeatmapThread: !@ Heatmap plugstarttime: 29603071
04-14 21:51:58.363  2245  2259 D HeatmapThread: !@ Heatmap prevv_dsoh_update_time: 29603251
04-14 21:51:58.363  2245  2259 E HeatmapThread: !@ CAM New BSOH: 100
04-14 21:51:58.363  2245  2259 E HeatmapThread: !@ CAM is Working
04-14 21:51:58.406  2765  3621 I bauth_FPBAuthService: pcf : 0x1012, 0 ,1 ,0 ,1 ,0 ,0, 16.0.0.3
04-14 21:51:58.406  2765  3621 I bauth_FPBAuthService: thread id : 1, preenroll_flag : 0, nd cnt : 0, cso : 0, et : 0
04-14 21:51:58.406  2765  3621 I bauth_FPBAuthService: FPBAuthService::timerHandler complete
04-14 21:51:59.359  2245  2259 E HeatmapThread: ECT Thread time in milliseconds: 1776196319
04-14 21:51:59.363  2245  2259 D HeatmapThread: !@ batteryplugType : 2
04-14 21:51:59.364  2245  2259 D HeatmapThread: !@ batteryLevel : 79  batteryTemperature : 286 
04-14 21:51:59.364  2245  2259 D HeatmapThread: !@ Heatmap currtime: 29603271
04-14 21:51:59.364  2245  2259 D HeatmapThread: !@ Heatmap prevtime: 29603244
04-14 21:51:59.365  2245  2259 D HeatmapThread: !@ Heatmap plugstarttime: 29603071
04-14 21:51:59.365  2245  2259 D HeatmapThread: !@ Heatmap prevv_dsoh_update_time: 29603251
04-14 21:51:59.365  2245  2259 E HeatmapThread: !@ CAM New BSOH: 100
04-14 21:51:59.366  2245  2259 E HeatmapThread: !@ CAM is Working
04-14 21:51:59.408  2765  3621 I bauth_FPBAuthService: pcf : 0x1012, 0 ,1 ,0 ,1 ,0 ,0, 16.0.0.3
04-14 21:51:59.408  2765  3621 I bauth_FPBAuthService: thread id : 1, preenroll_flag : 0, nd cnt : 0, cso : 0, et : 0
04-14 21:51:59.408  2765  3621 I bauth_FPBAuthService: FPBAuthService::timerHandler complete
04-14 21:51:59.513  3011  4979 I BatteryService_BatteryPropertiesRegistrar: [getProperty]id:2
04-14 21:51:59.513  3011  4979 I BatteryService_BatteryPropertiesRegistrar: [getProperty]prop.long:-9223372036854775808 ,prop.string:null
04-14 21:51:59.515  3011  4979 I BatteryService_BatteryPropertiesRegistrar: [getProperty]id:4
04-14 21:51:59.515  3011  4979 I BatteryService_BatteryPropertiesRegistrar: [getProperty]prop.long:-9223372036854775808 ,prop.string:null
04-14 21:51:59.517  1204  1204 D io_stats: !@   8,0 r 96153206 1875781040 w 22957028 523830580 d 2871136 713016392 f 691638 1919232 iot 16556360 0 th 0 0 0 pt 0 inp 0 0 349633.962
04-14 21:52:00.359  2245  2259 E HeatmapThread: ECT Thread time in milliseconds: 1776196320
04-14 21:52:00.363  2245  2259 D HeatmapThread: !@ batteryplugType : 2
04-14 21:52:00.364  2245  2259 D HeatmapThread: !@ batteryLevel : 79  batteryTemperature : 286 
04-14 21:52:00.364  2245  2259 D HeatmapThread: !@ Heatmap currtime: 29603272
04-14 21:52:00.364  2245  2259 D HeatmapThread: !@ Heatmap prevtime: 29603244
04-14 21:52:00.365  2245  2259 D HeatmapThread: !@ Heatmap plugstarttime: 29603071
04-14 21:52:00.365  2245  2259 D HeatmapThread: !@ Heatmap prevv_dsoh_update_time: 29603251
04-14 21:52:00.365  2245  2259 E HeatmapThread: !@ CAM New BSOH: 100
04-14 21:52:00.366  2245  2259 E HeatmapThread: !@ CAM is Working
04-14 21:52:00.410  2765  3621 I bauth_FPBAuthService: pcf : 0x1012, 0 ,1 ,0 ,1 ,0 ,0, 16.0.0.3
04-14 21:52:00.410  2765  3621 I bauth_FPBAuthService: thread id : 1, preenroll_flag : 0, nd cnt : 0, cso : 0, et : 0
04-14 21:52:00.410  2765  3621 I bauth_FPBAuthService: FPBAuthService::timerHandler complete
04-14 21:52:01.300  3011  3422 D MARsPolicyManager: triggerAction called!
04-14 21:52:01.301  3011  3422 I NSLocationMonitor: getGPSUsingApps() called
04-14 21:52:01.301  5599 15799 I NSLocationManager_FLP: getGPSUsingApps, No change
04-14 21:52:01.345  4642  4781 I EPDG -- SIM0 [SMARTWIFI]: isProfiling, hash=22621963, started=true
04-14 21:52:01.345  4642  4781 I EPDG -- SIM0 [SMARTWIFI]: isProfiling, hash=22621963, started=true
04-14 21:52:01.345  4642  4781 I EPDG -- SIM0 [SMARTWIFI]: Rssi : -49 highrange : -73 lowrange : -79 mIsRssiInHystersis : false
04-14 21:52:01.345  4642  4781 I EPDG -- SIM0 [SMARTWIFI]: getHandoverThresholdMet: value is: false
04-14 21:52:01.359  2245  2259 E HeatmapThread: ECT Thread time in milliseconds: 1776196321
04-14 21:52:01.363  2245  2259 D HeatmapThread: !@ batteryplugType : 2
04-14 21:52:01.364  2245  2259 D HeatmapThread: !@ batteryLevel : 79  batteryTemperature : 286 
04-14 21:52:01.364  2245  2259 D HeatmapThread: !@ Heatmap currtime: 29603272
04-14 21:52:01.364  2245  2259 D HeatmapThread: !@ Heatmap prevtime: 29603244
04-14 21:52:01.365  2245  2259 D HeatmapThread: !@ Heatmap plugstarttime: 29603071
04-14 21:52:01.365  2245  2259 D HeatmapThread: !@ Heatmap prevv_dsoh_update_time: 29603251
04-14 21:52:01.365  2245  2259 E HeatmapThread: !@ CAM New BSOH: 100
04-14 21:52:01.365  2245  2259 E HeatmapThread: !@ CAM is Working
04-14 21:52:01.412  2765  3621 I bauth_FPBAuthService: pcf : 0x1012, 0 ,1 ,0 ,1 ,0 ,0, 16.0.0.3
04-14 21:52:01.412  2765  3621 I bauth_FPBAuthService: thread id : 1, preenroll_flag : 0, nd cnt : 0, cso : 0, et : 0
04-14 21:52:01.412  2765  3621 I bauth_FPBAuthService: FPBAuthService::timerHandler complete
04-14 21:52:01.516  3011  4979 I BatteryService_BatteryPropertiesRegistrar: [getProperty]id:2
04-14 21:52:01.516  3011  4979 I BatteryService_BatteryPropertiesRegistrar: [getProperty]prop.long:-9223372036854775808 ,prop.string:null
04-14 21:52:01.518  3011  4979 I BatteryService_BatteryPropertiesRegistrar: [getProperty]id:4
04-14 21:52:01.518  3011  4979 I BatteryService_BatteryPropertiesRegistrar: [getProperty]prop.long:-9223372036854775808 ,prop.string:null
04-14 21:52:01.520  1204  1204 D io_stats: !@ Write_top(KB): kworker/u16:4(12844) 328
04-14 21:52:02.359  2245  2259 E HeatmapThread: ECT Thread time in milliseconds: 1776196322
04-14 21:52:02.362  2245  2259 D HeatmapThread: !@ batteryplugType : 2
04-14 21:52:02.362  2245  2259 D HeatmapThread: !@ batteryLevel : 79  batteryTemperature : 286 
04-14 21:52:02.362  2245  2259 D HeatmapThread: !@ Heatmap currtime: 29603272
04-14 21:52:02.362  2245  2259 D HeatmapThread: !@ Heatmap prevtime: 29603244
04-14 21:52:02.362  2245  2259 D HeatmapThread: !@ Heatmap plugstarttime: 29603071
04-14 21:52:02.362  2245  2259 D HeatmapThread: !@ Heatmap prevv_dsoh_update_time: 29603251
04-14 21:52:02.362  2245  2259 E HeatmapThread: !@ CAM New BSOH: 100
04-14 21:52:02.362  2245  2259 E HeatmapThread: !@ CAM is Working
04-14 21:52:02.412  2765  3621 I bauth_FPBAuthService: pcf : 0x1012, 0 ,1 ,0 ,1 ,0 ,0, 16.0.0.3
04-14 21:52:02.413  2765  3621 I bauth_FPBAuthService: thread id : 1, preenroll_flag : 0, nd cnt : 0, cso : 0, et : 0
04-14 21:52:02.413  2765  3621 I bauth_FPBAuthService: FPBAuthService::timerHandler complete
04-14 21:52:02.421 24869 25250 I ForwardSyncCache: reclaimMemory: Clearing caches
04-14 21:52:02.423 24869 25250 W Bugle   : TextClassifierLibManagerImpl: Reclaiming memory at level: 40
04-14 21:52:02.906  2117 26931 I StatsHandler: [hvcD_673] Stats: Pending(0) i/p-done(0) Works: Q: 523/Done 518|Work-Rate: Q(0.0/s Avg=0.0/s) Done(0.000/s Avg=0.028/s)| Stream: 30.00fps 979.3Kbps
04-14 21:52:02.906  2117 26931 I StatsHandler: [hvcD_673] Mem-usage:  [In-1D: 11 bufs 88.000 MB] [1D-7035: 32 bufs 0.500 MB] [2D-7036: 21 bufs 47.004 MB] | Total: 135.504 MB
04-14 21:52:02.907  2117 26931 I StatsHandler: [avcD_678] Stats: Pending(0) i/p-done(0) Works: Q: 67/Done 55|Work-Rate: Q(0.0/s Avg=0.0/s) Done(0.000/s Avg=0.003/s)| Stream: 24.00fps 69.5Kbps
04-14 21:52:02.907  2117 26931 I StatsHandler: [avcD_678] Mem-usage:  [In-1D: 11 bufs 88.000 MB] [1D-7045: 28 bufs 0.438 MB] [2D-7046: 17 bufs 5.844 MB] | Total: 94.281 MB
04-14 21:52:03.359  2245  2259 E HeatmapThread: ECT Thread time in milliseconds: 1776196323
04-14 21:52:03.363  2245  2259 D HeatmapThread: !@ batteryplugType : 2
04-14 21:52:03.363  2245  2259 D HeatmapThread: !@ batteryLevel : 79  batteryTemperature : 286 
04-14 21:52:03.363  2245  2259 D HeatmapThread: !@ Heatmap currtime: 29603272
04-14 21:52:03.364  2245  2259 D HeatmapThread: !@ Heatmap prevtime: 29603244
04-14 21:52:03.364  2245  2259 D HeatmapThread: !@ Heatmap plugstarttime: 29603071
04-14 21:52:03.364  2245  2259 D HeatmapThread: !@ Heatmap prevv_dsoh_update_time: 29603251
04-14 21:52:03.364  2245  2259 E HeatmapThread: !@ CAM New BSOH: 100
04-14 21:52:03.364  2245  2259 E HeatmapThread: !@ CAM is Working
04-14 21:52:03.414  2765  3621 I bauth_FPBAuthService: pcf : 0x1012, 0 ,1 ,0 ,1 ,0 ,0, 16.0.0.3
04-14 21:52:03.415  2765  3621 I bauth_FPBAuthService: thread id : 1, preenroll_flag : 0, nd cnt : 0, cso : 0, et : 0
04-14 21:52:03.415  2765  3621 I bauth_FPBAuthService: FPBAuthService::timerHandler complete
04-14 21:52:03.433  2085 21685 I sensors-hal: handle_sns_std_sensor_event:90, light_cct: ts = 789817399285983 ns; value = [2, 2, 0, 0, 2, 0, 0, 0, 672, 0]
04-14 21:52:03.519  3011  4979 I BatteryService_BatteryPropertiesRegistrar: [getProperty]id:2
04-14 21:52:03.520  3011  4979 I BatteryService_BatteryPropertiesRegistrar: [getProperty]prop.long:-9223372036854775808 ,prop.string:null
04-14 21:52:03.521  1204  1204 D io_stats: !@   8,0 r 96153207 1875781044 w 22957031 523830604 d 2871136 713016392 f 691638 1919232 iot 16556368 0 th 0 0 0 pt 0 inp 0 0 349637.966
04-14 21:52:03.522  3011  4979 I BatteryService_BatteryPropertiesRegistrar: [getProperty]id:4
04-14 21:52:03.522  3011  4979 I BatteryService_BatteryPropertiesRegistrar: [getProperty]prop.long:-9223372036854775808 ,prop.string:null
04-14 21:52:03.705  3011  3232 E Watchdog: !@Sync: 11645 heap(MB): 202 / 237 FD: 1619 [2026-04-14 21:52:03.704]
04-14 21:52:04.359  2245  2259 E HeatmapThread: ECT Thread time in milliseconds: 1776196324
04-14 21:52:04.362  2245  2259 D HeatmapThread: !@ batteryplugType : 2
04-14 21:52:04.362  2245  2259 D HeatmapThread: !@ batteryLevel : 79  batteryTemperature : 286 
04-14 21:52:04.362  2245  2259 D HeatmapThread: !@ Heatmap currtime: 29603272
04-14 21:52:04.363  2245  2259 D HeatmapThread: !@ Heatmap prevtime: 29603244
04-14 21:52:04.363  2245  2259 D HeatmapThread: !@ Heatmap plugstarttime: 29603071
04-14 21:52:04.363  2245  2259 D HeatmapThread: !@ Heatmap prevv_dsoh_update_time: 29603251
04-14 21:52:04.364  2245  2259 E HeatmapThread: !@ CAM New BSOH: 100
04-14 21:52:04.364  2245  2259 E HeatmapThread: !@ CAM is Working
04-14 21:52:04.365  2557  2557 I CNSS    : /sys/wifi/max_chipset_log_size doesn't exist
04-14 21:52:04.370  4642  4781 I EPDG -- SIM0 [SMARTWIFI]: isProfiling, hash=22621963, started=true
04-14 21:52:04.373  4642  4781 I EPDG -- SIM0 [SMARTWIFI]: isProfiling, hash=22621963, started=true
04-14 21:52:04.373  4642  4781 I EPDG -- SIM0 [SMARTWIFI]: Rssi : -47 highrange : -73 lowrange : -79 mIsRssiInHystersis : false
04-14 21:52:04.374  4642  4781 I EPDG -- SIM0 [SMARTWIFI]: getHandoverThresholdMet: value is: false
04-14 21:52:04.417  2765  3621 I bauth_FPBAuthService: pcf : 0x1012, 0 ,1 ,0 ,1 ,0 ,0, 16.0.0.3
04-14 21:52:04.417  2765  3621 I bauth_FPBAuthService: thread id : 1, preenroll_flag : 0, nd cnt : 0, cso : 0, et : 0
04-14 21:52:04.417  2765  3621 I bauth_FPBAuthService: FPBAuthService::timerHandler complete
04-14 21:52:05.359  2245  2259 E HeatmapThread: ECT Thread time in milliseconds: 1776196325
04-14 21:52:05.363  2245  2259 D HeatmapThread: !@ batteryplugType : 2
04-14 21:52:05.363  2245  2259 D HeatmapThread: !@ batteryLevel : 79  batteryTemperature : 286 
04-14 21:52:05.363  2245  2259 D HeatmapThread: !@ Heatmap currtime: 29603272
04-14 21:52:05.363  2245  2259 D HeatmapThread: !@ Heatmap prevtime: 29603244
04-14 21:52:05.364  2245  2259 D HeatmapThread: !@ Heatmap plugstarttime: 29603071
04-14 21:52:05.364  2245  2259 D HeatmapThread: !@ Heatmap prevv_dsoh_update_time: 29603251
04-14 21:52:05.364  2245  2259 E HeatmapThread: !@ CAM New BSOH: 100
04-14 21:52:05.364  2245  2259 E HeatmapThread: !@ CAM is Working
04-14 21:52:05.419  2765  3621 I bauth_FPBAuthService: pcf : 0x1012, 0 ,1 ,0 ,1 ,0 ,0, 16.0.0.3
04-14 21:52:05.419  2765  3621 I bauth_FPBAuthService: thread id : 1, preenroll_flag : 0, nd cnt : 0, cso : 0, et : 0
04-14 21:52:05.419  2765  3621 I bauth_FPBAuthService: FPBAuthService::timerHandler complete
04-14 21:52:05.522  1204  1204 D io_stats: !@   8,0 r 96153243 1875782276 w 22957031 523830604 d 2871136 713016392 f 691638 1919232 iot 16556380 0 th 0 0 0 pt 0 inp 0 0 349639.967
04-14 21:52:05.524  1204  1204 D io_stats: !@ Read_top(KB): AndroidUI(6448) 1072 le_art_image_36(9008) 96 able_art_image_(19965) 64
04-14 21:52:05.524  1204  1204 D io_stats: !@ Write_top(KB): kworker/u16:4(12844) 24
04-14 21:52:05.525  3011  4979 I BatteryService_BatteryPropertiesRegistrar: [getProperty]id:2
04-14 21:52:05.525  3011  4979 I BatteryService_BatteryPropertiesRegistrar: [getProperty]prop.long:-9223372036854775808 ,prop.string:null
04-14 21:52:05.527  3011  4979 I BatteryService_BatteryPropertiesRegistrar: [getProperty]id:4
04-14 21:52:05.527  3011  4979 I BatteryService_BatteryPropertiesRegistrar: [getProperty]prop.long:-9223372036854775808 ,prop.string:null
04-14 21:52:06.223  3011  3249 D BatteryExternalStatsWorker: update stats : procstate-change (10)
04-14 21:52:06.224  3011  3249 D BatteryExternalStatsWorker: Fetch WiFi data
04-14 21:52:06.224  3011  3249 D BatteryExternalStatsWorker: Update Rail Energy data
04-14 21:52:06.256  3011  3249 D BatteryExternalStatsWorker: mStats lock released
04-14 21:52:06.279  3011  3249 D BatteryExternalStatsWorker: Update wifi state
04-14 21:52:06.279  3011  3249 D BatteryExternalStatsWorker: done updateExternalStatsLocked
04-14 21:52:06.333  3011  3422 D MARsPolicyManager: triggerAction called!
04-14 21:52:06.333  3011  3422 I NSLocationMonitor: getGPSUsingApps() called
04-14 21:52:06.333  5599 15799 I NSLocationManager_FLP: getGPSUsingApps, No change
04-14 21:52:06.359  2245  2259 E HeatmapThread: ECT Thread time in milliseconds: 1776196326
04-14 21:52:06.362  2245  2259 D HeatmapThread: !@ batteryplugType : 2
04-14 21:52:06.362  2245  2259 D HeatmapThread: !@ batteryLevel : 79  batteryTemperature : 286 
04-14 21:52:06.362  2245  2259 D HeatmapThread: !@ Heatmap currtime: 29603272
04-14 21:52:06.362  2245  2259 D HeatmapThread: !@ Heatmap prevtime: 29603244
04-14 21:52:06.362  2245  2259 D HeatmapThread: !@ Heatmap plugstarttime: 29603071
04-14 21:52:06.362  2245  2259 D HeatmapThread: !@ Heatmap prevv_dsoh_update_time: 29603251
04-14 21:52:06.362  2245  2259 E HeatmapThread: !@ CAM New BSOH: 100
04-14 21:52:06.362  2245  2259 E HeatmapThread: !@ CAM is Working
04-14 21:52:06.386 22665 18061 I CrossProfileSender: Unbind
04-14 21:52:06.386 22665 16673 I CrossProfileSender: Unbind
04-14 21:52:06.421  2765  3621 I bauth_FPBAuthService: pcf : 0x1012, 0 ,1 ,0 ,1 ,0 ,0, 16.0.0.3
04-14 21:52:06.421  2765  3621 I bauth_FPBAuthService: thread id : 1, preenroll_flag : 0, nd cnt : 0, cso : 0, et : 0
04-14 21:52:06.422  2765  3621 I bauth_FPBAuthService: FPBAuthService::timerHandler complete
04-14 21:52:06.486  7470  8025 I SDHMS:x : SIOP:: AP:291 BAT:286 USB:280 CHG:274 PA:295 WIFI:293 CF:291 BLK:0 SUBBAT:0 LRPTHM:288 SKIN:295 SKINF:290 SKINB:295 LRP2:295 LRF2:290 LRB2:295 AP2:294 CHG2:293 WIFI2:295 RCV2:287 SPK2:287 FCAM:280 UPSPK:291 DNSPK:280 VAP02:292 VWIFI:295 AMB2:255 AVGCUR:2 POWER:8
04-14 21:52:07.344  2188  2188 I seh_thermal_service: getTemperaturesWithType SehTemperatureType: 3
04-14 21:52:07.345  2123  2180 E BatteryDump: !@new_battery_dump : 4137,5,1125,3331,79,286,280,274,286,0,295,274,0,Not-charging,NO_CHARGING,Normal,Good,PDIC,0,Normal,0,0,9300,0x8000,0x11010000,0x0,0,0,0000,0000,00000000,0,0,0,0,492,4137,7978,1000,0,
04-14 21:52:07.345  2123  2123 I sehhealth-service: updateLrpSysfs: write: 295
04-14 21:52:07.359  2245  2259 E HeatmapThread: ECT Thread time in milliseconds: 1776196327
04-14 21:52:07.362  2245  2259 D HeatmapThread: !@ batteryplugType : 2
04-14 21:52:07.362  2245  2259 D HeatmapThread: !@ batteryLevel : 79  batteryTemperature : 286 
04-14 21:52:07.362  2245  2259 D HeatmapThread: !@ Heatmap currtime: 29603272
04-14 21:52:07.362  2245  2259 D HeatmapThread: !@ Heatmap prevtime: 29603244
04-14 21:52:07.362  2245  2259 D HeatmapThread: !@ Heatmap plugstarttime: 29603071
04-14 21:52:07.362  2245  2259 D HeatmapThread: !@ Heatmap prevv_dsoh_update_time: 29603251
04-14 21:52:07.363  2245  2259 E HeatmapThread: !@ CAM New BSOH: 100
04-14 21:52:07.363  2245  2259 E HeatmapThread: !@ CAM is Working
04-14 21:52:07.401  4642  4781 I EPDG -- SIM0 [SMARTWIFI]: isProfiling, hash=22621963, started=true
04-14 21:52:07.401  4642  4781 I EPDG -- SIM0 [SMARTWIFI]: isProfiling, hash=22621963, started=true
04-14 21:52:07.401  4642  4781 I EPDG -- SIM0 [SMARTWIFI]: Rssi : -46 highrange : -73 lowrange : -79 mIsRssiInHystersis : false
04-14 21:52:07.401  4642  4781 I EPDG -- SIM0 [SMARTWIFI]: getHandoverThresholdMet: value is: false
04-14 21:52:07.423  2765  3621 I bauth_FPBAuthService: pcf : 0x1012, 0 ,1 ,0 ,1 ,0 ,0, 16.0.0.3
04-14 21:52:07.423  2765  3621 I bauth_FPBAuthService: thread id : 1, preenroll_flag : 0, nd cnt : 0, cso : 0, et : 0
04-14 21:52:07.423  2765  3621 I bauth_FPBAuthService: FPBAuthService::timerHandler complete
04-14 21:52:07.526  1204  1204 D io_stats: !@   8,0 r 96153247 1875782292 w 22957033 523830612 d 2871136 713016392 f 691638 1919232 iot 16556396 0 th 0 0 0 pt 0 inp 0 0 349641.971
04-14 21:52:07.528  3011  4932 I BatteryService_BatteryPropertiesRegistrar: [getProperty]id:2
04-14 21:52:07.528  3011  4932 I BatteryService_BatteryPropertiesRegistrar: [getProperty]prop.long:-9223372036854775808 ,prop.string:null
04-14 21:52:07.530  3011  4932 I BatteryService_BatteryPropertiesRegistrar: [getProperty]id:4
04-14 21:52:07.530  3011  4932 I BatteryService_BatteryPropertiesRegistrar: [getProperty]prop.long:-9223372036854775808 ,prop.string:null
04-14 21:52:07.909  2117 26931 I StatsHandler: [hvcD_673] Stats: Pending(0) i/p-done(0) Works: Q: 523/Done 518|Work-Rate: Q(0.0/s Avg=0.0/s) Done(0.000/s Avg=0.028/s)| Stream: 30.00fps 979.3Kbps
04-14 21:52:07.910  2117 26931 I StatsHandler: [hvcD_673] Mem-usage:  [In-1D: 11 bufs 88.000 MB] [1D-7035: 32 bufs 0.500 MB] [2D-7036: 21 bufs 47.004 MB] | Total: 135.504 MB
04-14 21:52:07.910  2117 26931 I StatsHandler: [avcD_678] Stats: Pending(0) i/p-done(0) Works: Q: 67/Done 55|Work-Rate: Q(0.0/s Avg=0.0/s) Done(0.000/s Avg=0.003/s)| Stream: 24.00fps 69.5Kbps
04-14 21:52:07.910  2117 26931 I StatsHandler: [avcD_678] Mem-usage:  [In-1D: 11 bufs 88.000 MB] [1D-7045: 28 bufs 0.438 MB] [2D-7046: 17 bufs 5.844 MB] | Total: 94.281 MB
04-14 21:52:08.258  8355  8355 I wpa_supplicant: Heartbeat 48481
04-14 21:52:08.359  2245  2259 E HeatmapThread: ECT Thread time in milliseconds: 1776196328
04-14 21:52:08.362  2245  2259 D HeatmapThread: !@ batteryplugType : 2
04-14 21:52:08.363  2245  2259 D HeatmapThread: !@ batteryLevel : 79  batteryTemperature : 286 
04-14 21:52:08.363  2245  2259 D HeatmapThread: !@ Heatmap currtime: 29603272
04-14 21:52:08.363  2245  2259 D HeatmapThread: !@ Heatmap prevtime: 29603244
04-14 21:52:08.363  2245  2259 D HeatmapThread: !@ Heatmap plugstarttime: 29603071
04-14 21:52:08.363  2245  2259 D HeatmapThread: !@ Heatmap prevv_dsoh_update_time: 29603251
04-14 21:52:08.364  2245  2259 E HeatmapThread: !@ CAM New BSOH: 100
04-14 21:52:08.364  2245  2259 E HeatmapThread: !@ CAM is Working
04-14 21:52:08.425  2765  3621 I bauth_FPBAuthService: pcf : 0x1012, 0 ,1 ,0 ,1 ,0 ,0, 16.0.0.3
04-14 21:52:08.425  2765  3621 I bauth_FPBAuthService: thread id : 1, preenroll_flag : 0, nd cnt : 0, cso : 0, et : 0
04-14 21:52:08.425  2765  3621 I bauth_FPBAuthService: FPBAuthService::timerHandler complete
04-14 21:52:09.158  2085 21685 I sensors-hal: handle_sns_std_sensor_event:90, light_cct: ts = 789823124692992 ns; value = [2, 2, 0, 0, 2, 0, 0, 0, 640, 0]
04-14 21:52:09.359  2245  2259 E HeatmapThread: ECT Thread time in milliseconds: 1776196329
04-14 21:52:09.362  2245  2259 D HeatmapThread: !@ batteryplugType : 2
04-14 21:52:09.362  2245  2259 D HeatmapThread: !@ batteryLevel : 79  batteryTemperature : 286 
04-14 21:52:09.362  2245  2259 D HeatmapThread: !@ Heatmap currtime: 29603272
04-14 21:52:09.363  2245  2259 D HeatmapThread: !@ Heatmap prevtime: 29603244
04-14 21:52:09.363  2245  2259 D HeatmapThread: !@ Heatmap plugstarttime: 29603071
04-14 21:52:09.363  2245  2259 D HeatmapThread: !@ Heatmap prevv_dsoh_update_time: 29603251
04-14 21:52:09.363  2245  2259 E HeatmapThread: !@ CAM New BSOH: 100
04-14 21:52:09.363  2245  2259 E HeatmapThread: !@ CAM is Working
04-14 21:52:09.426  2765  3621 I bauth_FPBAuthService: pcf : 0x1012, 0 ,1 ,0 ,1 ,0 ,0, 16.0.0.3
04-14 21:52:09.426  2765  3621 I bauth_FPBAuthService: thread id : 1, preenroll_flag : 0, nd cnt : 0, cso : 0, et : 0
04-14 21:52:09.426  2765  3621 I bauth_FPBAuthService: FPBAuthService::timerHandler complete
04-14 21:52:09.528  1204  1204 D io_stats: !@   8,0 r 96153247 1875782292 w 22957041 523830964 d 2871136 713016392 f 691638 1919232 iot 16556400 0 th 0 0 0 pt 0 inp 0 0 349643.973
04-14 21:52:09.528  1204  1204 D io_stats: !@ Read_top(KB): .gms.persistent(25814) 16
04-14 21:52:09.528  1204  1204 D io_stats: !@ Write_top(KB): kworker/u16:3(15775) 352 vendor.samsung.(2123) 8
04-14 21:52:09.532  3011  4932 I BatteryService_BatteryPropertiesRegistrar: [getProperty]id:2
04-14 21:52:09.532  3011  4932 I BatteryService_BatteryPropertiesRegistrar: [getProperty]prop.long:-9223372036854775808 ,prop.string:null
04-14 21:52:09.534  3011  4932 I BatteryService_BatteryPropertiesRegistrar: [getProperty]id:4
04-14 21:52:09.534  3011  4932 I BatteryService_BatteryPropertiesRegistrar: [getProperty]prop.long:-9223372036854775808 ,prop.string:null
04-14 21:52:10.033  3011  4289 D ConnectivityService: reportNetworkActive, notify 3 listeners
04-14 21:52:10.049 25814 17887 D ConnectivityManager: StackLog: [android.net.ConnectivityManager.reportNetworkConnectivity(ConnectivityManager.java:3687)] [cbia.a(:com.google.android.gms@261332035@26.13.32 (260400-895912391):15)] [cbke.n(:com.google.android.gms@261332035@26.13.32 (260400-895912391):6)] [cbjs.run(:com.google.android.gms@261332035@26.13.32 (260400-895912391):481)] [cbkp.run(:com.google.android.gms@261332035@26.13.32 (260400-895912391):5)] [gztg.run(:com.google.android.gms@261332035@26.13.32 (260400-895912391):19)] [bjlx.c(:com.google.android.gms@261332035@26.13.32 (260400-895912391):50)] [bjlx.run(:com.google.android.gms@261332035@26.13.32 (260400-895912391):73)] [java.util.concurrent.ThreadPoolExecutor.runWorker(ThreadPoolExecutor.java:1154)] [java.util.concurrent.ThreadPoolExecutor$Worker.run(ThreadPoolExecutor.java:652)] [bjro.run(:com.google.android.gms@261332035@26.13.32 (260400-895912391):8)] [java.lang.Thread.run(Thread.java:1564)]
04-14 21:52:10.053 25814 17887 I AlarmManager: setExactAndAllowWhileIdle [name: GCM_HB_ALARM type: 2 triggerAtMillis: 791624023]
04-14 21:52:10.053  3011  3044 D AlarmManager: force change alarm method to setWindow() callingUid=10261, sourcePackage=com.google.android.gms, action=com.google.android.gms.gcm.HEARTBEAT_ALARM, origTriggerAtTime=791624023, triggerAtTime=790724024, windowLength=899999
04-14 21:52:10.067 25814 17981 I AlarmManager: setExactAndAllowWhileIdle [name: FcmRetry type: 2 triggerAtMillis: 789944037]
04-14 21:52:10.072  3011  5570 D ActivityManager: unpendingScheduleServiceRestart: u=10591, drop=false
04-14 21:52:10.077  3011  3235 D FreecessController: UFZ : ch.protonmail.android(10591) [32196] reason: broadcast-com.google.android.c2dm.intent.RECEIVE
04-14 21:52:10.078  3011  3235 D BaseRestrictionMgr: Package: ch.protonmail.android, userid: 0, hostingType: broadcast is allowed by freecess, caller is: com.google.android.gms
04-14 21:52:10.079  3011  5601 W LocationManagerService: onFreezeStateChanged, uid[10591]=false
04-14 21:52:10.079  3011  5601 I PowerManagerService: [PWL] SetWakeLockEnableDisable uid = 10591 , disable= false
04-14 21:52:10.079  3011  5601 I PowerManagerService: [PWL] can not change uid =  10591
04-14 21:52:10.082  3011  3235 I ActivityManager: Changes in 99280 17 to 11, 0 to 128
04-14 21:52:10.082  3011  3235 I ActivityManager: Changes in 10591 16 to 11, 0 to 128
04-14 21:52:10.084  2558 13607 I CameraService: onUidStateChanged: uid=10591, procState is changed. (16 -> 11)
04-14 21:52:10.088 32196 32315 D WM-WorkConstraintsTrack: NetworkRequestConstraintController onBlockedStatusChanged callback true
04-14 21:52:10.090 32196 32315 D WM-WorkConstraintsTrack: NetworkRequestConstraintController onCapabilitiesChanged callback
04-14 21:52:10.091  3011  3997 I JobScheduler: maybeQueueReadyJobsForExecutionLocked: [BatchNetworkJob] 1 batched network jobs meet requirement for 226
04-14 21:52:10.095  2558  6974 I CameraService: onUidStateChanged: uid=10591, procState is changed. (11 -> 8)
04-14 21:52:10.097  3011  3997 W JobServiceContext: Sending onNetworkChanged for a job that isn't started. JobStatus{1e092bd androidx.work.systemjobscheduler:u0a591/38869 @androidx.work.systemjobscheduler@ch.protonmail.android/androidx.work.impl.background.systemjob.SystemJobService u=0 s=10591 NET BATNOTLOW READY}
04-14 21:52:10.097  2235 24118 D NativePermissionController: checkPermission: missing 13 for 10591
04-14 21:52:10.099 32196 32315 D WM-WorkConstraintsTrack: NetworkRequestConstraintController onCapabilitiesChanged callback
04-14 21:52:10.099 32196 32315 D WM-WorkConstraintsTrack: NetworkRequestConstraintController onCapabilitiesChanged callback
04-14 21:52:10.100 32196 32315 D WM-WorkConstraintsTrack: NetworkRequestConstraintController onCapabilitiesChanged callback
04-14 21:52:10.100 32196 32315 D WM-WorkConstraintsTrack: NetworkRequestConstraintController onCapabilitiesChanged callback
04-14 21:52:10.100 32196 32315 D WM-WorkConstraintsTrack: NetworkRequestConstraintController onCapabilitiesChanged callback
04-14 21:52:10.100 32196 32315 D WM-WorkConstraintsTrack: NetworkRequestConstraintController onCapabilitiesChanged callback
04-14 21:52:10.100  2235 24118 D NativePermissionController: checkPermission: missing 13 for 10591
04-14 21:52:10.100 32196 32315 D WM-WorkConstraintsTrack: NetworkRequestConstraintController onBlockedStatusChanged callback true
04-14 21:52:10.100 32196 32315 D WM-WorkConstraintsTrack: NetworkRequestConstraintController onBlockedStatusChanged callback true
04-14 21:52:10.101 32196 32315 D WM-WorkConstraintsTrack: NetworkRequestConstraintController onBlockedStatusChanged callback false
04-14 21:52:10.106  2235 24118 D NativePermissionController: checkPermission: missing 13 for 10591
04-14 21:52:10.107  2235 24118 D NativePermissionController: checkPermission: missing 13 for 10591
04-14 21:52:10.110 32196 32196 I VRI[RoutingActivity]@8f5154c: onDisplayChanged oldDisplayState=1 newDisplayState=1
04-14 21:52:10.110 32196 32308 D WM-GreedyScheduler: Constraints met: Scheduling work ID WorkGenerationalId(workSpecId=a65ca0ed-f824-408a-83bf-e0e58746a8d6, generation=0)
04-14 21:52:10.110 32196 32196 I VRI[RoutingActivity]@8f5154c: onDisplayChanged oldDisplayState=1 newDisplayState=1
04-14 21:52:10.110 32196 32196 I VRI[RoutingActivity]@8f5154c: onDisplayChanged oldDisplayState=1 newDisplayState=1
04-14 21:52:10.110 32196 32196 I VRI[RoutingActivity]@8f5154c: onDisplayChanged oldDisplayState=1 newDisplayState=1
04-14 21:52:10.110 32196 32196 I VRI[RoutingActivity]@8f5154c: onDisplayChanged oldDisplayState=1 newDisplayState=1
04-14 21:52:10.110 32196 32196 I VRI[RoutingActivity]@8f5154c: onDisplayChanged oldDisplayState=1 newDisplayState=1
04-14 21:52:10.111 32196 32196 I VRI[RoutingActivity]@8f5154c: onDisplayChanged oldDisplayState=1 newDisplayState=1
04-14 21:52:10.111 32196 32196 I VRI[RoutingActivity]@8f5154c: onDisplayChanged oldDisplayState=1 newDisplayState=1
04-14 21:52:10.115 32196 32196 D WM-SystemJobService: onStartJob for WorkGenerationalId(workSpecId=a65ca0ed-f824-408a-83bf-e0e58746a8d6, generation=0)
04-14 21:52:10.118  3011  4354 D BackgroundInstallControlService: Package event received: 0
04-14 21:52:10.122 32196 32308 D WM-Processor: e: processing WorkGenerationalId(workSpecId=a65ca0ed-f824-408a-83bf-e0e58746a8d6, generation=0)
04-14 21:52:10.123 32196 32308 D WM-Processor: Work WorkGenerationalId(workSpecId=a65ca0ed-f824-408a-83bf-e0e58746a8d6, generation=0) is already enqueued for processing
04-14 21:52:10.135 32196 32196 D WM-WorkerWrapper: Starting work for ch.protonmail.android.mailsession.data.background.BackgroundExecutionWorker
04-14 21:52:10.183  1286  1286 W keymint_tee: [WRN]begin req PARAMS: A32, BM32, PD1, 
04-14 21:52:10.187  1286  1286 D keymint_swd: keymint_swd keymint [WRN] (km_add_tag:528) skip: non repetable tag already exists with different value: 268435458
04-14 21:52:10.187  1286  1286 D keymint_swd: keymint_swd keymint [WRN] (swd_run_cb:267) swd_begin() returns 0
04-14 21:52:10.189  1286  1286 D android.hardware.security.keymint-service: begin: ret 0
04-14 21:52:10.190  1284 10416 I keystore2: system/security/keystore2/src/security_level.rs:466 - In create_operation. Success to create IKeystoreOperation. 10591, None
04-14 21:52:10.192  1286  1286 D keymint_swd: keymint_swd keymint [WRN] (swd_run_cb:267) swd_update() returns 0
04-14 21:52:10.192  1286  1286 D android.hardware.security.keymint-service: update: ret 0
04-14 21:52:10.193  1286  1286 D keymint_swd: keymint_swd keymint [WRN] (swd_run_cb:267) swd_finish() returns 0
04-14 21:52:10.193  1286  1286 D android.hardware.security.keymint-service: finish: ret 0
04-14 21:52:10.195 32196 32311 W JobInfo : Requested important-while-foreground flag for job38870 is ignored and takes no effect
04-14 21:52:10.196 32196 32311 D WM-SystemJobScheduler: Scheduling work ID 518376fe-9f8f-4d23-b773-562fff68ec0cJob ID 38870
04-14 21:52:10.202 32196 32196 D WM-SystemJobService: onStartJob for WorkGenerationalId(workSpecId=518376fe-9f8f-4d23-b773-562fff68ec0c, generation=0)
04-14 21:52:10.204 32196 32311 D WM-GreedyScheduler: Starting tracking for 518376fe-9f8f-4d23-b773-562fff68ec0c
04-14 21:52:10.204  1286  1286 W keymint_tee: [WRN]begin req PARAMS: A32, BM32, PD1, 
04-14 21:52:10.205 32196 32311 D WM-Processor: e: processing WorkGenerationalId(workSpecId=518376fe-9f8f-4d23-b773-562fff68ec0c, generation=0)
04-14 21:52:10.206  1286  1286 D keymint_swd: keymint_swd keymint [WRN] (km_add_tag:528) skip: non repetable tag already exists with different value: 268435458
04-14 21:52:10.206  1286  1286 D keymint_swd: keymint_swd keymint [WRN] (swd_run_cb:267) swd_begin() returns 0
04-14 21:52:10.206  1286  1286 D android.hardware.security.keymint-service: begin: ret 0
04-14 21:52:10.206  1284 10416 I keystore2: system/security/keystore2/src/security_level.rs:466 - In create_operation. Success to create IKeystoreOperation. 10591, None
04-14 21:52:10.208  1286  1286 D keymint_swd: keymint_swd keymint [WRN] (swd_run_cb:267) swd_update() returns 0
04-14 21:52:10.208  1286  1286 D android.hardware.security.keymint-service: update: ret 0
04-14 21:52:10.209  1286  1286 D keymint_swd: keymint_swd keymint [WRN] (swd_run_cb:267) swd_finish() returns 0
04-14 21:52:10.209  1286  1286 D android.hardware.security.keymint-service: finish: ret 0
04-14 21:52:10.210 32196 32196 D WM-WorkerWrapper: Starting work for ch.protonmail.android.mailnotifications.data.local.ProcessPushNotificationDataWorker
04-14 21:52:10.211 32196 32311 D WM-WorkConstraintsTrack: NetworkRequestConstraintController send initial capabilities
04-14 21:52:10.213 32196 32273 D WM-GreedyScheduler: Constraints met: Scheduling work ID WorkGenerationalId(workSpecId=518376fe-9f8f-4d23-b773-562fff68ec0c, generation=0)
04-14 21:52:10.214 32196 32273 D WM-Processor: Work WorkGenerationalId(workSpecId=518376fe-9f8f-4d23-b773-562fff68ec0c, generation=0) is already enqueued for processing
04-14 21:52:10.220  1286  1286 W keymint_tee: [WRN]begin req PARAMS: A32, BM32, PD1, 
04-14 21:52:10.222  1286  1286 D keymint_swd: keymint_swd keymint [WRN] (km_add_tag:528) skip: non repetable tag already exists with different value: 268435458
04-14 21:52:10.222  1286  1286 D keymint_swd: keymint_swd keymint [WRN] (swd_run_cb:267) swd_begin() returns 0
04-14 21:52:10.222  1286  1286 D android.hardware.security.keymint-service: begin: ret 0
04-14 21:52:10.223  1284 10416 I keystore2: system/security/keystore2/src/security_level.rs:466 - In create_operation. Success to create IKeystoreOperation. 10591, None
04-14 21:52:10.224  1286  1286 D keymint_swd: keymint_swd keymint [WRN] (swd_run_cb:267) swd_update() returns 0
04-14 21:52:10.225  1286  1286 D android.hardware.security.keymint-service: update: ret 0
04-14 21:52:10.226  1286  1286 D keymint_swd: keymint_swd keymint [WRN] (swd_run_cb:267) swd_finish() returns 0
04-14 21:52:10.226  1286  1286 D android.hardware.security.keymint-service: finish: ret 0
04-14 21:52:10.234  1286  1286 W keymint_tee: [WRN]begin req PARAMS: A32, BM32, PD1, 
04-14 21:52:10.236  1286  1286 D keymint_swd: keymint_swd keymint [WRN] (km_add_tag:528) skip: non repetable tag already exists with different value: 268435458
04-14 21:52:10.236  1286  1286 D keymint_swd: keymint_swd keymint [WRN] (swd_run_cb:267) swd_begin() returns 0
04-14 21:52:10.236  1286  1286 D android.hardware.security.keymint-service: begin: ret 0
04-14 21:52:10.237  1284 10416 I keystore2: system/security/keystore2/src/security_level.rs:466 - In create_operation. Success to create IKeystoreOperation. 10591, None
04-14 21:52:10.239  1286  1286 D keymint_swd: keymint_swd keymint [WRN] (swd_run_cb:267) swd_update() returns 0
04-14 21:52:10.239  1286  1286 D android.hardware.security.keymint-service: update: ret 0
04-14 21:52:10.240  1286  1286 D keymint_swd: keymint_swd keymint [WRN] (swd_run_cb:267) swd_finish() returns 0
04-14 21:52:10.240  1286  1286 D android.hardware.security.keymint-service: finish: ret 0
04-14 21:52:10.246  2250  2250 I SurfaceFlinger: SFWD update time=349644691039482
04-14 21:52:10.253  1286  1286 W keymint_tee: [WRN]begin req PARAMS: A32, BM32, PD1, 
04-14 21:52:10.256  1286  1286 D keymint_swd: keymint_swd keymint [WRN] (km_add_tag:528) skip: non repetable tag already exists with different value: 268435458
04-14 21:52:10.256  1286  1286 D keymint_swd: keymint_swd keymint [WRN] (swd_run_cb:267) swd_begin() returns 0
04-14 21:52:10.256  1286  1286 D android.hardware.security.keymint-service: begin: ret 0
04-14 21:52:10.256  1284 10416 I keystore2: system/security/keystore2/src/security_level.rs:466 - In create_operation. Success to create IKeystoreOperation. 10591, None
04-14 21:52:10.257  1286  1286 D keymint_swd: keymint_swd keymint [WRN] (swd_run_cb:267) swd_update() returns 0
04-14 21:52:10.257  1286  1286 D android.hardware.security.keymint-service: update: ret 0
04-14 21:52:10.259  1286  1286 D keymint_swd: keymint_swd keymint [WRN] (swd_run_cb:267) swd_finish() returns 0
04-14 21:52:10.259  1286  1286 D android.hardware.security.keymint-service: finish: ret 0
04-14 21:52:10.269  3011  3044 D NetdEventListenerService: CSC Feature value: true
04-14 21:52:10.269  3011  3044 D NetdEventListenerService: CSC Feature value: true
04-14 21:52:10.269  3011  3044 D NetdEventListenerService: CSC Feature value: true
04-14 21:52:10.270  3011  4434 D NetdEventListenerService: DNS Requested by 226, 10591(ch.protonmail.android), SUCCESS, 22ms
04-14 21:52:10.285 32196 16056 I NotificationManager: ch.protonmail.android: notify(-189271482, null, Notification(channel=v7_email_channel_id shortcut=null contentView=null vibrate=null sound=null defaults=0 flags=AUTO_CANCEL color=0x00000000 groupKey=kwRSSDeyJqXsBd0ZIRZ_xGq7ci6OvBNOpafKWa-lamIK2MP2MO753xtQhl0vf_hmSxoGDFMumNoREwtFS2C8eA== actions=3 vis=PRIVATE semFlags=0x0 semPriority=0 semMissedCount=0)) as user
04-14 21:52:10.288 32196 16056 I NotificationManager: ch.protonmail.android: notify(-2027443646, null, Notification(channel=v7_email_channel_id shortcut=null contentView=null vibrate=null sound=null defaults=0 flags=AUTO_CANCEL|GROUP_SUMMARY color=0x00000000 groupKey=kwRSSDeyJqXsBd0ZIRZ_xGq7ci6OvBNOpafKWa-lamIK2MP2MO753xtQhl0vf_hmSxoGDFMumNoREwtFS2C8eA== vis=PRIVATE semFlags=0x0 semPriority=0 semMissedCount=0)) as user
04-14 21:52:10.290  3011  3044 D NotificationHighlightCore: isNonImportantNotification skip isGroupSummary
04-14 21:52:10.293 32196 32273 I WM-WorkerWrapper: Worker result SUCCESS for Work [ id=518376fe-9f8f-4d23-b773-562fff68ec0c, tags={ ch.protonmail.android.mailnotifications.data.local.ProcessPushNotificationDataWorker,kwRSSDeyJqXsBd0ZIRZ_xGq7ci6OvBNOpafKWa-lamIK2MP2MO753xtQhl0vf_hmSxoGDFMumNoREwtFS2C8eA== } ]
04-14 21:52:10.295 32196 32196 D WM-Processor: e 518376fe-9f8f-4d23-b773-562fff68ec0c executed; reschedule = false
04-14 21:52:10.295 32196 32196 D WM-GreedyScheduler: Stopping tracking for WorkGenerationalId(workSpecId=518376fe-9f8f-4d23-b773-562fff68ec0c, generation=0)
04-14 21:52:10.295 32196 32196 D WM-SystemJobService: 518376fe-9f8f-4d23-b773-562fff68ec0c executed on JobScheduler
04-14 21:52:10.298 32196 32273 D WM-GreedyScheduler: Cancelling work ID 518376fe-9f8f-4d23-b773-562fff68ec0c
04-14 21:52:10.359  2245  2259 E HeatmapThread: ECT Thread time in milliseconds: 1776196330
04-14 21:52:10.362  2245  2259 D HeatmapThread: !@ batteryplugType : 2
04-14 21:52:10.362  2245  2259 D HeatmapThread: !@ batteryLevel : 79  batteryTemperature : 286 
04-14 21:52:10.362  2245  2259 D HeatmapThread: !@ Heatmap currtime: 29603272
04-14 21:52:10.362  2245  2259 D HeatmapThread: !@ Heatmap prevtime: 29603244
04-14 21:52:10.362  2245  2259 D HeatmapThread: !@ Heatmap plugstarttime: 29603071
04-14 21:52:10.362  2245  2259 D HeatmapThread: !@ Heatmap prevv_dsoh_update_time: 29603251
04-14 21:52:10.362  2245  2259 E HeatmapThread: !@ CAM New BSOH: 100
04-14 21:52:10.362  2245  2259 E HeatmapThread: !@ CAM is Working
04-14 21:52:10.410  4642  4781 I EPDG -- SIM0 [SMARTWIFI]: isProfiling, hash=22621963, started=true
04-14 21:52:10.410  4642  4781 I EPDG -- SIM0 [SMARTWIFI]: isProfiling, hash=22621963, started=true
04-14 21:52:10.411  4642  4781 I EPDG -- SIM0 [SMARTWIFI]: Rssi : -47 highrange : -73 lowrange : -79 mIsRssiInHystersis : false
04-14 21:52:10.411  4642  4781 I EPDG -- SIM0 [SMARTWIFI]: getHandoverThresholdMet: value is: false
04-14 21:52:10.426  2765  3621 I bauth_FPBAuthService: pcf : 0x1012, 0 ,1 ,0 ,1 ,0 ,0, 16.0.0.3
04-14 21:52:10.426  2765  3621 I bauth_FPBAuthService: thread id : 1, preenroll_flag : 0, nd cnt : 0, cso : 0, et : 0
04-14 21:52:10.426  2765  3621 I bauth_FPBAuthService: FPBAuthService::timerHandler complete
04-14 21:52:10.491  3011  3011 I Telecom : SamsungTelecomServiceImpl : isInManagedCall - callingPackage : android / callingUser : UserHandle{0} / hasCrossUserAccess : true
04-14 21:52:10.494  3011  3011 D ZenModeHelper: The number of this sound is not in ExceptionContacts. flags=0 matched=false
04-14 21:52:10.500  3011  3011 D EdgeLightingManager: showForNotification : isInteractive=false, isHeadUp=true, color=0, canBypassDnd=false, packageName = ch.protonmail.android
04-14 21:52:10.501  3011  3011 D EdgeLightingManager: showForNotification : return false by isIntercepted
04-14 21:52:10.519  3011  4354 D BackgroundInstallControlService: Package event received: 0
04-14 21:52:10.520  3011  3011 I Telecom : SamsungTelecomServiceImpl : isInManagedCall - callingPackage : android / callingUser : UserHandle{0} / hasCrossUserAccess : true
04-14 21:52:10.522  3011  3011 D ZenModeHelper: The number of this sound is not in ExceptionContacts. flags=0 matched=false
04-14 21:52:10.523  3011  3011 D EdgeLightingManager: showForNotification : isInteractive=false, isHeadUp=true, color=0, canBypassDnd=false, packageName = ch.protonmail.android
04-14 21:52:10.523  3011  3011 D EdgeLightingManager: showForNotification : return false by isIntercepted
04-14 21:52:10.525  3011  3011 D NotificationReminder: addNotificationRecord record ch.protonmail.android
04-14 21:52:10.534  8555  8555 I GW_NOTI-Provider-Fit3: NotificationListener.onNotificationPosted - ch.protonmail.android[ 0 / -189271482 ] : null
04-14 21:52:10.535  8555  8555 I HMApplication: getWearableConnectionMgr() - sWConnectionMgr: com.samsung.wearable.hostmanager.connection.WearableConnectionManager@9ed00ac
04-14 21:52:10.535  8555  8555 I WearableConnectionManager: getConnectedBTAddress() :null
04-14 21:52:10.535  8555  8555 W GW_NOTI-Provider-Fit3: NotificationListener.checkAndSendNotificationAhead() [ABORT] - isIsPeerAvailable == false
04-14 21:52:10.536  5393  8740 I HoneySpace.NotificationListener: onNotificationPosted ch.protonmail.android: 0|ch.protonmail.android|-189271482|null|10591: 0
04-14 21:52:10.536  5393  8740 I HoneySpace.BadgeDataSourceImpl: Get notification count. PK(p='ch.protonmail.android', u=UserHandle{0}) - forceBadgeCount: false, notification listener: 8, badge provider: 0
04-14 21:52:10.541  5393  8740 I HoneySpace.NotificationListener: onNotificationPosted ch.protonmail.android: 0|ch.protonmail.android|-2027443646|null|10591: 0
04-14 21:52:10.541  5393  8740 I HoneySpace.NotificationListener: invalid notification: ch.protonmail.android UserHandle{0}: isGroup=true, isMissing=false
04-14 21:52:10.541  5393  8740 I HoneySpace.BadgeDataSourceImpl: Get notification count. PK(p='ch.protonmail.android', u=UserHandle{0}) - forceBadgeCount: false, notification listener: 8, badge provider: 0
04-14 21:52:10.544  8555  8555 I GW_NOTI-Provider-Fit3: NotificationListener.onNotificationPosted - ch.protonmail.android[ 0 / -2027443646 ] : null
04-14 21:52:10.544  8555  8555 I HMApplication: getWearableConnectionMgr() - sWConnectionMgr: com.samsung.wearable.hostmanager.connection.WearableConnectionManager@9ed00ac
04-14 21:52:10.544  8555  8555 I WearableConnectionManager: getConnectedBTAddress() :null
04-14 21:52:10.544  8555  8555 W GW_NOTI-Provider-Fit3: NotificationListener.checkAndSendNotificationAhead() [ABORT] - isIsPeerAvailable == false
04-14 21:52:10.564  4880  4880 D SubscreenNotificationListCoordinator: onAfterRenderList() isSubScreen = false, pluginLockMode = 0, doNotShowOnCover = false
04-14 21:52:10.565  4880  4880 I LockscreenNotificationIconsOnlyController: onNotificationInfoUpdated 5
04-14 21:52:10.567  4880  4880 I AODNotificationManager: updateNotification() 
04-14 21:52:10.568  4880  4880 D PluginAODManager: onNotificationInfoUpdated() 5
04-14 21:52:10.568  4880  4880 D PluginAODManager: onNotificationInfoUpdated() 0|ch.protonmail.android|-2027443646|null|10591
04-14 21:52:10.569  4880  4880 D PluginAODManager: onNotificationInfoUpdated() 0|com.google.android.youtube|0|UCR9sFzaG9Ia_kXJhfxtFMBA::563441d9-568f-4ea2-9c2a-a1a56456fe29|10282
04-14 21:52:10.569  4880  4880 D PluginAODManager: onNotificationInfoUpdated() 0|com.futsch1.medtimer|2861|null|10503
04-14 21:52:10.569  4880  4880 D PluginAODManager: onNotificationInfoUpdated() 0|cz.zasilkovna.app|0|FCM-Notification:343196312|10453
04-14 21:52:10.570  4880  4880 D PluginAODManager: onNotificationInfoUpdated() 0|com.samsung.android.forest|104|null|1000
