04-14 21:51:19.439  3011  4979 I BatteryService_BatteryPropertiesRegistrar: [getProperty]prop.long:-9223372036854775808 ,prop.string:null
04-14 21:51:19.440  3011  4979 I BatteryService_BatteryPropertiesRegistrar: [getProperty]id:4
04-14 21:51:19.441  3011  4979 I BatteryService_BatteryPropertiesRegistrar: [getProperty]prop.long:-9223372036854775808 ,prop.string:null
04-14 21:51:19.946  2085 21685 I sensors-hal: handle_sns_std_sensor_event:90, light_cct: ts = 789773912377285 ns; value = [3, 3, 0, 0, 3, 0, 0, 0, 704, 0]
04-14 21:51:20.359  2245  2259 E HeatmapThread: ECT Thread time in milliseconds: 1776196280
04-14 21:51:20.363  2245  2259 D HeatmapThread: !@ batteryplugType : 2
04-14 21:51:20.363  2245  2259 D HeatmapThread: !@ batteryLevel : 79  batteryTemperature : 286 
04-14 21:51:20.363  2245  2259 D HeatmapThread: !@ Heatmap currtime: 29603271
04-14 21:51:20.363  2245  2259 D HeatmapThread: !@ Heatmap prevtime: 29603244
04-14 21:51:20.363  2245  2259 D HeatmapThread: !@ Heatmap plugstarttime: 29603071
04-14 21:51:20.363  2245  2259 D HeatmapThread: !@ Heatmap prevv_dsoh_update_time: 29603251
04-14 21:51:20.364  2245  2259 E HeatmapThread: !@ CAM New BSOH: 100
04-14 21:51:20.364  2245  2259 E HeatmapThread: !@ CAM is Working
04-14 21:51:20.369  2765  3621 I bauth_FPBAuthService: pcf : 0x1012, 0 ,1 ,0 ,1 ,0 ,0, 16.0.0.3
04-14 21:51:20.369  2765  3621 I bauth_FPBAuthService: thread id : 1, preenroll_flag : 0, nd cnt : 0, cso : 0, et : 0
04-14 21:51:20.369  2765  3621 I bauth_FPBAuthService: FPBAuthService::timerHandler complete
04-14 21:51:20.550  3011  4015 D ActivityManager: freezing 8528 com.skms.android.agent:remote
04-14 21:51:21.359  2245  2259 E HeatmapThread: ECT Thread time in milliseconds: 1776196281
04-14 21:51:21.363  2245  2259 D HeatmapThread: !@ batteryplugType : 2
04-14 21:51:21.363  2245  2259 D HeatmapThread: !@ batteryLevel : 79  batteryTemperature : 286 
04-14 21:51:21.363  2245  2259 D HeatmapThread: !@ Heatmap currtime: 29603271
04-14 21:51:21.363  2245  2259 D HeatmapThread: !@ Heatmap prevtime: 29603244
04-14 21:51:21.363  2245  2259 D HeatmapThread: !@ Heatmap plugstarttime: 29603071
04-14 21:51:21.364  2245  2259 D HeatmapThread: !@ Heatmap prevv_dsoh_update_time: 29603251
04-14 21:51:21.364  2245  2259 E HeatmapThread: !@ CAM New BSOH: 100
04-14 21:51:21.364  2245  2259 E HeatmapThread: !@ CAM is Working
04-14 21:51:21.370  2765  3621 I bauth_FPBAuthService: pcf : 0x1012, 0 ,1 ,0 ,1 ,0 ,0, 16.0.0.3
04-14 21:51:21.370  2765  3621 I bauth_FPBAuthService: thread id : 1, preenroll_flag : 0, nd cnt : 0, cso : 0, et : 0
04-14 21:51:21.370  2765  3621 I bauth_FPBAuthService: FPBAuthService::timerHandler complete
04-14 21:51:21.441  3011  4979 I BatteryService_BatteryPropertiesRegistrar: [getProperty]id:2
04-14 21:51:21.441  3011  4979 I BatteryService_BatteryPropertiesRegistrar: [getProperty]prop.long:-9223372036854775808 ,prop.string:null
04-14 21:51:21.443  3011  4979 I BatteryService_BatteryPropertiesRegistrar: [getProperty]id:4
04-14 21:51:21.443  3011  4979 I BatteryService_BatteryPropertiesRegistrar: [getProperty]prop.long:-9223372036854775808 ,prop.string:null
04-14 21:51:21.773  2557  2557 I CNSS    : /sys/wifi/max_chipset_log_size doesn't exist
04-14 21:51:21.991  4642  4781 I EPDG -- SIM0 [SMARTWIFI]: isProfiling, hash=22621963, started=true
04-14 21:51:21.991  4642  4781 I EPDG -- SIM0 [SMARTWIFI]: isProfiling, hash=22621963, started=true
04-14 21:51:21.991  4642  4781 I EPDG -- SIM0 [SMARTWIFI]: Rssi : -51 highrange : -73 lowrange : -79 mIsRssiInHystersis : false
04-14 21:51:21.991  4642  4781 I EPDG -- SIM0 [SMARTWIFI]: getHandoverThresholdMet: value is: false
04-14 21:51:22.360  2245  2259 E HeatmapThread: ECT Thread time in milliseconds: 1776196282
04-14 21:51:22.363  2245  2259 D HeatmapThread: !@ batteryplugType : 2
04-14 21:51:22.364  2245  2259 D HeatmapThread: !@ batteryLevel : 79  batteryTemperature : 286 
04-14 21:51:22.364  2245  2259 D HeatmapThread: !@ Heatmap currtime: 29603271
04-14 21:51:22.364  2245  2259 D HeatmapThread: !@ Heatmap prevtime: 29603244
04-14 21:51:22.364  2245  2259 D HeatmapThread: !@ Heatmap plugstarttime: 29603071
04-14 21:51:22.365  2245  2259 D HeatmapThread: !@ Heatmap prevv_dsoh_update_time: 29603251
04-14 21:51:22.365  2245  2259 E HeatmapThread: !@ CAM New BSOH: 100
04-14 21:51:22.365  2245  2259 E HeatmapThread: !@ CAM is Working
04-14 21:51:22.370  2765  3621 I bauth_FPBAuthService: pcf : 0x1012, 0 ,1 ,0 ,1 ,0 ,0, 16.0.0.3
04-14 21:51:22.371  2765  3621 I bauth_FPBAuthService: thread id : 1, preenroll_flag : 0, nd cnt : 0, cso : 0, et : 0
04-14 21:51:22.371  2765  3621 I bauth_FPBAuthService: FPBAuthService::timerHandler complete
04-14 21:51:22.892  2117 26931 I StatsHandler: [hvcD_673] Stats: Pending(0) i/p-done(0) Works: Q: 523/Done 518|Work-Rate: Q(0.0/s Avg=0.0/s) Done(0.000/s Avg=0.028/s)| Stream: 30.00fps 979.3Kbps
04-14 21:51:22.892  2117 26931 I StatsHandler: [hvcD_673] Mem-usage:  [In-1D: 11 bufs 88.000 MB] [1D-7035: 32 bufs 0.500 MB] [2D-7036: 21 bufs 47.004 MB] | Total: 135.504 MB
04-14 21:51:22.892  2117 26931 I StatsHandler: [avcD_678] Stats: Pending(0) i/p-done(0) Works: Q: 67/Done 55|Work-Rate: Q(0.0/s Avg=0.0/s) Done(0.000/s Avg=0.003/s)| Stream: 24.00fps 69.5Kbps
04-14 21:51:22.892  2117 26931 I StatsHandler: [avcD_678] Mem-usage:  [In-1D: 11 bufs 88.000 MB] [1D-7045: 28 bufs 0.438 MB] [2D-7046: 17 bufs 5.844 MB] | Total: 94.281 MB
04-14 21:51:23.237 26358 26384 V CpEventLog(u0): [P] cp_state: [                 contacts = {contacts=81, raw_contacts=100, data=604, account={secphone(1)=10, google(2)=53, sim(3)=12, sim2(4)=6, agg(5)=0, org.thoughtcrime.securesms(8)=19, at.bitfire.icsdroid(18)=0, com.revolut.sso(22)=0, samsung(25)=0, com.github.android(50)=0, com.blizzard.mobile.auth(61)=0, com.blizzard.mobile.auth(62)=0, mobileservice(63)=0, com.microsoft.office(70)=0}, trash=0, trash_acc={}, trash_sync=0, database=contacts2.db} ]
04-14 21:51:23.237 26358 26384 V CpEventLog(u0): [P] cp_state: [               aggregated = {[1]=10, [2,8]=18, [2]=34, [3]=12, [4]=6, [8,2]=1} ]
04-14 21:51:23.237 26358 26384 V CpEventLog(u0): [P] cp_state: [                  request = {} ]
04-14 21:51:23.237 26358 26384 V CpEventLog(u0): [P] cp_state: [                    calls = {types={[100]=243, [500]=3, [1000]=944}, database=calllog.db} ]
04-14 21:51:23.237 26358 26384 V CpEventLog(u0): [P] cp_state: [                  profile = {contacts=0, raw_contacts=0, data=0, account={secphone(1)=0, google(2)=0, sim(3)=0, sim2(4)=0, agg(5)=0, org.thoughtcrime.securesms(8)=0, at.bitfire.icsdroid(18)=0, com.revolut.sso(22)=0, samsung(25)=0, com.github.android(50)=0, com.blizzard.mobile.auth(61)=0, com.blizzard.mobile.auth(62)=0, mobileservice(63)=0, com.microsoft.office(70)=0}, trash=0, trash_acc={}, trash_sync=0, database=profile.db} ]
04-14 21:51:23.237 26358 26384 V CpEventLog(u0): [P] cp_state: [               sa_profile = {contacts=1, raw_contacts=1, data=0, account={secphone(1)=1, google(2)=0, sim(3)=0, sim2(4)=0, agg(5)=0, org.thoughtcrime.securesms(8)=0, at.bitfire.icsdroid(18)=0, com.revolut.sso(22)=0, samsung(25)=0, com.github.android(50)=0, com.blizzard.mobile.auth(61)=0, com.blizzard.mobile.auth(62)=0, mobileservice(63)=0, com.microsoft.office(70)=0}, trash=0, trash_acc={}, trash_sync=0, database=profile_sa.db} ]
04-14 21:51:23.237 26358 26384 V CpEventLog(u0): [P] cp_state: [                      etc = {binders=0, country_iso=CZ, version=15.6.28, db_version=2000, db_size=0, db_wal_size=0, csc=/, sec_enabled=false, is_roaming=false} ]
04-14 21:51:23.237 26358 26384 V CpEventLog(u0): [P] cp_state: ------------------------------------------------------------------------------
04-14 21:51:23.360  2245  2259 E HeatmapThread: ECT Thread time in milliseconds: 1776196283
04-14 21:51:23.364  2245  2259 D HeatmapThread: !@ batteryplugType : 2
04-14 21:51:23.364  2245  2259 D HeatmapThread: !@ batteryLevel : 79  batteryTemperature : 286 
04-14 21:51:23.364  2245  2259 D HeatmapThread: !@ Heatmap currtime: 29603271
04-14 21:51:23.364  2245  2259 D HeatmapThread: !@ Heatmap prevtime: 29603244
04-14 21:51:23.364  2245  2259 D HeatmapThread: !@ Heatmap plugstarttime: 29603071
04-14 21:51:23.365  2245  2259 D HeatmapThread: !@ Heatmap prevv_dsoh_update_time: 29603251
04-14 21:51:23.365  2245  2259 E HeatmapThread: !@ CAM New BSOH: 100
04-14 21:51:23.365  2245  2259 E HeatmapThread: !@ CAM is Working
04-14 21:51:23.372  2765  3621 I bauth_FPBAuthService: pcf : 0x1012, 0 ,1 ,0 ,1 ,0 ,0, 16.0.0.3
04-14 21:51:23.372  2765  3621 I bauth_FPBAuthService: thread id : 1, preenroll_flag : 0, nd cnt : 0, cso : 0, et : 0
04-14 21:51:23.372  2765  3621 I bauth_FPBAuthService: FPBAuthService::timerHandler complete
04-14 21:51:23.446  3011  4979 I BatteryService_BatteryPropertiesRegistrar: [getProperty]id:2
04-14 21:51:23.446  3011  4979 I BatteryService_BatteryPropertiesRegistrar: [getProperty]prop.long:-9223372036854775808 ,prop.string:null
04-14 21:51:23.449  3011  4979 I BatteryService_BatteryPropertiesRegistrar: [getProperty]id:4
04-14 21:51:23.449  3011  4979 I BatteryService_BatteryPropertiesRegistrar: [getProperty]prop.long:-9223372036854775808 ,prop.string:null
04-14 21:51:23.497  1204  1204 D io_stats: !@   8,0 r 96151694 1875743420 w 22956897 523826996 d 2871136 713016392 f 691619 1919219 iot 16555908 0 th 0 0 0 pt 0 inp 0 0 349597.942
04-14 21:51:24.359  2245  2259 E HeatmapThread: ECT Thread time in milliseconds: 1776196284
04-14 21:51:24.362  2245  2259 D HeatmapThread: !@ batteryplugType : 2
04-14 21:51:24.362  2245  2259 D HeatmapThread: !@ batteryLevel : 79  batteryTemperature : 286 
04-14 21:51:24.362  2245  2259 D HeatmapThread: !@ Heatmap currtime: 29603271
04-14 21:51:24.362  2245  2259 D HeatmapThread: !@ Heatmap prevtime: 29603244
04-14 21:51:24.362  2245  2259 D HeatmapThread: !@ Heatmap plugstarttime: 29603071
04-14 21:51:24.363  2245  2259 D HeatmapThread: !@ Heatmap prevv_dsoh_update_time: 29603251
04-14 21:51:24.363  2245  2259 E HeatmapThread: !@ CAM New BSOH: 100
04-14 21:51:24.363  2245  2259 E HeatmapThread: !@ CAM is Working
04-14 21:51:24.372  2765  3621 I bauth_FPBAuthService: pcf : 0x1012, 0 ,1 ,0 ,1 ,0 ,0, 16.0.0.3
04-14 21:51:24.372  2765  3621 I bauth_FPBAuthService: thread id : 1, preenroll_flag : 0, nd cnt : 0, cso : 0, et : 0
04-14 21:51:24.373  2765  3621 I bauth_FPBAuthService: FPBAuthService::timerHandler complete
04-14 21:51:25.019  4642  4781 I EPDG -- SIM0 [SMARTWIFI]: isProfiling, hash=22621963, started=true
04-14 21:51:25.019  4642  4781 I EPDG -- SIM0 [SMARTWIFI]: isProfiling, hash=22621963, started=true
04-14 21:51:25.019  4642  4781 I EPDG -- SIM0 [SMARTWIFI]: Rssi : -51 highrange : -73 lowrange : -79 mIsRssiInHystersis : false
04-14 21:51:25.019  4642  4781 I EPDG -- SIM0 [SMARTWIFI]: getHandoverThresholdMet: value is: false
04-14 21:51:25.359  2245  2259 E HeatmapThread: ECT Thread time in milliseconds: 1776196285
04-14 21:51:25.362  2245  2259 D HeatmapThread: !@ batteryplugType : 2
04-14 21:51:25.362  2245  2259 D HeatmapThread: !@ batteryLevel : 79  batteryTemperature : 286 
04-14 21:51:25.362  2245  2259 D HeatmapThread: !@ Heatmap currtime: 29603271
04-14 21:51:25.362  2245  2259 D HeatmapThread: !@ Heatmap prevtime: 29603244
04-14 21:51:25.362  2245  2259 D HeatmapThread: !@ Heatmap plugstarttime: 29603071
04-14 21:51:25.363  2245  2259 D HeatmapThread: !@ Heatmap prevv_dsoh_update_time: 29603251
04-14 21:51:25.363  2245  2259 E HeatmapThread: !@ CAM New BSOH: 100
04-14 21:51:25.363  2245  2259 E HeatmapThread: !@ CAM is Working
04-14 21:51:25.373  2765  3621 I bauth_FPBAuthService: pcf : 0x1012, 0 ,1 ,0 ,1 ,0 ,0, 16.0.0.3
04-14 21:51:25.373  2765  3621 I bauth_FPBAuthService: thread id : 1, preenroll_flag : 0, nd cnt : 0, cso : 0, et : 0
04-14 21:51:25.373  2765  3621 I bauth_FPBAuthService: FPBAuthService::timerHandler complete
04-14 21:51:25.426  3011  4378 I BatteryService_BatteryPropertiesRegistrar: [getProperty]id:6
04-14 21:51:25.426  3011  4378 I BatteryService_BatteryPropertiesRegistrar: [getProperty]prop.long:-9223372036854775808 ,prop.string:null
04-14 21:51:25.427  3011  4378 I BatteryService_BatteryPropertiesRegistrar: [getProperty]id:4
04-14 21:51:25.427  3011  4378 I BatteryService_BatteryPropertiesRegistrar: [getProperty]prop.long:-9223372036854775808 ,prop.string:null
04-14 21:51:25.430  3011  4378 I SemWifiIntelligentTrainingManager: Tr. cond. check: false / 1 (2) / false / 0 (1)
04-14 21:51:25.430  3011  4378 I BatteryService_BatteryPropertiesRegistrar: [getProperty]id:6
04-14 21:51:25.430  3011  4378 I BatteryService_BatteryPropertiesRegistrar: [getProperty]prop.long:-9223372036854775808 ,prop.string:null
04-14 21:51:25.451  3011  4979 I BatteryService_BatteryPropertiesRegistrar: [getProperty]id:2
04-14 21:51:25.451  3011  4979 I BatteryService_BatteryPropertiesRegistrar: [getProperty]prop.long:-9223372036854775808 ,prop.string:null
04-14 21:51:25.453  3011  4979 I BatteryService_BatteryPropertiesRegistrar: [getProperty]id:4
04-14 21:51:25.453  3011  4979 I BatteryService_BatteryPropertiesRegistrar: [getProperty]prop.long:-9223372036854775808 ,prop.string:null
04-14 21:51:25.498  1204  1204 D io_stats: !@ Read_top(KB): tes.accubattery(16237) 20 d.process.acore(26358) 8 kworker/u16:0(14924) 4
04-14 21:51:25.499  1204  1204 D io_stats: !@ Write_top(KB): kworker/u16:4(12844) 36
04-14 21:51:25.746  2085 21685 I sensors-hal: handle_sns_std_sensor_event:90, light_cct: ts = 789779712496869 ns; value = [2, 2, 0, 0, 2, 0, 0, 0, 608, 0]
04-14 21:51:26.359  2245  2259 E HeatmapThread: ECT Thread time in milliseconds: 1776196286
04-14 21:51:26.363  2245  2259 D HeatmapThread: !@ batteryplugType : 2
04-14 21:51:26.363  2245  2259 D HeatmapThread: !@ batteryLevel : 79  batteryTemperature : 286 
04-14 21:51:26.363  2245  2259 D HeatmapThread: !@ Heatmap currtime: 29603271
04-14 21:51:26.363  2245  2259 D HeatmapThread: !@ Heatmap prevtime: 29603244
04-14 21:51:26.363  2245  2259 D HeatmapThread: !@ Heatmap plugstarttime: 29603071
04-14 21:51:26.364  2245  2259 D HeatmapThread: !@ Heatmap prevv_dsoh_update_time: 29603251
04-14 21:51:26.364  2245  2259 E HeatmapThread: !@ CAM New BSOH: 100
04-14 21:51:26.364  2245  2259 E HeatmapThread: !@ CAM is Working
04-14 21:51:26.373  2765  3621 I bauth_FPBAuthService: pcf : 0x1012, 0 ,1 ,0 ,1 ,0 ,0, 16.0.0.3
04-14 21:51:26.373  2765  3621 I bauth_FPBAuthService: thread id : 1, preenroll_flag : 0, nd cnt : 0, cso : 0, et : 0
04-14 21:51:26.373  2765  3621 I bauth_FPBAuthService: FPBAuthService::timerHandler complete
04-14 21:51:26.381  7470  8025 I SDHMS:x : SIOP:: AP:294 BAT:286 USB:280 CHG:276 PA:298 WIFI:295 CF:292 BLK:0 SUBBAT:0 LRPTHM:289 SKIN:296 SKINF:291 SKINB:296 LRP2:296 LRF2:291 LRB2:296 AP2:296 CHG2:294 WIFI2:296 RCV2:288 SPK2:287 FCAM:280 UPSPK:292 DNSPK:281 VAP02:295 VWIFI:296 AMB2:255 AVGCUR:4 POWER:16
04-14 21:51:26.488 29440 29489 V CpEventLog(u150): [P] cp_state: [                 contacts = {contacts=3, raw_contacts=6, data=17, account={secphone(1)=2, whatsapp(2)=2, sim(3)=0, sim2(4)=0, agg(5)=0, vnd.sec.contact.phone_personal(6)=0, google(7)=1, PHONE(8)=0}, trash=0, trash_acc={}, trash_sync=1, database=contacts2.db} ]
04-14 21:51:26.488 29440 29489 V CpEventLog(u150): [P] cp_state: [               aggregated = {[1,2]=2, [7]=1} ]
04-14 21:51:26.488 29440 29489 V CpEventLog(u150): [P] cp_state: [                  request = {} ]
04-14 21:51:26.488 29440 29489 V CpEventLog(u150): [P] cp_state: [                    calls = {types={}, database=calllog.db} ]
04-14 21:51:26.488 29440 29489 V CpEventLog(u150): [P] cp_state: [                  profile = {contacts=0, raw_contacts=0, data=0, account={secphone(1)=0, whatsapp(2)=0, sim(3)=0, sim2(4)=0, agg(5)=0, vnd.sec.contact.phone_personal(6)=0, google(7)=0}, trash=0, trash_acc={}, trash_sync=0, database=profile.db} ]
04-14 21:51:26.488 29440 29489 V CpEventLog(u150): [P] cp_state: [               sa_profile = {contacts=0, raw_contacts=0, data=0, account={secphone(1)=0, whatsapp(2)=0, sim(3)=0, sim2(4)=0, agg(5)=0, vnd.sec.contact.phone_personal(6)=0, google(7)=0}, trash=0, trash_acc={}, trash_sync=0, database=profile_sa.db} ]
04-14 21:51:26.488 29440 29489 V CpEventLog(u150): [P] cp_state: [                      etc = {binders=0, country_iso=CZ, version=15.6.28, db_version=2000, db_size=0, db_wal_size=0, csc=/, sec_enabled=false, is_roaming=false} ]
04-14 21:51:26.488 29440 29489 V CpEventLog(u150): [P] cp_state: ------------------------------------------------------------------------------
04-14 21:51:26.699  2188  2188 I seh_thermal_service: getTemperaturesWithType SehTemperatureType: 3
04-14 21:51:26.699  2123  2123 I sehhealth-service: updateLrpSysfs: write: 296
04-14 21:51:26.701  2123  2180 E BatteryDump: !@new_battery_dump : 4137,-4,1125,3331,79,286,280,276,286,0,296,276,0,Not-charging,NO_CHARGING,Normal,Good,PDIC,0,Normal,0,0,9300,0x8000,0x11010000,0x0,0,0,0000,0000,00000000,0,0,0,0,492,4137,7978,1000,0,
04-14 21:51:27.359  2245  2259 E HeatmapThread: ECT Thread time in milliseconds: 1776196287
04-14 21:51:27.362  2245  2259 D HeatmapThread: !@ batteryplugType : 2
04-14 21:51:27.363  2245  2259 D HeatmapThread: !@ batteryLevel : 79  batteryTemperature : 286 
04-14 21:51:27.363  2245  2259 D HeatmapThread: !@ Heatmap currtime: 29603271
04-14 21:51:27.363  2245  2259 D HeatmapThread: !@ Heatmap prevtime: 29603244
04-14 21:51:27.364  2245  2259 D HeatmapThread: !@ Heatmap plugstarttime: 29603071
04-14 21:51:27.364  2245  2259 D HeatmapThread: !@ Heatmap prevv_dsoh_update_time: 29603251
04-14 21:51:27.364  2245  2259 E HeatmapThread: !@ CAM New BSOH: 100
04-14 21:51:27.364  2245  2259 E HeatmapThread: !@ CAM is Working
04-14 21:51:27.373  2765  3621 I bauth_FPBAuthService: pcf : 0x1012, 0 ,1 ,0 ,1 ,0 ,0, 16.0.0.3
04-14 21:51:27.373  2765  3621 I bauth_FPBAuthService: thread id : 1, preenroll_flag : 0, nd cnt : 0, cso : 0, et : 0
04-14 21:51:27.373  2765  3621 I bauth_FPBAuthService: FPBAuthService::timerHandler complete
04-14 21:51:27.453  3011  4979 I BatteryService_BatteryPropertiesRegistrar: [getProperty]id:2
04-14 21:51:27.453  3011  4979 I BatteryService_BatteryPropertiesRegistrar: [getProperty]prop.long:-9223372036854775808 ,prop.string:null
04-14 21:51:27.455  3011  4979 I BatteryService_BatteryPropertiesRegistrar: [getProperty]id:4
04-14 21:51:27.455  3011  4979 I BatteryService_BatteryPropertiesRegistrar: [getProperty]prop.long:-9223372036854775808 ,prop.string:null
04-14 21:51:27.499  1204  1204 D io_stats: !@   8,0 r 96151694 1875743420 w 22956902 523827208 d 2871136 713016392 f 691619 1919219 iot 16555928 0 th 0 0 0 pt 0 inp 0 0 349601.944
04-14 21:51:27.885  4579  4710 D SatelliteController: isInCarrierRoamingNbIotNtn: satellite is disabled
04-14 21:51:27.889  4642  4642 I EPDG -- SIM0 [SMARTCELLULAR]: onSignalStrengthsChanged: SignalStrength:{mCdma=Invalid,mGsm=Invalid,mWcdma=Invalid,mTdscdma=Invalid,mLte=CellSignalStrengthLte: rssi=-71 rsrp=-101 rsrq=-13 rssnr=0 cqiTableIndex=2147483647 cqi=2147483647 ta=2147483647 level=3 parametersUseForLevel=0,mNr=Invalid,SignalBarInfo{ lteLevel=2 },rat=14,primary=CellSignalStrengthLte}
04-14 21:51:27.891  4642  6896 I EPDG -- SIM0 [SMARTCELLULAR]: lastLteRSRP is -100 currentLteRSRP is -101 lastLteRSRQ is -13 currentLteRSRQ is -13 lastLteSNR is 1 currentLteSNR is 0
04-14 21:51:27.892  4880  5068 D MobileSignalTransitionManager: updateSignalTransition
04-14 21:51:27.893  2117 26931 I StatsHandler: [hvcD_673] Stats: Pending(0) i/p-done(0) Works: Q: 523/Done 518|Work-Rate: Q(0.0/s Avg=0.0/s) Done(0.000/s Avg=0.028/s)| Stream: 30.00fps 979.3Kbps
04-14 21:51:27.893  2117 26931 I StatsHandler: [hvcD_673] Mem-usage:  [In-1D: 11 bufs 88.000 MB] [1D-7035: 32 bufs 0.500 MB] [2D-7036: 21 bufs 47.004 MB] | Total: 135.504 MB
04-14 21:51:27.893  2117 26931 I StatsHandler: [avcD_678] Stats: Pending(0) i/p-done(0) Works: Q: 67/Done 55|Work-Rate: Q(0.0/s Avg=0.0/s) Done(0.000/s Avg=0.003/s)| Stream: 24.00fps 69.5Kbps
04-14 21:51:27.893  2117 26931 I StatsHandler: [avcD_678] Mem-usage:  [In-1D: 11 bufs 88.000 MB] [1D-7045: 28 bufs 0.438 MB] [2D-7046: 17 bufs 5.844 MB] | Total: 94.281 MB
04-14 21:51:27.894  5393  5560 I HoneySpace.StatusIconTracker: invokeEvent() called with: event = Mobile(bundle=Bundle[mParcelledData.dataSize=256])
04-14 21:51:28.047  4642  4781 I EPDG -- SIM0 [SMARTWIFI]: isProfiling, hash=22621963, started=true
04-14 21:51:28.047  4642  4781 I EPDG -- SIM0 [SMARTWIFI]: isProfiling, hash=22621963, started=true
04-14 21:51:28.047  4642  4781 I EPDG -- SIM0 [SMARTWIFI]: Rssi : -48 highrange : -73 lowrange : -79 mIsRssiInHystersis : false
04-14 21:51:28.047  4642  4781 I EPDG -- SIM0 [SMARTWIFI]: getHandoverThresholdMet: value is: false
04-14 21:51:28.243  8355  8355 I wpa_supplicant: Heartbeat 48477
04-14 21:51:28.359  2245  2259 E HeatmapThread: ECT Thread time in milliseconds: 1776196288
04-14 21:51:28.363  2245  2259 D HeatmapThread: !@ batteryplugType : 2
04-14 21:51:28.363  2245  2259 D HeatmapThread: !@ batteryLevel : 79  batteryTemperature : 286 
04-14 21:51:28.363  2245  2259 D HeatmapThread: !@ Heatmap currtime: 29603271
04-14 21:51:28.363  2245  2259 D HeatmapThread: !@ Heatmap prevtime: 29603244
04-14 21:51:28.364  2245  2259 D HeatmapThread: !@ Heatmap plugstarttime: 29603071
04-14 21:51:28.364  2245  2259 D HeatmapThread: !@ Heatmap prevv_dsoh_update_time: 29603251
04-14 21:51:28.364  2245  2259 E HeatmapThread: !@ CAM New BSOH: 100
04-14 21:51:28.364  2245  2259 E HeatmapThread: !@ CAM is Working
04-14 21:51:28.374  2765  3621 I bauth_FPBAuthService: pcf : 0x1012, 0 ,1 ,0 ,1 ,0 ,0, 16.0.0.3
04-14 21:51:28.374  2765  3621 I bauth_FPBAuthService: thread id : 1, preenroll_flag : 0, nd cnt : 0, cso : 0, et : 0
04-14 21:51:28.374  2765  3621 I bauth_FPBAuthService: FPBAuthService::timerHandler complete
04-14 21:51:28.698 16237 16357 I S.FlushReqestGen: Queueing async flush of data to disk for 2 listeners.
04-14 21:51:28.728 16237 16287 I S.FlushReqestGen: Async flush done.
04-14 21:51:28.728 16237 16287 D U/AsyncTaskHelper: r8lambdaeKjHpdWvaEhsTIzu7XkVhl4aiT4$3@1efc53b finished, thread=ATH-8. Queue time: 0ms. Run real=29 cpu=20 ms
04-14 21:51:29.359  2245  2259 E HeatmapThread: ECT Thread time in milliseconds: 1776196289
04-14 21:51:29.362  2245  2259 D HeatmapThread: !@ batteryplugType : 2
04-14 21:51:29.362  2245  2259 D HeatmapThread: !@ batteryLevel : 79  batteryTemperature : 286 
04-14 21:51:29.363  2245  2259 D HeatmapThread: !@ Heatmap currtime: 29603271
04-14 21:51:29.363  2245  2259 D HeatmapThread: !@ Heatmap prevtime: 29603244
04-14 21:51:29.363  2245  2259 D HeatmapThread: !@ Heatmap plugstarttime: 29603071
04-14 21:51:29.363  2245  2259 D HeatmapThread: !@ Heatmap prevv_dsoh_update_time: 29603251
04-14 21:51:29.363  2245  2259 E HeatmapThread: !@Entered the read from path function
04-14 21:51:29.363  2245  2259 E HeatmapThread: !@Read Extended_heatmap from efs is: 0 0 0 0 0 0 0 0 0 0 0 0 0 0 0 0 0 0 0 0 0 0 0 0 0 0 0 0 0 0 0 0 0 0 0 0 0 0 0 0 0 0 0 0 0 0 0 0 0 0 0 0 0 0 0 0 0 0 0 0 0 0 0 0 0 0 0 0 0 0 0 0 0 0 0 0 0 0 0 0 0 0 0 0 0 0 0 0 0 0 0 0 0 0 0 0 0 0 0 0 0 0 0 0 0 0 0 0 0 0 0 0 0 0 0 0 0 0 0 0 0 0 0 0 0 0 0 0 0 0 0 0 0 0 0 0 0 0 0 0 0 0 0 0 0 0 0 0 0 0 0 0 0 0 0 0 0 0 0 0 0 0 0 0 0 0 0 0 0 0 0 0 0 0 0 0 0 0 0 0 0 0 0 0 0 0 0 0 0 0 0 0 0 0 0 0 0 0 0 0 0 0 0 0 0 0 0 0 0 0 0 0 0 0 0 0 0 0 0 0 0 0 0 0 0 0 0 0 0 0 0 0 0 0 56389 0 0 0 0 0 0 0 0 0 0 0 0 0 0 0 0 0 41529 0 0 0 0 0 0 0 0 0 0 0 0 0 0 0 0 0 38386 0 0 0 0 0 0 0 0 0 0 0 0 0 0 0 0 0 38857 0 0 0 0 0 0 0 0 0 0 0 0 0 0 0 0 0 30076 0 0 0 0 0 0 0 0 0 0 0 0 0 0 0 1 1 10673 0 0 0 0 0 0 0 0 0 0 0 0 0 0 0 0 0 6940 0 0 0 0 0 0 0 0 0 0 0 0 0 0 0 0 0 3707 0 0 0 0 0 0 0 0 0 0 0 0 0 0 0 0 0 1263 0 0 0 0 0 0 0 0 0 0 0 0 0 0 0 0 0 37 0 0 0 0 0 0 0 0 0 0 0 0 0 0 0 0 0 19 0 0 0 0 0 0 0 0 0 0 0 0 0 0 0 0 0 16 0 0 0 0 0 0 0 0 0 0 0 0 0 0 0 0 0 15 0 0 0 0 0 0 0 0 0 0 0 0 0 0 0 0 0 16 0 0 0 0 0 
04-14 21:51:29.364  2245  2259 E HeatmapThread: !@Write Extended Heatmap to efs is: 0 0 0 0 0 0 0 0 0 0 0 0 0 0 0 0 0 0 0 0 0 0 0 0 0 0 0 0 0 0 0 0 0 0 0 0 0 0 0 0 0 0 0 0 0 0 0 0 0 0 0 0 0 0 0 0 0 0 0 0 0 0 0 0 0 0 0 0 0 0 0 0 0 0 0 0 0 0 0 0 0 0 0 0 0 0 0 0 0 0 0 0 0 0 0 0 0 0 0 0 0 0 0 0 0 0 0 0 0 0 0 0 0 0 0 0 0 0 0 0 0 0 0 0 0 0 0 0 0 0 0 0 0 0 0 0 0 0 0 0 0 0 0 0 0 0 0 0 0 0 0 0 0 0 0 0 0 0 0 0 0 0 0 0 0 0 0 0 0 0 0 0 0 0 0 0 0 0 0 0 0 0 0 0 0 0 0 0 0 0 0 0 0 0 0 0 0 0 0 0 0 0 0 0 0 0 0 0 0 0 0 0 0 0 0 0 0 0 0 0 0 0 0 0 0 0 0 0 0 0 0 0 0 0 56390 0 0 0 0 0 0 0 0 0 0 0 0 0 0 0 0 0 41529 0 0 0 0 0 0 0 0 0 0 0 0 0 0 0 0 0 38386 0 0 0 0 0 0 0 0 0 0 0 0 0 0 0 0 0 38857 0 0 0 0 0 0 0 0 0 0 0 0 0 0 0 0 0 30076 0 0 0 0 0 0 0 0 0 0 0 0 0 0 0 1 1 10673 0 0 0 0 0 0 0 0 0 0 0 0 0 0 0 0 0 6940 0 0 0 0 0 0 0 0 0 0 0 0 0 0 0 0 0 3707 0 0 0 0 0 0 0 0 0 0 0 0 0 0 0 0 0 1263 0 0 0 0 0 0 0 0 0 0 0 0 0 0 0 0 0 37 0 0 0 0 0 0 0 0 0 0 0 0 0 0 0 0 0 19 0 0 0 0 0 0 0 0 0 0 0 0 0 0 0 0 0 16 0 0 0 0 0 0 0 0 0 0 0 0 0 0 0 0 0 15 0 0 0 0 0 0 0 0 0 0 0 0 0 0 0 0 0 16 0 0 0 0 0 0
04-14 21:51:29.364  2245  2259 E HeatmapThread: !@ CAM New BSOH: 100
04-14 21:51:29.364  2245  2259 E HeatmapThread: !@ CAM is Working
04-14 21:51:29.374  2765  3621 I bauth_FPBAuthService: pcf : 0x1012, 0 ,1 ,0 ,1 ,0 ,0, 16.0.0.3
04-14 21:51:29.374  2765  3621 I bauth_FPBAuthService: thread id : 1, preenroll_flag : 0, nd cnt : 0, cso : 0, et : 0
04-14 21:51:29.374  2765  3621 I bauth_FPBAuthService: FPBAuthService::timerHandler complete
04-14 21:51:29.456  3011  4979 I BatteryService_BatteryPropertiesRegistrar: [getProperty]id:2
04-14 21:51:29.456  3011  4979 I BatteryService_BatteryPropertiesRegistrar: [getProperty]prop.long:-9223372036854775808 ,prop.string:null
04-14 21:51:29.458  3011  4979 I BatteryService_BatteryPropertiesRegistrar: [getProperty]id:4
04-14 21:51:29.458  3011  4979 I BatteryService_BatteryPropertiesRegistrar: [getProperty]prop.long:-9223372036854775808 ,prop.string:null
04-14 21:51:29.500  1204  1204 D io_stats: !@   8,0 r 96151694 1875743420 w 22956945 523827368 d 2871136 713016392 f 691635 1919226 iot 16555940 0 th 0 0 0 pt 0 inp 0 0 349603.945
04-14 21:51:29.501  1204  1204 D io_stats: !@ Write_top(KB): kworker/u16:0(14924) 204 tes.accubattery(16237) 132 vendor.samsung.(2123) 8
04-14 21:51:29.533 24869 25250 I ForwardSyncCache: reclaimMemory: Clearing caches
04-14 21:51:29.544 24869 25250 W Bugle   : TextClassifierLibManagerImpl: Reclaiming memory at level: 40
04-14 21:51:30.359  2245  2259 E HeatmapThread: ECT Thread time in milliseconds: 1776196290
04-14 21:51:30.362  2245  2259 D HeatmapThread: !@ batteryplugType : 2
04-14 21:51:30.362  2245  2259 D HeatmapThread: !@ batteryLevel : 79  batteryTemperature : 286 
04-14 21:51:30.363  2245  2259 D HeatmapThread: !@ Heatmap currtime: 29603271
04-14 21:51:30.363  2245  2259 D HeatmapThread: !@ Heatmap prevtime: 29603244
04-14 21:51:30.363  2245  2259 D HeatmapThread: !@ Heatmap plugstarttime: 29603071
04-14 21:51:30.363  2245  2259 D HeatmapThread: !@ Heatmap prevv_dsoh_update_time: 29603251
04-14 21:51:30.363  2245  2259 E HeatmapThread: !@ CAM New BSOH: 100
04-14 21:51:30.363  2245  2259 E HeatmapThread: !@ CAM is Working
04-14 21:51:30.374  2765  3621 I bauth_FPBAuthService: pcf : 0x1012, 0 ,1 ,0 ,1 ,0 ,0, 16.0.0.3
04-14 21:51:30.375  2765  3621 I bauth_FPBAuthService: thread id : 1, preenroll_flag : 0, nd cnt : 0, cso : 0, et : 0
04-14 21:51:30.375  2765  3621 I bauth_FPBAuthService: FPBAuthService::timerHandler complete
04-14 21:51:31.067  2557  2557 I CNSS    : /sys/wifi/max_chipset_log_size doesn't exist
04-14 21:51:31.074  4642  4781 I EPDG -- SIM0 [SMARTWIFI]: isProfiling, hash=22621963, started=true
04-14 21:51:31.075  4642  4781 I EPDG -- SIM0 [SMARTWIFI]: isProfiling, hash=22621963, started=true
04-14 21:51:31.075  4642  4781 I EPDG -- SIM0 [SMARTWIFI]: Rssi : -49 highrange : -73 lowrange : -79 mIsRssiInHystersis : false
04-14 21:51:31.075  4642  4781 I EPDG -- SIM0 [SMARTWIFI]: getHandoverThresholdMet: value is: false
04-14 21:51:31.359  2245  2259 E HeatmapThread: ECT Thread time in milliseconds: 1776196291
04-14 21:51:31.363  2245  2259 D HeatmapThread: !@ batteryplugType : 2
04-14 21:51:31.363  2245  2259 D HeatmapThread: !@ batteryLevel : 79  batteryTemperature : 286 
04-14 21:51:31.363  2245  2259 D HeatmapThread: !@ Heatmap currtime: 29603271
04-14 21:51:31.363  2245  2259 D HeatmapThread: !@ Heatmap prevtime: 29603244
04-14 21:51:31.363  2245  2259 D HeatmapThread: !@ Heatmap plugstarttime: 29603071
04-14 21:51:31.364  2245  2259 D HeatmapThread: !@ Heatmap prevv_dsoh_update_time: 29603251
04-14 21:51:31.364  2245  2259 E HeatmapThread: !@ CAM New BSOH: 100
04-14 21:51:31.364  2245  2259 E HeatmapThread: !@ CAM is Working
04-14 21:51:31.375  2765  3621 I bauth_FPBAuthService: pcf : 0x1012, 0 ,1 ,0 ,1 ,0 ,0, 16.0.0.3
04-14 21:51:31.375  2765  3621 I bauth_FPBAuthService: thread id : 1, preenroll_flag : 0, nd cnt : 0, cso : 0, et : 0
04-14 21:51:31.376  2765  3621 I bauth_FPBAuthService: FPBAuthService::timerHandler complete
04-14 21:51:31.441 22665 16673 I NearbyPresence: (REDACTED) [NP_EVENT] %s
04-14 21:51:31.459  3011  4979 I BatteryService_BatteryPropertiesRegistrar: [getProperty]id:2
04-14 21:51:31.459  3011  4979 I BatteryService_BatteryPropertiesRegistrar: [getProperty]prop.long:-9223372036854775808 ,prop.string:null
04-14 21:51:31.462  3011  4979 I BatteryService_BatteryPropertiesRegistrar: [getProperty]id:4
04-14 21:51:31.462  3011  4979 I BatteryService_BatteryPropertiesRegistrar: [getProperty]prop.long:-9223372036854775808 ,prop.string:null
04-14 21:51:31.502  1204  1204 D io_stats: !@   8,0 r 96151741 1875743960 w 22956945 523827368 d 2871136 713016392 f 691635 1919226 iot 16556004 0 th 0 0 0 pt 0 inp 0 0 349605.946
04-14 21:51:32.146  2085 21685 I sensors-hal: handle_sns_std_sensor_event:90, light_cct: ts = 789786112502025 ns; value = [2, 2, 0, 0, 2, 0, 0, 0, 640, 0]
04-14 21:51:32.359  2245  2259 E HeatmapThread: ECT Thread time in milliseconds: 1776196292
04-14 21:51:32.362  2245  2259 D HeatmapThread: !@ batteryplugType : 2
04-14 21:51:32.362  2245  2259 D HeatmapThread: !@ batteryLevel : 79  batteryTemperature : 286 
04-14 21:51:32.362  2245  2259 D HeatmapThread: !@ Heatmap currtime: 29603271
04-14 21:51:32.363  2245  2259 D HeatmapThread: !@ Heatmap prevtime: 29603244
04-14 21:51:32.363  2245  2259 D HeatmapThread: !@ Heatmap plugstarttime: 29603071
04-14 21:51:32.363  2245  2259 D HeatmapThread: !@ Heatmap prevv_dsoh_update_time: 29603251
04-14 21:51:32.363  2245  2259 E HeatmapThread: !@ CAM New BSOH: 100
04-14 21:51:32.363  2245  2259 E HeatmapThread: !@ CAM is Working
04-14 21:51:32.376  2765  3621 I bauth_FPBAuthService: pcf : 0x1012, 0 ,1 ,0 ,1 ,0 ,0, 16.0.0.3
04-14 21:51:32.376  2765  3621 I bauth_FPBAuthService: thread id : 1, preenroll_flag : 0, nd cnt : 0, cso : 0, et : 0
04-14 21:51:32.376  2765  3621 I bauth_FPBAuthService: FPBAuthService::timerHandler complete
04-14 21:51:32.895  2117 26931 I StatsHandler: [hvcD_673] Stats: Pending(0) i/p-done(0) Works: Q: 523/Done 518|Work-Rate: Q(0.0/s Avg=0.0/s) Done(0.000/s Avg=0.028/s)| Stream: 30.00fps 979.3Kbps
04-14 21:51:32.895  2117 26931 I StatsHandler: [hvcD_673] Mem-usage:  [In-1D: 11 bufs 88.000 MB] [1D-7035: 32 bufs 0.500 MB] [2D-7036: 21 bufs 47.004 MB] | Total: 135.504 MB
04-14 21:51:32.896  2117 26931 I StatsHandler: [avcD_678] Stats: Pending(0) i/p-done(0) Works: Q: 67/Done 55|Work-Rate: Q(0.0/s Avg=0.0/s) Done(0.000/s Avg=0.003/s)| Stream: 24.00fps 69.5Kbps
04-14 21:51:32.896  2117 26931 I StatsHandler: [avcD_678] Mem-usage:  [In-1D: 11 bufs 88.000 MB] [1D-7045: 28 bufs 0.438 MB] [2D-7046: 17 bufs 5.844 MB] | Total: 94.281 MB
04-14 21:51:33.359  2245  2259 E HeatmapThread: ECT Thread time in milliseconds: 1776196293
04-14 21:51:33.362  2245  2259 D HeatmapThread: !@ batteryplugType : 2
04-14 21:51:33.363  2245  2259 D HeatmapThread: !@ batteryLevel : 79  batteryTemperature : 286 
04-14 21:51:33.363  2245  2259 D HeatmapThread: !@ Heatmap currtime: 29603271
04-14 21:51:33.364  2245  2259 D HeatmapThread: !@ Heatmap prevtime: 29603244
04-14 21:51:33.364  2245  2259 D HeatmapThread: !@ Heatmap plugstarttime: 29603071
04-14 21:51:33.364  2245  2259 D HeatmapThread: !@ Heatmap prevv_dsoh_update_time: 29603251
04-14 21:51:33.364  2245  2259 E HeatmapThread: !@ CAM New BSOH: 100
04-14 21:51:33.364  2245  2259 E HeatmapThread: !@ CAM is Working
04-14 21:51:33.377  2765  3621 I bauth_FPBAuthService: pcf : 0x1012, 0 ,1 ,0 ,1 ,0 ,0, 16.0.0.3
04-14 21:51:33.377  2765  3621 I bauth_FPBAuthService: thread id : 1, preenroll_flag : 0, nd cnt : 0, cso : 0, et : 0
04-14 21:51:33.377  2765  3621 I bauth_FPBAuthService: FPBAuthService::timerHandler complete
04-14 21:51:33.463  3011  4979 I BatteryService_BatteryPropertiesRegistrar: [getProperty]id:2
04-14 21:51:33.463  3011  4979 I BatteryService_BatteryPropertiesRegistrar: [getProperty]prop.long:-9223372036854775808 ,prop.string:null
04-14 21:51:33.465  3011  4979 I BatteryService_BatteryPropertiesRegistrar: [getProperty]id:4
04-14 21:51:33.465  3011  4979 I BatteryService_BatteryPropertiesRegistrar: [getProperty]prop.long:-9223372036854775808 ,prop.string:null
04-14 21:51:33.467 16237 16237 I U.Notification: Acquire charge wakelock for 15 min
04-14 21:51:33.502  1204  1204 D io_stats: !@   8,0 r 96151742 1875743964 w 22956958 523827468 d 2871136 713016392 f 691635 1919226 iot 16556016 0 th 0 0 0 pt 0 inp 0 0 349607.947
04-14 21:51:33.503  1204  1204 D io_stats: !@ Read_top(KB): .apps.messaging(24869) 228 le_art_image_35(29563) 200 AndroidUI(6448) 64
04-14 21:51:33.503  1204  1204 D io_stats: !@ Write_top(KB): kworker/u16:2(15548) 100
04-14 21:51:33.512 22665 16673 I CrossProfileSender: Unbind
04-14 21:51:33.514 22665 18010 I CrossProfileSender: Unbind
04-14 21:51:33.684  3011  3232 E Watchdog: !@Sync: 11644 heap(MB): 230 / 237 FD: 1624 [2026-04-14 21:51:33.684]
04-14 21:51:34.100  4642  4781 I EPDG -- SIM0 [SMARTWIFI]: isProfiling, hash=22621963, started=true
04-14 21:51:34.100  4642  4781 I EPDG -- SIM0 [SMARTWIFI]: isProfiling, hash=22621963, started=true
04-14 21:51:34.100  4642  4781 I EPDG -- SIM0 [SMARTWIFI]: Rssi : -47 highrange : -73 lowrange : -79 mIsRssiInHystersis : false
04-14 21:51:34.100  4642  4781 I EPDG -- SIM0 [SMARTWIFI]: getHandoverThresholdMet: value is: false
04-14 21:51:34.112  2557  2557 I CNSS    : cnss_open_log_file: directory /data/vendor/log/wifi/ created
04-14 21:51:34.359  2245  2259 E HeatmapThread: ECT Thread time in milliseconds: 1776196294
04-14 21:51:34.363  2245  2259 D HeatmapThread: !@ batteryplugType : 2
04-14 21:51:34.363  2245  2259 D HeatmapThread: !@ batteryLevel : 79  batteryTemperature : 286 
04-14 21:51:34.363  2245  2259 D HeatmapThread: !@ Heatmap currtime: 29603271
04-14 21:51:34.363  2245  2259 D HeatmapThread: !@ Heatmap prevtime: 29603244
04-14 21:51:34.364  2245  2259 D HeatmapThread: !@ Heatmap plugstarttime: 29603071
04-14 21:51:34.364  2245  2259 D HeatmapThread: !@ Heatmap prevv_dsoh_update_time: 29603251
04-14 21:51:34.364  2245  2259 E HeatmapThread: !@ CAM New BSOH: 100
04-14 21:51:34.364  2245  2259 E HeatmapThread: !@ CAM is Working
04-14 21:51:34.377  2765  3621 I bauth_FPBAuthService: pcf : 0x1012, 0 ,1 ,0 ,1 ,0 ,0, 16.0.0.3
04-14 21:51:34.377  2765  3621 I bauth_FPBAuthService: thread id : 1, preenroll_flag : 0, nd cnt : 0, cso : 0, et : 0
04-14 21:51:34.377  2765  3621 I bauth_FPBAuthService: FPBAuthService::timerHandler complete
04-14 21:51:34.677  9008  9025 W GeckoEditableChild: No editable parent
04-14 21:51:34.786  6448  6448 I LogMiddleware - BrowserStore: mozilla.components.browser.state.action.WebExtensionAction$UpdateBrowserAction
04-14 21:51:34.792  6448  6448 I LogMiddleware - BrowserStore: mozilla.components.browser.state.action.WebExtensionAction$UpdateBrowserAction
04-14 21:51:34.810  6448  6448 I LogMiddleware - BrowserStore: mozilla.components.browser.state.action.WebExtensionAction$UpdateTabBrowserAction
04-14 21:51:34.811  6448  6448 I LogMiddleware - BrowserStore: mozilla.components.browser.state.action.WebExtensionAction$UpdateTabBrowserAction
04-14 21:51:35.359  2245  2259 E HeatmapThread: ECT Thread time in milliseconds: 1776196295
04-14 21:51:35.363  2245  2259 D HeatmapThread: !@ batteryplugType : 2
04-14 21:51:35.363  2245  2259 D HeatmapThread: !@ batteryLevel : 79  batteryTemperature : 286 
04-14 21:51:35.364  2245  2259 D HeatmapThread: !@ Heatmap currtime: 29603271
04-14 21:51:35.364  2245  2259 D HeatmapThread: !@ Heatmap prevtime: 29603244
04-14 21:51:35.364  2245  2259 D HeatmapThread: !@ Heatmap plugstarttime: 29603071
04-14 21:51:35.364  2245  2259 D HeatmapThread: !@ Heatmap prevv_dsoh_update_time: 29603251
04-14 21:51:35.364  2245  2259 E HeatmapThread: !@ CAM New BSOH: 100
04-14 21:51:35.364  2245  2259 E HeatmapThread: !@ CAM is Working
04-14 21:51:35.379  2765  3621 I bauth_FPBAuthService: pcf : 0x1012, 0 ,1 ,0 ,1 ,0 ,0, 16.0.0.3
04-14 21:51:35.379  2765  3621 I bauth_FPBAuthService: thread id : 1, preenroll_flag : 0, nd cnt : 0, cso : 0, et : 0
04-14 21:51:35.379  2765  3621 I bauth_FPBAuthService: FPBAuthService::timerHandler complete
04-14 21:51:35.466  3011  4932 I BatteryService_BatteryPropertiesRegistrar: [getProperty]id:2
04-14 21:51:35.466  3011  4932 I BatteryService_BatteryPropertiesRegistrar: [getProperty]prop.long:-9223372036854775808 ,prop.string:null
04-14 21:51:35.468  3011  4932 I BatteryService_BatteryPropertiesRegistrar: [getProperty]id:4
04-14 21:51:35.469  3011  4932 I BatteryService_BatteryPropertiesRegistrar: [getProperty]prop.long:-9223372036854775808 ,prop.string:null
04-14 21:51:35.504  1204  1204 D io_stats: !@   8,0 r 96152834 1875775092 w 22956959 523827472 d 2871136 713016392 f 691635 1919226 iot 16556168 0 th 0 0 0 pt 0 inp 0 0 349609.949
04-14 21:51:35.602  6448  6448 I LogMiddleware - BrowserStore: mozilla.components.browser.state.action.WebExtensionAction$UpdateTabBrowserAction
04-14 21:51:35.606  6448  6448 I LogMiddleware - BrowserStore: mozilla.components.browser.state.action.WebExtensionAction$UpdateTabBrowserAction
04-14 21:51:36.182  3011  4025 D ActivityManager: Received BROADCAST intent 0x42ecba2 Key{broadcastIntent pkg=android intent=act=FIRST_ALARM_TRIGGER_ACTION flg=0x40000000 xflg=0x4 pkg=android flags=0x4000000 u=0} requestCode=0 sent=0 from uid 1000
04-14 21:51:36.189  3011  3235 D ActivityManager: sync unfroze 21354 com.android.settings for 10
04-14 21:51:36.191  3011  4354 D BackgroundInstallControlService: Package event received: 0
04-14 21:51:36.192  3011  3235 D ActivityManager: sync unfroze 10215 com.samsung.android.dqagent for 10
04-14 21:51:36.193  3011  3235 D ActivityManager: sync unfroze 8528 com.skms.android.agent:remote for 10
04-14 21:51:36.195  3011  3235 D ActivityManager: sync unfroze 5472 com.samsung.android.scpm for 10
04-14 21:51:36.196  3011  3235 D ActivityManager: sync unfroze 5074 com.samsung.android.lool for 10
04-14 21:51:36.196  3011  3235 I ActivityManager: Changes in 10125 10 to 10, 0 to 128
04-14 21:51:36.196  3011  3235 I ActivityManager: Changes in 5009 19 to 19, 0 to 128
04-14 21:51:36.199  3011  3235 W ProcessStats: Tracking association SourceState{351228e system/1000 BFgs #1614029} whose proc state 4 is better than process ProcessState{e401bb0 com.samsung.android.biometrics.app.setting/1000 pkg=com.samsung.android.biometrics.app.setting} proc state 15 (3 skipped)
04-14 21:51:36.200  3011  3011 D PDSTrigger: mPolicyIntentReceiver broadcast received action : FIRST_ALARM_TRIGGER_ACTION
04-14 21:51:36.201  3011  3011 D MARsTrigger: mPolicyIntentReceiver broadcast received action : FIRST_ALARM_TRIGGER_ACTION
04-14 21:51:36.201  3011  3422 D MARsPolicyManager: triggerAction called!
04-14 21:51:36.201  3011  3422 I NSLocationMonitor: getGPSUsingApps() called
04-14 21:51:36.203  5599 15799 I NSLocationManager_FLP: getGPSUsingApps, No change
04-14 21:51:36.220  3011  5601 W LocationManagerService: onFreezeStateChanged, uid[10634]=true
04-14 21:51:36.221  3011  5601 I PowerManagerService: [PWL] SetWakeLockEnableDisable uid = 10634 , disable= true
04-14 21:51:36.221  3011  5601 I PowerManagerService: [PWL] can not change uid =  10634
04-14 21:51:36.222  3011  3422 D FreecessController: FZ : ch.protonvpn.android(10634) [14804] reason: LEV [cached:O
04-14 21:51:36.225  3011  5601 W LocationManagerService: onFreezeStateChanged, uid[10458]=true
04-14 21:51:36.225  3011  5601 I PowerManagerService: [PWL] SetWakeLockEnableDisable uid = 10458 , disable= true
04-14 21:51:36.225  3011  5601 I PowerManagerService: [PWL] can not change uid =  10458
04-14 21:51:36.226  3011  3422 D FreecessController: FZ : com.dvtonder.chronus(10458) [1574] reason: LEV [cached:X
04-14 21:51:36.228  3011  5601 W LocationManagerService: onFreezeStateChanged, uid[10409]=true
04-14 21:51:36.229  3011  5601 I PowerManagerService: [PWL] SetWakeLockEnableDisable uid = 10409 , disable= true
04-14 21:51:36.229  3011  5601 I PowerManagerService: [PWL] can not change uid =  10409
04-14 21:51:36.229  3011  3422 D ActivityManager: FCA:FCA recordedFileRss = 46116, and changeinRss = 1880
04-14 21:51:36.229  3011  3422 D FreecessController: FZ : me.proton.android.calendar(10409) [1689] reason: LEV [cached:X
04-14 21:51:36.232  3011  5601 W LocationManagerService: onFreezeStateChanged, uid[10430]=true
04-14 21:51:36.232  3011  5601 I PowerManagerService: [PWL] SetWakeLockEnableDisable uid = 10430 , disable= true
04-14 21:51:36.232  3011  5601 I PowerManagerService: [PWL] can not change uid =  10430
04-14 21:51:36.233  3011  3422 D FreecessController: FZ : com.mindlayer.service(10430) [8081, 17094] reason: LEV [cached:X
04-14 21:51:36.270  4627  8359 D DhcpClient: Unicasting DHCPREQUEST ciaddr=192.168.88.210 request=0.0.0.0 serverid=null to /192.168.88.1:67
04-14 21:51:36.272  3011  4408 I WifiConnectivityMonitor: notifyDhcpSession - start
04-14 21:51:36.282  3011  4408 D WifiConnectivityMonitor: EVENT_DHCP_SESSION_STARTED
04-14 21:51:36.301  4627  8359 D DhcpClient: Received packet: c2:14:40:e9:93:66 ACK: your new IP /192.168.88.210, netmask /255.255.255.0, gateways [/192.168.88.1] DNS servers: /192.168.88.1 , lease time 600, domain null
04-14 21:51:36.302  3011  4408 I WifiConnectivityMonitor: notifyDhcpSession - complete
04-14 21:51:36.303  4627  8359 D DhcpClient: Renewed lease: com.android.networkstack.android.net.DhcpResults@aa41ed2f DHCP server /192.168.88.1 Vendor info null lease 600 seconds Servername 
04-14 21:51:36.320  4642  4642 I EPDG -- SIM0 [EpdgIntfCont]: sendInterfaceMessage, not mobile, ignore
04-14 21:51:36.320  4642  4642 I EPDG -- SIM1 [EpdgIntfCont]: sendInterfaceMessage, not mobile, ignore
04-14 21:51:36.320  4627  8359 D IpClient/wlan0: addressUpdated: 192.168.88.210/24 on ifindex 45 flags 0x00000000 scope 0
04-14 21:51:36.322  3011  4267 I WifiClientModeImpl[8939025:wlan0]: Update current security type to 4
04-14 21:51:36.324  3011  4267 W ContextImpl: Calling a method in the system process without a qualified user: android.app.ContextImpl.sendStickyBroadcast:1764 com.android.server.wifi.ClientModeImpl.sendNetworkChangeBroadcast:3151 com.android.server.wifi.ClientModeImpl.lambda$sendNetworkChangeBroadcastWithCurrentState$14:3128 com.android.server.wifi.ClientModeImpl.$r8$lambda$mtuS9ulugUkTxNA_sDDnAioo66w:0 com.android.server.wifi.ClientModeImpl$$ExternalSyntheticLambda13.send:0 
04-14 21:51:36.326  4627  8359 D DhcpClient: Scheduling renewal in 299s
04-14 21:51:36.326  4627  8359 D DhcpClient: Scheduling rebind in 524s
04-14 21:51:36.326  4627  8359 D DhcpClient: Scheduling expiry in 599s
04-14 21:51:36.329  3011  4289 D ConnectivityService: notifyType CALLBACK_CAP_CHANGED for [226 WIFI]
04-14 21:51:36.337  4880  5145 I WifiPickerTracker: NetworkCallback : onCapabilitiesChanged
04-14 21:51:36.337  4880  5145 D WifiPickerTracker: updateWifiEntries capabilities
04-14 21:51:36.340  4880  5145 D WifiPickerTracker: update AutoHotspot Entries() : bleAccessPoints -> 0
04-14 21:51:36.340  4880  5145 D WifiPickerTracker: handleNetworkCapabilitiesChanged
04-14 21:51:36.340  4880  5145 I WifiPickerTracker: DefaultNetworkCallback : onCapabilitiesChanged
04-14 21:51:36.341  5227  5650 D txpwrJni: sendNetworkInfo start
04-14 21:51:36.341  5227  5650 D txpwrJni: sendNetworkInfo RatType 0
04-14 21:51:36.345  4880  5145 D WifiPickerTracker: updateWifiEntries networkstate CONNECTED netId: 35
04-14 21:51:36.347 22665 22665 I MagicTether: (REDACTED) [ActiveNetworkTracker] setActiveNetwork: %s
04-14 21:51:36.347 22665 22665 I MagicTether: (REDACTED) [TetherService] onActiveNetworkChanged: network=%s isLost=%s
04-14 21:51:36.348 22665 14923 I MagicTether: [WifiConnectionHandler] Ignoring getWifiConfigurationByNetworkId when checking connected state [CONTEXT service_id=276 ]
04-14 21:51:36.348 22665 14923 I MagicTether: [WifiConnectionHandler] No networkId set, can't be connected. [CONTEXT service_id=276 ]
04-14 21:51:36.349  3011  3011 D SemWifiApIntentHandler: rcvd:android.net.wifi.STATE_CHANGE
04-14 21:51:36.349  4880  5145 D WifiPickerTracker: update AutoHotspot Entries() : bleAccessPoints -> 0
04-14 21:51:36.349  2349  2410 I BugleRcsEngine: handleMessage processing message:[NOTIFY_UPTIME_IGNORE_STATE_CHANGED] with [non-null]:RcsEngineImpl reference [CONTEXT log_prefix="RcsEngineImpl[DUAL_REG]:[897d1b32-d6c7]>Handler" thread_id=93 ]
04-14 21:51:36.349  2349  2389 I BugleRcsEngine: Connected state: [1], networkType: [WIFI] [CONTEXT thread_id=82 ]
04-14 21:51:36.349  3011  4363 D SemWifiApSmartGattClient: rcvd Wifi Network connection status changed:bssid:f9:17:9c,wifiInfo.getSSID():"MikroTik-F9179C",isConnected:true
04-14 21:51:36.349  3011  3011 I SGM:GosNotifyThread: NetworkReceiver, onReceive(), action: android.net.wifi.STATE_CHANGE
04-14 21:51:36.349  3011  3011 D SGM:GosNotifyThread: NetworkReceiver, onReceive(), Wi-Fi is available
04-14 21:51:36.349  3011  4408 D WifiConnectivityMonitor: EVENT_NETWORK_STATE_CHANGE
04-14 21:51:36.350  3011  4408 D WifiConnectivityMonitor: MultiNetwork : false || false
04-14 21:51:36.350  3011  4363 D SemWifiApSmartClient: connected to wifi:
04-14 21:51:36.350  3011  4408 D WifiConnectivityMonitor: MultiNetwork legacy (1000) false
04-14 21:51:36.351 22665 14923 I MagicTether: (REDACTED) [TetherService] TRANSPORT_CELLULAR [%s], TRANSPORT_ETHERNET [%s], TRANSPORT_WIFI [%s]
04-14 21:51:36.351 22665 14923 I MagicTether: (REDACTED) [TetherService] setRoles hasActiveNetworkConnection=%s canActiveNetworkBeTethered=%s isConnectedToInstantTether=%s isWifiEnabled=%s isHosting=%s
04-14 21:51:36.354  3011  3011 D GnssLocationProvider_ex: receive broadcast intent, action: android.net.wifi.STATE_CHANGE
04-14 21:51:36.355  3011  3011 W SLocation: WifiBssidMonitor - received android.net.wifi.STATE_CHANGE start 789790325
04-14 21:51:36.355  3011  3011 D SLocation: WifiBssidMonitor - android.net.wifi.STATE_CHANGE end 789790325
04-14 21:51:36.355  3011  4289 D ConnectivityService: Update of LinkProperties for [226 WIFI]; created=776584622; firstConnected=776584782
04-14 21:51:36.355  3011  3235 I ActivityManager: Changes in 10191 19 to 11, 0 to 128
04-14 21:51:36.356  3011  4354 D BackgroundInstallControlService: Package event received: 0
04-14 21:51:36.356  3011  4331 D SemWifiApNsd:Client: lpInterface:wlan0
04-14 21:51:36.357  3011  4400 D SemApeService: Deducted link capacity (M: R=95 T=72) RSSI=-23
04-14 21:51:36.357  3011  4400 D SemApeService: Deducted link capacity (M: R=95 T=72) on (wlan0) GoogleAPI(M: R=59 T=43) RSSI=-23 isDefault=false isMlo=false
04-14 21:51:36.358  3011  4331 D SemWifiSwitchForIndividualAppsService: stopTCPMonitoring : already stopped
04-14 21:51:36.358  3011  4331 I WifiConnectivityMonitor.NCC: sNetworkCallback(oCC) FULL : 226(valid: true/captive: false)
04-14 21:51:36.358  3011  4331 I WifiConnectivityMonitor.NCC: [ Transports: WIFI Capabilities: NOT_METERED&INTERNET&NOT_RESTRICTED&TRUSTED&NOT_VPN&VALIDATED&NOT_ROAMING&FOREGROUND&NOT_CONGESTED&NOT_SUSPENDED&NOT_VCN_MANAGED&NOT_BANDWIDTH_CONSTRAINED LinkUpBandwidth>=43376Kbps LinkDnBandwidth>=59951Kbps TransportInfo: <SSID: <unknown ssid>, BSSID: 02:00:00:**:**:00, MAC: 02:00:00:**:**:00, IP: /192.***.**.210, Security type: 4, Supplicant state: COMPLETED, Wi-Fi standard: 11ax, RSSI: -23, Link speed: 103Mbps, Tx Link speed: 103Mbps, Max Supported Tx Link speed: 573Mbps, Rx Link speed: 137Mbps, Max Supported Rx Link speed: 573Mbps, Frequency: 2437MHz, Net ID: -1, Metered hint: false, score: 60, isUsable: true, CarrierMerged: false, SubscriptionId: -1, IsPrimary: 1, Trusted: true, Restricted: false, Ephemeral: false, OEM paid: false, OEM private: false, OSU AP: false, FQDN: <none>, Provider friendly name: <none>, Requesting package name: <none><none>MLO Information: , Is TID-To-Link negotiation supported by the AP: false, AP MLD Address: <none>, AP MLO Link Id: <none>, AP MLO Affiliated links: <none>, Vendor Data: <none>> SignalStrength: -23 AdminUids: [1000] SSID: "MikroTik-F9179C" UnderlyingNetworks: Null]
04-14 21:51:36.358  3011  4408 D WifiConnectivityMonitor: HANDLE_ON_CAPABILITIES_CHANGED
04-14 21:51:36.358  3011  4331 D SemWifiApTrafficPriority: onCapabilitiesChanged Wifi:wlan0,mGapiValue:59.951Uplink: 43.376
04-14 21:51:36.359  3011  4408 I WifiConnectivityMonitor: determineMode : MODE_AGG_BY_SWITCH_TO_MOBILE_DATA_OPTION
04-14 21:51:36.359  3011  4408 D OpenNetworkQos[4.00]: updateBssidNoInternet: mBssidNoInternet = false
04-14 21:51:36.359  2245  2259 E HeatmapThread: ECT Thread time in milliseconds: 1776196296
04-14 21:51:36.359  3011  4408 D OpenNetworkQos[4.00]: getOpenNetworkQosNoInternetStatus: false
04-14 21:51:36.359  3011  4408 D OpenNetworkQos[4.00]: getOpenNetworkQosScores: 26 26 23 
04-14 21:51:36.359  3011  4408 D KNOX_MDM_SettingsProvider: isChangeAllowed() : name = wifi_wcm_qos_sharing_score_summary
04-14 21:51:36.359  3011  4061 D SGM:GosNotifyThread: notifyWifiConnectedToGos(), before send intent to GOS. type:16
04-14 21:51:36.359  3011  4408 I WifiProfileShare: network QoS data was changed (internet), updateQoSData networkType: true, qosData: false
