04-14 21:58:25.342  4579  4579 I Telephony: TelecomAccountRegistry$AccountEntry: registerPstnPhoneAccount: Registering account=[[ ] PhoneAccount: ComponentInfo{com.android.phone/com.android.services.telephony.TelephonyConnectionService}, 2, UserHandle{0} Capabilities: CallProvider MultiUser PlaceEmerg SimSub Rtt  Audio Routes: BESW Schemes: tel voicemail  Extras: <MASKED> GroupId: *** SC Restrictions: [ ]] with Telecom. subId=2
04-14 21:58:25.342  3011  4851 I Telecom : TelecomServiceImpl$1: registerPhoneAccount: account=[[ ] PhoneAccount: ComponentInfo{com.android.phone/com.android.services.telephony.TelephonyConnectionService}, 2, UserHandle{0} Capabilities: CallProvider MultiUser PlaceEmerg SimSub Rtt  Audio Routes: BESW Schemes: tel voicemail  Extras: <MASKED> GroupId: *** SC Restrictions: [ ]]: TSI.rPA(cap)@2fM
04-14 21:58:25.343  3011  4851 I Telecom : PhoneAccountRegistrar: Modify account: [ComponentInfo{com.android.phone/com.android.services.telephony.TelephonyConnectionService}, 2, UserHandle{0}(cap: CallProvider MultiUser PlaceEmerg SimSub Rtt  -> CallProvider MultiUser PlaceEmerg SimSub )]: TSI.rPA(cap)@2fM
04-14 21:58:25.343  3011  4851 I Telecom : SamsungPhoneAccountListener : onAccountsChanged - allPhoneAccounts : [[[X] PhoneAccount: ComponentInfo{com.android.phone/com.android.services.telephony.TelephonyConnectionService}, 2, UserHandle{0} Capabilities: CallProvider MultiUser PlaceEmerg SimSub Rtt  Audio Routes: BESW Schemes: tel voicemail  Extras: <MASKED> GroupId: *** SC Restrictions: [ ]], [[X] PhoneAccount: ComponentInfo{com.android.phone/com.android.services.telephony.TelephonyConnectionService}, 1, UserHandle{0} Capabilities: SuppVideo Video CallProvider MultiUser PlaceEmerg SimSub  Audio Routes: BESW Schemes: tel voicemail  Extras: <MASKED> GroupId: *** SC Restrictions: [ ]], [[X] PhoneAccount: ComponentInfo{org.thoughtcrime.securesms/org.thoughtcrime.securesms}, ***, UserHandle{0} Capabilities: SelfManaged SuppVideo Video TransactOps  Audio Routes: BESW Schemes: tel  Extras: <MASKED> GroupId: *** SC Restrictions: [NONE]]]
04-14 21:58:25.343  3011  4851 I Telecom : SamsungPhoneAccountListener : onAccountsChanged : [[X] PhoneAccount: ComponentInfo{com.android.phone/com.android.services.telephony.TelephonyConnectionService}, 2, UserHandle{0} Capabilities: CallProvider MultiUser PlaceEmerg SimSub Rtt  Audio Routes: BESW Schemes: tel voicemail  Extras: <MASKED> GroupId: *** SC Restrictions: [ ]]
04-14 21:58:25.343  3011  4851 I Telecom : SamsungPhoneAccountListener : onAccountsChanged : [[X] PhoneAccount: ComponentInfo{com.android.phone/com.android.services.telephony.TelephonyConnectionService}, 1, UserHandle{0} Capabilities: SuppVideo Video CallProvider MultiUser PlaceEmerg SimSub  Audio Routes: BESW Schemes: tel voicemail  Extras: <MASKED> GroupId: *** SC Restrictions: [ ]]
04-14 21:58:25.343  3011  4851 I Telecom : SamsungPhoneAccountListener : onAccountsChanged : [[X] PhoneAccount: ComponentInfo{org.thoughtcrime.securesms/org.thoughtcrime.securesms}, ***, UserHandle{0} Capabilities: SelfManaged SuppVideo Video TransactOps  Audio Routes: BESW Schemes: tel  Extras: <MASKED> GroupId: *** SC Restrictions: [NONE]]
04-14 21:58:25.343  3011  4851 I Telecom : SamsungPhoneAccountRegistrarBroadcaster : AccountsChanged : false / UserHandle{0} / ComponentInfo{com.android.phone/com.android.services.telephony.TelephonyConnectionService}, 2, UserHandle{0} -> ComponentInfo{com.android.phone/com.android.services.telephony.TelephonyConnectionService}, 2, UserHandle{0}
04-14 21:58:25.343  3011  4851 I Telecom : SamsungPhoneAccountListener : onPhoneAccountChanged - PhoneAccount : [[X] PhoneAccount: ComponentInfo{com.android.phone/com.android.services.telephony.TelephonyConnectionService}, 2, UserHandle{0} Capabilities: CallProvider MultiUser PlaceEmerg SimSub Rtt  Audio Routes: BESW Schemes: tel voicemail  Extras: <MASKED> GroupId: *** SC Restrictions: [ ]]
04-14 21:58:25.343  3011  4851 I Telecom : CallsManager: handlePhoneAccountChanged: phoneAccount=[[X] PhoneAccount: ComponentInfo{com.android.phone/com.android.services.telephony.TelephonyConnectionService}, 2, UserHandle{0} Capabilities: CallProvider MultiUser PlaceEmerg SimSub Rtt  Audio Routes: BESW Schemes: tel voicemail  Extras: <MASKED> GroupId: *** SC Restrictions: [ ]]: TSI.rPA(cap)@2fM
04-14 21:58:25.344  3011  4851 I Telecom : PhoneAccountRegistrar: getSimCallManager: SimCallManager for subId 2 queried, returning: null: TSI.rPA(cap)@2fM
04-14 21:58:25.344  3011  4851 I Telecom : PhoneAccountRegistrar: Notifying telephony of voice service override change for 1 SIMs, hasService = false: TSI.rPA(cap)@2fM
04-14 21:58:25.344  4579  4579 I PhoneInterfaceManager: setVoiceServiceStateOverride: subId=2, phone=Handler (com.android.internal.telephony.SemGsmCdmaPhone) {e5db7af}, hasService=false, callingPackage=com.android.server.telecom
04-14 21:58:25.345  4579  4579 I Telephony: SamsungPstnPhoneAccountRegistry: isTelecomServiceConnected : true
04-14 21:58:25.345  4579  4705 D ImsResolver: getVisibleImsServiceInfoFromCache: com.sec.imsservice, match=[ImsServiceInfo] name=ComponentInfo{com.sec.imsservice/com.sec.internal.imsphone.SecImsService}, user=[UserHandle{0}],featureFromMetadata=false, features: [{0,EMERGENCY_MMTEL}{1,MMTEL}{0,MMTEL}{1,RCS}{0,RCS}{1,EMERGENCY_MMTEL}], targetUser=UserHandle{0}
04-14 21:58:25.345  4579  4579 I ImsCallbackAM [1]: Local callback added: android.telephony.ims.ImsMmTelManager$CapabilityCallback$CapabilityBinder@8208bb5
04-14 21:58:25.346  4579  4590 I ImsMmTelManager: onCapabilitiesStatusChanged()
04-14 21:58:25.347  4579  4579 I Telephony: TelecomAccountRegistry$AccountEntry: isRttCurrentlySupported -- regular acct,, hasVoiceAvailability: true, isRttSupported: true, alwaysAllowWhileRoaming: false, isRoaming: false, isOnWfc: false
04-14 21:58:25.347  4579  4579 I Telephony: TelecomAccountRegistry$AccountEntry: updateRttCapability - changed, new value: true
04-14 21:58:25.347  4579  4579 D Telephony: SamsungCarrierRepositoryImpl: getSimOperator, phoneId=1, simOperator=23003
04-14 21:58:25.347  4579  4579 I Telephony: SamsungImsManagerInjector: [getImsManager_0 : com.samsung.telephony.model.ims.SamsungTelephonyImsManager@8df1cfe] [ getImsManager_1 : com.samsung.telephony.model.ims.SamsungTelephonyImsManager@6c83fef]
04-14 21:58:25.347  4579  4579 D semImsManager[1]: getImsRegistration
04-14 21:58:25.348  4579  4579 I Telephony: SamsungImsRepositoryImpl: getOwnNumber: +42*******834
04-14 21:58:25.348  4579  4579 D Telephony: SamsungCarrierRepositoryImpl: getSimOperator, phoneId=1, simOperator=23003
04-14 21:58:25.348  4579  4579 D Telephony: SamsungCarrierRepositoryImpl: getSimOperator, phoneId=1, simOperator=23003
04-14 21:58:25.349  4579  4579 D Telephony: TelecomAccountRegistry$AccountEntry: isEmergencyPreferredAccount: subId=1, activeData=2
04-14 21:58:25.349  4579  4579 D Telephony: TelecomAccountRegistry$AccountEntry: isEmergencyPreferredAccount: Device does not require preference.
04-14 21:58:25.350  4579  4705 D ImsResolver: getVisibleImsServiceInfoFromCache: com.sec.imsservice, match=[ImsServiceInfo] name=ComponentInfo{com.sec.imsservice/com.sec.internal.imsphone.SecImsService}, user=[UserHandle{0}],featureFromMetadata=false, features: [{0,EMERGENCY_MMTEL}{1,MMTEL}{0,MMTEL}{1,RCS}{0,RCS}{1,EMERGENCY_MMTEL}], targetUser=UserHandle{0}
04-14 21:58:25.350  4579  4579 I ImsCallbackAM [1]: Local callback added: android.telephony.ims.ImsMmTelManager$CapabilityCallback$CapabilityBinder@8208bb5
04-14 21:58:25.351  4579  4590 I ImsMmTelManager: onCapabilitiesStatusChanged()
04-14 21:58:25.353  4579  4579 I Telephony: TelecomAccountRegistry$AccountEntry: isRttCurrentlySupported -- regular acct,, hasVoiceAvailability: true, isRttSupported: true, alwaysAllowWhileRoaming: false, isRoaming: false, isOnWfc: false
04-14 21:58:25.353  4579  4579 D SecImsManager: isVtEnabledByPlatformForSlot
04-14 21:58:25.353  4579  4579 D SecImsManager: getFeatureValue
04-14 21:58:25.354  5182  6028 I MmTelFeatureImpl<1>: queryCapabilityConfiguration
04-14 21:58:25.354  5182  6028 I ImsServiceStub<1>: isServiceAvailable: mmtel-video, rat: 13, profileFind:true, Enabled:true
04-14 21:58:25.355  4579  4590 D SecImsManager: onQueryCapabilityConfiguration : true
04-14 21:58:25.355  4579  4579 D SecImsManager: getFeatureValue(2, 0) : true
04-14 21:58:25.356  4579  4579 I Telephony: SamsungMultiSimRepositoryImpl: isEsimEnabled for 1 true
04-14 21:58:25.356  4579  4579 I Telephony: SamsungTelecomAccountRegistry: simSlot:1, getSortOrder: 1, esimCount: 1
04-14 21:58:25.357  4579  4579 D Telephony: SamsungMultiSimRepositoryImpl: isSoftSimEnable :  softsimStatus=
04-14 21:58:25.357  4579  4579 I Telephony: SamsungPstnPhoneAccountRegistry: buildPstnPhoneAccount, simSlotIndex: 1, phoneId: 1, subId: 1, isEmergency: false, phoneAccountHandle: 1, isSimCardStatusOnOnly: true, hasVirtualSim: false, isSatellitePreferred: false
04-14 21:58:25.357  4579  4579 I Telephony: SamsungMultiSimRepositoryImpl: isEsimEnabled for 1 true
04-14 21:58:25.357  4579  4579 I Telephony: SamsungPstnPhoneAccountRegistry: getResourceId, phoneId: 1, resourceIndex: 0
04-14 21:58:25.357  4579  4579 I Telephony: SamsungTelecomAccountRegistry: setSimultaneousCallingRestriction extra to null
04-14 21:58:25.357  4579  4579 I Telephony: TelecomAccountRegistry$AccountEntry: registerPstnPhoneAccount: Registering account=[[ ] PhoneAccount: ComponentInfo{com.android.phone/com.android.services.telephony.TelephonyConnectionService}, 1, UserHandle{0} Capabilities: SuppVideo Video CallProvider MultiUser PlaceEmerg SimSub Rtt  Audio Routes: BESW Schemes: tel voicemail  Extras: <MASKED> GroupId: *** SC Restrictions: [ ]] with Telecom. subId=1
04-14 21:58:25.357  3011  4851 I Telecom : TelecomServiceImpl$1: registerPhoneAccount: account=[[ ] PhoneAccount: ComponentInfo{com.android.phone/com.android.services.telephony.TelephonyConnectionService}, 1, UserHandle{0} Capabilities: SuppVideo Video CallProvider MultiUser PlaceEmerg SimSub Rtt  Audio Routes: BESW Schemes: tel voicemail  Extras: <MASKED> GroupId: *** SC Restrictions: [ ]]: TSI.rPA(cap)@2fQ
04-14 21:58:25.357  3011  4851 I Telecom : PhoneAccountRegistrar: Modify account: [ComponentInfo{com.android.phone/com.android.services.telephony.TelephonyConnectionService}, 1, UserHandle{0}(cap: SuppVideo Video CallProvider MultiUser PlaceEmerg SimSub Rtt  -> SuppVideo Video CallProvider MultiUser PlaceEmerg SimSub )]: TSI.rPA(cap)@2fQ
04-14 21:58:25.358  3011  4851 I Telecom : SamsungPhoneAccountListener : onAccountsChanged - allPhoneAccounts : [[[X] PhoneAccount: ComponentInfo{com.android.phone/com.android.services.telephony.TelephonyConnectionService}, 2, UserHandle{0} Capabilities: CallProvider MultiUser PlaceEmerg SimSub Rtt  Audio Routes: BESW Schemes: tel voicemail  Extras: <MASKED> GroupId: *** SC Restrictions: [ ]], [[X] PhoneAccount: ComponentInfo{com.android.phone/com.android.services.telephony.TelephonyConnectionService}, 1, UserHandle{0} Capabilities: SuppVideo Video CallProvider MultiUser PlaceEmerg SimSub Rtt  Audio Routes: BESW Schemes: tel voicemail  Extras: <MASKED> GroupId: *** SC Restrictions: [ ]], [[X] PhoneAccount: ComponentInfo{org.thoughtcrime.securesms/org.thoughtcrime.securesms}, ***, UserHandle{0} Capabilities: SelfManaged SuppVideo Video TransactOps  Audio Routes: BESW Schemes: tel  Extras: <MASKED> GroupId: *** SC Restrictions: [NONE]]]
04-14 21:58:25.358  3011  4851 I Telecom : SamsungPhoneAccountListener : onAccountsChanged : [[X] PhoneAccount: ComponentInfo{com.android.phone/com.android.services.telephony.TelephonyConnectionService}, 2, UserHandle{0} Capabilities: CallProvider MultiUser PlaceEmerg SimSub Rtt  Audio Routes: BESW Schemes: tel voicemail  Extras: <MASKED> GroupId: *** SC Restrictions: [ ]]
04-14 21:58:25.358  3011  4851 I Telecom : SamsungPhoneAccountListener : onAccountsChanged : [[X] PhoneAccount: ComponentInfo{com.android.phone/com.android.services.telephony.TelephonyConnectionService}, 1, UserHandle{0} Capabilities: SuppVideo Video CallProvider MultiUser PlaceEmerg SimSub Rtt  Audio Routes: BESW Schemes: tel voicemail  Extras: <MASKED> GroupId: *** SC Restrictions: [ ]]
04-14 21:58:25.358  3011  4851 I Telecom : SamsungPhoneAccountListener : onAccountsChanged : [[X] PhoneAccount: ComponentInfo{org.thoughtcrime.securesms/org.thoughtcrime.securesms}, ***, UserHandle{0} Capabilities: SelfManaged SuppVideo Video TransactOps  Audio Routes: BESW Schemes: tel  Extras: <MASKED> GroupId: *** SC Restrictions: [NONE]]
04-14 21:58:25.358  3011  4851 I Telecom : SamsungPhoneAccountRegistrarBroadcaster : AccountsChanged : false / UserHandle{0} / ComponentInfo{com.android.phone/com.android.services.telephony.TelephonyConnectionService}, 2, UserHandle{0} -> ComponentInfo{com.android.phone/com.android.services.telephony.TelephonyConnectionService}, 2, UserHandle{0}
04-14 21:58:25.358  3011  4851 I Telecom : SamsungPhoneAccountListener : onPhoneAccountChanged - PhoneAccount : [[X] PhoneAccount: ComponentInfo{com.android.phone/com.android.services.telephony.TelephonyConnectionService}, 1, UserHandle{0} Capabilities: SuppVideo Video CallProvider MultiUser PlaceEmerg SimSub Rtt  Audio Routes: BESW Schemes: tel voicemail  Extras: <MASKED> GroupId: *** SC Restrictions: [ ]]
04-14 21:58:25.358  3011  4851 I Telecom : CallsManager: handlePhoneAccountChanged: phoneAccount=[[X] PhoneAccount: ComponentInfo{com.android.phone/com.android.services.telephony.TelephonyConnectionService}, 1, UserHandle{0} Capabilities: SuppVideo Video CallProvider MultiUser PlaceEmerg SimSub Rtt  Audio Routes: BESW Schemes: tel voicemail  Extras: <MASKED> GroupId: *** SC Restrictions: [ ]]: TSI.rPA(cap)@2fQ
04-14 21:58:25.359  2245  2259 E HeatmapThread: ECT Thread time in milliseconds: 1776196705
04-14 21:58:25.361  2245  2259 D HeatmapThread: !@ batteryplugType : 2
04-14 21:58:25.361  2245  2259 D HeatmapThread: !@ batteryLevel : 79  batteryTemperature : 286 
04-14 21:58:25.361  2245  2259 D HeatmapThread: !@ Heatmap currtime: 29603278
04-14 21:58:25.361  2245  2259 D HeatmapThread: !@ Heatmap prevtime: 29603274
04-14 21:58:25.361  2245  2259 D HeatmapThread: !@ Heatmap plugstarttime: 29603071
04-14 21:58:25.361  2245  2259 D HeatmapThread: !@ Heatmap prevv_dsoh_update_time: 29603251
04-14 21:58:25.361  2245  2259 E HeatmapThread: !@ CAM New BSOH: 100
04-14 21:58:25.361  2245  2259 E HeatmapThread: !@ CAM is Working
04-14 21:58:25.366  3011  4851 I Telecom : PhoneAccountRegistrar: getSimCallManager: SimCallManager for subId 1 queried, returning: null: TSI.rPA(cap)@2fQ
04-14 21:58:25.366  3011  4851 I Telecom : PhoneAccountRegistrar: Notifying telephony of voice service override change for 1 SIMs, hasService = false: TSI.rPA(cap)@2fQ
04-14 21:58:25.366  4579  4579 I PhoneInterfaceManager: setVoiceServiceStateOverride: subId=1, phone=Handler (com.android.internal.telephony.SemGsmCdmaPhone) {10459e9}, hasService=false, callingPackage=com.android.server.telecom
04-14 21:58:25.367  4579  4579 I Telephony: SamsungPstnPhoneAccountRegistry: isTelecomServiceConnected : true
04-14 21:58:25.370  4579  4579 V PhoneGlobals: handleServiceStateChanged
04-14 21:58:25.370  4579  4579 D NotificationMgr: updateNetworkSelection, Use Samsung codes instead of AOSP codes
04-14 21:58:25.370  4579  4579 V PhoneGlobals: subId=2, mDefaultDataSubId=2, ss roaming=false
04-14 21:58:25.371  3011  4851 D PhoneRestrictionPolicy: isOperationAllowed >>> slotNum: 0 function: 1
04-14 21:58:25.371  4579  4579 V PhoneGlobals: updateDataRoamingStatus
04-14 21:58:25.371  4579  4579 V PhoneGlobals: updateDataRoamingStatus dataAllowed=true, disallowReasons=[], dataIsNowRoaming=false, RoamingNumeric=23002, CallingReason=3
04-14 21:58:25.374  4579  4579 I ImsExternalCallTracker: handleVideoCapabilitiesChanged : isVideoCapable = false
04-14 21:58:25.374  4579  4579 D ImsExternalCallTracker: refreshCallPullState
04-14 21:58:25.374  4579  4579 I Telephony: PstnPhoneCapabilitiesNotifier: handleVideoCapabilitesChanged. Video capability - false
04-14 21:58:25.374  4579  4579 I Telephony: TelecomAccountRegistry$AccountEntry: onVideoCapabilitiesChanged: skip. has same state, false
04-14 21:58:25.374  4579  4579 D Telephony: TelecomAccountRegistry$AccountEntry$1: MmTel CapabilitiesStatusChanged
04-14 21:58:25.377  4642  4676 I EPDG -- SIM0 IwlanNetworkService: requestNetworkRegistrationInfo for domain 2
04-14 21:58:25.377  4642  4728 I EPDG -- SIM0 IwlanNetworkService: Calling onRequestNetworkRegistrationInfoComplete.resultCode = 0, netState = NetworkRegistrationInfo{ domain=PS transportType=WLAN registrationState=HOME networkRegistrationState=HOME roamingType=NOT_ROAMING accessNetworkTechnology=IWLAN rejectCause=0 emergencyEnabled=false availableServices=[DATA] cellIdentity=null voiceSpecificInfo=null dataSpecificInfo=null nrState=**** rRplmn= isUsingCarrierAggregation=false isNonTerrestrialNetwork=TERRESTRIAL}
04-14 21:58:25.378  4579  4579 I Telephony: TelecomAccountRegistry$AccountEntry: isRttCurrentlySupported -- regular acct,, hasVoiceAvailability: true, isRttSupported: true, alwaysAllowWhileRoaming: false, isRoaming: false, isOnWfc: true
04-14 21:58:25.378  4579  4579 I ImsExternalCallTracker: handleVideoCapabilitiesChanged : isVideoCapable = true
04-14 21:58:25.378  4579  4579 D ImsExternalCallTracker: refreshCallPullState
04-14 21:58:25.378  4579  4579 I Telephony: PstnPhoneCapabilitiesNotifier: handleVideoCapabilitesChanged. Video capability - true
04-14 21:58:25.378  4579  4579 I Telephony: TelecomAccountRegistry$AccountEntry: onVideoCapabilitiesChanged: skip. has same state, true
04-14 21:58:25.378  4579  4579 D Telephony: TelecomAccountRegistry$AccountEntry$1: MmTel CapabilitiesStatusChanged
04-14 21:58:25.379  4579  4579 I Telephony: TelecomAccountRegistry$AccountEntry: isRttCurrentlySupported -- regular acct,, hasVoiceAvailability: true, isRttSupported: true, alwaysAllowWhileRoaming: false, isRoaming: false, isOnWfc: false
04-14 21:58:25.380  4579  4579 D Telephony: TelecomAccountRegistry$AccountEntry$1: MmTel CapabilitiesStatusChanged
04-14 21:58:25.380  4579  4579 I Telephony: TelecomAccountRegistry$AccountEntry: isRttCurrentlySupported -- regular acct,, hasVoiceAvailability: true, isRttSupported: true, alwaysAllowWhileRoaming: false, isRoaming: false, isOnWfc: true
04-14 21:58:25.380  4579  4579 D Telephony: TelecomAccountRegistry$AccountEntry$1: MmTel CapabilitiesStatusChanged
04-14 21:58:25.382  4579  4579 I Telephony: TelecomAccountRegistry$AccountEntry: isRttCurrentlySupported -- regular acct,, hasVoiceAvailability: true, isRttSupported: true, alwaysAllowWhileRoaming: false, isRoaming: false, isOnWfc: true
04-14 21:58:25.382  4579  4579 D Telephony: TelecomAccountRegistry$AccountEntry$1: MmTel CapabilitiesStatusChanged
04-14 21:58:25.382  4579  4579 I Telephony: TelecomAccountRegistry$AccountEntry: isRttCurrentlySupported -- regular acct,, hasVoiceAvailability: true, isRttSupported: true, alwaysAllowWhileRoaming: false, isRoaming: false, isOnWfc: false
04-14 21:58:25.382  4579  4579 D Telephony: TelecomAccountRegistry$AccountEntry$1: MmTel CapabilitiesStatusChanged
04-14 21:58:25.383  4579  4579 I Telephony: TelecomAccountRegistry$AccountEntry: isRttCurrentlySupported -- regular acct,, hasVoiceAvailability: true, isRttSupported: true, alwaysAllowWhileRoaming: false, isRoaming: false, isOnWfc: false
04-14 21:58:25.383  4579  4579 V Configuration: Updating configuration, locales updated from [en_GB,cs_CZ] to []
04-14 21:58:25.384  4579  4579 D SatelliteController: registerForSatelliteModemStateChanged: add Listeners for ModemState
04-14 21:58:25.384  4579  4579 E SatelliteController: registerForSatelliteModemStateChanged: mSatelliteSessionController is not initialized yet
04-14 21:58:25.388  4579  4579 V Configuration: Updating configuration, locales updated from [en_GB,cs_CZ] to []
04-14 21:58:25.388  4579  4579 D SatelliteController: registerForSatelliteModemStateChanged: add Listeners for ModemState
04-14 21:58:25.388  4579  4579 E SatelliteController: registerForSatelliteModemStateChanged: mSatelliteSessionController is not initialized yet
04-14 21:58:25.390  4579  4579 D SatelliteController: Satellite for carrier is not supported.
04-14 21:58:25.391  4579  4579 D SatelliteController: Satellite for carrier is not supported.
04-14 21:58:25.391  4579  4579 D SatelliteController: registerForSatelliteModemStateChanged: add Listeners for ModemState
04-14 21:58:25.391  4579  4579 E SatelliteController: registerForSatelliteModemStateChanged: mSatelliteSessionController is not initialized yet
04-14 21:58:25.392  4579  4579 D Telephony: SamsungTuiAsyncSendExtras: SamsungTuiAsyncSendExtras[onPreExecute] method: network_notification_event
04-14 21:58:25.393  4579 28365 D Telephony: SamsungTuiAsyncSendExtras: SamsungTuiAsyncSendExtras[doInBackground] method: network_notification_event
04-14 21:58:25.398 12591 12603 I InternalContentProvider: network_notification_event null
04-14 21:58:25.398 12591 12603 I InternalContentProvider: Take CarrierUiCallFunctions
04-14 21:58:25.398 12591 12603 I CarrierUiCallFunctions: call network_notification_event null Bundle[mParcelledData.dataSize=836]
04-14 21:58:25.398 12591 12603 I UT.Worker-General: schedule job 145f69a
04-14 21:58:25.398 12591 12612 I UT.Worker-General: handle job 145f69a
04-14 21:58:25.398 12591 12612 I UT.Worker-General: completed job 145f69a
04-14 21:58:25.399 12591 12591 I UT.Worker-General: issue callback for job 145f69a
04-14 21:58:25.399  4579  4579 D Telephony: SamsungTuiAsyncSendExtras: SamsungTuiAsyncSendExtras[onPostExecute] method: network_notification_event
04-14 21:58:25.399 12591 12591 I AlarmManagerUtils: getRegisterAlarmManager : register_allow_data_dialog_retry_to_alarm_manager = false
04-14 21:58:25.399 12591 12591 I CU.NetworkUiReceiver: handleNetworkNotification event: android.telephony.action.SERVICE_PROVIDERS_UPDATED
04-14 21:58:25.401 12591 12591 I CU.NetworkSelectionNotificationMgr: getShownNetworkOperatorName:  subId : 2
04-14 21:58:25.401 12591 12591 I CU.NetworkSelectionNotificationMgr: getNetworkSelection :   subId : 2
04-14 21:58:25.402  4579  4590 D Telephony: SamsungTuiCallFunctions: getDataRegState() dataRegState= 0
04-14 21:58:25.403 12591 12591 I SepApiMethodCall: method:getDataRegState result:0 success:true error:null
04-14 21:58:25.403 12591 12591 I CU.NetworkUiReceiver: ACTION_SERVICE_PROVIDERS_UPDATED : subId = 2, dataRegState = 0
04-14 21:58:25.404 12591 12591 I UT.TelephonyUtils: getPhoneId : subId = 2
04-14 21:58:25.405 12591 12591 I CU.NetworkUiUtils: isSupportRoamingNotiOption : (false)
04-14 21:58:25.405 12591 12591 I UT.TelephonyUtils: getPhoneId : subId = 2
04-14 21:58:25.406 12591 12591 I FT.SimUtilFeature: isSimStateLoaded : simState = LOADED, logicalSlot = 0
04-14 21:58:25.406 12591 12591 I FT.TuiUtilFeature: isFirstBootInTss : true isTSSActivated : true
04-14 21:58:25.424  2250  2889 I SurfaceFlinger: id=45697 Removed Surface(name=Task=39757)/@0x2ee28e_transition-leash#45697 (284)
04-14 21:58:25.426  4880  4909 W System  : A resource failed to call release. 
04-14 21:58:25.426  4880  4909 W System  : A resource failed to call release. 
04-14 21:58:25.426  4880  4909 W System  : A resource failed to call release. 
04-14 21:58:25.430  2250  2250 I SurfaceFlinger: destroyed Surface(name=Task=39757)/@0x2ee28e_transition-leash#45697 form LifecycleManager
04-14 21:58:25.430  2250  2250 I SurfaceFlinger: id=45697 onLayerDestroyed from LayerHierarchyBuilder(RequestedLayerState{Surface(name=Task=39757)/@0x2ee28e_transition-leash#45697 !handle z=2})
04-14 21:58:25.431  2250  2250 I Layer   : id=45697 Destroyed Surface(name=Task=39757)/@0x2ee28e_transition-leash#45697
04-14 21:58:25.445  2652  3409 D SemNativeCarrierFeature_vendor: getInstance
04-14 21:58:25.481  2007 25199 E IptablesRestoreController: iptables error:
04-14 21:58:25.481  2007 25199 E IptablesRestoreController: ------- COMMAND -------
04-14 21:58:25.481  2007 25199 E IptablesRestoreController: *filter
04-14 21:58:25.481  2007 25199 E IptablesRestoreController: -C OUTPUT -p icmpv6 -o rmnet_data1 -j DROP
04-14 21:58:25.481  2007 25199 E IptablesRestoreController: 
04-14 21:58:25.481  2007 25199 E IptablesRestoreController: COMMIT
04-14 21:58:25.481  2007 25199 E IptablesRestoreController: -------  ERROR -------
04-14 21:58:25.481  2007 25199 E IptablesRestoreController: ip6tables-restore: line 2 failed
04-14 21:58:25.481  2007 25199 E IptablesRestoreController: ----------------------
04-14 21:58:25.481  2007 25199 E netd    : Exit setEpdgInterfaceDropRule
04-14 21:58:25.481  2007 25199 E netd    : Enter setEpdgInterfaceDropRule
04-14 21:58:25.500  4642  4642 I EPDG -- SIM0 [SMARTWIFI]: isProfiling, hash=22621963, started=true
04-14 21:58:25.500  3011 13029 D SemWifiUsabilityStatsMonitor: onWifiUsabilityStats - seqNum 22664, isSameBssidAndFreq true
04-14 21:58:25.500  4642  4642 I EPDG -- SIM0 [SMARTWIFI]: isProfiling, hash=22621963, started=true
04-14 21:58:25.501  3011  4379 D SemWifiSwitchForIndividualAppsService: TMI window: 2026-04-14 18:48:35 syn=0, rto=1, cwnd=0
04-14 21:58:25.501  3011  4379 D SemWifiSwitchForIndividualAppsService: TMI window: 2026-04-14 18:48:36 syn=0, rto=1, cwnd=0
04-14 21:58:25.501  3011  4379 D SemWifiSwitchForIndividualAppsService: TMI window: 2026-04-14 18:48:37 syn=0, rto=1, cwnd=0
04-14 21:58:25.502  4642  4642 I EPDG -- SIM0 [SMARTWIFI]: Rssi : -40 highrange : -73 lowrange : -79 mIsRssiInHystersis : false
04-14 21:58:25.502  4642  4642 I EPDG -- SIM0 [SMARTWIFI]: Rssi : -40 highrange : -73 lowrange : -79 mIsRssiInHystersis : false
04-14 21:58:25.502  4642  4642 I EPDG -- SIM0 [SMARTWIFI]: getHandoverThresholdMet: value is: false
04-14 21:58:25.503  3011  4379 E SemWifiLinkQualityMonitor: Too old or invalid TMI: currentTime=1776196705503 lastDateWindow=1776185320000
04-14 21:58:25.503  4880  5025 D Tile.WifiTile: handleUpdateState isTransient=false transientEnabling =false cb.isTransient=false state.state = 2 mStateBeforeClick.value =false enabled =true
04-14 21:58:25.504  5393  5560 I HoneySpace.StatusIconTracker: invokeEvent() called with: event = Wifi(visible=true, resId=2131236023, activityId=2131236043)
04-14 21:58:25.505  3011  4379 I SemWifiLinkQualityMonitor: Link stat: 638 / 100 / 2.22 (20) / 154 / -40.0 || 100.0 : 154.00 / 0.5 : 0.45 / G (B) || 8af9179c2437: 0.360 / 22.219 / N || N N / 0 0 / N 2.0 / N X 8 / 350019946 0 || 2026-04-14 18:48:40  / 0: 0 0 0 0 0 0 / 0: 1 1 1 0 0 0 / 0: 0 0 0 0 0 0
04-14 21:58:25.506  3011  4380 D InsDataManager: onOutageCountUpdate() - Outage Data: 0, LQ : N. Outage Triggered: false
04-14 21:58:25.506  3011  4380 D SemInsManager: {"bssid": "8af9179c2437","rssi": -40.0,"latency": 0.3600448027808622,"outage_count": 0,"lq_callback_triggered": false,"outage_log": "Link stat: 638 / 100 / 2.22 (20) / 154 / -40.0 || 100.0 : 154.00 / 0.5 : 0.45 / G (B) || 8af9179c2437: 0.360 / 22.219 / N || N N / 0 0 / N 2.0 / N X 8 / 350019946 0 || 2026-04-14 18:48:40  / 0: 0 0 0 0 0 0 / 0: 1 1 1 0 0 0 / 0: 0 0 0 0 0 0""Magnetic Sensor Events size": "0""Pressure Sensor Events size": "0"}
04-14 21:58:25.562  3011 18773 D WifiConnectivityMonitor.DnsThread:  [|202]
04-14 21:58:25.563  3011  4412 D WifiConnectivityMonitor.NetworkStatsAnalyzer: DNS resultType : 0, responseTime : 202
04-14 21:58:25.564  3011  4408 D OpenNetworkQos[4.00]: updateBssidLatestDnsResultType - result: 0
04-14 21:58:25.564  3011  4408 D OpenNetworkQos[4.00]: updateBssidNoInternet: mBssidNoInternet = false
04-14 21:58:25.565  3011  4408 D OpenNetworkQos[4.00]: getOpenNetworkQosNoInternetStatus: false
04-14 21:58:25.565  3011  4408 D OpenNetworkQos[4.00]: getOpenNetworkQosScores: 26 26 23 
04-14 21:58:25.565  3011  4408 D KNOX_MDM_SettingsProvider: isChangeAllowed() : name = wifi_wcm_qos_sharing_score_summary
04-14 21:58:25.565  3011  4408 I WifiProfileShare: network QoS data was changed (internet), updateQoSData networkType: true, qosData: false
04-14 21:58:25.566  3011  5606 V WifiProfileShare.Caster: update wips network, size: 0
04-14 21:58:25.566  3011  5606 D WifiProfileShare: nearby scanning settings run
04-14 21:58:25.566  3011  5606 D WifiProfileShare: network score provider settings enabled
04-14 21:58:25.566  3011  5606 D OpenNetworkQos[4.00]: getOpenNetworkQosScores: 26 26 23 
04-14 21:58:25.566  3011  5606 D OpenNetworkQos[4.00]: getOpenNetworkQosNoInternetStatus: false
04-14 21:58:25.566  3011  5606 I WifiProfileShare.Caster: current network type: 0, score: [26, 26, 23]
04-14 21:58:25.567  3011  5606 V WifiProfileShare.Cache: update network score 48:a9:8a:**:**:9c
04-14 21:58:25.567  3011  5606 D WifiProfileShare.ScanMatcher: getMcfDataList size:1
04-14 21:58:25.568  3011  5606 I WifiProfileShare.Caster: qos data was updated , before:type:QOS, pBssid:50:9d:d4, qosData:7b after:type:QOS, pBssid:50:9d:d4, qosData:7b
04-14 21:58:25.569  3011  5606 I [MCFSDK_android_1.3.7026]_4_McfCasterImpl: isNetworkEnabled - type : 1 ret : true
04-14 21:58:25.569  3011  5606 D WifiProfileShare.McfCast: -ME--- mIsNetworkEnabled :true
04-14 21:58:25.569  3011  5606 D WifiProfileShare.McfCast: updateQoSData ignored, same contents
04-14 21:58:25.569  3011  5606 D WifiProfileShare.MCF: success update QosData !
04-14 21:58:25.570  3011  5606 I [MCFSDK_android_1.3.7026]_4_McfCasterImpl: isNetworkEnabled - type : 1 ret : true
04-14 21:58:25.571  3011  5606 D WifiProfileShare.McfCast: -ME--- mIsNetworkEnabled :true
04-14 21:58:25.571  3011  5606 D WifiProfileShare.McfCast: -ME--- updatePasswordDate pwdData size:1
04-14 21:58:25.612  2007 25199 E IptablesRestoreController: iptables error:
04-14 21:58:25.612  2007 25199 E IptablesRestoreController: ------- COMMAND -------
04-14 21:58:25.612  2007 25199 E IptablesRestoreController: *filter
04-14 21:58:25.612  2007 25199 E IptablesRestoreController: -C OUTPUT -p icmpv6 -o rmnet_data1 -j DROP
04-14 21:58:25.612  2007 25199 E IptablesRestoreController: 
04-14 21:58:25.612  2007 25199 E IptablesRestoreController: COMMIT
04-14 21:58:25.612  2007 25199 E IptablesRestoreController: -------  ERROR -------
04-14 21:58:25.612  2007 25199 E IptablesRestoreController: ip6tables-restore: line 2 failed
04-14 21:58:25.612  2007 25199 E IptablesRestoreController: ----------------------
04-14 21:58:25.612  2007 25199 E netd    : Exit setEpdgInterfaceDropRule
04-14 21:58:25.721  3011  4378 I BatteryService_BatteryPropertiesRegistrar: [getProperty]id:6
04-14 21:58:25.721  3011  4378 I BatteryService_BatteryPropertiesRegistrar: [getProperty]prop.long:-9223372036854775808 ,prop.string:null
04-14 21:58:25.723  3011  4378 I BatteryService_BatteryPropertiesRegistrar: [getProperty]id:4
04-14 21:58:25.723  3011  4378 I BatteryService_BatteryPropertiesRegistrar: [getProperty]prop.long:-9223372036854775808 ,prop.string:null
04-14 21:58:25.725  3011  4378 I SemWifiIntelligentTrainingManager: Tr. cond. check: false / 1 (2) / true / 0 (1)
04-14 21:58:25.725  3011  4378 I BatteryService_BatteryPropertiesRegistrar: [getProperty]id:6
04-14 21:58:25.725  3011  4378 I BatteryService_BatteryPropertiesRegistrar: [getProperty]prop.long:-9223372036854775808 ,prop.string:null
04-14 21:58:25.777  2080  6509 I vendor.qti.bluetooth@1.1-ibs_handler: ProcessIbsCmd: Received IBS_WAKE_IND: 0xFD
04-14 21:58:25.778  2080  6509 D vendor.qti.bluetooth@1.1-ibs_handler: SerialClockVote: vote for UART CLK ON
04-14 21:58:25.778  2080  6509 D vendor.qti.bluetooth@1.1-wake_lock: Acquire wakelock is acquired 
04-14 21:58:25.778  2080  6509 I vendor.qti.bluetooth@1.1-ibs_handler: ProcessIbsCmd: Writing IBS_WAKE_ACK
04-14 21:58:25.789  5184  6521 I ScanController: onScanResult to scannerId: 7- eventType=0x1b, addressType=1, address=XX:XX:XX:XX:6F:A9, primaryPhy=1, secondaryPhy=0, advertisingSid=0xff, txPower=127, rssi=-93, periodicAdvInt=0x0
04-14 21:58:25.798  5184  6521 I ScanController: onScanResult to scannerId: 7- eventType=0x1b, addressType=1, address=XX:XX:XX:XX:FA:BE, primaryPhy=1, secondaryPhy=0, advertisingSid=0xff, txPower=127, rssi=-72, periodicAdvInt=0x0
04-14 21:58:25.815  2652  3409 D SemNativeCarrierFeature_vendor: getInstance
04-14 21:58:25.821  1204  1204 D io_stats: !@   8,0 r 96186706 1876263108 w 22961035 523884292 d 2872120 713283368 f 691750 1919550 iot 16562996 0 th 0 0 0 pt 0 inp 0 0 350020.266
04-14 21:58:25.822  1204  1204 D io_stats: !@ Read_top(KB): m.android.phone(4579) 1584 rild(2652) 676 .sec.unifiedwfc(1438) 380
04-14 21:58:25.823  1204  1204 D io_stats: !@ Write_top(KB): rild(2652) 48 com.sec.epdg(4642) 8 vendor.samsung.(2123) 8
04-14 21:58:25.834  2080  6509 I vendor.qti.bluetooth@1.1-ibs_handler: ProcessIbsCmd: Received IBS_SLEEP_IND: 0xFE
04-14 21:58:25.834  2080  6509 D vendor.qti.bluetooth@1.1-ibs_handler: SerialClockVote: vote for UART CLK OFF
04-14 21:58:25.930  2080  6509 I vendor.qti.bluetooth@1.1-ibs_handler: ProcessIbsCmd: Received IBS_WAKE_IND: 0xFD
04-14 21:58:25.931  2080  6509 D vendor.qti.bluetooth@1.1-ibs_handler: SerialClockVote: vote for UART CLK ON
04-14 21:58:25.931  2080  6509 I vendor.qti.bluetooth@1.1-ibs_handler: ProcessIbsCmd: Writing IBS_WAKE_ACK
04-14 21:58:25.940  5184  6521 I ScanController: onScanResult to scannerId: 7- eventType=0x1b, addressType=1, address=XX:XX:XX:XX:FA:BE, primaryPhy=1, secondaryPhy=0, advertisingSid=0xff, txPower=127, rssi=-66, periodicAdvInt=0x0
04-14 21:58:25.941  5184  6521 I ScanController: onScanResult to scannerId: 7- eventType=0x1b, addressType=1, address=XX:XX:XX:XX:CD:22, primaryPhy=1, secondaryPhy=0, advertisingSid=0xff, txPower=127, rssi=-66, periodicAdvInt=0x0
04-14 21:58:25.947  2188  2188 I thermal_service: getTemperaturesWithType TemperatureType: 3
04-14 21:58:25.977  2080  6509 I vendor.qti.bluetooth@1.1-ibs_handler: ProcessIbsCmd: Received IBS_SLEEP_IND: 0xFE
04-14 21:58:25.977  2080  6509 D vendor.qti.bluetooth@1.1-ibs_handler: SerialClockVote: vote for UART CLK OFF
04-14 21:58:26.128  2080  5774 D vendor.qti.bluetooth@1.1-wake_lock: Release wakelock is released 
04-14 21:58:26.276  3011  3557 D PackageManager: Don't send PACKAGE_CHANGED for com.sec.unifiedwfc by WorkManager
04-14 21:58:26.301  4579  4710 D SatelliteController: isInCarrierRoamingNbIotNtn: satellite is disabled
04-14 21:58:26.302  3011  4362 D SemCellularStateManager: onSignalStrengthsChanged: mCellularSignalLevel=2
04-14 21:58:26.304  4642  4642 I EPDG -- SIM0 [SMARTCELLULAR]: onSignalStrengthsChanged: SignalStrength:{mCdma=Invalid,mGsm=Invalid,mWcdma=Invalid,mTdscdma=Invalid,mLte=CellSignalStrengthLte: rssi=-69 rsrp=-116 rsrq=-19 rssnr=-7 cqiTableIndex=2147483647 cqi=2147483647 ta=2147483647 level=2 parametersUseForLevel=0,mNr=Invalid,SignalBarInfo{ lteLevel=1 },rat=14,primary=CellSignalStrengthLte}
04-14 21:58:26.305  4642  6896 I EPDG -- SIM0 [SMARTCELLULAR]: lastLteRSRP is -119 currentLteRSRP is -116 lastLteRSRQ is -20 currentLteRSRQ is -19 lastLteSNR is -8 currentLteSNR is -7
04-14 21:58:26.306  4880  5047 D MobileSignalTransitionManager: updateSignalTransition
04-14 21:58:26.310  5393  5560 I HoneySpace.StatusIconTracker: invokeEvent() called with: event = Mobile(bundle=Bundle[mParcelledData.dataSize=256])
04-14 21:58:26.313  2250  2889 I VSyncReactor: Current= 60, Period= 60, Distance= 1
04-14 21:58:26.329  2250  2889 I VSyncReactor: Current= 60, Period= 60, Distance= 60
04-14 21:58:26.359  2245  2259 E HeatmapThread: ECT Thread time in milliseconds: 1776196706
04-14 21:58:26.362  2245  2259 D HeatmapThread: !@ batteryplugType : 2
04-14 21:58:26.363  2245  2259 D HeatmapThread: !@ batteryLevel : 79  batteryTemperature : 286 
04-14 21:58:26.363  2245  2259 D HeatmapThread: !@ Heatmap currtime: 29603278
04-14 21:58:26.363  2245  2259 D HeatmapThread: !@ Heatmap prevtime: 29603274
04-14 21:58:26.363  2245  2259 D HeatmapThread: !@ Heatmap plugstarttime: 29603071
04-14 21:58:26.363  2245  2259 D HeatmapThread: !@ Heatmap prevv_dsoh_update_time: 29603251
04-14 21:58:26.364  2245  2259 E HeatmapThread: !@ CAM New BSOH: 100
04-14 21:58:26.364  2245  2259 E HeatmapThread: !@ CAM is Working
04-14 21:58:26.382  3011  5011 I BatteryService_BatteryPropertiesRegistrar: [getProperty]id:2
04-14 21:58:26.382  3011  5011 I BatteryService_BatteryPropertiesRegistrar: [getProperty]prop.long:-9223372036854775808 ,prop.string:null
04-14 21:58:26.384  3011  5011 I BatteryService_BatteryPropertiesRegistrar: [getProperty]id:4
04-14 21:58:26.384  3011  5011 I BatteryService_BatteryPropertiesRegistrar: [getProperty]prop.long:-9223372036854775808 ,prop.string:null
04-14 21:58:26.445  3011  4377 I SemWifiServiceDetector: Service det. resumed: T / T / 27229
04-14 21:58:26.513 29440 29481 V CpEventLog(u150): [P] cp_state: [                 contacts = {contacts=3, raw_contacts=6, data=17, account={secphone(1)=2, whatsapp(2)=2, sim(3)=0, sim2(4)=0, agg(5)=0, vnd.sec.contact.phone_personal(6)=0, google(7)=1, PHONE(8)=0}, trash=0, trash_acc={}, trash_sync=1, database=contacts2.db} ]
04-14 21:58:26.513 29440 29481 V CpEventLog(u150): [P] cp_state: [               aggregated = {[1,2]=2, [7]=1} ]
04-14 21:58:26.513 29440 29481 V CpEventLog(u150): [P] cp_state: [                  request = {} ]
04-14 21:58:26.513 29440 29481 V CpEventLog(u150): [P] cp_state: [                    calls = {types={}, database=calllog.db} ]
04-14 21:58:26.513 29440 29481 V CpEventLog(u150): [P] cp_state: [                  profile = {contacts=0, raw_contacts=0, data=0, account={secphone(1)=0, whatsapp(2)=0, sim(3)=0, sim2(4)=0, agg(5)=0, vnd.sec.contact.phone_personal(6)=0, google(7)=0}, trash=0, trash_acc={}, trash_sync=0, database=profile.db} ]
04-14 21:58:26.513 29440 29481 V CpEventLog(u150): [P] cp_state: [               sa_profile = {contacts=0, raw_contacts=0, data=0, account={secphone(1)=0, whatsapp(2)=0, sim(3)=0, sim2(4)=0, agg(5)=0, vnd.sec.contact.phone_personal(6)=0, google(7)=0}, trash=0, trash_acc={}, trash_sync=0, database=profile_sa.db} ]
04-14 21:58:26.513 29440 29481 V CpEventLog(u150): [P] cp_state: [                      etc = {binders=0, country_iso=CZ, version=15.6.28, db_version=2000, db_size=0, db_wal_size=0, csc=/, sec_enabled=false, is_roaming=false} ]
04-14 21:58:26.513 29440 29481 V CpEventLog(u150): [P] cp_state: ------------------------------------------------------------------------------
04-14 21:58:26.750  4579  4710 D SatelliteController: isInCarrierRoamingNbIotNtn: satellite is disabled
04-14 21:58:26.754  4642  4642 I EPDG -- SIM0 [SMARTCELLULAR]: onSignalStrengthsChanged: SignalStrength:{mCdma=Invalid,mGsm=Invalid,mWcdma=Invalid,mTdscdma=Invalid,mLte=CellSignalStrengthLte: rssi=-69 rsrp=-113 rsrq=-18 rssnr=-5 cqiTableIndex=2147483647 cqi=2147483647 ta=2147483647 level=2 parametersUseForLevel=0,mNr=Invalid,SignalBarInfo{ lteLevel=1 },rat=14,primary=CellSignalStrengthLte}
04-14 21:58:26.755  4642  6896 I EPDG -- SIM0 [SMARTCELLULAR]: lastLteRSRP is -116 currentLteRSRP is -113 lastLteRSRQ is -19 currentLteRSRQ is -18 lastLteSNR is -7 currentLteSNR is -5
04-14 21:58:26.951  2188  2188 I thermal_service: getTemperaturesWithType TemperatureType: 3
04-14 21:58:27.359  2245  2259 E HeatmapThread: ECT Thread time in milliseconds: 1776196707
04-14 21:58:27.363  2245  2259 D HeatmapThread: !@ batteryplugType : 2
04-14 21:58:27.364  2245  2259 D HeatmapThread: !@ batteryLevel : 79  batteryTemperature : 286 
04-14 21:58:27.364  2245  2259 D HeatmapThread: !@ Heatmap currtime: 29603278
04-14 21:58:27.364  2245  2259 D HeatmapThread: !@ Heatmap prevtime: 29603274
04-14 21:58:27.365  2245  2259 D HeatmapThread: !@ Heatmap plugstarttime: 29603071
04-14 21:58:27.365  2245  2259 D HeatmapThread: !@ Heatmap prevv_dsoh_update_time: 29603251
04-14 21:58:27.365  2245  2259 E HeatmapThread: !@ CAM New BSOH: 100
04-14 21:58:27.366  2245  2259 E HeatmapThread: !@ CAM is Working
04-14 21:58:27.508  2652  3409 D SemNativeCarrierFeature_vendor: getInstance
04-14 21:58:27.515  7470  8025 I SDHMS:x : SIOP:: AP:298 BAT:286 USB:281 CHG:280 PA:304 WIFI:296 CF:291 BLK:0 SUBBAT:0 LRPTHM:288 SKIN:296 SKINF:291 SKINB:296 LRP2:296 LRF2:291 LRB2:296 AP2:296 CHG2:294 WIFI2:296 RCV2:286 SPK2:286 FCAM:280 UPSPK:289 DNSPK:279 VAP02:296 VWIFI:293 AMB2:256 AVGCUR:0 POWER:0
04-14 21:58:27.562  2085 21685 I sensors-hal: handle_sns_std_sensor_event:90, light_cct: ts = 790201528811200 ns; value = [3, 3, 73, 156, 0, 17, 3, 0, 1344, 0]
04-14 21:58:27.695  2080  6509 I vendor.qti.bluetooth@1.1-ibs_handler: ProcessIbsCmd: Received IBS_WAKE_IND: 0xFD
04-14 21:58:27.695  2080  6509 D vendor.qti.bluetooth@1.1-ibs_handler: SerialClockVote: vote for UART CLK ON
04-14 21:58:27.696  2080  6509 D vendor.qti.bluetooth@1.1-wake_lock: Acquire wakelock is acquired 
04-14 21:58:27.697  2080  6509 I vendor.qti.bluetooth@1.1-ibs_handler: ProcessIbsCmd: Writing IBS_WAKE_ACK
04-14 21:58:27.706  5184  6521 I ScanController: onScanResult to scannerId: 12- eventType=0x0, addressType=1, address=XX:XX:XX:XX:A7:D8, primaryPhy=1, secondaryPhy=1, advertisingSid=0x3, txPower=127, rssi=-63, periodicAdvInt=0x0
04-14 21:58:27.717  5184  6521 I ScanController: onScanResult to scannerId: 7- eventType=0x1b, addressType=1, address=XX:XX:XX:XX:FA:BE, primaryPhy=1, secondaryPhy=0, advertisingSid=0xff, txPower=127, rssi=-61, periodicAdvInt=0x0
04-14 21:58:27.719  5184  6521 I ScanController: onScanResult to scannerId: 7- eventType=0x1b, addressType=1, address=XX:XX:XX:XX:CD:22, primaryPhy=1, secondaryPhy=0, advertisingSid=0xff, txPower=127, rssi=-61, periodicAdvInt=0x0
04-14 21:58:27.749  2080  6509 I vendor.qti.bluetooth@1.1-ibs_handler: ProcessIbsCmd: Received IBS_SLEEP_IND: 0xFE
04-14 21:58:27.749  2080  6509 D vendor.qti.bluetooth@1.1-ibs_handler: SerialClockVote: vote for UART CLK OFF
04-14 21:58:27.764  2080  6509 I vendor.qti.bluetooth@1.1-ibs_handler: ProcessIbsCmd: Received IBS_WAKE_IND: 0xFD
04-14 21:58:27.764  2080  6509 D vendor.qti.bluetooth@1.1-ibs_handler: SerialClockVote: vote for UART CLK ON
04-14 21:58:27.764  2080  6509 I vendor.qti.bluetooth@1.1-ibs_handler: ProcessIbsCmd: Writing IBS_WAKE_ACK
04-14 21:58:27.770  5184  6521 I ScanController: onScanResult to scannerId: 7- eventType=0x1b, addressType=1, address=XX:XX:XX:XX:6F:A9, primaryPhy=1, secondaryPhy=0, advertisingSid=0xff, txPower=127, rssi=-84, periodicAdvInt=0x0
04-14 21:58:27.806  2080  6509 I vendor.qti.bluetooth@1.1-ibs_handler: ProcessIbsCmd: Received IBS_SLEEP_IND: 0xFE
04-14 21:58:27.807  2080  6509 D vendor.qti.bluetooth@1.1-ibs_handler: SerialClockVote: vote for UART CLK OFF
04-14 21:58:27.824  1204  1204 D io_stats: !@   8,0 r 96186721 1876263188 w 22961043 523885868 d 2872120 713283368 f 691750 1919550 iot 16563004 0 th 0 0 0 pt 0 inp 0 0 350022.268
04-14 21:58:27.863  2652  3409 D SemNativeCarrierFeature_vendor: getInstance
04-14 21:58:27.867  4579  4710 D SatelliteController: isCarrierRoamingNtnEligible: satellite access is not allowed
04-14 21:58:27.868  4579  4710 D SatelliteController: evaluateCarrierRoamingNtnEligibilityChange: isCarrierRoamingNtnEligible=false
04-14 21:58:27.868  4579  4710 E SatelliteController: notifyNtnEligibility: mSatellitePhone is null
04-14 21:58:27.868  4579  4710 V SatelliteController: getWwanIsInService: return true
04-14 21:58:27.869  4579  4710 V SatelliteController: getWwanIsInService: return true
04-14 21:58:27.869  2652  3409 D SemNativeCarrierFeature_vendor: getInstance
04-14 21:58:27.871  4579  4710 D SatelliteController: updateLastNotifiedNtnModeAndNotify: subId=2 initialized=true lastNotifiedNtnMode=false lastNotifiedNtnModePhone=false currNtnMode=false
04-14 21:58:27.871  4579  4710 D SatelliteController: isInCarrierRoamingNbIotNtn: satellite is disabled
04-14 21:58:27.872  4579  4710 V SatelliteController: getWwanIsInService: return true
04-14 21:58:27.872  4579  4710 V SatelliteController: getWwanIsInService: return true
04-14 21:58:27.874  4579  4710 D SatelliteController: updateLastNotifiedNtnModeAndNotify: subId=1 initialized=true lastNotifiedNtnMode=false lastNotifiedNtnModePhone=false currNtnMode=false
04-14 21:58:27.874  3011  5151 D SLocation: CellLocationManager - onServiceStateChanged 0
04-14 21:58:27.874  4579  4710 D SatelliteController: isInCarrierRoamingNbIotNtn: satellite is disabled
04-14 21:58:27.874  3011  5011 I LocationAccessPolicy: com.android.systemui is aware of fine but the app-ops permission is specifically denied.
04-14 21:58:27.874  3011  5011 I LocationAccessPolicy: checkLocationPermission - callingUid: 10049, callingPid: 4880, resultForFine: DENIED_SOFT
04-14 21:58:27.875  3011  5011 I LocationAccessPolicy: com.android.systemui is aware of coarse but the app-ops permission is specifically denied.
04-14 21:58:27.875  3011  5011 I LocationAccessPolicy: checkLocationPermission - callingUid: 10049, callingPid: 4880, resultForCoarse: DENIED_SOFT
04-14 21:58:27.876  3011  5011 I LocationAccessPolicy: com.android.systemui is aware of fine but the app-ops permission is specifically denied.
04-14 21:58:27.876  3011  5011 I LocationAccessPolicy: checkLocationPermission - callingUid: 10049, callingPid: 4880, resultForFine: DENIED_SOFT
04-14 21:58:27.877  3011  5011 I LocationAccessPolicy: com.android.systemui is aware of coarse but the app-ops permission is specifically denied.
04-14 21:58:27.877  3011  5011 I LocationAccessPolicy: checkLocationPermission - callingUid: 10049, callingPid: 4880, resultForCoarse: DENIED_SOFT
04-14 21:58:27.877  3011  3011 D SemWifiService: onServiceStateChanged : state - 0, dataNetworkType : 18
04-14 21:58:27.878  3011  5011 I LocationAccessPolicy: com.android.systemui is aware of fine but the app-ops permission is specifically denied.
04-14 21:58:27.878  3011  5011 I LocationAccessPolicy: checkLocationPermission - callingUid: 10049, callingPid: 4880, resultForFine: DENIED_SOFT
04-14 21:58:27.878  3011  4301 W NSLocationMonitor: onServiceStateChanged, state=0 / channel=6300
04-14 21:58:27.878  3011  3011 D SemWifiApServiceImpl: onServiceStateChanged : 0dataNetworkType : 18,isUsingNonTerrestrialNetwork:false
04-14 21:58:27.878  4579  4710 D SatelliteController: determineAutoConnectSystemNotification: isNtn.first = false IsNotiToShow = true mIsAutoConnectNotificationShowing = false
04-14 21:58:27.878  3011  5011 I LocationAccessPolicy: com.android.systemui is aware of coarse but the app-ops permission is specifically denied.
04-14 21:58:27.878  3011  5011 I LocationAccessPolicy: checkLocationPermission - callingUid: 10049, callingPid: 4880, resultForCoarse: DENIED_SOFT
04-14 21:58:27.879  3011  4301 I NSLocationMonitor: networkType[13]=LTE / nrState=false
04-14 21:58:27.879  4880  4880 D GlobalActionsDialogLite: Service changed before actions created
04-14 21:58:27.880  3011  5011 I LocationAccessPolicy: com.android.systemui is aware of fine but the app-ops permission is specifically denied.
04-14 21:58:27.880  3011  5011 I LocationAccessPolicy: checkLocationPermission - callingUid: 10049, callingPid: 4880, resultForFine: DENIED_SOFT
04-14 21:58:27.881  3011  5011 I LocationAccessPolicy: com.android.systemui is aware of coarse but the app-ops permission is specifically denied.
04-14 21:58:27.881  3011  5011 I LocationAccessPolicy: checkLocationPermission - callingUid: 10049, callingPid: 4880, resultForCoarse: DENIED_SOFT
04-14 21:58:27.882  4880  4880 D SatelliteModeObserver: service state changed : {mVoiceRegState=0(IN_SERVICE), mDataRegState=0(IN_SERVICE), mChannelNumber=6300, duplexMode()=0, mCellBandwidths=[10000, 20000, 15000, 20000], mOperatorAlphaLong=null, mOperatorAlphaShort=null, isManualNetworkSelection=false(automatic), getRilVoiceRadioTechnology=14(LTE), getRilDataRadioTechnology=18(IWLAN), mCssIndicator=unsupported, mNetworkId=*1, mSystemId=*1, mCdmaRoamingIndicator=-1, mCdmaDefaultRoamingIndicator=-1, NonCellular=false, Snap=0, PsOnly=false, SprDisplayRoam=false, OptRadioTech=0, MsimSubmode=0, IsVoiceCallAvailable=true, mIsEmergencyOnly=false, isUsingCarrierAggregation=false, mArfcnRsrpBoost=0, mNetworkRegistrationInfos=[NetworkRegistrationInfo{ domain=PS transportType=WLAN registrationState=HOME networkRegistrationState=HOME roamingType=NOT_ROAMING accessNetworkTechnology=IWLAN rejectCause=0 emergencyEnabled=false availableServices=[DATA] cellIdentity=null voiceSpecificInfo=null dataSpecificInfo=null nrState=**** rRplmn= isUsingCarrierAggregation=false isNonTerrestrialNetwork=TERRESTRIAL}, NetworkRegistrationInfo{ domain=CS transportType=WWAN registrationState=HOME networkRegistrationState=HOME roamingType=NOT_ROAMING accessNetworkTechnology=LTE rejectCause=0 emergencyEnabled=false availableServices=[VOICE,SMS,VIDEO] cellIdentity=null voiceSpecificInfo=VoiceSpecificRegistrationInfo { mCssSupported=false mRoamingIndicator=0 mSystemIsInPrl=0 mDefaultRoamingIndicator=0} dataSpecificInfo=null nrState=**** rRplmn=23002 isUsingCarrierAggregation=false isNonTerrestrialNetwork=TERRESTRIAL}, NetworkRegistrationInfo{ domain=PS transportType=WWAN registrationState=HOME networkRegistrationState=HOME roamingType=NOT_ROAMING accessNetworkTechnology=LTE rejectCause=0 emergencyEnabled=false availableServices=[DATA,MMS] cellIdentity=null voiceSpecificInfo=null dataSpecificInfo=android.telephony.DataSpecificRegistrationInfo :{ maxDataCalls = 16 isDcNrRestricted = false isNrAvailable = true isEnDcAvailable = true mLteAttachResultType = 0 mLteAttachExtraInfo = 0 LteVopsSupportInfo :  mVopsSupport = 2 mEmcBearerSupport = 2 } nrState=**** rRplmn=23002 isUsingCarrierAggregation=false isNonTerrestrialNetwork=TERRESTRIAL}], mNrFrequencyRange=0, mOperatorAlphaLongRaw=O2.CZ, mOperatorAlphaShortRaw=O2.CZ, mIsDataRoamingFromRegistration=false, mIsIwlanPreferred=true, mIsUsingNonTerrestrialNetwork=false}
04-14 21:58:27.883  3011  4301 W NSLocationMonitor: onServiceStateChanged, state=0 / channel=6300
04-14 21:58:27.883  3011  4301 I NSLocationMonitor: networkType[13]=LTE / nrState=false
04-14 21:58:27.884  5182  5182 I TelephonyCallbackForPdnController<0>: emcbsIndication: SUPPORTED, mobileDataNetworkType: 13
04-14 21:58:27.884  4880  4880 D SatelliteModeObserver: isSatelliteNetworksOn(), isUsingTerrestrialNetwork: false
