04-14 21:51:06.855  4579  4759 I LocationAccessPolicy: checkLocationPermission - callingUid: 10049, callingPid: 4880, resultForFine: DENIED_SOFT
04-14 21:51:06.855  3011  3044 D TrustManagerService: Enable FBE lock for Secure Folder VALUE: 0
04-14 21:51:06.855  4579  4759 I LocationAccessPolicy: com.android.systemui is aware of coarse but the app-ops permission is specifically denied.
04-14 21:51:06.855  3011  3044 I FaceService: hasEnrolledFaces called from pid=3011[150][1] , size = 0
04-14 21:51:06.855  4579  4759 I LocationAccessPolicy: checkLocationPermission - callingUid: 10049, callingPid: 4880, resultForCoarse: DENIED_SOFT
04-14 21:51:06.855  3011  3044 D BiometricService: Sensor ID(1), oemStrength: 255, updatedStrength: 255, modality 8, state: 0, cookie: 0, sensorId 1, hasEnrollments: false cannot participate in Keystore operations
04-14 21:51:06.856  1284 13743 I keystore2: system/security/keystore2/src/authorization.rs:167 - on_device_locked(user_id=150, unlocking_sids=[5567987730653410410], weak_unlock_enabled=false)
04-14 21:51:06.856  1284 13743 I keystore2: system/security/keystore2/src/super_key.rs:979 - UnlockedDeviceRequired super keys for user 150 are biometric-encrypted.
04-14 21:51:06.856  3011  3044 E PersonaManagerService: DeviceLocked : true, DeviceSecure : true
04-14 21:51:06.858  7246  7246 D SYS_EVENT: [qc debug] send event 8 notification to client
04-14 21:51:06.858  7297  7297 I EnvironmentAdaptiveDisplayService: action  :  android.intent.action.SCREEN_OFF
04-14 21:51:06.858  7297  7297 I EadLuxController: turn off the light sensor for sead, STK33F11 Light Strm  Non-wakeup
04-14 21:51:06.858  7246  7246 D SYS_EVENT_AIDL: send event 8 notification to client
04-14 21:51:06.858  7297  7297 I EadLuxController: sendAmbientLux(-1)
04-14 21:51:06.858  7297  8089 I EnvironmentAdaptiveDisplayService: message: MSG_LUX_MODIFIED
04-14 21:51:06.858  7297  8089 I EnvironmentAdaptiveDisplayService: lux updated to -1
04-14 21:51:06.858  7297  8089 I EnvironmentAdaptiveDisplayService: lux < 100
04-14 21:51:06.859  3011  3011 D [SS]BattUtils: [writeNode]path:/sys/class/power_supply/battery/lcd ,data:0
04-14 21:51:06.859  2085  2085 I sensors-hal: set_config:60, sample_period_ns is adjusted to 200000000 based on min/max delay_ns
04-14 21:51:06.859  2085  2085 I sensors-hal: batch:363, com.samsung.sensor.light_cct/1511, period=200000000, max_latency=0 request completed
04-14 21:51:06.859  4880  4880 I CommonUtils: isNetworkRoaming id=2
04-14 21:51:06.859  4880  4880 I CommonUtils: isNetworkRoaming: false
04-14 21:51:06.859  4880  4880 I AOD_CONFIG@AODCommonUtils: isMirrorDisplayExist : [NONE]
04-14 21:51:06.860  4880  4880 I AODThemeSettingsHelper: getAODSelectedThemeClock = 0
04-14 21:51:06.860  3011  4259 D MotionRecognitionService: Receiver: ACTION_SCREEN_OFF
04-14 21:51:06.860  4880  4880 E AbsSettings: refreshInner: refreshedSettingsDBItem key lock_theme_clock_trial_package val = null
04-14 21:51:06.860  4880  4880 E AbsSettings: refreshInner: refreshedSettingsDBItem key lock_theme_clock_package val = 
04-14 21:51:06.860  4880  4880 I AOD_CONFIG@AODConfigurationController: registerMonitor MONITOR_CONFIGURATION
04-14 21:51:06.860  4880  4880 I AOD_CONFIG@AODConfigurationController: initialize monitor MONITOR_CONFIGURATION
04-14 21:51:06.860  3011  3011 E PocketModeEvent: ACTION_SCREEN_OFF
04-14 21:51:06.860  4880  4880 I AOD_CONFIG@AODConfigurationController: registerMonitor MONITOR_SCHEDULE
04-14 21:51:06.860  3011  4259 D MotionRecognitionService: SCREEN_OFF: setAccIntStatus
04-14 21:51:06.860  3011  4259 D MotionRecognitionService: SCREEN_OFF END
04-14 21:51:06.860  4880  4880 I AOD_CONFIG@AODConfigurationController: registerMonitor MONITOR_COVER
04-14 21:51:06.860  3011  4259 D MotionRecognitionService: Not supported calibratedLux type sensor [3]
04-14 21:51:06.860  3011  4262 D PocketModeEvent: MSG_TYPE_SCREEN_OFF
04-14 21:51:06.860  3011  4262 E PocketModeEvent: currentState : 1
04-14 21:51:06.860  4880  4880 D ScoverManager: registerListener
04-14 21:51:06.860  3011  4262 D PocketModeEvent: EL_STATE is NONE
04-14 21:51:06.861  3011  4262 D PocketModeEvent: aod_setting : off
04-14 21:51:06.861  3011  4262 D PocketProximityManager: setProxCurType() : PROX_TYPE_VIRTUAL_POCKET
04-14 21:51:06.861  4880  4880 I AOD_CONFIG@AODConfigurationController: initialize monitor MONITOR_COVER
04-14 21:51:06.861  3011  4262 D PocketModeEvent: MSG_TYPE_DISABLE_INSENSITIVE_MODE
04-14 21:51:06.861  4880  4880 I AOD_CONFIG@AODConfigurationController: registerMonitor MONITOR_DISPLAY
04-14 21:51:06.861  4880  4880 I AOD_CONFIG@AODConfigurationController: registerMonitor - MONITOR_DISPLAY : register to [0]
04-14 21:51:06.861  4880  4880 I AOD_CONFIG@AODConfigurationController: initialize monitor MONITOR_DISPLAY
04-14 21:51:06.861  3011  4262 D SemInputDeviceManager: setProperty: (100) CMD,LOW_SENSITIVITY,0
04-14 21:51:06.861  4880  4880 I AODTriggers: onAODEventDispatched = 2 / eventData = aod.e0@b27944b
04-14 21:51:06.861  4880  4880 I AOD_LIVE_CLOCK@LiveClockController: updateDisplayState: DISPLAY_STATE_OFF
04-14 21:51:06.861  4880  4880 I AODTriggers: REASON_DISPLAY_STATE_INITIALIZED DisplayState = 1
04-14 21:51:06.861  4880  4880 I AOD_CONFIG@AODConfigurationController: registerMonitor MONITOR_SETTINGSDB_AODENABLE
04-14 21:51:06.861  3011  4262 I SemInputCommandService: setPropertyAllTouch: LOW_SENSITIVITY,0 retDefault=1 retExtra=-2
04-14 21:51:06.861  3011  4262 D PocketModeEvent: MSG_TYPE_REGISTER_POCKET_POSITION_SENSOR
04-14 21:51:06.861  3011  4262 E PocketModeEvent: MSG_TYPE_STOP_SENSING
04-14 21:51:06.861  3011  4345 D SemInputDevice:TSP: SetPropertyTask: CMD,low_sensitivity_mode_enable,0 [04-14 21:51:06.861]
04-14 21:51:06.861  4880  4880 I AOD_CONFIG@AODConfigurationController: registerMonitor MONITOR_BROADCAST_LOCK_TASK_MODE
04-14 21:51:06.861  5182  5703 I VolteServiceModule: onScreenOnOffChanged: on =0
04-14 21:51:06.861  5182  5703 I StackIF<0>: updateScreenOnOff: on 0
04-14 21:51:06.861  5182  5703 I SECIMSJ : [5645]> 80
04-14 21:51:06.861  4880  4880 I AOD_CONFIG@AODConfigurationController: initialize monitor MONITOR_BROADCAST_LOCK_TASK_MODE
04-14 21:51:06.861  4880  4880 I AOD_CONFIG@AODConfigurationController: registerMonitor MONITOR_INTENT
04-14 21:51:06.861  4880  4880 I AOD_CONFIG@AODConfigurationController: registerMonitor MONITOR_TAP_TO_SHOW
04-14 21:51:06.861  4880  4880 I AOD_CONFIG@AODConfigurationController: registerMonitor MONITOR_NEW_NOTI
04-14 21:51:06.861  4880  4880 I AOD_CONFIG@AODConfigurationController: registerMonitor: SHOW FOR NEW NOTI is disabled
04-14 21:51:06.861  4880  4880 I AOD_CONFIG@AODConfigurationController: registerMonitor MONITOR_SETTINGDB_DENSITY
04-14 21:51:06.862  5182  5688 I [IMS6.0]: IMS_onResponse()
04-14 21:51:06.862  4880  4880 I AOD_CONFIG@AODConfigurationController: registerMonitor MONITOR_SLEEP_STATE
04-14 21:51:06.862  4880  4880 W AOD_MONITOR@SleepStateMonitor: register: not supports sleep mode
04-14 21:51:06.862  4880  4880 I AOD_CONFIG@AODConfigurationController: registerMonitor MONITOR_PREVENT_BURN_IN
04-14 21:51:06.862  4880  4880 I AODPreventBurnInMonitor: start skipped by not AODEnabled
04-14 21:51:06.862  4880  4880 I AODCommonUtils: setLowFrequencyDrivenMode mode: client=aod scope=normal scalability=6 node=/sys/class/lcd/panel/vrr_lfd
04-14 21:51:06.862  5182  5688 I StackIF : processMessage 2
04-14 21:51:06.862  5182  5688 I StackIF : Processing Response
04-14 21:51:06.862  5182  5688 I SECIMSJ : [5645]< 101
04-14 21:51:06.862  4880  4880 I AODCommonUtils: setHlpmModeOnAODFullScreen needHs1Mode = true / IS_QC_MODEL = true
04-14 21:51:06.862  5182  5688 I StackIF : processResponse: reqId 101
04-14 21:51:06.862  3011  3011 I AfterimageCompensationService: ACTION_SCREEN_OFF
04-14 21:51:06.862  5182  5688 I StackIF : processResponse: handle -1 result 0 reason 0
04-14 21:51:06.863  3011  3011 I MdnieScenarioControlService: action  :  android.intent.action.SCREEN_OFF
04-14 21:51:06.863  3011  3044 D PowerManagerService: [api] acquire WakeLock DRAW_WAKE_LOCK                    'AOD_EnsureWorkingTime' (uid=10049 pid=4880 displayId=0 lock=f163639)
04-14 21:51:06.863  7470  7713 I M0      : limitCPUFreq:: freq = -1
04-14 21:51:06.863  4880  4880 I AODThemeSettingsHelper: getAODSelectedThemeClock = 0
04-14 21:51:06.863  4880  4880 I AODDataSettings[8.0.6]:AODDataManager: getItem() clock:0:SingleDisplay:Portrait:LockScreenOnly:0
04-14 21:51:06.863  4880  4880 I AODSettingDataProvider: not applied theme clock
04-14 21:51:06.863  4880  4880 I AODThemeSettingsHelper: getAODSelectedThemeClock = 0
04-14 21:51:06.863  4880  4880 I AODDataSettings[8.0.6]:AODDataManager: getItem() clock:0:SingleDisplay:Portrait:LockScreenOnly:0
04-14 21:51:06.863  4880  4880 I AODSettingDataProvider: not applied theme clock
04-14 21:51:06.863  4880  4880 I AODThemeSettingsHelper: getAODSelectedThemeClock = 0
04-14 21:51:06.863  4880  4880 I AODDataSettings[8.0.6]:AODDataManager: getItem() clock:0:SingleDisplay:Portrait:LockScreenOnly:0
04-14 21:51:06.863  4880  4880 I AODSettingDataProvider: not applied theme clock
04-14 21:51:06.863  4880  4880 I AODDataSettings[8.0.6]:AODDataManager: getItem() clock:0:SingleDisplay:Portrait:LockScreenOnly:0
04-14 21:51:06.863  4880  4880 I AODDataSettings[8.0.6]:AODDataManager: getItem() clock:0:SingleDisplay:Portrait:LockScreenOnly:0
04-14 21:51:06.863  4880  4880 I AODDataSettings[8.0.6]:AODDataManager: getItem() clock:0:SingleDisplay:Portrait:LockScreenOnly:0
04-14 21:51:06.863  4880  4880 I AODDataSettings[8.0.6]:AODDataManager: getItem() clock:0:SingleDisplay:Portrait:LockScreenOnly:0
04-14 21:51:06.863  3011  3011 I AdaptiveDisplaySolutionService: action  :  android.intent.action.SCREEN_OFF
04-14 21:51:06.864  4880  4880 I AdaptiveTextColorCalculator: calcTextColor:  Full: #FF83A00E [71.917809, 0.839080, 0.341176] / Area: #FF809721 [71.694916, 0.641304, 0.360784] (58.818703) / Adaptive: targetL 94.814407 adjustedAdaptiveColor: #FFC6FFBD [112.359985, 1.000000, 0.871307] / base: 68.000000 HSL Offset[0.000000, 0.320000 ,0.000000] took 0.013386 ms
04-14 21:51:06.864  4880  4880 I AODDataSettings[8.0.6]:AODDataManager: getItem() clock:0:SingleDisplay:Portrait:LockScreenOnly:0
04-14 21:51:06.864  4880  4880 I AODDataSettings[8.0.6]:AODDataManager: getItem() clock:0:SingleDisplay:Portrait:LockScreenOnly:0
04-14 21:51:06.864  4880  4880 I AODDataSettings[8.0.6]:AODDataManager: getItem() clock:0:SingleDisplay:Portrait:LockScreenOnly:0
04-14 21:51:06.864  4880  4880 I AODDataSettings[8.0.6]:AODDataManager: getItem() clock:0:SingleDisplay:Portrait:LockScreenOnly:0
04-14 21:51:06.864  4880  4880 I AODDataSettings[8.0.6]:AODDataManager: getItem() clock:0:SingleDisplay:Portrait:LockScreenOnly:0
04-14 21:51:06.864  4880  4880 I AODDataSettings[8.0.6]:AODDataManager: getItem() clock:0:SingleDisplay:Portrait:LockScreenOnly:0
04-14 21:51:06.864  4880  4880 I AODDataSettings[8.0.6]:AODDataManager: getItem() clock:0:SingleDisplay:Portrait:LockScreenOnly:0
04-14 21:51:06.864  4880  4880 I AODDataSettings[8.0.6]:AODDataManager: getItem() clock:0:SingleDisplay:Portrait:LockScreenOnly:0
04-14 21:51:06.864  4880  4880 I AODDataSettings[8.0.6]:AODDataManager: getItem() clock:0:SingleDisplay:Portrait:LockScreenOnly:0
04-14 21:51:06.864  4880  4880 I AODDataSettings[8.0.6]:AODDataManager: getItem() clock:0:SingleDisplay:Portrait:LockScreenOnly:0
04-14 21:51:06.864  4880  4880 I AODDataSettings[8.0.6]:AODDataManager: getItem() clock:0:SingleDisplay:Portrait:LockScreenOnly:0
04-14 21:51:06.864  4880  4880 D AODAmbientWallpaperHelper: isWonderLandAmbientWallpaper: isFolded=true, isMainWonderLandWallpaper=false, isSubWonderLandWallpaper=false
04-14 21:51:06.864  4880  4880 E ClockPackSettingsUtils: isRoamingState: android.provider.Settings$SettingNotFoundException: easy_mode_switch
04-14 21:51:06.864  3011  3011 I EyeComfortSolutionService: action  :  android.intent.action.SCREEN_OFF
04-14 21:51:06.864  4579  4759 I LocationAccessPolicy: com.android.systemui is aware of fine but the app-ops permission is specifically denied.
04-14 21:51:06.864  4579  4759 I LocationAccessPolicy: checkLocationPermission - callingUid: 10049, callingPid: 4880, resultForFine: DENIED_SOFT
04-14 21:51:06.864  4579  4759 I LocationAccessPolicy: com.android.systemui is aware of coarse but the app-ops permission is specifically denied.
04-14 21:51:06.864  4579  4759 I LocationAccessPolicy: checkLocationPermission - callingUid: 10049, callingPid: 4880, resultForCoarse: DENIED_SOFT
04-14 21:51:06.864  3011  3011 D SemWifiApIntentHandler: rcvd:android.intent.action.SCREEN_OFF
04-14 21:51:06.864  3011  4363 D SemWifiApSmartBleScanner: Screen is OFF, restarting scanning
04-14 21:51:06.864  3011  4363 D SemWifiApSmartClient: LCD is OFF,so stop client advertisement by ScreenStateListener
04-14 21:51:06.864  3011  3011 I PersonaManagerService: UserReceiver.onReceive() {action:android.intent.action.SCREEN_OFF userHandle:-1}
04-14 21:51:06.865  4880  4880 I CommonUtils: isNetworkRoaming id=2
04-14 21:51:06.865  4880  4880 I CommonUtils: isNetworkRoaming: false
04-14 21:51:06.865  4880  4880 D PluginAODManager: isCaptureEnabled()
04-14 21:51:06.865  4880  4880 I AOD_CONFIG@AODConfigurationController: isCaptureEnabledFromEMM false
04-14 21:51:06.865  4880  4880 I AODThemeSettingsHelper: getAODSelectedThemeClock = 0
04-14 21:51:06.865  3011  5529 D BluetoothAdapter: isLeEnabled(): ON
04-14 21:51:06.865  3011  5529 D BluetoothLeScanner: Stop Scan with callback
04-14 21:51:06.865  4880  4880 E AbsSettings: refreshInner: refreshedSettingsDBItem key lock_theme_clock_trial_package val = null
04-14 21:51:06.865  4880  4880 E AbsSettings: refreshInner: refreshedSettingsDBItem key lock_theme_clock_package val = 
04-14 21:51:06.865  4880  4880 E AbsSettings: refreshInner: refreshedSettingsDBItem key lock_theme_clock_trial_package val = null
04-14 21:51:06.865  4880  4880 E AbsSettings: refreshInner: refreshedSettingsDBItem key lock_theme_clock_package val = 
04-14 21:51:06.865  4880  4880 I AlwaysOnDisplayEx: startAOD: AODServicePolicy :null, mIsRestricted = false, mIsEnabled = false, mReason = AOD OFF
04-14 21:51:06.865  4880  4880 I AOD_LIVE_CLOCK@LiveClockController: init
04-14 21:51:06.865  4880  4880 I MODManager: register Listener=141565370
04-14 21:51:06.866  3011  4363 D SemWifiApSmartClient: setWifiApSmartClient:false
04-14 21:51:06.866  3011  4363 D SemWifiApPowerSaveImpl: Lcd OFF
04-14 21:51:06.866  3011  4363 I SemWifiApAdvancedAutohotspotService:  Screen OFF
04-14 21:51:06.866  3011  5551 I SemWifiApAdvancedAutohotspotService: got: CMD_SCREEN_OFF
04-14 21:51:06.866  3011  3044 D AODManagerService: registerAODDozeCallbackInternal
04-14 21:51:06.866  3011  5551 D SemWifiApAdvancedAutohotspotService: prev history :10
04-14 21:51:06.866  3011  5551 D SemWifiApSmartGattClient: mHotspotVersion value : 0
04-14 21:51:06.866  3011  3235 I ActivityManager: Changes in 99289 19 to 11, 0 to 128
04-14 21:51:06.866  3011  3235 I ActivityManager: Changes in 10062 19 to 11, 0 to 128
04-14 21:51:06.866  4880  4880 I MODManager: registerFingerprintListener
04-14 21:51:06.867  3011  4928 D FingerprintService.Ext: registerAodController: 4880
04-14 21:51:06.867  4880  4880 I DozeMachine: transition: old=INITIALIZED req=DOZE new=DOZE
04-14 21:51:06.867  2558 13607 I CameraService: onUidStateChanged: uid=10062, procState is changed. (19 -> 11)
04-14 21:51:06.867  5184  6730 I bt_shim_scanner: system/main/shim/le_scanning_manager.cc:141 Unregister: in shim layer, scannerId=10
04-14 21:51:06.867  3011  5529 D SemWifiApSmartBleScanner: Stopped scanning
04-14 21:51:06.867  5184  5765 W bluetooth: system/gd/hci/le_scanning_manager.cc:697 unregister_scanner: unregister_scanner
04-14 21:51:06.867  4880  4880 D SecKeyguardStatusViewObserver: onChanged() FaceWidgetContainerLiveData{mIsContainerVisible=true, mClipLayoutVisibility=0, mRotation=0, mIsDashBoardVIRunning=false, mIsAdditionalInfoVisible=0, mAdditionalInfoGravity=17, mClockSideStartPadding=0, mClockSideEndPadding=0, mMusicSideStartPadding=30, mMusicSideEndPadding=30, mInfoSideStartPadding=0, mInfoSideEndPadding=0, mClipLayoutWidth = -1, mAdditionalInfoRemoteView=null, mIsAdditionalViewGoingToSleep=false, mConfig=CustomConfiguration{fontScale=1.0, screenLayout=268435810, orientation=1, screenWidthDp=384, screenHeightDp=832, smallestScreenWidthDp=384, densityDpi=450, uiMode=33, isRTL=false, mConfiguration={1.0 230mcc3mnc [en_GB,cs_CZ] ldltr sw384dp w384dp h832dp 450dpi nrml long hdr widecg port night finger -keyb/v/h -nav/h winConfig={ mBounds=Rect(0, 0 - 1080, 2340) mAppBounds=Rect(0, 0 - 1080, 2340) mMaxBounds=Rect(0, 0 - 1080, 2340) mDisplayRotation=ROTATION_0 mWindowingMode=fullscreen mActivityType=undefined mAlwaysOnTop=undefined mRotation=ROTATION_0 mStageConfig=undefined mEmbedActivityMode=undefined mPopOver=undefined mOverlappingWithCutout=false} s.16709 fontWeightAdjustment=0 ff=0 bf=-1 bts=0 cst=1.0 nightDim=0 themeSeq=0}}}
04-14 21:51:06.867  4880  4880 D FaceWidgetPagesController: onGravityChanged()
04-14 21:51:06.867  4880  4880 I StretchMeasureDataCalculator: setGravity: 49, isStart=false, isEnd=false, isCenterHorizontal=true
04-14 21:51:06.868  4880  4880 D FaceWidgetClockPage: setClockGravity() gravity = 49
04-14 21:51:06.868  4880  4880 D FaceWidgetClockPage: updateClockPadding 
04-14 21:51:06.868  4880  4880 D MediaExpandStateObserver: onChanged MediaExpandStateModel(type=NONE, clockY=0.0, clockValidMaxScale=1.0, hasAnimation=true, isDozing=true, darkAmount=1.0, isMediaOutput=false)
04-14 21:51:06.868  4880  4880 D MediaExpandStateObserver: animateClipContainer NONE NONE
04-14 21:51:06.868  4880  4880 D KeyguardViewMediator: handleMessage 9
04-14 21:51:06.868  4880  4880 D KeyguardViewMediator: handleSetOccluded(false) seq=1907
04-14 21:51:06.868  4880  4880 D KeyguardViewMediator: isOccluded=false,mPowerGestureIntercepted=false
04-14 21:51:06.868  4880  4880 D KeyguardViewMediator: KeyguardViewMediator queue processing message: SET_OCCLUDED
04-14 21:51:06.868  4880  4880 D KeyguardViewMediator: handleMessage 5
04-14 21:51:06.868  4880  4880 D KeyguardViewMediator: handleNotifyFinishedGoingToSleep
04-14 21:51:06.868  2250  2250 I SurfaceFlinger: id=45711 Removed FP Iconview$_11028#45711 (287)
04-14 21:51:06.868  4880  4880 D KeyguardViewMediator: KeyguardViewMediator queue processing message: NOTIFY_FINISHED_GOING_TO_SLEEP
04-14 21:51:06.868  4880  4880 D KeyguardViewMediator: handleMessage 3
04-14 21:51:06.868  4880  4880 D KeyguardViewMediator: handleReset
04-14 21:51:06.868  4880  4880 D KeyguardSecAffordanceView: reset LeftShortcut
04-14 21:51:06.868  4880  4880 D KeyguardSecAffordanceView: reset RightShortcut
04-14 21:51:06.868  4880  4880 D KeyguardTouchAnimator: reset unlockExecuted=false
04-14 21:51:06.868  4880  4880 D KeyguardEditModeAnimatorController: reset true
04-14 21:51:06.868  4880  4880 D KeyguardTouchAnimator: resetChildViewVI(): isUnlockExecuted=false scale=1.0
04-14 21:51:06.868  4880  4880 I PluginFaceWidgetManager: isEditMode = false
04-14 21:51:06.868  4880  4880 I NowBarItemManager: getVisibleList isScreenTurnedOn = false / aodShowState false shouldControlScreenOff false visibleList size = 0
04-14 21:51:06.869  2144  2193 I sysinput:aidl: onReportInformation:91, 1, cmd@low_sensitivity_mode_enabl
04-14 21:51:06.869  7251  7251 I id.diagmonagent: Explicit concurrent mark compact GC freed 1035KB AllocSpace bytes, 6(312KB) LOS objects, 90% free, 2506KB/26MB, paused 64us,525us total 7.710ms
04-14 21:51:06.869  2144  2193 I sysinput:Touch1: operator():237, OK
04-14 21:51:06.869  3011  3044 I ActivityManager: Changes in 99289 11 to 19, 128 to 0
04-14 21:51:06.869  3011  3044 I ActivityManager: Changes in 10062 11 to 19, 128 to 0
04-14 21:51:06.870  2558  2905 I CameraService: onUidStateChanged: uid=10062, procState is changed. (11 -> 19)
04-14 21:51:06.870  3011  4345 D SysinputHAL_AIDL: setProperty(TSP(1)): CMD, low_sensitivity_mode_enable,0 ret=0
04-14 21:51:06.871  3011  4925 I FaceService: semGetSecurityLevel called from pid=4880
04-14 21:51:06.871  3011  4925 I SemFace : getSL : 2
04-14 21:51:06.871  4880  4880 D KeyguardUpdateMonitor: faceSecurityLevel : 2
04-14 21:51:06.871  4880  4880 D KeyguardViewMediator: scheduleNonStrongBiometricIdleTimeout: schedule an alarm for currentUser=0
04-14 21:51:06.871  4880  4880 D KeyguardViewMediator: KeyguardViewMediator queue processing message: RESET
04-14 21:51:06.871  5184  6547 I bt_shim_scanner: system/main/shim/le_scanning_manager.cc:197 ScanFilterParamSetup: in shim layer, clientIf=10
04-14 21:51:06.871  5734  5734 I ContainerStateReceiver:  event: CONTAINER_EVENT_ONELOCK
04-14 21:51:06.872  5184  6547 E ScanManager: [GSIM LOG]: gsimLogHandler, msg: MESSAGE_SCAN_STOP, appName: android, scannerId: 10, reportDelayMillis=0
04-14 21:51:06.872  3011  3011 D AdaptiveBrightnessLongtermModelBuilder[0]: Received android.intent.action.SCREEN_OFF
04-14 21:51:06.873  5599  5920 I EventReceiver_FLP: BroadcastReceiver : ACTION_SCREEN_OFF
04-14 21:51:06.873  5599  5920 I EventReceiver_FLP: BroadcastReceiver finished
04-14 21:51:06.873  5599  5733 I SettingManager_FLP: LocationPowerSave is changed to true by screen state
04-14 21:51:06.874  4880  4880 D SubscreenNotificationListCoordinator: onAfterRenderList() isSubScreen = false, pluginLockMode = 0, doNotShowOnCover = false
04-14 21:51:06.874  4642  4781 I EPDG -- SIM0 [EpdgIntentReceiver:Main]: received: android.intent.action.SCREEN_OFF
04-14 21:51:06.874  4642  4781 I EPDG -- SIM0 [EpdgIntentReceiver:Main]: complete: android.intent.action.SCREEN_OFF
04-14 21:51:06.874  4642  4781 I EPDG -- SIM0 [EpdgHandler]: Event received: SCREEN_OFF cid - 0
04-14 21:51:06.875  4642  4781 I EPDG -- SIM0 [EpdgSubscription]: getIsAirplaneMode: returning: false
04-14 21:51:06.875  4880  4880 I BLASTBufferQueue_Java: update, w= 1080 h= 2340 mName = VRI[NotificationShade]@dfa406c mNativeObject= 0xb4000074f8441a50 sc.mNativeObject= 0xb40000758843c150 format= -3 caller= android.view.ViewRootImpl.updateBlastSurfaceIfNeeded:3574 android.view.ViewRootImpl.relayoutWindow:11685 android.view.ViewRootImpl.performTraversals:4804 android.view.ViewRootImpl.doTraversal:3924 android.view.ViewRootImpl$TraversalRunnable.run:12903 android.view.Choreographer$CallbackRecord.run:1901 
04-14 21:51:06.875  4880  4880 I VRI[NotificationShade]@dfa406c: Relayout returned: old=(0,0,1080,2340) new=(0,0,1080,2340) relayoutAsync=true req=(1080,2340)0 dur=0 res=0x0 s={true 0xb4000075d83c3d30} ch=false seqId=109
04-14 21:51:06.875  3011  4925 I WindowManager: Relayout Window{baf99fd u0 NotificationShade}: viewVisibility=0 req=1080x2340 ty=2040 d0
04-14 21:51:06.875  4880  4880 I SecKeyguardClockPositionAlgorithm: prepareClockContainerHeightChanging:
04-14 21:51:06.876  4642  4797 I EPDG -- SIM1 [EpdgIntentReceiver:Main]: received: android.intent.action.SCREEN_OFF
04-14 21:51:06.876  4642  4797 I EPDG -- SIM1 [EpdgIntentReceiver:Main]: complete: android.intent.action.SCREEN_OFF
04-14 21:51:06.876  4880  4880 I PluginFaceWidgetManager: isEditMode = false
04-14 21:51:06.876  4642  4797 I EPDG -- SIM1 [EpdgHandler]: Event received: SCREEN_OFF cid - 0
04-14 21:51:06.876  4642  4797 I EPDG -- SIM1 [SMARTWIFI]: isProfiling, hash=124651607, started=false
04-14 21:51:06.876  4880  4880 I NowBarItemManager: getVisibleList isScreenTurnedOn = false / aodShowState false shouldControlScreenOff false visibleList size = 0
04-14 21:51:06.876  4642  4781 I EPDG -- SIM0 [EpdgHandler]: mScreenOffIntentReceiver: Removing periodic DNS pending intent
04-14 21:51:06.876  4880  4880 I SecKeyguardClockPositionAlgorithm: prepareClockContainerHeightChanging:
04-14 21:51:06.876  3011  4925 I WindowManager: Relayout hash=baf99fd, pid=0, syncId=-1: mAttrs={(0,0)(fillxfill) gr=TOP CENTER_VERTICAL sim={adjust=pan} layoutInDisplayCutoutMode=always ty=NOTIFICATION_SHADE fmt=TRANSLUCENT or=SCREEN_ORIENTATION_NOSENSOR if=INPUT_FEATURE_DISABLE_USER_ACTIVITY userActivityTimeout=3000
04-14 21:51:06.876  3011  4925 I WindowManager:   fl=81160040
04-14 21:51:06.876  3011  4925 I WindowManager:   pfl=10080200
04-14 21:51:06.876  3011  4925 I WindowManager:   bhv=2
04-14 21:51:06.876  3011  4925 I WindowManager:   frameRateBoostOnTouch=true
04-14 21:51:06.876  3011  4925 I WindowManager:   dvrrWindowFrameRateHint=true screenDimDuration=0 naviIconColor=0
04-14 21:51:06.876  3011  4925 I WindowManager:   sfl=40000}
04-14 21:51:06.876  4880  4880 I PluginFaceWidgetManager: isEditMode = false
04-14 21:51:06.876  4880  4880 I NowBarItemManager: getVisibleList isScreenTurnedOn = false / aodShowState false shouldControlScreenOff false visibleList size = 0
04-14 21:51:06.876  4642  4781 I EPDG -- SIM0 [EpdgPeriodicDns]: resetTimerForPeriodicDns: Reset DNS retry counter
04-14 21:51:06.876  4642  4781 I EPDG -- SIM0 [EpdgPeriodicDns]: Periodic DNS intent is cancelled
04-14 21:51:06.876  4642  4781 I EPDG -- SIM0 [SMARTWIFI]: isProfiling, hash=22621963, started=true
04-14 21:51:06.876  4880  4880 D VRI[NotificationShade]@dfa406c: Setup new sync=wmsSync-VRI[NotificationShade]@dfa406c#78
04-14 21:51:06.876  4880  4880 I VRI[NotificationShade]@dfa406c: Creating new active sync group VRI[NotificationShade]@dfa406c#79
04-14 21:51:06.877  4880  4880 D VRI[NotificationShade]@dfa406c: registerCallbacksForSync syncBuffer=false
04-14 21:51:06.877  7251  7251 W ContextImpl: Calling a method in the system process without a qualified user: android.app.ContextImpl.startService:2068 android.content.ContextWrapper.startService:872 android.content.ContextWrapper.startService:872 com.sec.android.diagmonagent.sa.receiver.CFLogReceiver.onReceive:56 android.app.ActivityThread.handleReceiver:5663 
04-14 21:51:06.877  3011  3011 D SLocation: DeviceStatusNotifyManager - broadcastReceiver.onReceive start 789760847
04-14 21:51:06.877  3011  3011 D SLocation: DeviceStatusNotifyManager - broadcastReceiver.onReceive end 789760848
04-14 21:51:06.877  3011  5151 I SLocation: DeviceStatusNotifyManager - received action : android.intent.action.SCREEN_OFF, package : null
04-14 21:51:06.877  3011  3235 D ActivityManager: sync unfroze 21354 com.android.settings for 3
04-14 21:51:06.878  4880  5052 D SurfaceComposerClient: [SEC_SF_EFFECTS] setBlurRegions NotificationShade$_4880#45708 ## {radius=110, cornerRadii=[50.989, 50.989, 50.989, 50.989], alpha=1.000, rect=[174, 582, 325, 733], clipRect=[0, 0, 2147483647, 2147483647], colorCurve=[0.000000, 10.700001, 255.000000, 70.000000], curveBias=-5.000000, saturation=0.150000, vibrance=[0.000000, (0.000000, 1.000000)], pathData size=0, BlurTint=[(0.000000 0.000000 0.000000) 0.000000, DISABLED]
04-14 21:51:06.878  4880  5052 D SurfaceComposerClient: [SEC_SF_EFFECTS] setBlurRegions NotificationShade$_4880#45708 ## {radius=110, cornerRadii=[50.989, 50.989, 50.989, 50.989], alpha=1.000, rect=[366, 582, 711, 733], clipRect=[0, 0, 2147483647, 2147483647], colorCurve=[0.000000, 10.700001, 255.000000, 70.000000], curveBias=-5.000000, saturation=0.150000, vibrance=[0.000000, (0.000000, 1.000000)], pathData size=0, BlurTint=[(0.000000 0.000000 0.000000) 0.000000, DISABLED]
04-14 21:51:06.878  4880  5052 D SurfaceComposerClient: [SEC_SF_EFFECTS] setBlurRegions NotificationShade$_4880#45708 ## {radius=110, cornerRadii=[50.989, 50.989, 50.989, 50.989], alpha=1.000, rect=[753, 582, 904, 733], clipRect=[0, 0, 2147483647, 2147483647], colorCurve=[0.000000, 10.700001, 255.000000, 70.000000], curveBias=-5.000000, saturation=0.150000, vibrance=[0.000000, (0.000000, 1.000000)], pathData size=0, BlurTint=[(0.000000 0.000000 0.000000) 0.000000, DISABLED]
04-14 21:51:06.878  4880  5052 D VRI[NotificationShade]@dfa406c: Received frameDrawingCallback syncResult=0 frameNum=170.
04-14 21:51:06.878  4880  5052 I VRI[NotificationShade]@dfa406c: mWNT: t=0xb400007528634410 mBlastBufferQueue=0xb4000074f8441a50 fn= 170 HdrRenderState mRenderHdrSdrRatio=1.0 caller= android.view.ViewRootImpl$12.onFrameDraw:15441 android.view.ThreadedRenderer$1.onFrameDraw:718 <bottom of call stack> 
04-14 21:51:06.878  4880  5052 I VRI[NotificationShade]@dfa406c: Setting up sync and frameCommitCallback
04-14 21:51:06.880 21354 21354 I VRI[SettingsHomepageActivity]@a400b0e: onDisplayChanged oldDisplayState=1 newDisplayState=1
04-14 21:51:06.880 21354 21354 I VRI[SubSettings]@75ee07c: onDisplayChanged oldDisplayState=1 newDisplayState=1
04-14 21:51:06.881 21354 21354 I VRI[SettingsHomepageActivity]@a400b0e: onDisplayChanged oldDisplayState=1 newDisplayState=1
04-14 21:51:06.881 21354 21354 I VRI[SubSettings]@75ee07c: onDisplayChanged oldDisplayState=1 newDisplayState=1
04-14 21:51:06.881  5393  4899 I HoneySpace.ScreenTurningOffHelper: Receive broadcast screen off
04-14 21:51:06.881  3011  6023 D LiftUpHandler:   mReceiver.onReceive : ACTION_SCREEN_OFF
04-14 21:51:06.881  4880  5054 I VRI[NotificationShade]@dfa406c: Received frameCommittedCallback lastAttemptedDrawFrameNum=170 didProduceBuffer=true
04-14 21:51:06.881  4880  4880 D VRI[NotificationShade]@dfa406c: reportDrawFinished seqId=109
04-14 21:51:06.882  3011  3044 D WindowManager: finishDrawingWindow: Window{baf99fd u0 NotificationShade} mDrawState=HAS_DRAWN seqId=109
04-14 21:51:06.882  7616  7616 I [MCFDs]_IntentUtil: emitToConsumer - (SCREEN_STATE) ACTION_ID_SCREEN_OFF, consumer size=4
04-14 21:51:06.882  3011  6023 D LiftUpHandler: [LTW] Running already.
04-14 21:51:06.882  7616  7616 I [MCFDs]_ContextManager: onContextChanged - DEVICE STATE : SCREEN_OFF
04-14 21:51:06.882  7616  7616 I [MCFDs]_AccountHelper: updateHashAndMask - type[1], mask[15CAEB1F66], filter[9E8107D7D4], hash[8B4BECC8B2], rotate[41115]
04-14 21:51:06.882  4880  4880 D NavigationBar: setImeWindowStatus displayId=0 vis=0 backDisposition=0 showImeSwitcher=false isImeVisible=false
04-14 21:51:06.882  4880  4880 D KeyguardUpdateMonitor: handlePrimaryBouncerVisibilityChanged false
04-14 21:51:06.882  6170  6170 I [MCFServer]_SubscriberManager: onReceive - ACTION_ID_SCREEN_OFF
04-14 21:51:06.882  4880  4880 I FaceWidgetWindowManager: onPrimaryBouncerVisibilityChanged() = false
04-14 21:51:06.882  4880  4880 D KeyguardUpdateMonitor: updateBiometricListeningState()
04-14 21:51:06.882  6170  6170 I [MCFServer]_BleAdapterManager: onReceive - ACTION_ID_SCREEN_OFF
04-14 21:51:06.882  4880  4880 D KeyguardFingerprint: shouldListenForFingerprint ( isFingerprintEnabled = true , mKeyguardIsVisible = true , mDeviceInteractive = false , mPrimaryBouncerIsOrWillBeShowing = false , mPrimaryBouncerFullyShown = false , mGoingToSleep = true , mSwitchingUser = false , mIsDreamingForBiometrics = true , mKeyguardUnlocking = false , mKeyguardGoingAway = false , mKeyguardShowing = true , mKeyguardOccluded = false , mSystemReady = true , mHasFocus = true
04-14 21:51:06.882  7616 17949 I [MCFDs]_BleScanner(Account): stopScan - stop
04-14 21:51:06.882  4880  4880 D KeyguardFingerprint: updateFingerprintListeningState#mFingerprintRunningState=1 shouldListenForFingerprint=true isUdfpsEnrolled=false bioType : 1
04-14 21:51:06.882  6170  6170 I [MCFServer]_BleScanner(Subscriber): stopScan - stop
04-14 21:51:06.882  4880  4880 D KeyguardFingerprint: shouldListenForFingerprint ( isFingerprintEnabled = true , mKeyguardIsVisible = true , mDeviceInteractive = false , mPrimaryBouncerIsOrWillBeShowing = false , mPrimaryBouncerFullyShown = false , mGoingToSleep = false , mSwitchingUser = false , mIsDreamingForBiometrics = true , mKeyguardUnlocking = false , mKeyguardGoingAway = false , mKeyguardShowing = true , mKeyguardOccluded = false , mSystemReady = true , mHasFocus = true
04-14 21:51:06.882  4880  4880 D KeyguardFingerprint: updateFingerprintListeningState#mFingerprintRunningState=1 shouldListenForFingerprint=true isUdfpsEnrolled=false bioType : 1
04-14 21:51:06.882  4880  5083 I KeyguardViewMediator: onFinishedGoingToSleep : ACTION_SNOTE_SCREEN_OFF
04-14 21:51:06.883  3011  4975 I ActivityManager: Changes in 10125 10 to 10, 128 to 0
04-14 21:51:06.883  4880  4880 D AppController: screen_off : action = android.intent.action.SCREEN_OFF
04-14 21:51:06.883  4880  5635 D AppController: screen_off : unregist SensorManager 
04-14 21:51:06.883  4880  4880 W Bundle  : Key reason expected String but value was a java.lang.Integer.  The default value <null> was returned.
04-14 21:51:06.883  4880  4880 W Bundle  : Attempt to cast generated internal exception:
04-14 21:51:06.883  4880  4880 W Bundle  : java.lang.ClassCastException: java.lang.Integer cannot be cast to java.lang.String
04-14 21:51:06.883  4880  4880 W Bundle  : 	at android.os.BaseBundle.getString(BaseBundle.java:1446)
04-14 21:51:06.883  4880  4880 W Bundle  : 	at android.content.Intent.getStringExtra(Intent.java:10239)
04-14 21:51:06.883  4880  4880 W Bundle  : 	at com.android.systemui.globalactions.GlobalActionsDialogLite$7.onReceive(qb/107205452 beea46cacef6ff3f0083c7e35fee309c737f9c5a0bd6bec8e5ae861ce50a589f:54)
04-14 21:51:06.883  4880  4880 W Bundle  : 	at com.android.systemui.broadcast.ActionReceiver$onReceive$1$1$1.run(qb/107205452 beea46cacef6ff3f0083c7e35fee309c737f9c5a0bd6bec8e5ae861ce50a589f:22)
04-14 21:51:06.883  4880  4880 W Bundle  : 	at android.os.Handler.handleCallback(Handler.java:995)
04-14 21:51:06.883  4880  4880 W Bundle  : 	at android.os.Handler.dispatchMessage(Handler.java:103)
04-14 21:51:06.883  4880  4880 W Bundle  : 	at android.os.Looper.loopOnce(Looper.java:273)
04-14 21:51:06.883  4880  4880 W Bundle  : 	at android.os.Looper.loop(Looper.java:363)
04-14 21:51:06.883  4880  4880 W Bundle  : 	at android.app.ActivityThread.main(ActivityThread.java:10060)
04-14 21:51:06.883  4880  4880 W Bundle  : 	at java.lang.reflect.Method.invoke(Native Method)
04-14 21:51:06.883  4880  4880 W Bundle  : 	at com.android.internal.os.RuntimeInit$MethodAndArgsCaller.run(RuntimeInit.java:632)
04-14 21:51:06.883  4880  4880 W Bundle  : 	at com.android.internal.os.ZygoteInit.main(ZygoteInit.java:975)
04-14 21:51:06.883  4880  4880 D #SAT_VolumeStarStore: dispatch [ACTION_SCREEN_OFF with [STATE_NO_DISPATCH], currentAction={isFromOutside : true}, currentState={activeStream=3(vol=810), stream=3(vol=810) } isVoiceCapable : true, isMediaDefaultEnabled : true, isCaptionComponentEnabled : true, isHasVibrator : true, isZenMode : true, ringerModeInternal : 2, pinDevice : 0, timeOutControls : 0, iconCurrentState : 2, timeOut : 3000, activeStream : 3, iconTargetState : 2, cutoutHeight : 0, timeOutControlsText : 0, stream : 3, earProtectLevel : 909, systemTimeNow : 346520765}
04-14 21:51:06.883  2085  2085 I sensors-hal: activate:300, android.sensor.device_orientation/271 en=0
04-14 21:51:06.883  4880  4880 D #SAT_VolumeStarStore:   * New State : [STATE_NO_DISPATCH]
04-14 21:51:06.883  2085  2085 I sensors-hal: deactivate:283, auto_rotation: 1, type 2
04-14 21:51:06.883  2085  2085 I sensors-hal: send_sync_sensor_request:508, send sync request
04-14 21:51:06.883  2085  2085 I sensors-hal: send_sync_sensor_request:518, send_sync_sensor_request before send_request for auto_rotation with SUID low=8603657889541918976 high=1320970896291267344
04-14 21:51:06.883  4880  4880 D SecLifecycle: wakefulness=0
04-14 21:51:06.883  2085  2085 I sensors-hal: send_sync_sensor_request:537, wait for notification of response
04-14 21:51:06.883  4880  4880 D FaceWidgetViewModel: onFinishedGoingToSleep
04-14 21:51:06.883  4880  4880 D FaceWidgetViewModel: updateInfoParameters(sleep) isAODState = false, clockSidePadding = (0, 0), musicSidePadding = (30, 30)
04-14 21:51:06.884  4880  4880 D FaceWidgetWakefulnessLifecycle: onFinishedGoingToSleep
04-14 21:51:06.884  4880  4880 I FaceWidgetWindowManager: removeAllViews
04-14 21:51:06.884  4880  4880 I NowBarItemManager: notifyForceUpdate
04-14 21:51:06.884  4880  4880 I NowBarCardViewModel: updateView isCollapsed = true screenOn=false
04-14 21:51:06.884  4880  4880 E NowBarCardStackView: getTopCard topCard is null view size = 0
04-14 21:51:06.884  3011  3235 I ActivityManager: Changes in 10181 8 to 8, 0 to 128
04-14 21:51:06.884  4880  4880 I PluginFaceWidgetManager: isEditMode = false
04-14 21:51:06.884  4880  4880 I NowBarItemManager: getVisibleList isScreenTurnedOn = false / aodShowState false shouldControlScreenOff false visibleList size = 0
04-14 21:51:06.884  4880  4880 I NowBarCardViewModel: setVisibility visible = 0 / nowBarRootVisibility = 0
04-14 21:51:06.884  4880  4880 I NowBarItemManager: getVisibleList isScreenTurnedOn = false / aodShowState false shouldControlScreenOff false visibleList size = 0
04-14 21:51:06.884  4880  4880 I NowBarCardStackView: refreshAllViews itemList 0 aod.o5.s:71 aod.Sw0.B:16 com.samsung.android.app.facewidget.utils.NowBarCardStackView.m:14 com.samsung.android.app.facewidget.presentation.NowBarCardViewModel.x:174 com.samsung.android.app.facewidget.presentation.NowBarCardViewModel.j:38 com.samsung.android.app.facewidget.domain.NowBarItemManager.k:31 aod.nj0.a:124 com.samsung.android.app.facewidget.FaceWidgetViewModel.onFinishedGoingToSleep:52 com.samsung.android.app.facewidget.plugin.PluginKeyguardStatusViewImpl.onFinishedGoingToSleep:4 java.lang.reflect.Method.invoke:-2 com.android.systemui.plugins.annotations.VersionCheckingProxy.invoke:100 java.lang.reflect.Proxy.invoke:1006 $Proxy7.onFinishedGoingToSleep:-1 com.android.systemui.facewidget.plugin.FaceWidgetWakefulnessLifecycleWrapper$1.onFinishedGoingToSleep:7 com.android.systemui.keyguard.WakefulnessLifecycle$$ExternalSyntheticLambda0.accept:12 
04-14 21:51:06.884  4880  4880 E NowBarCardStackView: getTopCard topCard is null view size = 0
04-14 21:51:06.884  4880  4880 I NowBarCardStackView: refreshAllViews topcard is null
04-14 21:51:06.884  4880  4880 I NowBarCardStackView: refreshAllViews prev = 0 / new = 0   ==> 
04-14 21:51:06.884  4880  4880 E NowBarCardStackView: getTopCard topCard is null view size = 0
04-14 21:51:06.884  4880  4880 I NowBarCardStackView: updateCardVisibilityByExpandState false / viewMode = LOCKSCREEN
04-14 21:51:06.884  4880  4880 E NowBarCardStackView: getTopCard topCard is null view size = 0
04-14 21:51:06.884  4880  4880 E NowBarCardViewModel: updateExpandedClickPanelVisibility screen on = false expanded false isTopCardSettingViewOpened = false
04-14 21:51:06.884  4880  4880 I NowBarCardViewModel: onSettingViewVisibilityChanged visible = false / isCollapsed = true
04-14 21:51:06.884  4880  4880 D NotificationPanelView: setNowBarExpandMode() enabled = false, duration = 300, listener = null, mKeyguardSecBottomArea = com.android.systemui.statusbar.phone.KeyguardSecBottomAreaView{1bbf059 V.E...... ........ 0,0-1080,2340 #7f0a05fd app:id/keyguard_bottom_shortcut_area}
04-14 21:51:06.884  4880  4880 D KeyguardSecAffordanceView: setNowBarExpandMode interactive: false, mIsNowBarVisible: false, LeftShortcut
04-14 21:51:06.884  4880  4880 D KeyguardSecAffordanceView: setNowBarExpandMode interactive: false, mIsNowBarVisible: false, RightShortcut
04-14 21:51:06.884  4880  4880 D KeyguardIndication: setVisible() false in dozing
04-14 21:51:06.884  8555  8555 I GW_NOTI-Provider-Fit3: EventHandlerNew.onReceive - event received
04-14 21:51:06.884  4880  4880 D KeyguardSecIndicationPolicy:  remove Item pos = DEFAULT, type =     LEGACY_TRANSIENT
04-14 21:51:06.884  4880  4880 D KeyguardSecIndicationController: addTrustAgentHelp false
04-14 21:51:06.884  4880  4880 D KeyguardSecIndicationPolicy:  remove Item pos = DEFAULT, type =     TRUST_AGENT_HELP
04-14 21:51:06.884  4880  4880 D KeyguardSecIndicationController: addUsbRestriction false/isSecure=true
04-14 21:51:06.884  2250  2250 I SurfaceFlinger: destroyed FP Iconview$_11028#45711 form LifecycleManager
04-14 21:51:06.884  2250  2250 I SurfaceFlinger: id=45711 onLayerDestroyed from LayerHierarchyBuilder(RequestedLayerState{FP Iconview$_11028#45711 !handle})
04-14 21:51:06.884  8555  8555 I GW_NOTI-Provider-Fit3: EventHandlerNew.onReceive - execution completed
04-14 21:51:06.884  4880  4880 D KeyguardSecIndicationPolicy:  remove Item pos = DEFAULT, type =      USB_RESTRICTION
04-14 21:51:06.884  4880  4880 D KeyguardSecIndicationController: addBatteryAndOwnerInfoIndication() battery status = BatteryStatus{status=4,level=79,plugged=2,chargingStatus=0,maxChargingWattage=-1,remaining=0ultraFastCharger=1}
04-14 21:51:06.884  2085  4565 I sensors-hal: qsh_conn_resp_cb:930, resp_value = 0 for auto_rotation 
04-14 21:51:06.884  2085  2085 I sensors-hal: send_sync_sensor_request:543, takes 1 ms to receive the response with 0
04-14 21:51:06.884  8555 20987 I GW_NOTI-Provider-Fit3: EventHandlerNew.handleEvent - action: android.intent.action.SCREEN_OFF
04-14 21:51:06.884  2085  2085 I sensors-hal: activate:330, android.sensor.device_orientation/271 en=0 completed
04-14 21:51:06.885  4880  4880 D KeyguardSecIndicationPolicy:  add T Event pos = DEFAULT, type =              BATTERY, id =  2733, text =  79%
04-14 21:51:06.885  4880  4880 D KeyguardSecIndicationPolicy: Charging stopped to protect battery, duration = 3000
04-14 21:51:06.885  8555 20987 I GW_NOTI-Provider-Fit3: NormalEventHandlerNew.processScreenOff - Called
04-14 21:51:06.885  4880  4880 D KeyguardSecIndicationPolicy:   update top pos = DEFAULT, item = [id=2731|ty=BATTERY|pr=40|txt= 79%
04-14 21:51:06.885  4880  4880 D KeyguardSecIndicationPolicy: Charging stopped to protect battery|ti=duration=3000|an=false] -> [id=2733|ty=BATTERY|pr=40|txt= 79%
04-14 21:51:06.885  4880  4880 D KeyguardSecIndicationPolicy: Charging stopped to protect battery|ti=duration=3000|an=false]
04-14 21:51:06.885  4880  4880 D KeyguardSecIndicationController: onIndicationChanged() return - keyguard is not visible, pos = DEFAULT, item = [id=2733|ty=BATTERY|pr=40|txt= 79%
04-14 21:51:06.885  4880  4880 D KeyguardSecIndicationController: Charging stopped to protect battery|ti=duration=3000|an=false]
04-14 21:51:06.885  4880  4880 D KeyguardSecIndicationPolicy: update Event pos = DEFAULT, type =      BATTERY_RESTING, id =  2734, text =  79%
04-14 21:51:06.885  4880  4880 D KeyguardSecIndicationPolicy: Charging stopped to protect battery
04-14 21:51:06.885  8555 20987 I GW_NOTI-HM_Fit3: NSHostManager-HM.value mNSHostManager:  com.samsung.wearable.hostmanager.service.NSHostManager@ead615a
04-14 21:51:06.885  4880  4880 D SecQuickSettingsAffordanceInteractor: isEnabled: SecPanelSplitHelper.isEnabled is false
04-14 21:51:06.885  4880  4880 E NowBarCardStackView: getTopCard topCard is null view size = 0
04-14 21:51:06.885  4880  4880 E NowBarCardViewModel: updateExpandedClickPanelVisibility screen on = false expanded false isTopCardSettingViewOpened = false
04-14 21:51:06.885  4880  4880 I NowBarCardStackView: updateCardVisibilityBySettingView isExpandedCardState = false  / settingViewOpened false
04-14 21:51:06.885  4880  4880 I NowBarCardStackView: startAiCardEffect needToHide = true
04-14 21:51:06.885  4880  4880 I NowBarGuidingEffect: hide effectLeftShortCut null effectNowBarCenterView null effectRightShortCut null centerCardView null
04-14 21:51:06.885  8555 20987 I GW_NOTI-HM_Fit3: NSHostManager-HM.getConnectedWearableDeviceID()::mHostManager = com.samsung.wearable.hostmanager.service.HostManager@125e175
04-14 21:51:06.885  4880  4880 D FaceWidgetClockPage: updateClockSuspendState() reason = sleep, suspend=true, pause=false, kv=true, wa=true, di=false, wu=false, aodDash=false
04-14 21:51:06.885  4880  4880 I DigitalHorizontalClockView_LOCK_SCREEN_2@828: suspend : mSuspend = false, enable = true
04-14 21:51:06.885  4880  4880 I DigitalHorizontalClockView_LOCK_SCREEN_2@828: onSuspendStateChanged: to true
04-14 21:51:06.885  2250  2250 D SurfaceFlinger: GPIS:: requestGpisForBlur
04-14 21:51:06.885  8555 20987 I HMApplication: getWearableConnectionMgr() - sWConnectionMgr: com.samsung.wearable.hostmanager.connection.WearableConnectionManager@9ed00ac
04-14 21:51:06.885  8555 20987 I WearableConnectionManager: getConnectedBTAddress() :null
04-14 21:51:06.885  8555 20987 I HMApplication: getWearableConnectionMgr() - sWConnectionMgr: com.samsung.wearable.hostmanager.connection.WearableConnectionManager@9ed00ac
04-14 21:51:06.885  2250  2250 I Layer   : id=45711 Destroyed FP Iconview$_11028#45711
04-14 21:51:06.885  8555 20987 I WearableConnectionManager: getConnectedBTAddress() :null
04-14 21:51:06.885  3011  4975 I ActivityManager: Changes in 10181 8 to 8, 128 to 0
04-14 21:51:06.886  4880  5635 D SensorManager: unregisterListener
04-14 21:51:06.886  8555 20987 I GW_NOTI-HM_Fit3: CommonUtil.getDeviceId deviceId: null
04-14 21:51:06.886  8555 20987 E GW_NOTI-Provider-Fit3: NotiSettingsUtil.getMuteOnPhoneStatus - deviceId is null, so return false
04-14 21:51:06.886  8555 20987 I GW_NOTI-Provider-Fit3: NotificationSettingsManager.updatePhoneAlertMuteState - update reason: PHONE_SCREEN_OFF, is mute settings enabled on phone: false
04-14 21:51:06.886  8555 20987 I GW_NOTI-Provider-Fit3: NotificationSettingsManager.requestListenerHints - hint: 0
04-14 21:51:06.886  8555 20987 I GW_NOTI-Provider-Fit3: NotiSettingsUtil.isNonSamsungPhoneOrBelowSOS - returning false
04-14 21:51:06.887  8555 20987 I GW_NOTI-Provider-Fit3: NotificationSettingsManager.handleMutePolicyForSamsungAndAboveROS - hint: 0
04-14 21:51:06.887  8555 20987 I GW_Noti-Hm/NotificationManager: requestListenerHintsForSamsungAboveROS - state: 0 OS: 36
04-14 21:51:06.887  3011  4974 D NotificationService: NMS : requestListenerHintsForWearable state=0
04-14 21:51:06.887  8555 20987 I GW_Noti-Hm/NotificationManager: requestListenerHintsForSamsungAboveROS - reflectUtil returns: true
04-14 21:51:06.887  8555 20987 I GW_NOTI-Provider-Fit3: NotificationSettingsSharedPrefHelper.setCurrentNotiHintState - value: 0
04-14 21:51:06.887  8555 20987 I GW_NOTI-Provider-Fit3: NotificationSettingsManager.saveCurrentHintStateValue - value: 0, isSaved: true
04-14 21:51:06.887  5393 10693 I HoneySpace.SystemUiRepository: systemUiFlags: overview_disabled|home_disabled|navbar_hidden|notif_expanded|keygrd_visible|device_dozing|notif_visible
04-14 21:51:06.887  4880  4880 I DigitalHorizontalClockView_LOCK_SCREEN_2@828: onTimeChanged : [DateTimeInfo : date = Tue 14 Apr, hourMin = 21:51, hourMinSec = , hour = 21, minute = 51, amPm  = , colon = :, second = , timezone = null, isLeftOfAmPm = false, ttsDate = Tuesday 14 April], timeInMillis = 1776196266885
04-14 21:51:06.887  4880  4880 I DigitalHorizontalClockView_LOCK_SCREEN_2@828: updatePaletteItemTransition : paletteItem = SOLID color : FFAFCC3A, animation = false, dozeAmount = 1.0
04-14 21:51:06.887  5184  6730 I bt_shim_scanner: system/main/shim/le_scanning_manager.cc:141 Unregister: in shim layer, scannerId=5
04-14 21:51:06.887  5184  5765 W bluetooth: system/gd/hci/le_scanning_manager.cc:697 unregister_scanner: unregister_scanner
04-14 21:51:06.887  4880  4880 I DigitalHorizontalClockView_LOCK_SCREEN_2@828: scaleDateView: viewWidth=438.0, maxWidth=934, mSubLauncherScale=1.0
04-14 21:51:06.887  4880  4880 I DigitalHorizontalClockView_LOCK_SCREEN_2@828: scaleTimeView: measureWidth=570.0, maxWidth=934, mSubLauncherScale=1.0
04-14 21:51:06.888  7616 17949 I [MCFDs]_BleScanner(Buds): stopScan - stop
04-14 21:51:06.888  5393 20603 I HoneySpace.KeyguardStateRepositoryImpl: KEYGUARD_GOING_AWAY: false
04-14 21:51:06.888  8555  8555 I ModenCall$SACallHandlerService@240930_1: onReceive intent action: android.intent.action.SCREEN_OFF
04-14 21:51:06.888  4880  4880 D KeyguardSecIndicationPolicy:    removeAll
04-14 21:51:06.888  4880  4880 D KeyguardSecIndicationPolicy:   update top pos = DEFAULT, item = [id=2733|ty=BATTERY|pr=40|txt= 79%
04-14 21:51:06.888  4880  4880 D KeyguardSecIndicationPolicy: Charging stopped to protect battery|ti=duration=3000|an=false] -> [id=0|ty=EMPTY_LOW|pr=1|txt=|ti=duration=PERSISTENT|an=false]
04-14 21:51:06.888  5393  5560 I HoneySpace.TaskbarEventTracker: invokeEvent() called with: event = SystemUiStateChanged(stateFlags=1075839430)
04-14 21:51:06.888  9574  9574 I Receiver_Screen: onReceive:  in=1776196266888
04-14 21:51:06.888  4880  4880 D PowerUI.Notification: dismissUnintentionallyLcdOnNotice
04-14 21:51:06.888  4880  4880 D S.S.N.  :  onFinishedGoingToSleep
04-14 21:51:06.888  8555  8555 I ICHostManager: getConnectedWearableDeviceID()::mHostManager = com.samsung.wearable.hostmanager.service.HostManager@125e175
04-14 21:51:06.888  8555  8555 I WearableConnectionManager: getConnectedBTAddress() :null
04-14 21:51:06.888  9574  9574 I Receiver_Screen: onReceive: ACTION_SCREEN_OFF
04-14 21:51:06.888  4880  4880 D QuickPanelLog: NPVC | setTouchAndAnimationDisabled: true -> true
04-14 21:51:06.888  4880  4880 D QuickPanelLog:  - com.android.systemui.shade.NotificationPanelViewController.setTouchAndAnimationDisabled:30
04-14 21:51:06.888  4880  4880 D QuickPanelLog:  - com.android.systemui.statusbar.phone.CentralSurfacesImpl.updateNotificationPanelTouchState:91
04-14 21:51:06.888  4880  4880 D QuickPanelLog:  - com.android.systemui.statusbar.phone.CentralSurfacesImpl$9.onFinishedGoingToSleep:24
04-14 21:51:06.888  4880  4880 D QuickPanelLog:  - com.android.systemui.keyguard.WakefulnessLifecycle$$ExternalSyntheticLambda0.accept:12
04-14 21:51:06.888  4880  4880 D QuickPanelLog:  - com.android.systemui.keyguard.SecLifecycle.dispatch:171
04-14 21:51:06.888  4880  4880 D QuickPanelLog:  - com.android.systemui.keyguard.KeyguardLifecyclesDispatcher$KeyguardLifecycleHandler.handleMessage:66
04-14 21:51:06.888  4880  4880 D QuickPanelLog:  - android.os.Handler.dispatchMessage:110
04-14 21:51:06.888  4880  4880 D QuickPanelLog:  - android.os.Looper.loopOnce:273
04-14 21:51:06.888  4880  4880 D QuickPanelLog:  - android.os.Looper.loop:363
04-14 21:51:06.888  4880  4880 D QuickPanelLog:  - android.app.ActivityThread.main:10060
04-14 21:51:06.888  8555  8555 I ModenCall$SACallHandlerService@240930_1: getConnectedDeviceID = <Empty>
04-14 21:51:06.888  4880  4880 D KeyguardTouchAnimator: onExpansionReset
04-14 21:51:06.888  4880  4880 D KeyguardTouchAnimator: reset unlockExecuted=false
04-14 21:51:06.888  4880  4880 D KeyguardEditModeAnimatorController: reset true
