04-14 21:58:43.900  4579  4710 D SatelliteController: isInCarrierRoamingNbIotNtn: satellite is disabled
04-14 21:58:43.905  4642  4642 I EPDG -- SIM0 [SMARTCELLULAR]: onSignalStrengthsChanged: SignalStrength:{mCdma=Invalid,mGsm=Invalid,mWcdma=Invalid,mTdscdma=Invalid,mLte=CellSignalStrengthLte: rssi=-65 rsrp=-97 rsrq=-14 rssnr=0 cqiTableIndex=2147483647 cqi=2147483647 ta=2147483647 level=4 parametersUseForLevel=0,mNr=CellSignalStrengthNr:{ csiRsrp = 2147483647 csiRsrq = 2147483647 csiCqiTableIndex = 2147483647 csiCqiReport = [] ssRsrp = -106 ssRsrq = -12 ssSinr = 6 level = 1 parametersUseForLevel = 0 timingAdvance = 2147483647 },SignalBarInfo{ lteLevel=3 nrLevel=3 },rat=14,primary=CellSignalStrengthLte}
04-14 21:58:43.906  4642  6896 I EPDG -- SIM0 [SMARTCELLULAR]: lastLteRSRP is -97 currentLteRSRP is -97 lastLteRSRQ is -14 currentLteRSRQ is -14 lastLteSNR is 0 currentLteSNR is 0
04-14 21:58:43.906  4642  6896 I EPDG -- SIM0 [SMARTCELLULAR]: Not valid cellular signal strength
04-14 21:58:44.014  2188  2188 I thermal_service: getTemperaturesWithType TemperatureType: 3
04-14 21:58:44.271  3011  4036 D InputReader: Btn_touch(7): value=1 when=350038.716396
04-14 21:58:44.272  3011  4036 I InputReader: Touch event's action is 0x0 (id=6, t=0) [pCnt=1, s=0.32855 ] when=350038.716396
04-14 21:58:44.273  3011  4033 I InputDispatcher: Delivering touch to (4880): action: 0x4, f=0x0, d=0, '590a5ec', t=1 
04-14 21:58:44.274  3011  4033 I InputDispatcher: Delivering touch to (8081): action: 0x0, f=0x0, d=0, 'eeeb15f', t=1 
04-14 21:58:44.274  3011  4033 D PowerManagerService: [api] userActivityFromNative : touch displayId=0 eventTime=350038716
04-14 21:58:44.274  8081  8081 I VRI[MainActivity]@b12dc6f: ViewPostIme pointer 0
04-14 21:58:44.275  3011  3227 I GestureDetector: obtain mCurrentDownEvent. id: 106922904 caller: com.android.server.wm.SystemGesturesPointerEventListener.onPointerEvent:17 com.android.server.wm.PointerEventDispatcher.onInputEvent:51 android.view.InputEventReceiver.dispatchInputEvent:392 
04-14 21:58:44.275  3011  3227 I GestureDetector: obtain mCurrentDownEvent. id: 106922904 caller: com.android.server.wm.SystemPerformancePointerEventListener.onPointerEvent:13 com.android.server.wm.PointerEventDispatcher.onInputEvent:51 android.view.InputEventReceiver.dispatchInputEvent:392 
04-14 21:58:44.280  3011  3227 I GestureDetector: obtain mCurrentMotionEventRaw. action: 2 id: 1015332581
04-14 21:58:44.280  3011  3227 I GestureDetector: obtain mCurrentMotionEventRaw. action: 2 id: 1015332581
04-14 21:58:44.312  2080  6509 I vendor.qti.bluetooth@1.1-ibs_handler: ProcessIbsCmd: Received IBS_WAKE_IND: 0xFD
04-14 21:58:44.312  2080  6509 D vendor.qti.bluetooth@1.1-ibs_handler: SerialClockVote: vote for UART CLK ON
04-14 21:58:44.312  2080  6509 D vendor.qti.bluetooth@1.1-wake_lock: Acquire wakelock is acquired 
04-14 21:58:44.312  2080  6509 I vendor.qti.bluetooth@1.1-ibs_handler: ProcessIbsCmd: Writing IBS_WAKE_ACK
04-14 21:58:44.323  5184  6521 I ScanController: onScanResult to scannerId: 7- eventType=0x1b, addressType=1, address=XX:XX:XX:XX:6F:A9, primaryPhy=1, secondaryPhy=0, advertisingSid=0xff, txPower=127, rssi=-95, periodicAdvInt=0x0
04-14 21:58:44.359  2245  2259 E HeatmapThread: ECT Thread time in milliseconds: 1776196724
04-14 21:58:44.364  2080  6509 I vendor.qti.bluetooth@1.1-ibs_handler: ProcessIbsCmd: Received IBS_SLEEP_IND: 0xFE
04-14 21:58:44.364  2080  6509 D vendor.qti.bluetooth@1.1-ibs_handler: SerialClockVote: vote for UART CLK OFF
04-14 21:58:44.366  2245  2259 D HeatmapThread: !@ batteryplugType : 2
04-14 21:58:44.366  2245  2259 D HeatmapThread: !@ batteryLevel : 79  batteryTemperature : 289 
04-14 21:58:44.366  2245  2259 D HeatmapThread: !@ Heatmap currtime: 29603278
04-14 21:58:44.367  2245  2259 D HeatmapThread: !@ Heatmap prevtime: 29603274
04-14 21:58:44.367  2245  2259 D HeatmapThread: !@ Heatmap plugstarttime: 29603071
04-14 21:58:44.367  2245  2259 D HeatmapThread: !@ Heatmap prevv_dsoh_update_time: 29603251
04-14 21:58:44.368  2245  2259 E HeatmapThread: !@ CAM New BSOH: 100
04-14 21:58:44.368  2245  2259 E HeatmapThread: !@ CAM is Working
04-14 21:58:44.379  3011  4036 D InputReader: Btn_touch(7): value=0 when=350038.823963
04-14 21:58:44.379  3011  4036 I InputReader: Touch event's action is 0x1 (id=6, t=0) [pCnt=1, s=] when=350038.823963
04-14 21:58:44.380  3011  4033 I InputDispatcher: Delivering touch to (8081): action: 0x1, f=0x0, d=0, 'eeeb15f', t=1 
04-14 21:58:44.380  2080  6509 I vendor.qti.bluetooth@1.1-ibs_handler: ProcessIbsCmd: Received IBS_WAKE_IND: 0xFD
04-14 21:58:44.380  2080  6509 D vendor.qti.bluetooth@1.1-ibs_handler: SerialClockVote: vote for UART CLK ON
04-14 21:58:44.380  2080  6509 I vendor.qti.bluetooth@1.1-ibs_handler: ProcessIbsCmd: Writing IBS_WAKE_ACK
04-14 21:58:44.380  8081  8081 I VRI[MainActivity]@b12dc6f: ViewPostIme pointer 1
04-14 21:58:44.385  5184  6521 I ScanController: onScanResult to scannerId: 12- eventType=0x0, addressType=1, address=XX:XX:XX:XX:A7:D8, primaryPhy=1, secondaryPhy=1, advertisingSid=0x3, txPower=127, rssi=-70, periodicAdvInt=0x0
04-14 21:58:44.413  3011  5011 I BatteryService_BatteryPropertiesRegistrar: [getProperty]id:2
04-14 21:58:44.414  3011  5011 I BatteryService_BatteryPropertiesRegistrar: [getProperty]prop.long:-9223372036854775808 ,prop.string:null
04-14 21:58:44.416  3011  5011 I BatteryService_BatteryPropertiesRegistrar: [getProperty]id:4
04-14 21:58:44.416  3011  5011 I BatteryService_BatteryPropertiesRegistrar: [getProperty]prop.long:-9223372036854775808 ,prop.string:null
04-14 21:58:44.422  2080  6509 I vendor.qti.bluetooth@1.1-ibs_handler: ProcessIbsCmd: Received IBS_SLEEP_IND: 0xFE
04-14 21:58:44.423  2080  6509 D vendor.qti.bluetooth@1.1-ibs_handler: SerialClockVote: vote for UART CLK OFF
04-14 21:58:44.456  2080  6509 I vendor.qti.bluetooth@1.1-ibs_handler: ProcessIbsCmd: Received IBS_WAKE_IND: 0xFD
04-14 21:58:44.456  2080  6509 D vendor.qti.bluetooth@1.1-ibs_handler: SerialClockVote: vote for UART CLK ON
04-14 21:58:44.456  2080  6509 I vendor.qti.bluetooth@1.1-ibs_handler: ProcessIbsCmd: Writing IBS_WAKE_ACK
04-14 21:58:44.460  5184  6521 I ScanController: onScanResult to scannerId: 7- eventType=0x1b, addressType=1, address=XX:XX:XX:XX:FA:BE, primaryPhy=1, secondaryPhy=0, advertisingSid=0xff, txPower=127, rssi=-70, periodicAdvInt=0x0
04-14 21:58:44.461  5184  6521 I ScanController: onScanResult to scannerId: 7- eventType=0x1b, addressType=1, address=XX:XX:XX:XX:CD:22, primaryPhy=1, secondaryPhy=0, advertisingSid=0xff, txPower=127, rssi=-70, periodicAdvInt=0x0
04-14 21:58:44.499  2080  6509 I vendor.qti.bluetooth@1.1-ibs_handler: ProcessIbsCmd: Received IBS_SLEEP_IND: 0xFE
04-14 21:58:44.499  2080  6509 D vendor.qti.bluetooth@1.1-ibs_handler: SerialClockVote: vote for UART CLK OFF
04-14 21:58:44.574  3011  3227 I GestureDetector: handleMessage TAP
04-14 21:58:44.575  3011  3011 I GestureDetector: handleMessage TAP
04-14 21:58:44.650  2080  5774 D vendor.qti.bluetooth@1.1-wake_lock: Release wakelock is released 
04-14 21:58:44.855  4579  4710 D SatelliteController: isInCarrierRoamingNbIotNtn: satellite is disabled
04-14 21:58:44.900 25814 18719 I NearbyMediums: No BLE Fast/GATT advertisements found in the latest cycle.
04-14 21:58:44.901 25814 18719 I NearbyMediums: Current Tracked Scanning Clients are : {NearbyConnections.EnvironmentMonitor, NearbyConnections.TxAdvertisement}
04-14 21:58:45.020  2188  2188 I thermal_service: getTemperaturesWithType TemperatureType: 3
04-14 21:58:45.034  3011  4329 D UsbStatsMonitor: 0 0 0 0 0 0 0 0 0 0 0 0 0 0 0 0 0 0 0 0 0 0 0 0 0 0 0 0 0 0 0 0 0 0 0 0 0 0 0 0 0 0 0 0 0 0 0 0 0 0 0 0 0 0 0 0 0 214748364802
04-14 21:58:45.063  4642  4781 I EPDG -- [EPDGTimers]: TEPDGLTE timer tick
04-14 21:58:45.324  2085  4565 I sensors-hal: handle_sns_client_event:190, auto_rotation_debug_2 mode,255, type,1,0 acc,-0.043,7.346,6.528, ar,0, ver,14, pedo,1,e,1,i,3
04-14 21:58:45.328  2085 18598 I sensors-hal: handle_sns_client_event:375, [0][8225] accel_sample [-0.105,  7.281,  6.741] 790217880140449
04-14 21:58:45.359  2245  2259 E HeatmapThread: ECT Thread time in milliseconds: 1776196725
04-14 21:58:45.363  2245  2259 D HeatmapThread: !@ batteryplugType : 2
04-14 21:58:45.363  2245  2259 D HeatmapThread: !@ batteryLevel : 79  batteryTemperature : 289 
04-14 21:58:45.363  2245  2259 D HeatmapThread: !@ Heatmap currtime: 29603278
04-14 21:58:45.363  2245  2259 D HeatmapThread: !@ Heatmap prevtime: 29603274
04-14 21:58:45.363  2245  2259 D HeatmapThread: !@ Heatmap plugstarttime: 29603071
04-14 21:58:45.363  2245  2259 D HeatmapThread: !@ Heatmap prevv_dsoh_update_time: 29603251
04-14 21:58:45.363  2245  2259 E HeatmapThread: !@ CAM New BSOH: 100
04-14 21:58:45.363  2245  2259 E HeatmapThread: !@ CAM is Working
04-14 21:58:45.403  3011  4036 D InputReader: Btn_touch(7): value=1 when=350039.848399
04-14 21:58:45.404  3011  4036 I InputReader: Touch event's action is 0x0 (id=6, t=0) [pCnt=1, s=0.32856 ] when=350039.848399
04-14 21:58:45.405  3011  4033 I InputDispatcher: Delivering touch to (4880): action: 0x4, f=0x0, d=0, '590a5ec', t=1 
04-14 21:58:45.406  3011  4033 I InputDispatcher: Delivering touch to (8081): action: 0x0, f=0x0, d=0, 'eeeb15f', t=1 
04-14 21:58:45.406  8081  8081 I VRI[MainActivity]@b12dc6f: ViewPostIme pointer 0
04-14 21:58:45.406  3011  4033 D PowerManagerService: [api] userActivityFromNative : touch displayId=0 eventTime=350039848
04-14 21:58:45.408  3011  3227 I GestureDetector: obtain mCurrentDownEvent. id: 889621925 caller: com.android.server.wm.SystemGesturesPointerEventListener.onPointerEvent:17 com.android.server.wm.PointerEventDispatcher.onInputEvent:51 android.view.InputEventReceiver.dispatchInputEvent:392 
04-14 21:58:45.408  3011  3227 I GestureDetector: obtain mCurrentDownEvent. id: 889621925 caller: com.android.server.wm.SystemPerformancePointerEventListener.onPointerEvent:13 com.android.server.wm.PointerEventDispatcher.onInputEvent:51 android.view.InputEventReceiver.dispatchInputEvent:392 
04-14 21:58:45.412  3011  3227 I GestureDetector: obtain mCurrentMotionEventRaw. action: 2 id: 74175772
04-14 21:58:45.412  3011  3227 I GestureDetector: obtain mCurrentMotionEventRaw. action: 2 id: 74175772
04-14 21:58:45.482  2085 21685 I sensors-hal: handle_sns_std_sensor_event:90, light_cct: ts = 790219448806907 ns; value = [3, 3, 73, 156, 0, 17, 4, 0, 1408, 0]
04-14 21:58:45.502  3011  4036 D InputReader: Btn_touch(7): value=0 when=350039.947049
04-14 21:58:45.502  3011  4036 I InputReader: Touch event's action is 0x1 (id=6, t=0) [pCnt=1, s=] when=350039.947049
04-14 21:58:45.503  3011  4033 I InputDispatcher: Delivering touch to (8081): action: 0x1, f=0x0, d=0, 'eeeb15f', t=1 
04-14 21:58:45.503  8081  8081 I VRI[MainActivity]@b12dc6f: ViewPostIme pointer 1
04-14 21:58:45.520  8081  8081 W WindowOnBackDispatcher: sendCancelIfRunning: isInProgress=false callback=androidx.activity.OnBackPressedDispatcher$Api34Impl$createOnBackAnimationCallback$1@2c5ca9c
04-14 21:58:45.521  3011  5011 D CoreBackPreview: Window{eeeb15f u0 com.mindlayer.service/com.mindlayer.service.ui.MainActivity}: Setting back callback OnBackInvokedCallbackInfo{mCallback=android.window.IOnBackInvokedCallback$Stub$Proxy@f9d1134, mPriority=-1, mIsAnimationCallback=false, mOverrideBehavior=0}
04-14 21:58:45.708  3011  3227 I GestureDetector: handleMessage TAP
04-14 21:58:45.708  3011  3011 I GestureDetector: handleMessage TAP
04-14 21:58:45.833  1204  1204 D io_stats: !@   8,0 r 96186907 1876266504 w 22961143 523888328 d 2872120 713283368 f 691762 1919560 iot 16563272 0 th 0 0 0 pt 0 inp 0 0 350040.277
04-14 21:58:45.833  1204  1204 D io_stats: !@ Read_top(KB): tes.accubattery(16237) 12
04-14 21:58:45.833  1204  1204 D io_stats: !@ Write_top(KB): kworker/u16:1(18422) 332 vendor.samsung.(2123) 8 ruston.buzzkill(2492) 4
04-14 21:58:45.861  4579  4710 D SatelliteController: isInCarrierRoamingNbIotNtn: satellite is disabled
04-14 21:58:45.866  4642  4642 I EPDG -- SIM0 [SMARTCELLULAR]: onSignalStrengthsChanged: SignalStrength:{mCdma=Invalid,mGsm=Invalid,mWcdma=Invalid,mTdscdma=Invalid,mLte=CellSignalStrengthLte: rssi=-65 rsrp=-97 rsrq=-14 rssnr=0 cqiTableIndex=2147483647 cqi=2147483647 ta=2147483647 level=4 parametersUseForLevel=0,mNr=CellSignalStrengthNr:{ csiRsrp = 2147483647 csiRsrq = 2147483647 csiCqiTableIndex = 2147483647 csiCqiReport = [] ssRsrp = -109 ssRsrq = -12 ssSinr = 4 level = 1 parametersUseForLevel = 0 timingAdvance = 2147483647 },SignalBarInfo{ lteLevel=3 nrLevel=3 },rat=14,primary=CellSignalStrengthLte}
04-14 21:58:45.866  4642  6896 I EPDG -- SIM0 [SMARTCELLULAR]: lastLteRSRP is -97 currentLteRSRP is -97 lastLteRSRQ is -14 currentLteRSRQ is -14 lastLteSNR is 0 currentLteSNR is 0
04-14 21:58:45.866  4642  6896 I EPDG -- SIM0 [SMARTCELLULAR]: Not valid cellular signal strength
04-14 21:58:46.023  2188  2188 I thermal_service: getTemperaturesWithType TemperatureType: 3
04-14 21:58:46.123  2085  4565 I sensors-hal: handle_sns_std_sensor_event:131, [SSC_LIGHT] A: 4(4),c:120,b:17,m:13,cl:3,l:4,s:0,l0:1376,l1:0,s0:0,s1:0,acl:1,opr:0.60,f(r):72,u(bl):100,if:0,wi:2,si:0,po:169(N:0)
04-14 21:58:46.123  2085 18523 I sensors-hal: handle_sns_std_sensor_event:409, [SSC_LIGHT] P: 4(4),c:120,b:17,m:13,cl:3,l:4,s:0,l0:1376,l1:0,s0:0,s1:0,acl:1,opr:0.60,f(r):72,u(bl):100,if:0,wi:2,si:0,po:169(N:0)
04-14 21:58:46.124  2085 18598 I sensors-hal: handle_sns_client_event:375, [0][8460] accel_sample [-0.148,  7.434,  6.676] 790219882945345
04-14 21:58:46.359  2245  2259 E HeatmapThread: ECT Thread time in milliseconds: 1776196726
04-14 21:58:46.362  2245  2259 D HeatmapThread: !@ batteryplugType : 2
04-14 21:58:46.363  2245  2259 D HeatmapThread: !@ batteryLevel : 79  batteryTemperature : 289 
04-14 21:58:46.363  2245  2259 D HeatmapThread: !@ Heatmap currtime: 29603278
04-14 21:58:46.363  2245  2259 D HeatmapThread: !@ Heatmap prevtime: 29603274
04-14 21:58:46.363  2245  2259 D HeatmapThread: !@ Heatmap plugstarttime: 29603071
04-14 21:58:46.363  2245  2259 D HeatmapThread: !@ Heatmap prevv_dsoh_update_time: 29603251
04-14 21:58:46.363  2245  2259 E HeatmapThread: !@ CAM New BSOH: 100
04-14 21:58:46.363  2245  2259 E HeatmapThread: !@ CAM is Working
04-14 21:58:46.363  2080  6509 I vendor.qti.bluetooth@1.1-ibs_handler: ProcessIbsCmd: Received IBS_WAKE_IND: 0xFD
04-14 21:58:46.364  2080  6509 D vendor.qti.bluetooth@1.1-ibs_handler: SerialClockVote: vote for UART CLK ON
04-14 21:58:46.364  2080  6509 D vendor.qti.bluetooth@1.1-wake_lock: Acquire wakelock is acquired 
04-14 21:58:46.365  2080  6509 I vendor.qti.bluetooth@1.1-ibs_handler: ProcessIbsCmd: Writing IBS_WAKE_ACK
04-14 21:58:46.376  5184  6521 I ScanController: onScanResult to scannerId: 7- eventType=0x1b, addressType=1, address=XX:XX:XX:XX:FA:BE, primaryPhy=1, secondaryPhy=0, advertisingSid=0xff, txPower=127, rssi=-69, periodicAdvInt=0x0
04-14 21:58:46.377  5184  6521 I ScanController: onScanResult to scannerId: 7- eventType=0x1b, addressType=1, address=XX:XX:XX:XX:CD:22, primaryPhy=1, secondaryPhy=0, advertisingSid=0xff, txPower=127, rssi=-69, periodicAdvInt=0x0
04-14 21:58:46.416  2080  6509 I vendor.qti.bluetooth@1.1-ibs_handler: ProcessIbsCmd: Received IBS_SLEEP_IND: 0xFE
04-14 21:58:46.416  2080  6509 D vendor.qti.bluetooth@1.1-ibs_handler: SerialClockVote: vote for UART CLK OFF
04-14 21:58:46.416  3011  5011 I BatteryService_BatteryPropertiesRegistrar: [getProperty]id:2
04-14 21:58:46.417  3011  5011 I BatteryService_BatteryPropertiesRegistrar: [getProperty]prop.long:-9223372036854775808 ,prop.string:null
04-14 21:58:46.419  3011  5011 I BatteryService_BatteryPropertiesRegistrar: [getProperty]id:4
04-14 21:58:46.419  3011  5011 I BatteryService_BatteryPropertiesRegistrar: [getProperty]prop.long:-9223372036854775808 ,prop.string:null
04-14 21:58:46.510  3011  4036 D InputReader: Btn_touch(7): value=1 when=350040.955035
04-14 21:58:46.510  3011  4036 I InputReader: Touch event's action is 0x0 (id=6, t=0) [pCnt=1, s=0.32857 ] when=350040.955035
04-14 21:58:46.512  3011  4033 I InputDispatcher: Delivering touch to (4880): action: 0x4, f=0x0, d=0, '590a5ec', t=1 
04-14 21:58:46.512  3011  4033 I InputDispatcher: Delivering touch to (8081): action: 0x0, f=0x0, d=0, 'eeeb15f', t=1 
04-14 21:58:46.513  8081  8081 I VRI[MainActivity]@b12dc6f: ViewPostIme pointer 0
04-14 21:58:46.513  3011  4033 D PowerManagerService: [api] userActivityFromNative : touch displayId=0 eventTime=350040955
04-14 21:58:46.513  3011  3227 I GestureDetector: obtain mCurrentDownEvent. id: 432162169 caller: com.android.server.wm.SystemGesturesPointerEventListener.onPointerEvent:17 com.android.server.wm.PointerEventDispatcher.onInputEvent:51 android.view.InputEventReceiver.dispatchInputEvent:392 
04-14 21:58:46.514  3011  3227 I GestureDetector: obtain mCurrentDownEvent. id: 432162169 caller: com.android.server.wm.SystemPerformancePointerEventListener.onPointerEvent:13 com.android.server.wm.PointerEventDispatcher.onInputEvent:51 android.view.InputEventReceiver.dispatchInputEvent:392 
04-14 21:58:46.518  3011  3227 I GestureDetector: obtain mCurrentMotionEventRaw. action: 2 id: 524640188
04-14 21:58:46.518  3011  3227 I GestureDetector: obtain mCurrentMotionEventRaw. action: 2 id: 524640188
04-14 21:58:46.566  2080  5774 D vendor.qti.bluetooth@1.1-wake_lock: Release wakelock is released 
04-14 21:58:46.617  3011  4036 D InputReader: Btn_touch(7): value=0 when=350041.062078
04-14 21:58:46.617  3011  4036 I InputReader: Touch event's action is 0x1 (id=6, t=0) [pCnt=1, s=] when=350041.062078
04-14 21:58:46.618  3011  4033 I InputDispatcher: Delivering touch to (8081): action: 0x1, f=0x0, d=0, 'eeeb15f', t=1 
04-14 21:58:46.618  3011  3011 I SemDvfsHyPerManager: acquire hyper - GESTURE_DETECTED/3011@24, type = -999
04-14 21:58:46.619  3011  3011 I SemDvfsHyPerManager: acquire hyper - GESTURE_DETECTED/3011@24, type = -999
04-14 21:58:46.619  3011  3011 I SemDvfsHyPerManager: acquire hyper - SMOOTH_SCROLL/3011@23, type = -999
04-14 21:58:46.620  2096  2203 I HYPER-HAL: [RequestManager.cpp]acquire(): Acquired ID : 4607154  [3011 / 24]    HINT : GESTURE_DETECTED    list : [TIMEOUT / 1883] 
04-14 21:58:46.621  2096  2203 I HYPER-HAL: [RequestManager.cpp]acquire(): Acquired ID : 4607154  [3011 / 24]    HINT : GESTURE_DETECTED    list : [TIMEOUT / 2040] 
04-14 21:58:46.623  8081  8081 I VRI[MainActivity]@b12dc6f: ViewPostIme pointer 1
04-14 21:58:46.747  3011 13029 D SemWifiUsabilityStatsMonitor: onWifiUsabilityStats - seqNum 22671, isSameBssidAndFreq true
04-14 21:58:46.747  3011  4379 D SemWifiSwitchForIndividualAppsService: TMI window: 2026-04-14 18:48:35 syn=0, rto=1, cwnd=0
04-14 21:58:46.747  3011  4379 D SemWifiSwitchForIndividualAppsService: TMI window: 2026-04-14 18:48:36 syn=0, rto=1, cwnd=0
04-14 21:58:46.747  3011  4379 D SemWifiSwitchForIndividualAppsService: TMI window: 2026-04-14 18:48:37 syn=0, rto=1, cwnd=0
04-14 21:58:46.748  3011  4379 E SemWifiLinkQualityMonitor: Too old or invalid TMI: currentTime=1776196726748 lastDateWindow=1776185320000
04-14 21:58:46.749  4880  5025 D Tile.WifiTile: handleUpdateState isTransient=false transientEnabling =false cb.isTransient=false state.state = 2 mStateBeforeClick.value =false enabled =true
04-14 21:58:46.749  3011  4380 D InsDataManager: onOutageCountUpdate() - Outage Data: 0, LQ : N. Outage Triggered: false
04-14 21:58:46.749  4642  4642 I EPDG -- SIM0 [SMARTWIFI]: isProfiling, hash=22621963, started=true
04-14 21:58:46.749  4642  4642 I EPDG -- SIM0 [SMARTWIFI]: isProfiling, hash=22621963, started=true
04-14 21:58:46.749  3011  4380 D SemInsManager: {"bssid": "8af9179c2437","rssi": -38.0,"latency": 0.0,"outage_count": 0,"lq_callback_triggered": false,"outage_log": "Unreliable statistics: -38.0 / 0 / 0 / 0 / 0 || 8af9179c2437: 0.000 / 0.000 / @ || N N / 0 0 / N 2.0 / N X 8 / 350041192 0 || 2026-04-14 18:48:40  / 0: 0 0 0 0 0 0 / 0: 1 1 1 0 0 0 / 0: 0 0 0 0 0 0""Magnetic Sensor Events size": "0""Pressure Sensor Events size": "0"}
04-14 21:58:46.750  4642  4642 I EPDG -- SIM0 [SMARTWIFI]: Rssi : -38 highrange : -73 lowrange : -79 mIsRssiInHystersis : false
04-14 21:58:46.750  4642  4642 I EPDG -- SIM0 [SMARTWIFI]: Rssi : -38 highrange : -73 lowrange : -79 mIsRssiInHystersis : false
04-14 21:58:46.750  4642  4642 I EPDG -- SIM0 [SMARTWIFI]: getHandoverThresholdMet: value is: false
04-14 21:58:46.750  5393  5560 I HoneySpace.StatusIconTracker: invokeEvent() called with: event = Wifi(visible=true, resId=2131236023, activityId=2131236053)
04-14 21:58:46.915  4579  4710 D SatelliteController: isInCarrierRoamingNbIotNtn: satellite is disabled
04-14 21:58:46.919  4642  4642 I EPDG -- SIM0 [SMARTCELLULAR]: onSignalStrengthsChanged: SignalStrength:{mCdma=Invalid,mGsm=Invalid,mWcdma=Invalid,mTdscdma=Invalid,mLte=CellSignalStrengthLte: rssi=-65 rsrp=-97 rsrq=-14 rssnr=0 cqiTableIndex=2147483647 cqi=2147483647 ta=2147483647 level=4 parametersUseForLevel=0,mNr=CellSignalStrengthNr:{ csiRsrp = 2147483647 csiRsrq = 2147483647 csiCqiTableIndex = 2147483647 csiCqiReport = [] ssRsrp = -110 ssRsrq = -13 ssSinr = 4 level = 1 parametersUseForLevel = 0 timingAdvance = 2147483647 },SignalBarInfo{ lteLevel=3 nrLevel=3 },rat=14,primary=CellSignalStrengthLte}
04-14 21:58:46.920  4642  6896 I EPDG -- SIM0 [SMARTCELLULAR]: lastLteRSRP is -97 currentLteRSRP is -97 lastLteRSRQ is -14 currentLteRSRQ is -14 lastLteSNR is 0 currentLteSNR is 0
04-14 21:58:46.920  4642  6896 I EPDG -- SIM0 [SMARTCELLULAR]: Not valid cellular signal strength
04-14 21:58:46.921  4579  4710 D SatelliteController: isInCarrierRoamingNbIotNtn: satellite is disabled
04-14 21:58:46.922  4642  4642 I EPDG -- SIM0 [SMARTCELLULAR]: onSignalStrengthsChanged: SignalStrength:{mCdma=Invalid,mGsm=Invalid,mWcdma=Invalid,mTdscdma=Invalid,mLte=CellSignalStrengthLte: rssi=-65 rsrp=-97 rsrq=-14 rssnr=-1 cqiTableIndex=2147483647 cqi=2147483647 ta=2147483647 level=4 parametersUseForLevel=0,mNr=CellSignalStrengthNr:{ csiRsrp = 2147483647 csiRsrq = 2147483647 csiCqiTableIndex = 2147483647 csiCqiReport = [] ssRsrp = -110 ssRsrq = -13 ssSinr = 4 level = 1 parametersUseForLevel = 0 timingAdvance = 2147483647 },SignalBarInfo{ lteLevel=3 nrLevel=3 },rat=14,primary=CellSignalStrengthLte}
04-14 21:58:46.925  4642  6896 I EPDG -- SIM0 [SMARTCELLULAR]: lastLteRSRP is -97 currentLteRSRP is -97 lastLteRSRQ is -14 currentLteRSRQ is -14 lastLteSNR is 0 currentLteSNR is -1
04-14 21:58:46.925  4642  6896 I EPDG -- SIM0 [SMARTCELLULAR]: Not valid cellular signal strength
04-14 21:58:47.026  2188  2188 I thermal_service: getTemperaturesWithType TemperatureType: 3
04-14 21:58:47.059  3011  4036 D InputReader: Btn_touch(7): value=1 when=350041.504449
04-14 21:58:47.060  3011  4036 I InputReader: Touch event's action is 0x0 (id=6, t=0) [pCnt=1, s=0.32858 ] when=350041.504449
04-14 21:58:47.061  3011  4033 I InputDispatcher: Delivering touch to (4880): action: 0x4, f=0x0, d=0, '590a5ec', t=1 
04-14 21:58:47.061  3011  4033 I InputDispatcher: Delivering touch to (8081): action: 0x0, f=0x0, d=0, 'eeeb15f', t=1 
04-14 21:58:47.062  8081  8081 I VRI[MainActivity]@b12dc6f: ViewPostIme pointer 0
04-14 21:58:47.063  3011  3227 I GestureDetector: obtain mCurrentDownEvent. id: 307128666 caller: com.android.server.wm.SystemGesturesPointerEventListener.onPointerEvent:17 com.android.server.wm.PointerEventDispatcher.onInputEvent:51 android.view.InputEventReceiver.dispatchInputEvent:392 
04-14 21:58:47.063  3011  3227 I GestureDetector: obtain mCurrentDownEvent. id: 307128666 caller: com.android.server.wm.SystemPerformancePointerEventListener.onPointerEvent:13 com.android.server.wm.PointerEventDispatcher.onInputEvent:51 android.view.InputEventReceiver.dispatchInputEvent:392 
04-14 21:58:47.068  3011  3227 I GestureDetector: obtain mCurrentMotionEventRaw. action: 2 id: 667918674
04-14 21:58:47.068  3011  3227 I GestureDetector: obtain mCurrentMotionEventRaw. action: 2 id: 667918674
04-14 21:58:47.158  3011  4036 D InputReader: Btn_touch(7): value=0 when=350041.603252
04-14 21:58:47.158  3011  4036 I InputReader: Touch event's action is 0x1 (id=6, t=0) [pCnt=1, s=] when=350041.603252
04-14 21:58:47.159  3011  4033 I InputDispatcher: Delivering touch to (8081): action: 0x1, f=0x0, d=0, 'eeeb15f', t=1 
04-14 21:58:47.162  3011  3011 I SemDvfsHyPerManager: acquire hyper - SMOOTH_SCROLL/3011@23, type = -999
04-14 21:58:47.162  8081  8081 I VRI[MainActivity]@b12dc6f: ViewPostIme pointer 1
04-14 21:58:47.163  3011  3011 I SemDvfsHyPerManager: acquire hyper - GESTURE_DETECTED/3011@24, type = -999
04-14 21:58:47.163  3011  3011 I SemDvfsHyPerManager: acquire hyper - GESTURE_DETECTED/3011@24, type = -999
04-14 21:58:47.164  2096  2203 I HYPER-HAL: [RequestManager.cpp]acquire(): Acquired ID : 4607154  [3011 / 24]    HINT : GESTURE_DETECTED    list : [TIMEOUT / 1913] 
04-14 21:58:47.164  2096  2203 I HYPER-HAL: [RequestManager.cpp]acquire(): Acquired ID : 4607154  [3011 / 24]    HINT : GESTURE_DETECTED    list : [TIMEOUT / 2064] 
04-14 21:58:47.359  2245  2259 E HeatmapThread: ECT Thread time in milliseconds: 1776196727
04-14 21:58:47.362  2245  2259 D HeatmapThread: !@ batteryplugType : 2
04-14 21:58:47.362  2245  2259 D HeatmapThread: !@ batteryLevel : 79  batteryTemperature : 289 
04-14 21:58:47.362  2245  2259 D HeatmapThread: !@ Heatmap currtime: 29603278
04-14 21:58:47.362  2245  2259 D HeatmapThread: !@ Heatmap prevtime: 29603274
04-14 21:58:47.362  2245  2259 D HeatmapThread: !@ Heatmap plugstarttime: 29603071
04-14 21:58:47.362  2245  2259 D HeatmapThread: !@ Heatmap prevv_dsoh_update_time: 29603251
04-14 21:58:47.362  2245  2259 E HeatmapThread: !@ CAM New BSOH: 100
04-14 21:58:47.362  2245  2259 E HeatmapThread: !@ CAM is Working
04-14 21:58:47.542  3011  4036 D InputReader: Btn_touch(7): value=1 when=350041.987120
04-14 21:58:47.542  3011  4036 I InputReader: Touch event's action is 0x0 (id=6, t=0) [pCnt=1, s=0.32859 ] when=350041.987120
04-14 21:58:47.544  3011  4033 I InputDispatcher: Delivering touch to (4880): action: 0x4, f=0x0, d=0, '590a5ec', t=1 
04-14 21:58:47.544  3011  4033 I InputDispatcher: Delivering touch to (8081): action: 0x0, f=0x0, d=0, 'eeeb15f', t=1 
04-14 21:58:47.545  8081  8081 I VRI[MainActivity]@b12dc6f: ViewPostIme pointer 0
04-14 21:58:47.545  3011  4033 D PowerManagerService: [api] userActivityFromNative : touch displayId=0 eventTime=350041987
04-14 21:58:47.546  3011  3227 I GestureDetector: obtain mCurrentDownEvent. id: 789541105 caller: com.android.server.wm.SystemGesturesPointerEventListener.onPointerEvent:17 com.android.server.wm.PointerEventDispatcher.onInputEvent:51 android.view.InputEventReceiver.dispatchInputEvent:392 
04-14 21:58:47.546  3011  3227 I GestureDetector: obtain mCurrentDownEvent. id: 789541105 caller: com.android.server.wm.SystemPerformancePointerEventListener.onPointerEvent:13 com.android.server.wm.PointerEventDispatcher.onInputEvent:51 android.view.InputEventReceiver.dispatchInputEvent:392 
04-14 21:58:47.551  3011  3227 I GestureDetector: obtain mCurrentMotionEventRaw. action: 2 id: 649915423
04-14 21:58:47.551  3011  3227 I GestureDetector: obtain mCurrentMotionEventRaw. action: 2 id: 649915423
04-14 21:58:47.572  7470  8025 I SDHMS:x : SIOP:: AP:303 BAT:289 USB:282 CHG:287 PA:311 WIFI:299 CF:292 BLK:0 SUBBAT:0 LRPTHM:289 SKIN:299 SKINF:293 SKINB:299 LRP2:299 LRF2:293 LRB2:299 AP2:298 CHG2:297 WIFI2:299 RCV2:287 SPK2:286 FCAM:280 UPSPK:290 DNSPK:280 VAP02:301 VWIFI:294 AMB2:257 AVGCUR:4 POWER:16
04-14 21:58:47.633  3011  4036 D InputReader: Btn_touch(7): value=0 when=350042.078009
04-14 21:58:47.633  3011  4036 I InputReader: Touch event's action is 0x1 (id=6, t=0) [pCnt=1, s=] when=350042.078009
04-14 21:58:47.634  3011  4033 I InputDispatcher: Delivering touch to (8081): action: 0x1, f=0x0, d=0, 'eeeb15f', t=1 
04-14 21:58:47.636  3011  3011 I SemDvfsHyPerManager: acquire hyper - GESTURE_DETECTED/3011@24, type = -999
04-14 21:58:47.636  3011  3011 I SemDvfsHyPerManager: acquire hyper - GESTURE_DETECTED/3011@24, type = -999
04-14 21:58:47.636  8081  8081 I VRI[MainActivity]@b12dc6f: ViewPostIme pointer 1
04-14 21:58:47.636  2096  2203 I HYPER-HAL: [RequestManager.cpp]acquire(): Acquired ID : 4607154  [3011 / 24]    HINT : GESTURE_DETECTED    list : [TIMEOUT / 1920] 
04-14 21:58:47.636  3011  3011 I SemDvfsHyPerManager: acquire hyper - SMOOTH_SCROLL/3011@23, type = -999
04-14 21:58:47.636  2096  2203 I HYPER-HAL: [RequestManager.cpp]acquire(): Acquired ID : 4607154  [3011 / 24]    HINT : GESTURE_DETECTED    list : [TIMEOUT / 2086] 
04-14 21:58:47.834  1204  1204 D io_stats: !@   8,0 r 96186907 1876266504 w 22961147 523888640 d 2872120 713283368 f 691762 1919560 iot 16563280 0 th 0 0 0 pt 0 inp 0 0 350042.279
04-14 21:58:47.871  4579  4710 D SatelliteController: isInCarrierRoamingNbIotNtn: satellite is disabled
04-14 21:58:47.876  4642  4642 I EPDG -- SIM0 [SMARTCELLULAR]: onSignalStrengthsChanged: SignalStrength:{mCdma=Invalid,mGsm=Invalid,mWcdma=Invalid,mTdscdma=Invalid,mLte=CellSignalStrengthLte: rssi=-65 rsrp=-97 rsrq=-14 rssnr=-1 cqiTableIndex=2147483647 cqi=2147483647 ta=2147483647 level=4 parametersUseForLevel=0,mNr=CellSignalStrengthNr:{ csiRsrp = 2147483647 csiRsrq = 2147483647 csiCqiTableIndex = 2147483647 csiCqiReport = [] ssRsrp = -110 ssRsrq = -12 ssSinr = 4 level = 1 parametersUseForLevel = 0 timingAdvance = 2147483647 },SignalBarInfo{ lteLevel=3 nrLevel=3 },rat=14,primary=CellSignalStrengthLte}
04-14 21:58:47.876  4642  6896 I EPDG -- SIM0 [SMARTCELLULAR]: lastLteRSRP is -97 currentLteRSRP is -97 lastLteRSRQ is -14 currentLteRSRQ is -14 lastLteSNR is -1 currentLteSNR is -1
04-14 21:58:47.876  4642  6896 I EPDG -- SIM0 [SMARTCELLULAR]: Not valid cellular signal strength
04-14 21:58:47.998  2117 26931 I StatsHandler: [hvcD_673] Stats: Pending(0) i/p-done(0) Works: Q: 523/Done 518|Work-Rate: Q(0.0/s Avg=0.0/s) Done(0.000/s Avg=0.027/s)| Stream: 30.00fps 979.3Kbps
04-14 21:58:47.998  2117 26931 I StatsHandler: [hvcD_673] Mem-usage:  [In-1D: 11 bufs 88.000 MB] [1D-7035: 32 bufs 0.500 MB] [2D-7036: 21 bufs 47.004 MB] | Total: 135.504 MB
04-14 21:58:47.998  2117 26931 I StatsHandler: [avcD_678] Stats: Pending(0) i/p-done(0) Works: Q: 67/Done 55|Work-Rate: Q(0.0/s Avg=0.0/s) Done(0.000/s Avg=0.003/s)| Stream: 24.00fps 69.5Kbps
04-14 21:58:47.998  2117 26931 I StatsHandler: [avcD_678] Mem-usage:  [In-1D: 11 bufs 88.000 MB] [1D-7045: 28 bufs 0.438 MB] [2D-7046: 17 bufs 5.844 MB] | Total: 94.281 MB
04-14 21:58:48.009  2080  6509 I vendor.qti.bluetooth@1.1-ibs_handler: ProcessIbsCmd: Received IBS_WAKE_IND: 0xFD
04-14 21:58:48.009  2080  6509 D vendor.qti.bluetooth@1.1-ibs_handler: SerialClockVote: vote for UART CLK ON
04-14 21:58:48.009  2080  6509 D vendor.qti.bluetooth@1.1-wake_lock: Acquire wakelock is acquired 
04-14 21:58:48.009  2080  6509 I vendor.qti.bluetooth@1.1-ibs_handler: ProcessIbsCmd: Writing IBS_WAKE_ACK
04-14 21:58:48.019  5184  6521 I ScanController: onScanResult to scannerId: 7- eventType=0x1b, addressType=1, address=XX:XX:XX:XX:6F:A9, primaryPhy=1, secondaryPhy=0, advertisingSid=0xff, txPower=127, rssi=-86, periodicAdvInt=0x0
04-14 21:58:48.020  5184  6521 I ScanController: onScanResult to scannerId: 7- eventType=0x1b, addressType=1, address=XX:XX:XX:XX:FA:BE, primaryPhy=1, secondaryPhy=0, advertisingSid=0xff, txPower=127, rssi=-76, periodicAdvInt=0x0
04-14 21:58:48.022  5184  6521 I ScanController: onScanResult to scannerId: 7- eventType=0x1b, addressType=1, address=XX:XX:XX:XX:CD:22, primaryPhy=1, secondaryPhy=0, advertisingSid=0xff, txPower=127, rssi=-76, periodicAdvInt=0x0
04-14 21:58:48.031  2188  2188 I thermal_service: getTemperaturesWithType TemperatureType: 3
04-14 21:58:48.043  2085 21685 I sensors-hal: handle_sns_std_sensor_event:90, light_cct: ts = 790222008813001 ns; value = [3, 3, 73, 156, 0, 17, 4, 0, 1408, 0]
04-14 21:58:48.044  2085 18598 I sensors-hal: handle_sns_client_event:375, [0][8695] accel_sample [-0.912,  7.284,  6.839] 790221885750814
04-14 21:58:48.059  2080  6509 I vendor.qti.bluetooth@1.1-ibs_handler: ProcessIbsCmd: Received IBS_SLEEP_IND: 0xFE
04-14 21:58:48.059  2080  6509 D vendor.qti.bluetooth@1.1-ibs_handler: SerialClockVote: vote for UART CLK OFF
04-14 21:58:48.113  2080  6509 I vendor.qti.bluetooth@1.1-ibs_handler: ProcessIbsCmd: Received IBS_WAKE_IND: 0xFD
04-14 21:58:48.113  2080  6509 D vendor.qti.bluetooth@1.1-ibs_handler: SerialClockVote: vote for UART CLK ON
04-14 21:58:48.113  2080  6509 I vendor.qti.bluetooth@1.1-ibs_handler: ProcessIbsCmd: Writing IBS_WAKE_ACK
04-14 21:58:48.119  5184  6521 I ScanController: onScanResult to scannerId: 12- eventType=0x10, addressType=1, address=XX:XX:XX:XX:28:51, primaryPhy=1, secondaryPhy=0, advertisingSid=0xff, txPower=127, rssi=-76, periodicAdvInt=0x0
04-14 21:58:48.158  2080  6509 I vendor.qti.bluetooth@1.1-ibs_handler: ProcessIbsCmd: Received IBS_SLEEP_IND: 0xFE
04-14 21:58:48.159  2080  6509 D vendor.qti.bluetooth@1.1-ibs_handler: SerialClockVote: vote for UART CLK OFF
04-14 21:58:48.188  2080  6509 I vendor.qti.bluetooth@1.1-ibs_handler: ProcessIbsCmd: Received IBS_WAKE_IND: 0xFD
04-14 21:58:48.188  2080  6509 D vendor.qti.bluetooth@1.1-ibs_handler: SerialClockVote: vote for UART CLK ON
04-14 21:58:48.188  2080  6509 I vendor.qti.bluetooth@1.1-ibs_handler: ProcessIbsCmd: Writing IBS_WAKE_ACK
04-14 21:58:48.229  2080  6509 I vendor.qti.bluetooth@1.1-ibs_handler: ProcessIbsCmd: Received IBS_SLEEP_IND: 0xFE
04-14 21:58:48.229  2080  6509 D vendor.qti.bluetooth@1.1-ibs_handler: SerialClockVote: vote for UART CLK OFF
04-14 21:58:48.360  2245  2259 E HeatmapThread: ECT Thread time in milliseconds: 1776196728
04-14 21:58:48.364  2245  2259 D HeatmapThread: !@ batteryplugType : 2
04-14 21:58:48.364  2245  2259 D HeatmapThread: !@ batteryLevel : 79  batteryTemperature : 289 
04-14 21:58:48.364  2245  2259 D HeatmapThread: !@ Heatmap currtime: 29603278
04-14 21:58:48.365  2245  2259 D HeatmapThread: !@ Heatmap prevtime: 29603274
04-14 21:58:48.365  2245  2259 D HeatmapThread: !@ Heatmap plugstarttime: 29603071
04-14 21:58:48.365  2245  2259 D HeatmapThread: !@ Heatmap prevv_dsoh_update_time: 29603251
04-14 21:58:48.365  2245  2259 E HeatmapThread: !@ CAM New BSOH: 100
04-14 21:58:48.366  2245  2259 E HeatmapThread: !@ CAM is Working
04-14 21:58:48.381  2080  5774 D vendor.qti.bluetooth@1.1-wake_lock: Release wakelock is released 
04-14 21:58:48.421  3011  5011 I BatteryService_BatteryPropertiesRegistrar: [getProperty]id:2
04-14 21:58:48.421  3011  5011 I BatteryService_BatteryPropertiesRegistrar: [getProperty]prop.long:-9223372036854775808 ,prop.string:null
04-14 21:58:48.424  3011  5011 I BatteryService_BatteryPropertiesRegistrar: [getProperty]id:4
04-14 21:58:48.424  3011  5011 I BatteryService_BatteryPropertiesRegistrar: [getProperty]prop.long:-9223372036854775808 ,prop.string:null
04-14 21:58:48.467  8355  8355 I wpa_supplicant: Heartbeat 48521
04-14 21:58:48.834  2557  2557 I CNSS    : /sys/wifi/max_chipset_log_size doesn't exist
04-14 21:58:48.861  4579  4710 D SatelliteController: isInCarrierRoamingNbIotNtn: satellite is disabled
04-14 21:58:48.866  4642  4642 I EPDG -- SIM0 [SMARTCELLULAR]: onSignalStrengthsChanged: SignalStrength:{mCdma=Invalid,mGsm=Invalid,mWcdma=Invalid,mTdscdma=Invalid,mLte=CellSignalStrengthLte: rssi=-65 rsrp=-97 rsrq=-14 rssnr=-1 cqiTableIndex=2147483647 cqi=2147483647 ta=2147483647 level=4 parametersUseForLevel=0,mNr=CellSignalStrengthNr:{ csiRsrp = 2147483647 csiRsrq = 2147483647 csiCqiTableIndex = 2147483647 csiCqiReport = [] ssRsrp = -103 ssRsrq = -12 ssSinr = 8 level = 1 parametersUseForLevel = 0 timingAdvance = 2147483647 },SignalBarInfo{ lteLevel=3 nrLevel=3 },rat=14,primary=CellSignalStrengthLte}
04-14 21:58:48.868  4642  6896 I EPDG -- SIM0 [SMARTCELLULAR]: lastLteRSRP is -97 currentLteRSRP is -97 lastLteRSRQ is -14 currentLteRSRQ is -14 lastLteSNR is -1 currentLteSNR is -1
04-14 21:58:48.869  4642  6896 I EPDG -- SIM0 [SMARTCELLULAR]: Not valid cellular signal strength
04-14 21:58:49.035  2188  2188 I thermal_service: getTemperaturesWithType TemperatureType: 3
04-14 21:58:49.186  2250  2889 I VSyncReactor: Current= 60, Period= 60, Distance= 0
04-14 21:58:49.202  2250  2889 I VSyncReactor: Current= 60, Period= 60, Distance= 60
04-14 21:58:49.359  2245  2259 E HeatmapThread: ECT Thread time in milliseconds: 1776196729
04-14 21:58:49.364  2245  2259 D HeatmapThread: !@ batteryplugType : 2
04-14 21:58:49.364  2245  2259 D HeatmapThread: !@ batteryLevel : 79  batteryTemperature : 289 
04-14 21:58:49.364  2245  2259 D HeatmapThread: !@ Heatmap currtime: 29603278
04-14 21:58:49.364  2245  2259 D HeatmapThread: !@ Heatmap prevtime: 29603274
04-14 21:58:49.364  2245  2259 D HeatmapThread: !@ Heatmap plugstarttime: 29603071
04-14 21:58:49.364  2245  2259 D HeatmapThread: !@ Heatmap prevv_dsoh_update_time: 29603251
04-14 21:58:49.364  2245  2259 E HeatmapThread: !@ CAM New BSOH: 100
04-14 21:58:49.365  2245  2259 E HeatmapThread: !@ CAM is Working
04-14 21:58:49.723  2096 18818 I HYPER-HAL: [RequestManager.cpp]releaseLocked(): Released ID : 4607154
04-14 21:58:49.768  3011  4379 D SemWifiSwitchForIndividualAppsService: TMI window: 2026-04-14 18:48:35 syn=0, rto=1, cwnd=0
04-14 21:58:49.768  3011  4379 D SemWifiSwitchForIndividualAppsService: TMI window: 2026-04-14 18:48:36 syn=0, rto=1, cwnd=0
04-14 21:58:49.768  3011 13029 D SemWifiUsabilityStatsMonitor: onWifiUsabilityStats - seqNum 22672, isSameBssidAndFreq true
04-14 21:58:49.768  3011  4379 D SemWifiSwitchForIndividualAppsService: TMI window: 2026-04-14 18:48:37 syn=0, rto=1, cwnd=0
04-14 21:58:49.770  3011  4379 E SemWifiLinkQualityMonitor: Too old or invalid TMI: currentTime=1776196729770 lastDateWindow=1776185320000
04-14 21:58:49.771  4642  4642 I EPDG -- SIM0 [SMARTWIFI]: isProfiling, hash=22621963, started=true
04-14 21:58:49.771  4642  4642 I EPDG -- SIM0 [SMARTWIFI]: isProfiling, hash=22621963, started=true
04-14 21:58:49.771  3011  4380 D InsDataManager: onOutageCountUpdate() - Outage Data: 0, LQ : N. Outage Triggered: false
04-14 21:58:49.771  4880  5025 D Tile.WifiTile: handleUpdateState isTransient=false transientEnabling =false cb.isTransient=false state.state = 2 mStateBeforeClick.value =false enabled =true
04-14 21:58:49.772  3011  4380 D SemInsManager: {"bssid": "8af9179c2437","rssi": -42.0,"latency": 0.0,"outage_count": 0,"lq_callback_triggered": false,"outage_log": "Unreliable statistics: -42.0 / 1 / 242 / 33 / 0 || 8af9179c2437: 0.000 / 0.000 / @ || N N / 0 0 / N 2.0 / N X 8 / 350044213 0 || 2026-04-14 18:48:40  / 0: 0 0 0 0 0 0 / 0: 1 1 1 0 0 0 / 0: 0 0 0 0 0 0""Magnetic Sensor Events size": "0""Pressure Sensor Events size": "0"}
04-14 21:58:49.772  4642  4642 I EPDG -- SIM0 [SMARTWIFI]: Rssi : -42 highrange : -73 lowrange : -79 mIsRssiInHystersis : false
04-14 21:58:49.773  4642  4642 I EPDG -- SIM0 [SMARTWIFI]: Rssi : -42 highrange : -73 lowrange : -79 mIsRssiInHystersis : false
04-14 21:58:49.773  4642  4642 I EPDG -- SIM0 [SMARTWIFI]: getHandoverThresholdMet: value is: false
04-14 21:58:49.775  5393  5560 I HoneySpace.StatusIconTracker: invokeEvent() called with: event = Wifi(visible=true, resId=2131236023, activityId=2131236043)
04-14 21:58:49.835  1204  1204 D io_stats: !@ Write_top(KB): kworker/u16:0(14924) 312
04-14 21:58:49.963  2085 18523 I sensors-hal: handle_sns_std_sensor_event:409, [SSC_LIGHT] P: 2(2),c:122,b:17,m:13,cl:4,l:2,s:0,l0:1280,l1:0,s0:0,s1:0,acl:1,opr:0.61,f(r):72,u(bl):100,if:0,wi:2,si:0,po:169(N:0)
04-14 21:58:49.967  2085 18598 I sensors-hal: handle_sns_client_event:375, [0][8930] accel_sample [ 0.677,  7.116,  7.707] 790223888557116
04-14 21:58:49.972  4579  4710 D SatelliteController: isInCarrierRoamingNbIotNtn: satellite is disabled
04-14 21:58:49.977  4642  4642 I EPDG -- SIM0 [SMARTCELLULAR]: onSignalStrengthsChanged: SignalStrength:{mCdma=Invalid,mGsm=Invalid,mWcdma=Invalid,mTdscdma=Invalid,mLte=CellSignalStrengthLte: rssi=-65 rsrp=-97 rsrq=-14 rssnr=-1 cqiTableIndex=2147483647 cqi=2147483647 ta=2147483647 level=4 parametersUseForLevel=0,mNr=CellSignalStrengthNr:{ csiRsrp = 2147483647 csiRsrq = 2147483647 csiCqiTableIndex = 2147483647 csiCqiReport = [] ssRsrp = -107 ssRsrq = -12 ssSinr = 7 level = 1 parametersUseForLevel = 0 timingAdvance = 2147483647 },SignalBarInfo{ lteLevel=3 nrLevel=3 },rat=14,primary=CellSignalStrengthLte}
04-14 21:58:49.978  4642  6896 I EPDG -- SIM0 [SMARTCELLULAR]: lastLteRSRP is -97 currentLteRSRP is -97 lastLteRSRQ is -14 currentLteRSRQ is -14 lastLteSNR is -1 currentLteSNR is -1
04-14 21:58:49.978  4642  6896 I EPDG -- SIM0 [SMARTCELLULAR]: Not valid cellular signal strength
04-14 21:58:50.040  2188  2188 I thermal_service: getTemperaturesWithType TemperatureType: 3
04-14 21:58:50.153  2080  6509 I vendor.qti.bluetooth@1.1-ibs_handler: ProcessIbsCmd: Received IBS_WAKE_IND: 0xFD
04-14 21:58:50.154  2080  6509 D vendor.qti.bluetooth@1.1-ibs_handler: SerialClockVote: vote for UART CLK ON
04-14 21:58:50.154  2080  6509 D vendor.qti.bluetooth@1.1-wake_lock: Acquire wakelock is acquired 
04-14 21:58:50.154  2080  6509 I vendor.qti.bluetooth@1.1-ibs_handler: ProcessIbsCmd: Writing IBS_WAKE_ACK
04-14 21:58:50.166  5184  6521 I ScanController: onScanResult to scannerId: 8- eventType=0x1b, addressType=0, address=XX:XX:XX:XX:27:3F, primaryPhy=1, secondaryPhy=0, advertisingSid=0xff, txPower=127, rssi=-91, periodicAdvInt=0x0
04-14 21:58:50.167  5184  6521 I ScanController: onScanResult to scannerId: 12- eventType=0x0, addressType=1, address=XX:XX:XX:XX:A7:D8, primaryPhy=1, secondaryPhy=1, advertisingSid=0x3, txPower=127, rssi=-63, periodicAdvInt=0x0
04-14 21:58:50.168  5184  6521 I ScanController: onScanResult to scannerId: 12- eventType=0x10, addressType=1, address=XX:XX:XX:XX:28:51, primaryPhy=1, secondaryPhy=0, advertisingSid=0xff, txPower=127, rssi=-64, periodicAdvInt=0x0
04-14 21:58:50.195  5184  5765 I bluetooth: system/gd/hci/le_scanning_reassembler.cc:54 ProcessAdvertisingReport: Ignoring scan response received without advertising event
04-14 21:58:50.196  5184  6521 I ScanController: onScanResult to scannerId: 2- eventType=0x13, addressType=1, address=XX:XX:XX:XX:F9:AE, primaryPhy=1, secondaryPhy=0, advertisingSid=0xff, txPower=127, rssi=-68, periodicAdvInt=0x0
04-14 21:58:50.196  5184  6521 I ScanController: onScanResult to scannerId: 9- eventType=0x13, addressType=1, address=XX:XX:XX:XX:F9:AE, primaryPhy=1, secondaryPhy=0, advertisingSid=0xff, txPower=127, rssi=-68, periodicAdvInt=0x0
04-14 21:58:50.203 15635 15850 I [+0200]oneconnect[1.8.41.23_01][CORE]: TagKeyManager.findCloudId - key: ($)230cbd2f
04-14 21:58:50.204 15635 15850 I [+0200]oneconnect[1.8.41.23_01][CORE]: TagKeyManager.findCloudId - key: ($)230cbd2f
04-14 21:58:50.204 15635 15850 I [+0200]oneconnect[1.8.41.23_01][CORE]: SmartTag@BleParserForTag.parsePacket - [name][bleMac]($)4B:BF[tagState]4[advertisementType]0[privacyId]7df22b2ef149970e[uWBFlag]1[batteryLevel]1[motionDetection]0[lastReceivedTime]1776196730203[rssi]-68[activityTrackingMode]false
04-14 21:58:50.209  5184  6521 I ScanController: onScanResult to scannerId: 7- eventType=0x1b, addressType=1, address=XX:XX:XX:XX:FA:BE, primaryPhy=1, secondaryPhy=0, advertisingSid=0xff, txPower=127, rssi=-62, periodicAdvInt=0x0
04-14 21:58:50.210  5184  6521 I ScanController: onScanResult to scannerId: 7- eventType=0x1b, addressType=1, address=XX:XX:XX:XX:CD:22, primaryPhy=1, secondaryPhy=0, advertisingSid=0xff, txPower=127, rssi=-62, periodicAdvInt=0x0
04-14 21:58:50.217 15635 17379 I [+0200]oneconnect[1.8.41.23_01][CORE]: SmartTag@DeviceStatusTriggerTaskImpl.isAvailableGattConnection - deviceId: ($)230cbd2f | isAvailableGattConnection: false | priorityConnectionSize : 1 | availableConnectionSize : 1
04-14 21:58:50.246  2080  6509 I vendor.qti.bluetooth@1.1-ibs_handler: ProcessIbsCmd: Received IBS_SLEEP_IND: 0xFE
04-14 21:58:50.247  2080  6509 D vendor.qti.bluetooth@1.1-ibs_handler: SerialClockVote: vote for UART CLK OFF
04-14 21:58:50.359  2245  2259 E HeatmapThread: ECT Thread time in milliseconds: 1776196730
04-14 21:58:50.363  2245  2259 D HeatmapThread: !@ batteryplugType : 2
04-14 21:58:50.363  2245  2259 D HeatmapThread: !@ batteryLevel : 79  batteryTemperature : 289 
04-14 21:58:50.364  2245  2259 D HeatmapThread: !@ Heatmap currtime: 29603278
04-14 21:58:50.364  2245  2259 D HeatmapThread: !@ Heatmap prevtime: 29603274
04-14 21:58:50.364  2245  2259 D HeatmapThread: !@ Heatmap plugstarttime: 29603071
04-14 21:58:50.364  2245  2259 D HeatmapThread: !@ Heatmap prevv_dsoh_update_time: 29603251
04-14 21:58:50.364  2245  2259 E HeatmapThread: !@ CAM New BSOH: 100
04-14 21:58:50.364  2245  2259 E HeatmapThread: !@ CAM is Working
04-14 21:58:50.397  2080  5774 D vendor.qti.bluetooth@1.1-wake_lock: Release wakelock is released 
04-14 21:58:50.425  3011  5011 I BatteryService_BatteryPropertiesRegistrar: [getProperty]id:2
04-14 21:58:50.425  3011  5011 I BatteryService_BatteryPropertiesRegistrar: [getProperty]prop.long:-9223372036854775808 ,prop.string:null
04-14 21:58:50.428  3011  5011 I BatteryService_BatteryPropertiesRegistrar: [getProperty]id:4
04-14 21:58:50.428  3011  5011 I BatteryService_BatteryPropertiesRegistrar: [getProperty]prop.long:-9223372036854775808 ,prop.string:null
04-14 21:58:50.433 16237 17244 V U.Notification: Posting new notification, elapsed=16028
04-14 21:58:50.434 16237 17244 I NotificationManager: com.digibites.accubattery: notify(305230424, null, Notification(channel=status-channel-2 shortcut=null contentView=null vibrate=null sound=null defaults=0 flags=ONGOING_EVENT color=0x00000000 groupKey=status vis=PUBLIC semFlags=0x0 semPriority=0 semMissedCount=0)) as user
04-14 21:58:50.441  3011  5011 D NotificationHighlightCore: isNonImportantNotification Importance low
04-14 21:58:50.441  3011  5011 D NotificationHighlightCore: isNonImportantNotification FGS
04-14 21:58:50.442  3011  5011 W NotificationService: notificationHightlight enqu getNonImportantNotification, r= StatusBarNotification(pkg=com.digibites.accubattery user=UserHandle{0} id=305230424 tag=null key=0|com.digibites.accubattery|305230424|null|10429: Notification(channel=status-channel-2 shortcut=null contentView=null vibrate=null sound=null defaults=0 flags=ONGOING_EVENT|FOREGROUND_SERVICE color=0x00000000 groupKey=status vis=PUBLIC semFlags=0x300000 semPriority=0 semMissedCount=0)), flags= SEM_FLAG_INSIGNIFICANT_BG_ACTIVITIES SEM_FLAG_INSIGNIFICANT_MINIMIZED 
04-14 21:58:50.475  2652  3409 D SemNativeCarrierFeature_vendor: getInstance
04-14 21:58:50.478  4579  4710 D SatelliteController: isInCarrierRoamingNbIotNtn: satellite is disabled
04-14 21:58:50.482  2652  3409 D SemNativeCarrierFeature_vendor: getInstance
04-14 21:58:50.486  4642  4642 I EPDG -- SIM0 [SMARTCELLULAR]: onSignalStrengthsChanged: SignalStrength:{mCdma=Invalid,mGsm=Invalid,mWcdma=Invalid,mTdscdma=Invalid,mLte=CellSignalStrengthLte: rssi=-65 rsrp=-97 rsrq=-14 rssnr=-1 cqiTableIndex=2147483647 cqi=2147483647 ta=2147483647 level=4 parametersUseForLevel=0,mNr=Invalid,SignalBarInfo{ lteLevel=3 nrLevel=3 },rat=14,primary=CellSignalStrengthLte}
04-14 21:58:50.487  4642  6896 I EPDG -- SIM0 [SMARTCELLULAR]: lastLteRSRP is -97 currentLteRSRP is -97 lastLteRSRQ is -14 currentLteRSRQ is -14 lastLteSNR is -1 currentLteSNR is -1
04-14 21:58:50.491  4579  4710 D SatelliteController: isCarrierRoamingNtnEligible: satellite access is not allowed
04-14 21:58:50.492  4579  4710 D SatelliteController: evaluateCarrierRoamingNtnEligibilityChange: isCarrierRoamingNtnEligible=false
04-14 21:58:50.492  4579  4710 E SatelliteController: notifyNtnEligibility: mSatellitePhone is null
04-14 21:58:50.493  4579  4710 V SatelliteController: getWwanIsInService: return true
04-14 21:58:50.493  4579  4710 V SatelliteController: getWwanIsInService: return true
04-14 21:58:50.494  3011  3011 D SemWifiService: onServiceStateChanged : state - 0, dataNetworkType : 18
04-14 21:58:50.495  4579  4710 D SatelliteController: updateLastNotifiedNtnModeAndNotify: subId=2 initialized=true lastNotifiedNtnMode=false lastNotifiedNtnModePhone=false currNtnMode=false
04-14 21:58:50.495  3011  5151 D SLocation: CellLocationManager - onServiceStateChanged 0
04-14 21:58:50.495  4579  4710 D SatelliteController: isInCarrierRoamingNbIotNtn: satellite is disabled
04-14 21:58:50.495  3011  4974 I LocationAccessPolicy: com.android.systemui is aware of fine but the app-ops permission is specifically denied.
04-14 21:58:50.495  3011  4974 I LocationAccessPolicy: checkLocationPermission - callingUid: 10049, callingPid: 4880, resultForFine: DENIED_SOFT
04-14 21:58:50.496  3011  4974 I LocationAccessPolicy: com.android.systemui is aware of coarse but the app-ops permission is specifically denied.
04-14 21:58:50.496  3011  4974 I LocationAccessPolicy: checkLocationPermission - callingUid: 10049, callingPid: 4880, resultForCoarse: DENIED_SOFT
04-14 21:58:50.497  3011  4974 I LocationAccessPolicy: com.android.systemui is aware of fine but the app-ops permission is specifically denied.
04-14 21:58:50.497  4880  4880 D GlobalActionsDialogLite: Service changed before actions created
04-14 21:58:50.497  3011  4974 I LocationAccessPolicy: checkLocationPermission - callingUid: 10049, callingPid: 4880, resultForFine: DENIED_SOFT
04-14 21:58:50.497  3011  4974 I LocationAccessPolicy: com.android.systemui is aware of coarse but the app-ops permission is specifically denied.
04-14 21:58:50.497  3011  4974 I LocationAccessPolicy: checkLocationPermission - callingUid: 10049, callingPid: 4880, resultForCoarse: DENIED_SOFT
04-14 21:58:50.498  3011  4301 W NSLocationMonitor: onServiceStateChanged, state=0 / channel=6300
04-14 21:58:50.498  3011  4301 I NSLocationMonitor: networkType[13]=LTE / nrState=false
04-14 21:58:50.498  3011  4974 I LocationAccessPolicy: com.android.systemui is aware of fine but the app-ops permission is specifically denied.
04-14 21:58:50.498  3011  4974 I LocationAccessPolicy: checkLocationPermission - callingUid: 10049, callingPid: 4880, resultForFine: DENIED_SOFT
